[2025-01-07T13:20:24.814+0000] {local_task_job_runner.py:123} INFO - ::group::Pre task execution logs
[2025-01-07T13:20:24.848+0000] {taskinstance.py:2613} INFO - Dependencies all met for dep_context=non-requeueable deps ti=<TaskInstance: our_first_dag_v5.third_task manual__2025-01-07T13:20:23.063982+00:00 [queued]>
[2025-01-07T13:20:24.862+0000] {taskinstance.py:2613} INFO - Dependencies all met for dep_context=requeueable deps ti=<TaskInstance: our_first_dag_v5.third_task manual__2025-01-07T13:20:23.063982+00:00 [queued]>
[2025-01-07T13:20:24.863+0000] {taskinstance.py:2866} INFO - Starting attempt 1 of 1
[2025-01-07T13:20:24.886+0000] {taskinstance.py:2889} INFO - Executing <Task(BashOperator): third_task> on 2025-01-07 13:20:23.063982+00:00
[2025-01-07T13:20:24.897+0000] {warnings.py:112} WARNING - /home/***/.local/lib/python3.12/site-packages/***/task/task_runner/standard_task_runner.py:70: DeprecationWarning: This process (pid=551) is multi-threaded, use of fork() may lead to deadlocks in the child.
  pid = os.fork()

[2025-01-07T13:20:24.899+0000] {standard_task_runner.py:72} INFO - Started process 552 to run task
[2025-01-07T13:20:24.900+0000] {standard_task_runner.py:104} INFO - Running: ['***', 'tasks', 'run', 'our_first_dag_v5', 'third_task', 'manual__2025-01-07T13:20:23.063982+00:00', '--job-id', '13', '--raw', '--subdir', 'DAGS_FOLDER/first_dag.py', '--cfg-path', '/tmp/tmp0z6b1uys']
[2025-01-07T13:20:24.901+0000] {standard_task_runner.py:105} INFO - Job 13: Subtask third_task
[2025-01-07T13:20:24.961+0000] {task_command.py:467} INFO - Running <TaskInstance: our_first_dag_v5.third_task manual__2025-01-07T13:20:23.063982+00:00 [running]> on host 92d37aaa7ce3
[2025-01-07T13:20:25.049+0000] {taskinstance.py:3132} INFO - Exporting env vars: AIRFLOW_CTX_DAG_OWNER='***' AIRFLOW_CTX_DAG_ID='our_first_dag_v5' AIRFLOW_CTX_TASK_ID='third_task' AIRFLOW_CTX_EXECUTION_DATE='2025-01-07T13:20:23.063982+00:00' AIRFLOW_CTX_TRY_NUMBER='1' AIRFLOW_CTX_DAG_RUN_ID='manual__2025-01-07T13:20:23.063982+00:00'
[2025-01-07T13:20:25.050+0000] {taskinstance.py:731} INFO - ::endgroup::
[2025-01-07T13:20:25.069+0000] {subprocess.py:78} INFO - Tmp dir root location: /tmp
[2025-01-07T13:20:25.072+0000] {subprocess.py:88} INFO - Running command: ['/usr/bin/bash', '-c', 'echo hey, i am task3 and i will be running after the task 1 at the same time as task2']
[2025-01-07T13:20:25.085+0000] {subprocess.py:99} INFO - Output:
[2025-01-07T13:20:25.087+0000] {subprocess.py:106} INFO - hey, i am task3 and i will be running after the task 1 at the same time as task2
[2025-01-07T13:20:25.088+0000] {subprocess.py:110} INFO - Command exited with return code 0
[2025-01-07T13:20:25.116+0000] {taskinstance.py:340} INFO - ::group::Post task execution logs
[2025-01-07T13:20:25.116+0000] {taskinstance.py:352} INFO - Marking task as SUCCESS. dag_id=our_first_dag_v5, task_id=third_task, run_id=manual__2025-01-07T13:20:23.063982+00:00, execution_date=20250107T132023, start_date=20250107T132024, end_date=20250107T132025
[2025-01-07T13:20:25.155+0000] {local_task_job_runner.py:266} INFO - Task exited with return code 0
[2025-01-07T13:20:25.171+0000] {taskinstance.py:3895} INFO - 0 downstream tasks scheduled from follow-on schedule check
[2025-01-07T13:20:25.173+0000] {local_task_job_runner.py:245} INFO - ::endgroup::
