[2025-01-07T13:31:07.653+0000] {local_task_job_runner.py:123} INFO - ::group::Pre task execution logs
[2025-01-07T13:31:07.673+0000] {taskinstance.py:2613} INFO - Dependencies all met for dep_context=non-requeueable deps ti=<TaskInstance: dag_python_operator.greet_task manual__2025-01-07T13:31:06.314389+00:00 [queued]>
[2025-01-07T13:31:07.684+0000] {taskinstance.py:2613} INFO - Dependencies all met for dep_context=requeueable deps ti=<TaskInstance: dag_python_operator.greet_task manual__2025-01-07T13:31:06.314389+00:00 [queued]>
[2025-01-07T13:31:07.685+0000] {taskinstance.py:2866} INFO - Starting attempt 1 of 1
[2025-01-07T13:31:07.700+0000] {taskinstance.py:2889} INFO - Executing <Task(PythonOperator): greet_task> on 2025-01-07 13:31:06.314389+00:00
[2025-01-07T13:31:07.706+0000] {warnings.py:112} WARNING - /home/***/.local/lib/python3.12/site-packages/***/task/task_runner/standard_task_runner.py:70: DeprecationWarning: This process (pid=700) is multi-threaded, use of fork() may lead to deadlocks in the child.
  pid = os.fork()

[2025-01-07T13:31:07.709+0000] {standard_task_runner.py:72} INFO - Started process 701 to run task
[2025-01-07T13:31:07.709+0000] {standard_task_runner.py:104} INFO - Running: ['***', 'tasks', 'run', 'dag_python_operator', 'greet_task', 'manual__2025-01-07T13:31:06.314389+00:00', '--job-id', '15', '--raw', '--subdir', 'DAGS_FOLDER/create_dag_operator.py', '--cfg-path', '/tmp/tmpfu3g4hlz']
[2025-01-07T13:31:07.711+0000] {standard_task_runner.py:105} INFO - Job 15: Subtask greet_task
[2025-01-07T13:31:07.763+0000] {task_command.py:467} INFO - Running <TaskInstance: dag_python_operator.greet_task manual__2025-01-07T13:31:06.314389+00:00 [running]> on host 92d37aaa7ce3
[2025-01-07T13:31:07.846+0000] {taskinstance.py:3132} INFO - Exporting env vars: AIRFLOW_CTX_DAG_OWNER='***' AIRFLOW_CTX_DAG_ID='dag_python_operator' AIRFLOW_CTX_TASK_ID='greet_task' AIRFLOW_CTX_EXECUTION_DATE='2025-01-07T13:31:06.314389+00:00' AIRFLOW_CTX_TRY_NUMBER='1' AIRFLOW_CTX_DAG_RUN_ID='manual__2025-01-07T13:31:06.314389+00:00'
[2025-01-07T13:31:07.847+0000] {taskinstance.py:731} INFO - ::endgroup::
[2025-01-07T13:31:07.871+0000] {logging_mixin.py:190} INFO - hello world!
[2025-01-07T13:31:07.872+0000] {python.py:240} INFO - Done. Returned value was: None
[2025-01-07T13:31:07.882+0000] {taskinstance.py:340} INFO - ::group::Post task execution logs
[2025-01-07T13:31:07.882+0000] {taskinstance.py:352} INFO - Marking task as SUCCESS. dag_id=dag_python_operator, task_id=greet_task, run_id=manual__2025-01-07T13:31:06.314389+00:00, execution_date=20250107T133106, start_date=20250107T133107, end_date=20250107T133107
[2025-01-07T13:31:07.927+0000] {local_task_job_runner.py:266} INFO - Task exited with return code 0
[2025-01-07T13:31:07.944+0000] {taskinstance.py:3895} INFO - 0 downstream tasks scheduled from follow-on schedule check
[2025-01-07T13:31:07.946+0000] {local_task_job_runner.py:245} INFO - ::endgroup::
