[2025-01-07T11:47:33.429+0000] {processor.py:186} INFO - Started process (PID=82) to work on /home/airflow/.local/lib/python3.12/site-packages/airflow/example_dags/example_nested_branch_dag.py
[2025-01-07T11:47:33.431+0000] {processor.py:914} INFO - Processing file /home/airflow/.local/lib/python3.12/site-packages/airflow/example_dags/example_nested_branch_dag.py for tasks to queue
[2025-01-07T11:47:33.445+0000] {logging_mixin.py:190} INFO - [2025-01-07T11:47:33.444+0000] {dagbag.py:588} INFO - Filling up the DagBag from /home/airflow/.local/lib/python3.12/site-packages/airflow/example_dags/example_nested_branch_dag.py
[2025-01-07T11:47:33.461+0000] {processor.py:925} INFO - DAG(s) 'example_nested_branch_dag' retrieved from /home/airflow/.local/lib/python3.12/site-packages/airflow/example_dags/example_nested_branch_dag.py
[2025-01-07T11:47:33.651+0000] {logging_mixin.py:190} INFO - [2025-01-07T11:47:33.650+0000] {override.py:1911} INFO - Created Permission View: can read on DAG:example_nested_branch_dag
[2025-01-07T11:47:33.662+0000] {logging_mixin.py:190} INFO - [2025-01-07T11:47:33.662+0000] {override.py:1911} INFO - Created Permission View: can delete on DAG:example_nested_branch_dag
[2025-01-07T11:47:33.672+0000] {logging_mixin.py:190} INFO - [2025-01-07T11:47:33.671+0000] {override.py:1911} INFO - Created Permission View: can edit on DAG:example_nested_branch_dag
[2025-01-07T11:47:33.692+0000] {logging_mixin.py:190} INFO - [2025-01-07T11:47:33.692+0000] {override.py:1911} INFO - Created Permission View: menu access on DAG Run:example_nested_branch_dag
[2025-01-07T11:47:33.702+0000] {logging_mixin.py:190} INFO - [2025-01-07T11:47:33.702+0000] {override.py:1911} INFO - Created Permission View: can read on DAG Run:example_nested_branch_dag
[2025-01-07T11:47:33.711+0000] {logging_mixin.py:190} INFO - [2025-01-07T11:47:33.711+0000] {override.py:1911} INFO - Created Permission View: can delete on DAG Run:example_nested_branch_dag
[2025-01-07T11:47:33.724+0000] {logging_mixin.py:190} INFO - [2025-01-07T11:47:33.724+0000] {override.py:1911} INFO - Created Permission View: can create on DAG Run:example_nested_branch_dag
[2025-01-07T11:47:33.725+0000] {logging_mixin.py:190} INFO - [2025-01-07T11:47:33.725+0000] {dag.py:3239} INFO - Sync 1 DAGs
[2025-01-07T11:47:33.752+0000] {logging_mixin.py:190} INFO - [2025-01-07T11:47:33.751+0000] {dag.py:3262} INFO - Creating ORM DAG for example_nested_branch_dag
[2025-01-07T11:47:33.765+0000] {logging_mixin.py:190} INFO - [2025-01-07T11:47:33.765+0000] {dag.py:4180} INFO - Setting next_dagrun for example_nested_branch_dag to 2025-01-06 00:00:00+00:00, run_after=2025-01-07 00:00:00+00:00
[2025-01-07T11:47:33.781+0000] {processor.py:208} INFO - Processing /home/airflow/.local/lib/python3.12/site-packages/airflow/example_dags/example_nested_branch_dag.py took 0.364 seconds
[2025-01-07T11:48:28.898+0000] {processor.py:186} INFO - Started process (PID=151) to work on /home/airflow/.local/lib/python3.12/site-packages/airflow/example_dags/example_nested_branch_dag.py
[2025-01-07T11:48:28.899+0000] {processor.py:914} INFO - Processing file /home/airflow/.local/lib/python3.12/site-packages/airflow/example_dags/example_nested_branch_dag.py for tasks to queue
[2025-01-07T11:48:28.903+0000] {logging_mixin.py:190} INFO - [2025-01-07T11:48:28.902+0000] {dagbag.py:588} INFO - Filling up the DagBag from /home/airflow/.local/lib/python3.12/site-packages/airflow/example_dags/example_nested_branch_dag.py
[2025-01-07T11:48:28.917+0000] {processor.py:925} INFO - DAG(s) 'example_nested_branch_dag' retrieved from /home/airflow/.local/lib/python3.12/site-packages/airflow/example_dags/example_nested_branch_dag.py
[2025-01-07T11:48:28.945+0000] {logging_mixin.py:190} INFO - [2025-01-07T11:48:28.944+0000] {dag.py:3239} INFO - Sync 1 DAGs
[2025-01-07T11:48:28.971+0000] {logging_mixin.py:190} INFO - [2025-01-07T11:48:28.971+0000] {dag.py:4180} INFO - Setting next_dagrun for example_nested_branch_dag to 2025-01-06 00:00:00+00:00, run_after=2025-01-07 00:00:00+00:00
[2025-01-07T11:48:29.002+0000] {processor.py:208} INFO - Processing /home/airflow/.local/lib/python3.12/site-packages/airflow/example_dags/example_nested_branch_dag.py took 0.113 seconds
[2025-01-07T11:49:00.002+0000] {processor.py:186} INFO - Started process (PID=215) to work on /home/airflow/.local/lib/python3.12/site-packages/airflow/example_dags/example_nested_branch_dag.py
[2025-01-07T11:49:00.003+0000] {processor.py:914} INFO - Processing file /home/airflow/.local/lib/python3.12/site-packages/airflow/example_dags/example_nested_branch_dag.py for tasks to queue
[2025-01-07T11:49:00.006+0000] {logging_mixin.py:190} INFO - [2025-01-07T11:49:00.006+0000] {dagbag.py:588} INFO - Filling up the DagBag from /home/airflow/.local/lib/python3.12/site-packages/airflow/example_dags/example_nested_branch_dag.py
[2025-01-07T11:49:00.021+0000] {processor.py:925} INFO - DAG(s) 'example_nested_branch_dag' retrieved from /home/airflow/.local/lib/python3.12/site-packages/airflow/example_dags/example_nested_branch_dag.py
[2025-01-07T11:49:00.046+0000] {logging_mixin.py:190} INFO - [2025-01-07T11:49:00.046+0000] {dag.py:3239} INFO - Sync 1 DAGs
[2025-01-07T11:49:00.070+0000] {logging_mixin.py:190} INFO - [2025-01-07T11:49:00.070+0000] {dag.py:4180} INFO - Setting next_dagrun for example_nested_branch_dag to 2025-01-06 00:00:00+00:00, run_after=2025-01-07 00:00:00+00:00
[2025-01-07T11:49:00.092+0000] {processor.py:208} INFO - Processing /home/airflow/.local/lib/python3.12/site-packages/airflow/example_dags/example_nested_branch_dag.py took 0.098 seconds
[2025-01-07T11:49:30.813+0000] {processor.py:186} INFO - Started process (PID=278) to work on /home/airflow/.local/lib/python3.12/site-packages/airflow/example_dags/example_nested_branch_dag.py
[2025-01-07T11:49:30.815+0000] {processor.py:914} INFO - Processing file /home/airflow/.local/lib/python3.12/site-packages/airflow/example_dags/example_nested_branch_dag.py for tasks to queue
[2025-01-07T11:49:30.817+0000] {logging_mixin.py:190} INFO - [2025-01-07T11:49:30.817+0000] {dagbag.py:588} INFO - Filling up the DagBag from /home/airflow/.local/lib/python3.12/site-packages/airflow/example_dags/example_nested_branch_dag.py
[2025-01-07T11:49:30.830+0000] {processor.py:925} INFO - DAG(s) 'example_nested_branch_dag' retrieved from /home/airflow/.local/lib/python3.12/site-packages/airflow/example_dags/example_nested_branch_dag.py
[2025-01-07T11:49:30.853+0000] {logging_mixin.py:190} INFO - [2025-01-07T11:49:30.853+0000] {dag.py:3239} INFO - Sync 1 DAGs
[2025-01-07T11:49:30.876+0000] {logging_mixin.py:190} INFO - [2025-01-07T11:49:30.875+0000] {dag.py:4180} INFO - Setting next_dagrun for example_nested_branch_dag to 2025-01-06 00:00:00+00:00, run_after=2025-01-07 00:00:00+00:00
[2025-01-07T11:49:30.896+0000] {processor.py:208} INFO - Processing /home/airflow/.local/lib/python3.12/site-packages/airflow/example_dags/example_nested_branch_dag.py took 0.089 seconds
[2025-01-07T11:50:01.209+0000] {processor.py:186} INFO - Started process (PID=341) to work on /home/airflow/.local/lib/python3.12/site-packages/airflow/example_dags/example_nested_branch_dag.py
[2025-01-07T11:50:01.210+0000] {processor.py:914} INFO - Processing file /home/airflow/.local/lib/python3.12/site-packages/airflow/example_dags/example_nested_branch_dag.py for tasks to queue
[2025-01-07T11:50:01.213+0000] {logging_mixin.py:190} INFO - [2025-01-07T11:50:01.212+0000] {dagbag.py:588} INFO - Filling up the DagBag from /home/airflow/.local/lib/python3.12/site-packages/airflow/example_dags/example_nested_branch_dag.py
[2025-01-07T11:50:01.224+0000] {processor.py:925} INFO - DAG(s) 'example_nested_branch_dag' retrieved from /home/airflow/.local/lib/python3.12/site-packages/airflow/example_dags/example_nested_branch_dag.py
[2025-01-07T11:50:01.244+0000] {logging_mixin.py:190} INFO - [2025-01-07T11:50:01.244+0000] {dag.py:3239} INFO - Sync 1 DAGs
[2025-01-07T11:50:01.266+0000] {logging_mixin.py:190} INFO - [2025-01-07T11:50:01.266+0000] {dag.py:4180} INFO - Setting next_dagrun for example_nested_branch_dag to 2025-01-06 00:00:00+00:00, run_after=2025-01-07 00:00:00+00:00
[2025-01-07T11:50:01.287+0000] {processor.py:208} INFO - Processing /home/airflow/.local/lib/python3.12/site-packages/airflow/example_dags/example_nested_branch_dag.py took 0.083 seconds
[2025-01-07T11:50:31.397+0000] {processor.py:186} INFO - Started process (PID=404) to work on /home/airflow/.local/lib/python3.12/site-packages/airflow/example_dags/example_nested_branch_dag.py
[2025-01-07T11:50:31.399+0000] {processor.py:914} INFO - Processing file /home/airflow/.local/lib/python3.12/site-packages/airflow/example_dags/example_nested_branch_dag.py for tasks to queue
[2025-01-07T11:50:31.403+0000] {logging_mixin.py:190} INFO - [2025-01-07T11:50:31.402+0000] {dagbag.py:588} INFO - Filling up the DagBag from /home/airflow/.local/lib/python3.12/site-packages/airflow/example_dags/example_nested_branch_dag.py
[2025-01-07T11:50:31.424+0000] {processor.py:925} INFO - DAG(s) 'example_nested_branch_dag' retrieved from /home/airflow/.local/lib/python3.12/site-packages/airflow/example_dags/example_nested_branch_dag.py
[2025-01-07T11:50:31.462+0000] {logging_mixin.py:190} INFO - [2025-01-07T11:50:31.462+0000] {dag.py:3239} INFO - Sync 1 DAGs
[2025-01-07T11:50:31.493+0000] {logging_mixin.py:190} INFO - [2025-01-07T11:50:31.493+0000] {dag.py:4180} INFO - Setting next_dagrun for example_nested_branch_dag to 2025-01-06 00:00:00+00:00, run_after=2025-01-07 00:00:00+00:00
[2025-01-07T11:50:31.519+0000] {processor.py:208} INFO - Processing /home/airflow/.local/lib/python3.12/site-packages/airflow/example_dags/example_nested_branch_dag.py took 0.130 seconds
[2025-01-07T11:51:02.735+0000] {processor.py:186} INFO - Started process (PID=467) to work on /home/airflow/.local/lib/python3.12/site-packages/airflow/example_dags/example_nested_branch_dag.py
[2025-01-07T11:51:02.736+0000] {processor.py:914} INFO - Processing file /home/airflow/.local/lib/python3.12/site-packages/airflow/example_dags/example_nested_branch_dag.py for tasks to queue
[2025-01-07T11:51:02.739+0000] {logging_mixin.py:190} INFO - [2025-01-07T11:51:02.738+0000] {dagbag.py:588} INFO - Filling up the DagBag from /home/airflow/.local/lib/python3.12/site-packages/airflow/example_dags/example_nested_branch_dag.py
[2025-01-07T11:51:02.754+0000] {processor.py:925} INFO - DAG(s) 'example_nested_branch_dag' retrieved from /home/airflow/.local/lib/python3.12/site-packages/airflow/example_dags/example_nested_branch_dag.py
[2025-01-07T11:51:02.777+0000] {logging_mixin.py:190} INFO - [2025-01-07T11:51:02.776+0000] {dag.py:3239} INFO - Sync 1 DAGs
[2025-01-07T11:51:02.803+0000] {logging_mixin.py:190} INFO - [2025-01-07T11:51:02.802+0000] {dag.py:4180} INFO - Setting next_dagrun for example_nested_branch_dag to 2025-01-06 00:00:00+00:00, run_after=2025-01-07 00:00:00+00:00
[2025-01-07T11:51:02.828+0000] {processor.py:208} INFO - Processing /home/airflow/.local/lib/python3.12/site-packages/airflow/example_dags/example_nested_branch_dag.py took 0.099 seconds
[2025-01-07T11:51:34.124+0000] {processor.py:186} INFO - Started process (PID=530) to work on /home/airflow/.local/lib/python3.12/site-packages/airflow/example_dags/example_nested_branch_dag.py
[2025-01-07T11:51:34.126+0000] {processor.py:914} INFO - Processing file /home/airflow/.local/lib/python3.12/site-packages/airflow/example_dags/example_nested_branch_dag.py for tasks to queue
[2025-01-07T11:51:34.129+0000] {logging_mixin.py:190} INFO - [2025-01-07T11:51:34.128+0000] {dagbag.py:588} INFO - Filling up the DagBag from /home/airflow/.local/lib/python3.12/site-packages/airflow/example_dags/example_nested_branch_dag.py
[2025-01-07T11:51:34.143+0000] {processor.py:925} INFO - DAG(s) 'example_nested_branch_dag' retrieved from /home/airflow/.local/lib/python3.12/site-packages/airflow/example_dags/example_nested_branch_dag.py
[2025-01-07T11:51:34.171+0000] {logging_mixin.py:190} INFO - [2025-01-07T11:51:34.171+0000] {dag.py:3239} INFO - Sync 1 DAGs
[2025-01-07T11:51:34.206+0000] {logging_mixin.py:190} INFO - [2025-01-07T11:51:34.206+0000] {dag.py:4180} INFO - Setting next_dagrun for example_nested_branch_dag to 2025-01-06 00:00:00+00:00, run_after=2025-01-07 00:00:00+00:00
[2025-01-07T11:51:34.232+0000] {processor.py:208} INFO - Processing /home/airflow/.local/lib/python3.12/site-packages/airflow/example_dags/example_nested_branch_dag.py took 0.113 seconds
[2025-01-07T11:52:04.379+0000] {processor.py:186} INFO - Started process (PID=593) to work on /home/airflow/.local/lib/python3.12/site-packages/airflow/example_dags/example_nested_branch_dag.py
[2025-01-07T11:52:04.380+0000] {processor.py:914} INFO - Processing file /home/airflow/.local/lib/python3.12/site-packages/airflow/example_dags/example_nested_branch_dag.py for tasks to queue
[2025-01-07T11:52:04.383+0000] {logging_mixin.py:190} INFO - [2025-01-07T11:52:04.383+0000] {dagbag.py:588} INFO - Filling up the DagBag from /home/airflow/.local/lib/python3.12/site-packages/airflow/example_dags/example_nested_branch_dag.py
[2025-01-07T11:52:04.397+0000] {processor.py:925} INFO - DAG(s) 'example_nested_branch_dag' retrieved from /home/airflow/.local/lib/python3.12/site-packages/airflow/example_dags/example_nested_branch_dag.py
[2025-01-07T11:52:04.422+0000] {logging_mixin.py:190} INFO - [2025-01-07T11:52:04.421+0000] {dag.py:3239} INFO - Sync 1 DAGs
[2025-01-07T11:52:04.449+0000] {logging_mixin.py:190} INFO - [2025-01-07T11:52:04.448+0000] {dag.py:4180} INFO - Setting next_dagrun for example_nested_branch_dag to 2025-01-06 00:00:00+00:00, run_after=2025-01-07 00:00:00+00:00
[2025-01-07T11:52:04.469+0000] {processor.py:208} INFO - Processing /home/airflow/.local/lib/python3.12/site-packages/airflow/example_dags/example_nested_branch_dag.py took 0.096 seconds
[2025-01-07T11:52:34.950+0000] {processor.py:186} INFO - Started process (PID=656) to work on /home/airflow/.local/lib/python3.12/site-packages/airflow/example_dags/example_nested_branch_dag.py
[2025-01-07T11:52:34.951+0000] {processor.py:914} INFO - Processing file /home/airflow/.local/lib/python3.12/site-packages/airflow/example_dags/example_nested_branch_dag.py for tasks to queue
[2025-01-07T11:52:34.954+0000] {logging_mixin.py:190} INFO - [2025-01-07T11:52:34.954+0000] {dagbag.py:588} INFO - Filling up the DagBag from /home/airflow/.local/lib/python3.12/site-packages/airflow/example_dags/example_nested_branch_dag.py
[2025-01-07T11:52:34.968+0000] {processor.py:925} INFO - DAG(s) 'example_nested_branch_dag' retrieved from /home/airflow/.local/lib/python3.12/site-packages/airflow/example_dags/example_nested_branch_dag.py
[2025-01-07T11:52:34.994+0000] {logging_mixin.py:190} INFO - [2025-01-07T11:52:34.994+0000] {dag.py:3239} INFO - Sync 1 DAGs
[2025-01-07T11:52:35.023+0000] {logging_mixin.py:190} INFO - [2025-01-07T11:52:35.023+0000] {dag.py:4180} INFO - Setting next_dagrun for example_nested_branch_dag to 2025-01-06 00:00:00+00:00, run_after=2025-01-07 00:00:00+00:00
[2025-01-07T11:52:35.043+0000] {processor.py:208} INFO - Processing /home/airflow/.local/lib/python3.12/site-packages/airflow/example_dags/example_nested_branch_dag.py took 0.100 seconds
[2025-01-07T11:53:05.474+0000] {processor.py:186} INFO - Started process (PID=719) to work on /home/airflow/.local/lib/python3.12/site-packages/airflow/example_dags/example_nested_branch_dag.py
[2025-01-07T11:53:05.475+0000] {processor.py:914} INFO - Processing file /home/airflow/.local/lib/python3.12/site-packages/airflow/example_dags/example_nested_branch_dag.py for tasks to queue
[2025-01-07T11:53:05.478+0000] {logging_mixin.py:190} INFO - [2025-01-07T11:53:05.477+0000] {dagbag.py:588} INFO - Filling up the DagBag from /home/airflow/.local/lib/python3.12/site-packages/airflow/example_dags/example_nested_branch_dag.py
[2025-01-07T11:53:05.491+0000] {processor.py:925} INFO - DAG(s) 'example_nested_branch_dag' retrieved from /home/airflow/.local/lib/python3.12/site-packages/airflow/example_dags/example_nested_branch_dag.py
[2025-01-07T11:53:05.512+0000] {logging_mixin.py:190} INFO - [2025-01-07T11:53:05.511+0000] {dag.py:3239} INFO - Sync 1 DAGs
[2025-01-07T11:53:05.535+0000] {logging_mixin.py:190} INFO - [2025-01-07T11:53:05.534+0000] {dag.py:4180} INFO - Setting next_dagrun for example_nested_branch_dag to 2025-01-06 00:00:00+00:00, run_after=2025-01-07 00:00:00+00:00
[2025-01-07T11:53:05.552+0000] {processor.py:208} INFO - Processing /home/airflow/.local/lib/python3.12/site-packages/airflow/example_dags/example_nested_branch_dag.py took 0.086 seconds
[2025-01-07T11:53:35.609+0000] {processor.py:186} INFO - Started process (PID=781) to work on /home/airflow/.local/lib/python3.12/site-packages/airflow/example_dags/example_nested_branch_dag.py
[2025-01-07T11:53:35.610+0000] {processor.py:914} INFO - Processing file /home/airflow/.local/lib/python3.12/site-packages/airflow/example_dags/example_nested_branch_dag.py for tasks to queue
[2025-01-07T11:53:35.613+0000] {logging_mixin.py:190} INFO - [2025-01-07T11:53:35.612+0000] {dagbag.py:588} INFO - Filling up the DagBag from /home/airflow/.local/lib/python3.12/site-packages/airflow/example_dags/example_nested_branch_dag.py
[2025-01-07T11:53:35.623+0000] {processor.py:925} INFO - DAG(s) 'example_nested_branch_dag' retrieved from /home/airflow/.local/lib/python3.12/site-packages/airflow/example_dags/example_nested_branch_dag.py
[2025-01-07T11:53:35.643+0000] {logging_mixin.py:190} INFO - [2025-01-07T11:53:35.642+0000] {dag.py:3239} INFO - Sync 1 DAGs
[2025-01-07T11:53:35.664+0000] {logging_mixin.py:190} INFO - [2025-01-07T11:53:35.664+0000] {dag.py:4180} INFO - Setting next_dagrun for example_nested_branch_dag to 2025-01-06 00:00:00+00:00, run_after=2025-01-07 00:00:00+00:00
[2025-01-07T11:53:35.681+0000] {processor.py:208} INFO - Processing /home/airflow/.local/lib/python3.12/site-packages/airflow/example_dags/example_nested_branch_dag.py took 0.077 seconds
[2025-01-07T11:54:06.427+0000] {processor.py:186} INFO - Started process (PID=844) to work on /home/airflow/.local/lib/python3.12/site-packages/airflow/example_dags/example_nested_branch_dag.py
[2025-01-07T11:54:06.428+0000] {processor.py:914} INFO - Processing file /home/airflow/.local/lib/python3.12/site-packages/airflow/example_dags/example_nested_branch_dag.py for tasks to queue
[2025-01-07T11:54:06.430+0000] {logging_mixin.py:190} INFO - [2025-01-07T11:54:06.430+0000] {dagbag.py:588} INFO - Filling up the DagBag from /home/airflow/.local/lib/python3.12/site-packages/airflow/example_dags/example_nested_branch_dag.py
[2025-01-07T11:54:06.446+0000] {processor.py:925} INFO - DAG(s) 'example_nested_branch_dag' retrieved from /home/airflow/.local/lib/python3.12/site-packages/airflow/example_dags/example_nested_branch_dag.py
[2025-01-07T11:54:06.468+0000] {logging_mixin.py:190} INFO - [2025-01-07T11:54:06.468+0000] {dag.py:3239} INFO - Sync 1 DAGs
[2025-01-07T11:54:06.494+0000] {logging_mixin.py:190} INFO - [2025-01-07T11:54:06.494+0000] {dag.py:4180} INFO - Setting next_dagrun for example_nested_branch_dag to 2025-01-06 00:00:00+00:00, run_after=2025-01-07 00:00:00+00:00
[2025-01-07T11:54:06.511+0000] {processor.py:208} INFO - Processing /home/airflow/.local/lib/python3.12/site-packages/airflow/example_dags/example_nested_branch_dag.py took 0.090 seconds
[2025-01-07T11:54:37.276+0000] {processor.py:186} INFO - Started process (PID=907) to work on /home/airflow/.local/lib/python3.12/site-packages/airflow/example_dags/example_nested_branch_dag.py
[2025-01-07T11:54:37.278+0000] {processor.py:914} INFO - Processing file /home/airflow/.local/lib/python3.12/site-packages/airflow/example_dags/example_nested_branch_dag.py for tasks to queue
[2025-01-07T11:54:37.281+0000] {logging_mixin.py:190} INFO - [2025-01-07T11:54:37.281+0000] {dagbag.py:588} INFO - Filling up the DagBag from /home/airflow/.local/lib/python3.12/site-packages/airflow/example_dags/example_nested_branch_dag.py
[2025-01-07T11:54:37.293+0000] {processor.py:925} INFO - DAG(s) 'example_nested_branch_dag' retrieved from /home/airflow/.local/lib/python3.12/site-packages/airflow/example_dags/example_nested_branch_dag.py
[2025-01-07T11:54:37.314+0000] {logging_mixin.py:190} INFO - [2025-01-07T11:54:37.313+0000] {dag.py:3239} INFO - Sync 1 DAGs
[2025-01-07T11:54:37.336+0000] {logging_mixin.py:190} INFO - [2025-01-07T11:54:37.336+0000] {dag.py:4180} INFO - Setting next_dagrun for example_nested_branch_dag to 2025-01-06 00:00:00+00:00, run_after=2025-01-07 00:00:00+00:00
[2025-01-07T11:54:37.355+0000] {processor.py:208} INFO - Processing /home/airflow/.local/lib/python3.12/site-packages/airflow/example_dags/example_nested_branch_dag.py took 0.086 seconds
[2025-01-07T11:55:07.599+0000] {processor.py:186} INFO - Started process (PID=970) to work on /home/airflow/.local/lib/python3.12/site-packages/airflow/example_dags/example_nested_branch_dag.py
[2025-01-07T11:55:07.601+0000] {processor.py:914} INFO - Processing file /home/airflow/.local/lib/python3.12/site-packages/airflow/example_dags/example_nested_branch_dag.py for tasks to queue
[2025-01-07T11:55:07.603+0000] {logging_mixin.py:190} INFO - [2025-01-07T11:55:07.603+0000] {dagbag.py:588} INFO - Filling up the DagBag from /home/airflow/.local/lib/python3.12/site-packages/airflow/example_dags/example_nested_branch_dag.py
[2025-01-07T11:55:07.619+0000] {processor.py:925} INFO - DAG(s) 'example_nested_branch_dag' retrieved from /home/airflow/.local/lib/python3.12/site-packages/airflow/example_dags/example_nested_branch_dag.py
[2025-01-07T11:55:07.642+0000] {logging_mixin.py:190} INFO - [2025-01-07T11:55:07.641+0000] {dag.py:3239} INFO - Sync 1 DAGs
[2025-01-07T11:55:07.669+0000] {logging_mixin.py:190} INFO - [2025-01-07T11:55:07.668+0000] {dag.py:4180} INFO - Setting next_dagrun for example_nested_branch_dag to 2025-01-06 00:00:00+00:00, run_after=2025-01-07 00:00:00+00:00
[2025-01-07T11:55:07.688+0000] {processor.py:208} INFO - Processing /home/airflow/.local/lib/python3.12/site-packages/airflow/example_dags/example_nested_branch_dag.py took 0.096 seconds
[2025-01-07T11:55:38.323+0000] {processor.py:186} INFO - Started process (PID=1033) to work on /home/airflow/.local/lib/python3.12/site-packages/airflow/example_dags/example_nested_branch_dag.py
[2025-01-07T11:55:38.324+0000] {processor.py:914} INFO - Processing file /home/airflow/.local/lib/python3.12/site-packages/airflow/example_dags/example_nested_branch_dag.py for tasks to queue
[2025-01-07T11:55:38.327+0000] {logging_mixin.py:190} INFO - [2025-01-07T11:55:38.326+0000] {dagbag.py:588} INFO - Filling up the DagBag from /home/airflow/.local/lib/python3.12/site-packages/airflow/example_dags/example_nested_branch_dag.py
[2025-01-07T11:55:38.339+0000] {processor.py:925} INFO - DAG(s) 'example_nested_branch_dag' retrieved from /home/airflow/.local/lib/python3.12/site-packages/airflow/example_dags/example_nested_branch_dag.py
[2025-01-07T11:55:38.359+0000] {logging_mixin.py:190} INFO - [2025-01-07T11:55:38.359+0000] {dag.py:3239} INFO - Sync 1 DAGs
[2025-01-07T11:55:38.385+0000] {logging_mixin.py:190} INFO - [2025-01-07T11:55:38.384+0000] {dag.py:4180} INFO - Setting next_dagrun for example_nested_branch_dag to 2025-01-06 00:00:00+00:00, run_after=2025-01-07 00:00:00+00:00
[2025-01-07T11:55:38.401+0000] {processor.py:208} INFO - Processing /home/airflow/.local/lib/python3.12/site-packages/airflow/example_dags/example_nested_branch_dag.py took 0.084 seconds
[2025-01-07T11:56:08.893+0000] {processor.py:186} INFO - Started process (PID=1096) to work on /home/airflow/.local/lib/python3.12/site-packages/airflow/example_dags/example_nested_branch_dag.py
[2025-01-07T11:56:08.894+0000] {processor.py:914} INFO - Processing file /home/airflow/.local/lib/python3.12/site-packages/airflow/example_dags/example_nested_branch_dag.py for tasks to queue
[2025-01-07T11:56:08.897+0000] {logging_mixin.py:190} INFO - [2025-01-07T11:56:08.897+0000] {dagbag.py:588} INFO - Filling up the DagBag from /home/airflow/.local/lib/python3.12/site-packages/airflow/example_dags/example_nested_branch_dag.py
[2025-01-07T11:56:08.911+0000] {processor.py:925} INFO - DAG(s) 'example_nested_branch_dag' retrieved from /home/airflow/.local/lib/python3.12/site-packages/airflow/example_dags/example_nested_branch_dag.py
[2025-01-07T11:56:08.948+0000] {logging_mixin.py:190} INFO - [2025-01-07T11:56:08.947+0000] {dag.py:3239} INFO - Sync 1 DAGs
[2025-01-07T11:56:08.998+0000] {logging_mixin.py:190} INFO - [2025-01-07T11:56:08.997+0000] {dag.py:4180} INFO - Setting next_dagrun for example_nested_branch_dag to 2025-01-06 00:00:00+00:00, run_after=2025-01-07 00:00:00+00:00
[2025-01-07T11:56:09.027+0000] {processor.py:208} INFO - Processing /home/airflow/.local/lib/python3.12/site-packages/airflow/example_dags/example_nested_branch_dag.py took 0.141 seconds
[2025-01-07T11:56:39.698+0000] {processor.py:186} INFO - Started process (PID=1159) to work on /home/airflow/.local/lib/python3.12/site-packages/airflow/example_dags/example_nested_branch_dag.py
[2025-01-07T11:56:39.699+0000] {processor.py:914} INFO - Processing file /home/airflow/.local/lib/python3.12/site-packages/airflow/example_dags/example_nested_branch_dag.py for tasks to queue
[2025-01-07T11:56:39.702+0000] {logging_mixin.py:190} INFO - [2025-01-07T11:56:39.701+0000] {dagbag.py:588} INFO - Filling up the DagBag from /home/airflow/.local/lib/python3.12/site-packages/airflow/example_dags/example_nested_branch_dag.py
[2025-01-07T11:56:39.713+0000] {processor.py:925} INFO - DAG(s) 'example_nested_branch_dag' retrieved from /home/airflow/.local/lib/python3.12/site-packages/airflow/example_dags/example_nested_branch_dag.py
[2025-01-07T11:56:39.733+0000] {logging_mixin.py:190} INFO - [2025-01-07T11:56:39.732+0000] {dag.py:3239} INFO - Sync 1 DAGs
[2025-01-07T11:56:39.760+0000] {logging_mixin.py:190} INFO - [2025-01-07T11:56:39.760+0000] {dag.py:4180} INFO - Setting next_dagrun for example_nested_branch_dag to 2025-01-06 00:00:00+00:00, run_after=2025-01-07 00:00:00+00:00
[2025-01-07T11:56:39.785+0000] {processor.py:208} INFO - Processing /home/airflow/.local/lib/python3.12/site-packages/airflow/example_dags/example_nested_branch_dag.py took 0.094 seconds
[2025-01-07T11:57:10.016+0000] {processor.py:186} INFO - Started process (PID=1222) to work on /home/airflow/.local/lib/python3.12/site-packages/airflow/example_dags/example_nested_branch_dag.py
[2025-01-07T11:57:10.017+0000] {processor.py:914} INFO - Processing file /home/airflow/.local/lib/python3.12/site-packages/airflow/example_dags/example_nested_branch_dag.py for tasks to queue
[2025-01-07T11:57:10.019+0000] {logging_mixin.py:190} INFO - [2025-01-07T11:57:10.019+0000] {dagbag.py:588} INFO - Filling up the DagBag from /home/airflow/.local/lib/python3.12/site-packages/airflow/example_dags/example_nested_branch_dag.py
[2025-01-07T11:57:10.031+0000] {processor.py:925} INFO - DAG(s) 'example_nested_branch_dag' retrieved from /home/airflow/.local/lib/python3.12/site-packages/airflow/example_dags/example_nested_branch_dag.py
[2025-01-07T11:57:10.051+0000] {logging_mixin.py:190} INFO - [2025-01-07T11:57:10.051+0000] {dag.py:3239} INFO - Sync 1 DAGs
[2025-01-07T11:57:10.073+0000] {logging_mixin.py:190} INFO - [2025-01-07T11:57:10.073+0000] {dag.py:4180} INFO - Setting next_dagrun for example_nested_branch_dag to 2025-01-06 00:00:00+00:00, run_after=2025-01-07 00:00:00+00:00
[2025-01-07T11:57:10.092+0000] {processor.py:208} INFO - Processing /home/airflow/.local/lib/python3.12/site-packages/airflow/example_dags/example_nested_branch_dag.py took 0.081 seconds
[2025-01-07T11:57:41.227+0000] {processor.py:186} INFO - Started process (PID=1293) to work on /home/airflow/.local/lib/python3.12/site-packages/airflow/example_dags/example_nested_branch_dag.py
[2025-01-07T11:57:41.229+0000] {processor.py:914} INFO - Processing file /home/airflow/.local/lib/python3.12/site-packages/airflow/example_dags/example_nested_branch_dag.py for tasks to queue
[2025-01-07T11:57:41.234+0000] {logging_mixin.py:190} INFO - [2025-01-07T11:57:41.233+0000] {dagbag.py:588} INFO - Filling up the DagBag from /home/airflow/.local/lib/python3.12/site-packages/airflow/example_dags/example_nested_branch_dag.py
[2025-01-07T11:57:41.269+0000] {processor.py:925} INFO - DAG(s) 'example_nested_branch_dag' retrieved from /home/airflow/.local/lib/python3.12/site-packages/airflow/example_dags/example_nested_branch_dag.py
[2025-01-07T11:57:41.331+0000] {logging_mixin.py:190} INFO - [2025-01-07T11:57:41.330+0000] {dag.py:3239} INFO - Sync 1 DAGs
[2025-01-07T11:57:41.387+0000] {logging_mixin.py:190} INFO - [2025-01-07T11:57:41.386+0000] {dag.py:4180} INFO - Setting next_dagrun for example_nested_branch_dag to 2025-01-06 00:00:00+00:00, run_after=2025-01-07 00:00:00+00:00
[2025-01-07T11:57:41.458+0000] {processor.py:208} INFO - Processing /home/airflow/.local/lib/python3.12/site-packages/airflow/example_dags/example_nested_branch_dag.py took 0.246 seconds
[2025-01-07T11:58:12.338+0000] {processor.py:186} INFO - Started process (PID=1356) to work on /home/airflow/.local/lib/python3.12/site-packages/airflow/example_dags/example_nested_branch_dag.py
[2025-01-07T11:58:12.340+0000] {processor.py:914} INFO - Processing file /home/airflow/.local/lib/python3.12/site-packages/airflow/example_dags/example_nested_branch_dag.py for tasks to queue
[2025-01-07T11:58:12.343+0000] {logging_mixin.py:190} INFO - [2025-01-07T11:58:12.342+0000] {dagbag.py:588} INFO - Filling up the DagBag from /home/airflow/.local/lib/python3.12/site-packages/airflow/example_dags/example_nested_branch_dag.py
[2025-01-07T11:58:12.358+0000] {processor.py:925} INFO - DAG(s) 'example_nested_branch_dag' retrieved from /home/airflow/.local/lib/python3.12/site-packages/airflow/example_dags/example_nested_branch_dag.py
[2025-01-07T11:58:12.383+0000] {logging_mixin.py:190} INFO - [2025-01-07T11:58:12.383+0000] {dag.py:3239} INFO - Sync 1 DAGs
[2025-01-07T11:58:12.412+0000] {logging_mixin.py:190} INFO - [2025-01-07T11:58:12.412+0000] {dag.py:4180} INFO - Setting next_dagrun for example_nested_branch_dag to 2025-01-06 00:00:00+00:00, run_after=2025-01-07 00:00:00+00:00
[2025-01-07T11:58:12.435+0000] {processor.py:208} INFO - Processing /home/airflow/.local/lib/python3.12/site-packages/airflow/example_dags/example_nested_branch_dag.py took 0.105 seconds
[2025-01-07T11:58:42.636+0000] {processor.py:186} INFO - Started process (PID=1419) to work on /home/airflow/.local/lib/python3.12/site-packages/airflow/example_dags/example_nested_branch_dag.py
[2025-01-07T11:58:42.637+0000] {processor.py:914} INFO - Processing file /home/airflow/.local/lib/python3.12/site-packages/airflow/example_dags/example_nested_branch_dag.py for tasks to queue
[2025-01-07T11:58:42.640+0000] {logging_mixin.py:190} INFO - [2025-01-07T11:58:42.640+0000] {dagbag.py:588} INFO - Filling up the DagBag from /home/airflow/.local/lib/python3.12/site-packages/airflow/example_dags/example_nested_branch_dag.py
[2025-01-07T11:58:42.654+0000] {processor.py:925} INFO - DAG(s) 'example_nested_branch_dag' retrieved from /home/airflow/.local/lib/python3.12/site-packages/airflow/example_dags/example_nested_branch_dag.py
[2025-01-07T11:58:42.673+0000] {logging_mixin.py:190} INFO - [2025-01-07T11:58:42.673+0000] {dag.py:3239} INFO - Sync 1 DAGs
[2025-01-07T11:58:42.696+0000] {logging_mixin.py:190} INFO - [2025-01-07T11:58:42.696+0000] {dag.py:4180} INFO - Setting next_dagrun for example_nested_branch_dag to 2025-01-06 00:00:00+00:00, run_after=2025-01-07 00:00:00+00:00
[2025-01-07T11:58:42.715+0000] {processor.py:208} INFO - Processing /home/airflow/.local/lib/python3.12/site-packages/airflow/example_dags/example_nested_branch_dag.py took 0.084 seconds
[2025-01-07T11:59:12.874+0000] {processor.py:186} INFO - Started process (PID=1482) to work on /home/airflow/.local/lib/python3.12/site-packages/airflow/example_dags/example_nested_branch_dag.py
[2025-01-07T11:59:12.875+0000] {processor.py:914} INFO - Processing file /home/airflow/.local/lib/python3.12/site-packages/airflow/example_dags/example_nested_branch_dag.py for tasks to queue
[2025-01-07T11:59:12.878+0000] {logging_mixin.py:190} INFO - [2025-01-07T11:59:12.878+0000] {dagbag.py:588} INFO - Filling up the DagBag from /home/airflow/.local/lib/python3.12/site-packages/airflow/example_dags/example_nested_branch_dag.py
[2025-01-07T11:59:12.891+0000] {processor.py:925} INFO - DAG(s) 'example_nested_branch_dag' retrieved from /home/airflow/.local/lib/python3.12/site-packages/airflow/example_dags/example_nested_branch_dag.py
[2025-01-07T11:59:12.914+0000] {logging_mixin.py:190} INFO - [2025-01-07T11:59:12.913+0000] {dag.py:3239} INFO - Sync 1 DAGs
[2025-01-07T11:59:12.940+0000] {logging_mixin.py:190} INFO - [2025-01-07T11:59:12.939+0000] {dag.py:4180} INFO - Setting next_dagrun for example_nested_branch_dag to 2025-01-06 00:00:00+00:00, run_after=2025-01-07 00:00:00+00:00
[2025-01-07T11:59:12.960+0000] {processor.py:208} INFO - Processing /home/airflow/.local/lib/python3.12/site-packages/airflow/example_dags/example_nested_branch_dag.py took 0.093 seconds
[2025-01-07T11:59:43.794+0000] {processor.py:186} INFO - Started process (PID=1546) to work on /home/airflow/.local/lib/python3.12/site-packages/airflow/example_dags/example_nested_branch_dag.py
[2025-01-07T11:59:43.795+0000] {processor.py:914} INFO - Processing file /home/airflow/.local/lib/python3.12/site-packages/airflow/example_dags/example_nested_branch_dag.py for tasks to queue
[2025-01-07T11:59:43.798+0000] {logging_mixin.py:190} INFO - [2025-01-07T11:59:43.797+0000] {dagbag.py:588} INFO - Filling up the DagBag from /home/airflow/.local/lib/python3.12/site-packages/airflow/example_dags/example_nested_branch_dag.py
[2025-01-07T11:59:43.809+0000] {processor.py:925} INFO - DAG(s) 'example_nested_branch_dag' retrieved from /home/airflow/.local/lib/python3.12/site-packages/airflow/example_dags/example_nested_branch_dag.py
[2025-01-07T11:59:43.829+0000] {logging_mixin.py:190} INFO - [2025-01-07T11:59:43.828+0000] {dag.py:3239} INFO - Sync 1 DAGs
[2025-01-07T11:59:43.850+0000] {logging_mixin.py:190} INFO - [2025-01-07T11:59:43.850+0000] {dag.py:4180} INFO - Setting next_dagrun for example_nested_branch_dag to 2025-01-06 00:00:00+00:00, run_after=2025-01-07 00:00:00+00:00
[2025-01-07T11:59:43.868+0000] {processor.py:208} INFO - Processing /home/airflow/.local/lib/python3.12/site-packages/airflow/example_dags/example_nested_branch_dag.py took 0.080 seconds
[2025-01-07T12:00:14.288+0000] {processor.py:186} INFO - Started process (PID=1609) to work on /home/airflow/.local/lib/python3.12/site-packages/airflow/example_dags/example_nested_branch_dag.py
[2025-01-07T12:00:14.289+0000] {processor.py:914} INFO - Processing file /home/airflow/.local/lib/python3.12/site-packages/airflow/example_dags/example_nested_branch_dag.py for tasks to queue
[2025-01-07T12:00:14.291+0000] {logging_mixin.py:190} INFO - [2025-01-07T12:00:14.291+0000] {dagbag.py:588} INFO - Filling up the DagBag from /home/airflow/.local/lib/python3.12/site-packages/airflow/example_dags/example_nested_branch_dag.py
[2025-01-07T12:00:14.303+0000] {processor.py:925} INFO - DAG(s) 'example_nested_branch_dag' retrieved from /home/airflow/.local/lib/python3.12/site-packages/airflow/example_dags/example_nested_branch_dag.py
[2025-01-07T12:00:14.324+0000] {logging_mixin.py:190} INFO - [2025-01-07T12:00:14.324+0000] {dag.py:3239} INFO - Sync 1 DAGs
[2025-01-07T12:00:14.348+0000] {logging_mixin.py:190} INFO - [2025-01-07T12:00:14.348+0000] {dag.py:4180} INFO - Setting next_dagrun for example_nested_branch_dag to 2025-01-06 00:00:00+00:00, run_after=2025-01-07 00:00:00+00:00
[2025-01-07T12:00:14.366+0000] {processor.py:208} INFO - Processing /home/airflow/.local/lib/python3.12/site-packages/airflow/example_dags/example_nested_branch_dag.py took 0.085 seconds
[2025-01-07T12:00:44.496+0000] {processor.py:186} INFO - Started process (PID=1672) to work on /home/airflow/.local/lib/python3.12/site-packages/airflow/example_dags/example_nested_branch_dag.py
[2025-01-07T12:00:44.497+0000] {processor.py:914} INFO - Processing file /home/airflow/.local/lib/python3.12/site-packages/airflow/example_dags/example_nested_branch_dag.py for tasks to queue
[2025-01-07T12:00:44.500+0000] {logging_mixin.py:190} INFO - [2025-01-07T12:00:44.500+0000] {dagbag.py:588} INFO - Filling up the DagBag from /home/airflow/.local/lib/python3.12/site-packages/airflow/example_dags/example_nested_branch_dag.py
[2025-01-07T12:00:44.513+0000] {processor.py:925} INFO - DAG(s) 'example_nested_branch_dag' retrieved from /home/airflow/.local/lib/python3.12/site-packages/airflow/example_dags/example_nested_branch_dag.py
[2025-01-07T12:00:44.537+0000] {logging_mixin.py:190} INFO - [2025-01-07T12:00:44.537+0000] {dag.py:3239} INFO - Sync 1 DAGs
[2025-01-07T12:00:44.566+0000] {logging_mixin.py:190} INFO - [2025-01-07T12:00:44.566+0000] {dag.py:4180} INFO - Setting next_dagrun for example_nested_branch_dag to 2025-01-06 00:00:00+00:00, run_after=2025-01-07 00:00:00+00:00
[2025-01-07T12:00:44.592+0000] {processor.py:208} INFO - Processing /home/airflow/.local/lib/python3.12/site-packages/airflow/example_dags/example_nested_branch_dag.py took 0.103 seconds
[2025-01-07T12:01:14.704+0000] {processor.py:186} INFO - Started process (PID=1735) to work on /home/airflow/.local/lib/python3.12/site-packages/airflow/example_dags/example_nested_branch_dag.py
[2025-01-07T12:01:14.705+0000] {processor.py:914} INFO - Processing file /home/airflow/.local/lib/python3.12/site-packages/airflow/example_dags/example_nested_branch_dag.py for tasks to queue
[2025-01-07T12:01:14.709+0000] {logging_mixin.py:190} INFO - [2025-01-07T12:01:14.708+0000] {dagbag.py:588} INFO - Filling up the DagBag from /home/airflow/.local/lib/python3.12/site-packages/airflow/example_dags/example_nested_branch_dag.py
[2025-01-07T12:01:14.720+0000] {processor.py:925} INFO - DAG(s) 'example_nested_branch_dag' retrieved from /home/airflow/.local/lib/python3.12/site-packages/airflow/example_dags/example_nested_branch_dag.py
[2025-01-07T12:01:14.741+0000] {logging_mixin.py:190} INFO - [2025-01-07T12:01:14.741+0000] {dag.py:3239} INFO - Sync 1 DAGs
[2025-01-07T12:01:14.764+0000] {logging_mixin.py:190} INFO - [2025-01-07T12:01:14.764+0000] {dag.py:4180} INFO - Setting next_dagrun for example_nested_branch_dag to 2025-01-06 00:00:00+00:00, run_after=2025-01-07 00:00:00+00:00
[2025-01-07T12:01:14.785+0000] {processor.py:208} INFO - Processing /home/airflow/.local/lib/python3.12/site-packages/airflow/example_dags/example_nested_branch_dag.py took 0.087 seconds
[2025-01-07T12:01:45.712+0000] {processor.py:186} INFO - Started process (PID=1798) to work on /home/airflow/.local/lib/python3.12/site-packages/airflow/example_dags/example_nested_branch_dag.py
[2025-01-07T12:01:45.713+0000] {processor.py:914} INFO - Processing file /home/airflow/.local/lib/python3.12/site-packages/airflow/example_dags/example_nested_branch_dag.py for tasks to queue
[2025-01-07T12:01:45.716+0000] {logging_mixin.py:190} INFO - [2025-01-07T12:01:45.715+0000] {dagbag.py:588} INFO - Filling up the DagBag from /home/airflow/.local/lib/python3.12/site-packages/airflow/example_dags/example_nested_branch_dag.py
[2025-01-07T12:01:45.728+0000] {processor.py:925} INFO - DAG(s) 'example_nested_branch_dag' retrieved from /home/airflow/.local/lib/python3.12/site-packages/airflow/example_dags/example_nested_branch_dag.py
[2025-01-07T12:01:45.748+0000] {logging_mixin.py:190} INFO - [2025-01-07T12:01:45.748+0000] {dag.py:3239} INFO - Sync 1 DAGs
[2025-01-07T12:01:45.770+0000] {logging_mixin.py:190} INFO - [2025-01-07T12:01:45.770+0000] {dag.py:4180} INFO - Setting next_dagrun for example_nested_branch_dag to 2025-01-06 00:00:00+00:00, run_after=2025-01-07 00:00:00+00:00
[2025-01-07T12:01:45.789+0000] {processor.py:208} INFO - Processing /home/airflow/.local/lib/python3.12/site-packages/airflow/example_dags/example_nested_branch_dag.py took 0.082 seconds
[2025-01-07T12:02:17.100+0000] {processor.py:186} INFO - Started process (PID=1861) to work on /home/airflow/.local/lib/python3.12/site-packages/airflow/example_dags/example_nested_branch_dag.py
[2025-01-07T12:02:17.101+0000] {processor.py:914} INFO - Processing file /home/airflow/.local/lib/python3.12/site-packages/airflow/example_dags/example_nested_branch_dag.py for tasks to queue
[2025-01-07T12:02:17.104+0000] {logging_mixin.py:190} INFO - [2025-01-07T12:02:17.104+0000] {dagbag.py:588} INFO - Filling up the DagBag from /home/airflow/.local/lib/python3.12/site-packages/airflow/example_dags/example_nested_branch_dag.py
[2025-01-07T12:02:17.117+0000] {processor.py:925} INFO - DAG(s) 'example_nested_branch_dag' retrieved from /home/airflow/.local/lib/python3.12/site-packages/airflow/example_dags/example_nested_branch_dag.py
[2025-01-07T12:02:17.137+0000] {logging_mixin.py:190} INFO - [2025-01-07T12:02:17.137+0000] {dag.py:3239} INFO - Sync 1 DAGs
[2025-01-07T12:02:17.159+0000] {logging_mixin.py:190} INFO - [2025-01-07T12:02:17.159+0000] {dag.py:4180} INFO - Setting next_dagrun for example_nested_branch_dag to 2025-01-06 00:00:00+00:00, run_after=2025-01-07 00:00:00+00:00
[2025-01-07T12:02:17.261+0000] {processor.py:208} INFO - Processing /home/airflow/.local/lib/python3.12/site-packages/airflow/example_dags/example_nested_branch_dag.py took 0.168 seconds
[2025-01-07T12:02:47.902+0000] {processor.py:186} INFO - Started process (PID=1924) to work on /home/airflow/.local/lib/python3.12/site-packages/airflow/example_dags/example_nested_branch_dag.py
[2025-01-07T12:02:47.904+0000] {processor.py:914} INFO - Processing file /home/airflow/.local/lib/python3.12/site-packages/airflow/example_dags/example_nested_branch_dag.py for tasks to queue
[2025-01-07T12:02:47.907+0000] {logging_mixin.py:190} INFO - [2025-01-07T12:02:47.906+0000] {dagbag.py:588} INFO - Filling up the DagBag from /home/airflow/.local/lib/python3.12/site-packages/airflow/example_dags/example_nested_branch_dag.py
[2025-01-07T12:02:47.922+0000] {processor.py:925} INFO - DAG(s) 'example_nested_branch_dag' retrieved from /home/airflow/.local/lib/python3.12/site-packages/airflow/example_dags/example_nested_branch_dag.py
[2025-01-07T12:02:47.941+0000] {logging_mixin.py:190} INFO - [2025-01-07T12:02:47.941+0000] {dag.py:3239} INFO - Sync 1 DAGs
[2025-01-07T12:02:47.964+0000] {logging_mixin.py:190} INFO - [2025-01-07T12:02:47.964+0000] {dag.py:4180} INFO - Setting next_dagrun for example_nested_branch_dag to 2025-01-06 00:00:00+00:00, run_after=2025-01-07 00:00:00+00:00
[2025-01-07T12:02:47.983+0000] {processor.py:208} INFO - Processing /home/airflow/.local/lib/python3.12/site-packages/airflow/example_dags/example_nested_branch_dag.py took 0.088 seconds
[2025-01-07T12:03:18.992+0000] {processor.py:186} INFO - Started process (PID=1993) to work on /home/airflow/.local/lib/python3.12/site-packages/airflow/example_dags/example_nested_branch_dag.py
[2025-01-07T12:03:18.993+0000] {processor.py:914} INFO - Processing file /home/airflow/.local/lib/python3.12/site-packages/airflow/example_dags/example_nested_branch_dag.py for tasks to queue
[2025-01-07T12:03:18.996+0000] {logging_mixin.py:190} INFO - [2025-01-07T12:03:18.995+0000] {dagbag.py:588} INFO - Filling up the DagBag from /home/airflow/.local/lib/python3.12/site-packages/airflow/example_dags/example_nested_branch_dag.py
[2025-01-07T12:03:19.008+0000] {processor.py:925} INFO - DAG(s) 'example_nested_branch_dag' retrieved from /home/airflow/.local/lib/python3.12/site-packages/airflow/example_dags/example_nested_branch_dag.py
[2025-01-07T12:03:19.030+0000] {logging_mixin.py:190} INFO - [2025-01-07T12:03:19.030+0000] {dag.py:3239} INFO - Sync 1 DAGs
[2025-01-07T12:03:19.054+0000] {logging_mixin.py:190} INFO - [2025-01-07T12:03:19.054+0000] {dag.py:4180} INFO - Setting next_dagrun for example_nested_branch_dag to 2025-01-06 00:00:00+00:00, run_after=2025-01-07 00:00:00+00:00
[2025-01-07T12:03:19.074+0000] {processor.py:208} INFO - Processing /home/airflow/.local/lib/python3.12/site-packages/airflow/example_dags/example_nested_branch_dag.py took 0.088 seconds
[2025-01-07T12:03:49.641+0000] {processor.py:186} INFO - Started process (PID=2056) to work on /home/airflow/.local/lib/python3.12/site-packages/airflow/example_dags/example_nested_branch_dag.py
[2025-01-07T12:03:49.642+0000] {processor.py:914} INFO - Processing file /home/airflow/.local/lib/python3.12/site-packages/airflow/example_dags/example_nested_branch_dag.py for tasks to queue
[2025-01-07T12:03:49.645+0000] {logging_mixin.py:190} INFO - [2025-01-07T12:03:49.645+0000] {dagbag.py:588} INFO - Filling up the DagBag from /home/airflow/.local/lib/python3.12/site-packages/airflow/example_dags/example_nested_branch_dag.py
[2025-01-07T12:03:49.659+0000] {processor.py:925} INFO - DAG(s) 'example_nested_branch_dag' retrieved from /home/airflow/.local/lib/python3.12/site-packages/airflow/example_dags/example_nested_branch_dag.py
[2025-01-07T12:03:49.684+0000] {logging_mixin.py:190} INFO - [2025-01-07T12:03:49.684+0000] {dag.py:3239} INFO - Sync 1 DAGs
[2025-01-07T12:03:49.711+0000] {logging_mixin.py:190} INFO - [2025-01-07T12:03:49.711+0000] {dag.py:4180} INFO - Setting next_dagrun for example_nested_branch_dag to 2025-01-06 00:00:00+00:00, run_after=2025-01-07 00:00:00+00:00
[2025-01-07T12:03:49.734+0000] {processor.py:208} INFO - Processing /home/airflow/.local/lib/python3.12/site-packages/airflow/example_dags/example_nested_branch_dag.py took 0.100 seconds
[2025-01-07T12:04:20.905+0000] {processor.py:186} INFO - Started process (PID=2119) to work on /home/airflow/.local/lib/python3.12/site-packages/airflow/example_dags/example_nested_branch_dag.py
[2025-01-07T12:04:20.906+0000] {processor.py:914} INFO - Processing file /home/airflow/.local/lib/python3.12/site-packages/airflow/example_dags/example_nested_branch_dag.py for tasks to queue
[2025-01-07T12:04:20.909+0000] {logging_mixin.py:190} INFO - [2025-01-07T12:04:20.908+0000] {dagbag.py:588} INFO - Filling up the DagBag from /home/airflow/.local/lib/python3.12/site-packages/airflow/example_dags/example_nested_branch_dag.py
[2025-01-07T12:04:20.921+0000] {processor.py:925} INFO - DAG(s) 'example_nested_branch_dag' retrieved from /home/airflow/.local/lib/python3.12/site-packages/airflow/example_dags/example_nested_branch_dag.py
[2025-01-07T12:04:20.942+0000] {logging_mixin.py:190} INFO - [2025-01-07T12:04:20.942+0000] {dag.py:3239} INFO - Sync 1 DAGs
[2025-01-07T12:04:20.969+0000] {logging_mixin.py:190} INFO - [2025-01-07T12:04:20.969+0000] {dag.py:4180} INFO - Setting next_dagrun for example_nested_branch_dag to 2025-01-06 00:00:00+00:00, run_after=2025-01-07 00:00:00+00:00
[2025-01-07T12:04:20.992+0000] {processor.py:208} INFO - Processing /home/airflow/.local/lib/python3.12/site-packages/airflow/example_dags/example_nested_branch_dag.py took 0.093 seconds
[2025-01-07T12:04:52.164+0000] {processor.py:186} INFO - Started process (PID=2182) to work on /home/airflow/.local/lib/python3.12/site-packages/airflow/example_dags/example_nested_branch_dag.py
[2025-01-07T12:04:52.165+0000] {processor.py:914} INFO - Processing file /home/airflow/.local/lib/python3.12/site-packages/airflow/example_dags/example_nested_branch_dag.py for tasks to queue
[2025-01-07T12:04:52.168+0000] {logging_mixin.py:190} INFO - [2025-01-07T12:04:52.167+0000] {dagbag.py:588} INFO - Filling up the DagBag from /home/airflow/.local/lib/python3.12/site-packages/airflow/example_dags/example_nested_branch_dag.py
[2025-01-07T12:04:52.180+0000] {processor.py:925} INFO - DAG(s) 'example_nested_branch_dag' retrieved from /home/airflow/.local/lib/python3.12/site-packages/airflow/example_dags/example_nested_branch_dag.py
[2025-01-07T12:04:52.203+0000] {logging_mixin.py:190} INFO - [2025-01-07T12:04:52.202+0000] {dag.py:3239} INFO - Sync 1 DAGs
[2025-01-07T12:04:52.225+0000] {logging_mixin.py:190} INFO - [2025-01-07T12:04:52.225+0000] {dag.py:4180} INFO - Setting next_dagrun for example_nested_branch_dag to 2025-01-06 00:00:00+00:00, run_after=2025-01-07 00:00:00+00:00
[2025-01-07T12:04:52.243+0000] {processor.py:208} INFO - Processing /home/airflow/.local/lib/python3.12/site-packages/airflow/example_dags/example_nested_branch_dag.py took 0.086 seconds
[2025-01-07T12:05:23.886+0000] {processor.py:186} INFO - Started process (PID=2245) to work on /home/airflow/.local/lib/python3.12/site-packages/airflow/example_dags/example_nested_branch_dag.py
[2025-01-07T12:05:23.887+0000] {processor.py:914} INFO - Processing file /home/airflow/.local/lib/python3.12/site-packages/airflow/example_dags/example_nested_branch_dag.py for tasks to queue
[2025-01-07T12:05:23.890+0000] {logging_mixin.py:190} INFO - [2025-01-07T12:05:23.889+0000] {dagbag.py:588} INFO - Filling up the DagBag from /home/airflow/.local/lib/python3.12/site-packages/airflow/example_dags/example_nested_branch_dag.py
[2025-01-07T12:05:23.901+0000] {processor.py:925} INFO - DAG(s) 'example_nested_branch_dag' retrieved from /home/airflow/.local/lib/python3.12/site-packages/airflow/example_dags/example_nested_branch_dag.py
[2025-01-07T12:05:23.921+0000] {logging_mixin.py:190} INFO - [2025-01-07T12:05:23.921+0000] {dag.py:3239} INFO - Sync 1 DAGs
[2025-01-07T12:05:23.943+0000] {logging_mixin.py:190} INFO - [2025-01-07T12:05:23.943+0000] {dag.py:4180} INFO - Setting next_dagrun for example_nested_branch_dag to 2025-01-06 00:00:00+00:00, run_after=2025-01-07 00:00:00+00:00
[2025-01-07T12:05:23.961+0000] {processor.py:208} INFO - Processing /home/airflow/.local/lib/python3.12/site-packages/airflow/example_dags/example_nested_branch_dag.py took 0.081 seconds
[2025-01-07T12:05:56.162+0000] {processor.py:186} INFO - Started process (PID=2311) to work on /home/airflow/.local/lib/python3.12/site-packages/airflow/example_dags/example_nested_branch_dag.py
[2025-01-07T12:05:56.164+0000] {processor.py:914} INFO - Processing file /home/airflow/.local/lib/python3.12/site-packages/airflow/example_dags/example_nested_branch_dag.py for tasks to queue
[2025-01-07T12:05:56.167+0000] {logging_mixin.py:190} INFO - [2025-01-07T12:05:56.167+0000] {dagbag.py:588} INFO - Filling up the DagBag from /home/airflow/.local/lib/python3.12/site-packages/airflow/example_dags/example_nested_branch_dag.py
[2025-01-07T12:05:56.181+0000] {processor.py:925} INFO - DAG(s) 'example_nested_branch_dag' retrieved from /home/airflow/.local/lib/python3.12/site-packages/airflow/example_dags/example_nested_branch_dag.py
[2025-01-07T12:05:56.205+0000] {logging_mixin.py:190} INFO - [2025-01-07T12:05:56.205+0000] {dag.py:3239} INFO - Sync 1 DAGs
[2025-01-07T12:05:56.234+0000] {logging_mixin.py:190} INFO - [2025-01-07T12:05:56.234+0000] {dag.py:4180} INFO - Setting next_dagrun for example_nested_branch_dag to 2025-01-06 00:00:00+00:00, run_after=2025-01-07 00:00:00+00:00
[2025-01-07T12:05:56.255+0000] {processor.py:208} INFO - Processing /home/airflow/.local/lib/python3.12/site-packages/airflow/example_dags/example_nested_branch_dag.py took 0.104 seconds
[2025-01-07T12:06:26.849+0000] {processor.py:186} INFO - Started process (PID=2374) to work on /home/airflow/.local/lib/python3.12/site-packages/airflow/example_dags/example_nested_branch_dag.py
[2025-01-07T12:06:26.850+0000] {processor.py:914} INFO - Processing file /home/airflow/.local/lib/python3.12/site-packages/airflow/example_dags/example_nested_branch_dag.py for tasks to queue
[2025-01-07T12:06:26.853+0000] {logging_mixin.py:190} INFO - [2025-01-07T12:06:26.852+0000] {dagbag.py:588} INFO - Filling up the DagBag from /home/airflow/.local/lib/python3.12/site-packages/airflow/example_dags/example_nested_branch_dag.py
[2025-01-07T12:06:26.864+0000] {processor.py:925} INFO - DAG(s) 'example_nested_branch_dag' retrieved from /home/airflow/.local/lib/python3.12/site-packages/airflow/example_dags/example_nested_branch_dag.py
[2025-01-07T12:06:26.885+0000] {logging_mixin.py:190} INFO - [2025-01-07T12:06:26.885+0000] {dag.py:3239} INFO - Sync 1 DAGs
[2025-01-07T12:06:26.909+0000] {logging_mixin.py:190} INFO - [2025-01-07T12:06:26.909+0000] {dag.py:4180} INFO - Setting next_dagrun for example_nested_branch_dag to 2025-01-06 00:00:00+00:00, run_after=2025-01-07 00:00:00+00:00
[2025-01-07T12:06:26.927+0000] {processor.py:208} INFO - Processing /home/airflow/.local/lib/python3.12/site-packages/airflow/example_dags/example_nested_branch_dag.py took 0.085 seconds
[2025-01-07T12:06:57.686+0000] {processor.py:186} INFO - Started process (PID=2438) to work on /home/airflow/.local/lib/python3.12/site-packages/airflow/example_dags/example_nested_branch_dag.py
[2025-01-07T12:06:57.687+0000] {processor.py:914} INFO - Processing file /home/airflow/.local/lib/python3.12/site-packages/airflow/example_dags/example_nested_branch_dag.py for tasks to queue
[2025-01-07T12:06:57.690+0000] {logging_mixin.py:190} INFO - [2025-01-07T12:06:57.690+0000] {dagbag.py:588} INFO - Filling up the DagBag from /home/airflow/.local/lib/python3.12/site-packages/airflow/example_dags/example_nested_branch_dag.py
[2025-01-07T12:06:57.706+0000] {processor.py:925} INFO - DAG(s) 'example_nested_branch_dag' retrieved from /home/airflow/.local/lib/python3.12/site-packages/airflow/example_dags/example_nested_branch_dag.py
[2025-01-07T12:06:57.728+0000] {logging_mixin.py:190} INFO - [2025-01-07T12:06:57.728+0000] {dag.py:3239} INFO - Sync 1 DAGs
[2025-01-07T12:06:57.754+0000] {logging_mixin.py:190} INFO - [2025-01-07T12:06:57.754+0000] {dag.py:4180} INFO - Setting next_dagrun for example_nested_branch_dag to 2025-01-06 00:00:00+00:00, run_after=2025-01-07 00:00:00+00:00
[2025-01-07T12:06:57.774+0000] {processor.py:208} INFO - Processing /home/airflow/.local/lib/python3.12/site-packages/airflow/example_dags/example_nested_branch_dag.py took 0.094 seconds
[2025-01-07T12:07:28.928+0000] {processor.py:186} INFO - Started process (PID=2501) to work on /home/airflow/.local/lib/python3.12/site-packages/airflow/example_dags/example_nested_branch_dag.py
[2025-01-07T12:07:28.929+0000] {processor.py:914} INFO - Processing file /home/airflow/.local/lib/python3.12/site-packages/airflow/example_dags/example_nested_branch_dag.py for tasks to queue
[2025-01-07T12:07:28.931+0000] {logging_mixin.py:190} INFO - [2025-01-07T12:07:28.931+0000] {dagbag.py:588} INFO - Filling up the DagBag from /home/airflow/.local/lib/python3.12/site-packages/airflow/example_dags/example_nested_branch_dag.py
[2025-01-07T12:07:28.943+0000] {processor.py:925} INFO - DAG(s) 'example_nested_branch_dag' retrieved from /home/airflow/.local/lib/python3.12/site-packages/airflow/example_dags/example_nested_branch_dag.py
[2025-01-07T12:07:28.963+0000] {logging_mixin.py:190} INFO - [2025-01-07T12:07:28.962+0000] {dag.py:3239} INFO - Sync 1 DAGs
[2025-01-07T12:07:28.984+0000] {logging_mixin.py:190} INFO - [2025-01-07T12:07:28.984+0000] {dag.py:4180} INFO - Setting next_dagrun for example_nested_branch_dag to 2025-01-06 00:00:00+00:00, run_after=2025-01-07 00:00:00+00:00
[2025-01-07T12:07:29.008+0000] {processor.py:208} INFO - Processing /home/airflow/.local/lib/python3.12/site-packages/airflow/example_dags/example_nested_branch_dag.py took 0.087 seconds
[2025-01-07T12:08:02.110+0000] {processor.py:186} INFO - Started process (PID=2566) to work on /home/airflow/.local/lib/python3.12/site-packages/airflow/example_dags/example_nested_branch_dag.py
[2025-01-07T12:08:02.111+0000] {processor.py:914} INFO - Processing file /home/airflow/.local/lib/python3.12/site-packages/airflow/example_dags/example_nested_branch_dag.py for tasks to queue
[2025-01-07T12:08:02.114+0000] {logging_mixin.py:190} INFO - [2025-01-07T12:08:02.113+0000] {dagbag.py:588} INFO - Filling up the DagBag from /home/airflow/.local/lib/python3.12/site-packages/airflow/example_dags/example_nested_branch_dag.py
[2025-01-07T12:08:02.126+0000] {processor.py:925} INFO - DAG(s) 'example_nested_branch_dag' retrieved from /home/airflow/.local/lib/python3.12/site-packages/airflow/example_dags/example_nested_branch_dag.py
[2025-01-07T12:08:02.151+0000] {logging_mixin.py:190} INFO - [2025-01-07T12:08:02.151+0000] {dag.py:3239} INFO - Sync 1 DAGs
[2025-01-07T12:08:02.178+0000] {logging_mixin.py:190} INFO - [2025-01-07T12:08:02.178+0000] {dag.py:4180} INFO - Setting next_dagrun for example_nested_branch_dag to 2025-01-06 00:00:00+00:00, run_after=2025-01-07 00:00:00+00:00
[2025-01-07T12:08:02.200+0000] {processor.py:208} INFO - Processing /home/airflow/.local/lib/python3.12/site-packages/airflow/example_dags/example_nested_branch_dag.py took 0.097 seconds
[2025-01-07T12:08:32.529+0000] {processor.py:186} INFO - Started process (PID=2630) to work on /home/airflow/.local/lib/python3.12/site-packages/airflow/example_dags/example_nested_branch_dag.py
[2025-01-07T12:08:32.531+0000] {processor.py:914} INFO - Processing file /home/airflow/.local/lib/python3.12/site-packages/airflow/example_dags/example_nested_branch_dag.py for tasks to queue
[2025-01-07T12:08:32.534+0000] {logging_mixin.py:190} INFO - [2025-01-07T12:08:32.533+0000] {dagbag.py:588} INFO - Filling up the DagBag from /home/airflow/.local/lib/python3.12/site-packages/airflow/example_dags/example_nested_branch_dag.py
[2025-01-07T12:08:32.550+0000] {processor.py:925} INFO - DAG(s) 'example_nested_branch_dag' retrieved from /home/airflow/.local/lib/python3.12/site-packages/airflow/example_dags/example_nested_branch_dag.py
[2025-01-07T12:08:32.578+0000] {logging_mixin.py:190} INFO - [2025-01-07T12:08:32.578+0000] {dag.py:3239} INFO - Sync 1 DAGs
[2025-01-07T12:08:32.616+0000] {logging_mixin.py:190} INFO - [2025-01-07T12:08:32.615+0000] {dag.py:4180} INFO - Setting next_dagrun for example_nested_branch_dag to 2025-01-06 00:00:00+00:00, run_after=2025-01-07 00:00:00+00:00
[2025-01-07T12:08:32.641+0000] {processor.py:208} INFO - Processing /home/airflow/.local/lib/python3.12/site-packages/airflow/example_dags/example_nested_branch_dag.py took 0.120 seconds
[2025-01-07T12:09:05.455+0000] {processor.py:186} INFO - Started process (PID=2693) to work on /home/airflow/.local/lib/python3.12/site-packages/airflow/example_dags/example_nested_branch_dag.py
[2025-01-07T12:09:05.457+0000] {processor.py:914} INFO - Processing file /home/airflow/.local/lib/python3.12/site-packages/airflow/example_dags/example_nested_branch_dag.py for tasks to queue
[2025-01-07T12:09:05.464+0000] {logging_mixin.py:190} INFO - [2025-01-07T12:09:05.463+0000] {dagbag.py:588} INFO - Filling up the DagBag from /home/airflow/.local/lib/python3.12/site-packages/airflow/example_dags/example_nested_branch_dag.py
[2025-01-07T12:09:05.487+0000] {processor.py:925} INFO - DAG(s) 'example_nested_branch_dag' retrieved from /home/airflow/.local/lib/python3.12/site-packages/airflow/example_dags/example_nested_branch_dag.py
[2025-01-07T12:09:05.533+0000] {logging_mixin.py:190} INFO - [2025-01-07T12:09:05.533+0000] {dag.py:3239} INFO - Sync 1 DAGs
[2025-01-07T12:09:05.584+0000] {logging_mixin.py:190} INFO - [2025-01-07T12:09:05.583+0000] {dag.py:4180} INFO - Setting next_dagrun for example_nested_branch_dag to 2025-01-06 00:00:00+00:00, run_after=2025-01-07 00:00:00+00:00
[2025-01-07T12:09:05.618+0000] {processor.py:208} INFO - Processing /home/airflow/.local/lib/python3.12/site-packages/airflow/example_dags/example_nested_branch_dag.py took 0.175 seconds
[2025-01-07T12:09:36.461+0000] {processor.py:186} INFO - Started process (PID=2756) to work on /home/airflow/.local/lib/python3.12/site-packages/airflow/example_dags/example_nested_branch_dag.py
[2025-01-07T12:09:36.464+0000] {processor.py:914} INFO - Processing file /home/airflow/.local/lib/python3.12/site-packages/airflow/example_dags/example_nested_branch_dag.py for tasks to queue
[2025-01-07T12:09:36.469+0000] {logging_mixin.py:190} INFO - [2025-01-07T12:09:36.468+0000] {dagbag.py:588} INFO - Filling up the DagBag from /home/airflow/.local/lib/python3.12/site-packages/airflow/example_dags/example_nested_branch_dag.py
[2025-01-07T12:09:36.496+0000] {processor.py:925} INFO - DAG(s) 'example_nested_branch_dag' retrieved from /home/airflow/.local/lib/python3.12/site-packages/airflow/example_dags/example_nested_branch_dag.py
[2025-01-07T12:09:36.536+0000] {logging_mixin.py:190} INFO - [2025-01-07T12:09:36.536+0000] {dag.py:3239} INFO - Sync 1 DAGs
[2025-01-07T12:09:36.586+0000] {logging_mixin.py:190} INFO - [2025-01-07T12:09:36.585+0000] {dag.py:4180} INFO - Setting next_dagrun for example_nested_branch_dag to 2025-01-06 00:00:00+00:00, run_after=2025-01-07 00:00:00+00:00
[2025-01-07T12:09:36.618+0000] {processor.py:208} INFO - Processing /home/airflow/.local/lib/python3.12/site-packages/airflow/example_dags/example_nested_branch_dag.py took 0.169 seconds
[2025-01-07T12:10:07.613+0000] {processor.py:186} INFO - Started process (PID=2819) to work on /home/airflow/.local/lib/python3.12/site-packages/airflow/example_dags/example_nested_branch_dag.py
[2025-01-07T12:10:07.616+0000] {processor.py:914} INFO - Processing file /home/airflow/.local/lib/python3.12/site-packages/airflow/example_dags/example_nested_branch_dag.py for tasks to queue
[2025-01-07T12:10:07.622+0000] {logging_mixin.py:190} INFO - [2025-01-07T12:10:07.621+0000] {dagbag.py:588} INFO - Filling up the DagBag from /home/airflow/.local/lib/python3.12/site-packages/airflow/example_dags/example_nested_branch_dag.py
[2025-01-07T12:10:07.649+0000] {processor.py:925} INFO - DAG(s) 'example_nested_branch_dag' retrieved from /home/airflow/.local/lib/python3.12/site-packages/airflow/example_dags/example_nested_branch_dag.py
[2025-01-07T12:10:07.691+0000] {logging_mixin.py:190} INFO - [2025-01-07T12:10:07.691+0000] {dag.py:3239} INFO - Sync 1 DAGs
[2025-01-07T12:10:07.747+0000] {logging_mixin.py:190} INFO - [2025-01-07T12:10:07.746+0000] {dag.py:4180} INFO - Setting next_dagrun for example_nested_branch_dag to 2025-01-06 00:00:00+00:00, run_after=2025-01-07 00:00:00+00:00
[2025-01-07T12:10:07.784+0000] {processor.py:208} INFO - Processing /home/airflow/.local/lib/python3.12/site-packages/airflow/example_dags/example_nested_branch_dag.py took 0.185 seconds
[2025-01-07T12:10:39.181+0000] {processor.py:186} INFO - Started process (PID=2884) to work on /home/airflow/.local/lib/python3.12/site-packages/airflow/example_dags/example_nested_branch_dag.py
[2025-01-07T12:10:39.183+0000] {processor.py:914} INFO - Processing file /home/airflow/.local/lib/python3.12/site-packages/airflow/example_dags/example_nested_branch_dag.py for tasks to queue
[2025-01-07T12:10:39.187+0000] {logging_mixin.py:190} INFO - [2025-01-07T12:10:39.187+0000] {dagbag.py:588} INFO - Filling up the DagBag from /home/airflow/.local/lib/python3.12/site-packages/airflow/example_dags/example_nested_branch_dag.py
[2025-01-07T12:10:39.209+0000] {processor.py:925} INFO - DAG(s) 'example_nested_branch_dag' retrieved from /home/airflow/.local/lib/python3.12/site-packages/airflow/example_dags/example_nested_branch_dag.py
[2025-01-07T12:10:39.247+0000] {logging_mixin.py:190} INFO - [2025-01-07T12:10:39.247+0000] {dag.py:3239} INFO - Sync 1 DAGs
[2025-01-07T12:10:39.292+0000] {logging_mixin.py:190} INFO - [2025-01-07T12:10:39.292+0000] {dag.py:4180} INFO - Setting next_dagrun for example_nested_branch_dag to 2025-01-06 00:00:00+00:00, run_after=2025-01-07 00:00:00+00:00
[2025-01-07T12:10:39.332+0000] {processor.py:208} INFO - Processing /home/airflow/.local/lib/python3.12/site-packages/airflow/example_dags/example_nested_branch_dag.py took 0.162 seconds
[2025-01-07T12:11:11.792+0000] {processor.py:186} INFO - Started process (PID=2949) to work on /home/airflow/.local/lib/python3.12/site-packages/airflow/example_dags/example_nested_branch_dag.py
[2025-01-07T12:11:11.794+0000] {processor.py:914} INFO - Processing file /home/airflow/.local/lib/python3.12/site-packages/airflow/example_dags/example_nested_branch_dag.py for tasks to queue
[2025-01-07T12:11:11.799+0000] {logging_mixin.py:190} INFO - [2025-01-07T12:11:11.798+0000] {dagbag.py:588} INFO - Filling up the DagBag from /home/airflow/.local/lib/python3.12/site-packages/airflow/example_dags/example_nested_branch_dag.py
[2025-01-07T12:11:11.821+0000] {processor.py:925} INFO - DAG(s) 'example_nested_branch_dag' retrieved from /home/airflow/.local/lib/python3.12/site-packages/airflow/example_dags/example_nested_branch_dag.py
[2025-01-07T12:11:11.865+0000] {logging_mixin.py:190} INFO - [2025-01-07T12:11:11.864+0000] {dag.py:3239} INFO - Sync 1 DAGs
[2025-01-07T12:11:11.904+0000] {logging_mixin.py:190} INFO - [2025-01-07T12:11:11.903+0000] {dag.py:4180} INFO - Setting next_dagrun for example_nested_branch_dag to 2025-01-06 00:00:00+00:00, run_after=2025-01-07 00:00:00+00:00
[2025-01-07T12:11:11.936+0000] {processor.py:208} INFO - Processing /home/airflow/.local/lib/python3.12/site-packages/airflow/example_dags/example_nested_branch_dag.py took 0.153 seconds
[2025-01-07T12:11:42.719+0000] {processor.py:186} INFO - Started process (PID=3012) to work on /home/airflow/.local/lib/python3.12/site-packages/airflow/example_dags/example_nested_branch_dag.py
[2025-01-07T12:11:42.721+0000] {processor.py:914} INFO - Processing file /home/airflow/.local/lib/python3.12/site-packages/airflow/example_dags/example_nested_branch_dag.py for tasks to queue
[2025-01-07T12:11:42.729+0000] {logging_mixin.py:190} INFO - [2025-01-07T12:11:42.725+0000] {dagbag.py:588} INFO - Filling up the DagBag from /home/airflow/.local/lib/python3.12/site-packages/airflow/example_dags/example_nested_branch_dag.py
[2025-01-07T12:11:42.759+0000] {processor.py:925} INFO - DAG(s) 'example_nested_branch_dag' retrieved from /home/airflow/.local/lib/python3.12/site-packages/airflow/example_dags/example_nested_branch_dag.py
[2025-01-07T12:11:42.792+0000] {logging_mixin.py:190} INFO - [2025-01-07T12:11:42.792+0000] {dag.py:3239} INFO - Sync 1 DAGs
[2025-01-07T12:11:42.838+0000] {logging_mixin.py:190} INFO - [2025-01-07T12:11:42.838+0000] {dag.py:4180} INFO - Setting next_dagrun for example_nested_branch_dag to 2025-01-06 00:00:00+00:00, run_after=2025-01-07 00:00:00+00:00
[2025-01-07T12:11:43.099+0000] {processor.py:208} INFO - Processing /home/airflow/.local/lib/python3.12/site-packages/airflow/example_dags/example_nested_branch_dag.py took 0.399 seconds
[2025-01-07T12:12:13.715+0000] {processor.py:186} INFO - Started process (PID=3075) to work on /home/airflow/.local/lib/python3.12/site-packages/airflow/example_dags/example_nested_branch_dag.py
[2025-01-07T12:12:13.717+0000] {processor.py:914} INFO - Processing file /home/airflow/.local/lib/python3.12/site-packages/airflow/example_dags/example_nested_branch_dag.py for tasks to queue
[2025-01-07T12:12:13.721+0000] {logging_mixin.py:190} INFO - [2025-01-07T12:12:13.721+0000] {dagbag.py:588} INFO - Filling up the DagBag from /home/airflow/.local/lib/python3.12/site-packages/airflow/example_dags/example_nested_branch_dag.py
[2025-01-07T12:12:13.739+0000] {processor.py:925} INFO - DAG(s) 'example_nested_branch_dag' retrieved from /home/airflow/.local/lib/python3.12/site-packages/airflow/example_dags/example_nested_branch_dag.py
[2025-01-07T12:12:13.771+0000] {logging_mixin.py:190} INFO - [2025-01-07T12:12:13.771+0000] {dag.py:3239} INFO - Sync 1 DAGs
[2025-01-07T12:12:13.804+0000] {logging_mixin.py:190} INFO - [2025-01-07T12:12:13.804+0000] {dag.py:4180} INFO - Setting next_dagrun for example_nested_branch_dag to 2025-01-06 00:00:00+00:00, run_after=2025-01-07 00:00:00+00:00
[2025-01-07T12:12:13.831+0000] {processor.py:208} INFO - Processing /home/airflow/.local/lib/python3.12/site-packages/airflow/example_dags/example_nested_branch_dag.py took 0.127 seconds
[2025-01-07T12:12:45.275+0000] {processor.py:186} INFO - Started process (PID=3139) to work on /home/airflow/.local/lib/python3.12/site-packages/airflow/example_dags/example_nested_branch_dag.py
[2025-01-07T12:12:45.277+0000] {processor.py:914} INFO - Processing file /home/airflow/.local/lib/python3.12/site-packages/airflow/example_dags/example_nested_branch_dag.py for tasks to queue
[2025-01-07T12:12:45.282+0000] {logging_mixin.py:190} INFO - [2025-01-07T12:12:45.281+0000] {dagbag.py:588} INFO - Filling up the DagBag from /home/airflow/.local/lib/python3.12/site-packages/airflow/example_dags/example_nested_branch_dag.py
[2025-01-07T12:12:45.303+0000] {processor.py:925} INFO - DAG(s) 'example_nested_branch_dag' retrieved from /home/airflow/.local/lib/python3.12/site-packages/airflow/example_dags/example_nested_branch_dag.py
[2025-01-07T12:12:45.343+0000] {logging_mixin.py:190} INFO - [2025-01-07T12:12:45.343+0000] {dag.py:3239} INFO - Sync 1 DAGs
[2025-01-07T12:12:45.391+0000] {logging_mixin.py:190} INFO - [2025-01-07T12:12:45.390+0000] {dag.py:4180} INFO - Setting next_dagrun for example_nested_branch_dag to 2025-01-06 00:00:00+00:00, run_after=2025-01-07 00:00:00+00:00
[2025-01-07T12:12:45.424+0000] {processor.py:208} INFO - Processing /home/airflow/.local/lib/python3.12/site-packages/airflow/example_dags/example_nested_branch_dag.py took 0.162 seconds
[2025-01-07T12:43:16.673+0000] {processor.py:186} INFO - Started process (PID=3205) to work on /home/airflow/.local/lib/python3.12/site-packages/airflow/example_dags/example_nested_branch_dag.py
[2025-01-07T12:43:16.687+0000] {processor.py:914} INFO - Processing file /home/airflow/.local/lib/python3.12/site-packages/airflow/example_dags/example_nested_branch_dag.py for tasks to queue
[2025-01-07T12:43:16.692+0000] {logging_mixin.py:190} INFO - [2025-01-07T12:43:16.691+0000] {dagbag.py:588} INFO - Filling up the DagBag from /home/airflow/.local/lib/python3.12/site-packages/airflow/example_dags/example_nested_branch_dag.py
[2025-01-07T12:43:16.720+0000] {processor.py:925} INFO - DAG(s) 'example_nested_branch_dag' retrieved from /home/airflow/.local/lib/python3.12/site-packages/airflow/example_dags/example_nested_branch_dag.py
[2025-01-07T12:43:16.796+0000] {logging_mixin.py:190} INFO - [2025-01-07T12:43:16.795+0000] {dag.py:3239} INFO - Sync 1 DAGs
[2025-01-07T12:43:16.870+0000] {logging_mixin.py:190} INFO - [2025-01-07T12:43:16.869+0000] {dag.py:4180} INFO - Setting next_dagrun for example_nested_branch_dag to 2025-01-06 00:00:00+00:00, run_after=2025-01-07 00:00:00+00:00
[2025-01-07T12:43:16.909+0000] {processor.py:208} INFO - Processing /home/airflow/.local/lib/python3.12/site-packages/airflow/example_dags/example_nested_branch_dag.py took 0.245 seconds
