[2025-01-07T11:47:24.188+0000] {processor.py:186} INFO - Started process (PID=56) to work on /home/airflow/.local/lib/python3.12/site-packages/airflow/example_dags/example_xcomargs.py
[2025-01-07T11:47:24.189+0000] {processor.py:914} INFO - Processing file /home/airflow/.local/lib/python3.12/site-packages/airflow/example_dags/example_xcomargs.py for tasks to queue
[2025-01-07T11:47:24.192+0000] {logging_mixin.py:190} INFO - [2025-01-07T11:47:24.191+0000] {dagbag.py:588} INFO - Filling up the DagBag from /home/airflow/.local/lib/python3.12/site-packages/airflow/example_dags/example_xcomargs.py
[2025-01-07T11:47:24.211+0000] {processor.py:925} INFO - DAG(s) 'example_xcom_args', 'example_xcom_args_with_operators' retrieved from /home/airflow/.local/lib/python3.12/site-packages/airflow/example_dags/example_xcomargs.py
[2025-01-07T11:47:24.340+0000] {logging_mixin.py:190} INFO - [2025-01-07T11:47:24.339+0000] {override.py:1911} INFO - Created Permission View: can read on DAG:example_xcom_args
[2025-01-07T11:47:24.455+0000] {logging_mixin.py:190} INFO - [2025-01-07T11:47:24.454+0000] {override.py:1911} INFO - Created Permission View: can delete on DAG:example_xcom_args
[2025-01-07T11:47:24.482+0000] {logging_mixin.py:190} INFO - [2025-01-07T11:47:24.481+0000] {override.py:1911} INFO - Created Permission View: can edit on DAG:example_xcom_args
[2025-01-07T11:47:24.501+0000] {logging_mixin.py:190} INFO - [2025-01-07T11:47:24.500+0000] {override.py:1911} INFO - Created Permission View: menu access on DAG Run:example_xcom_args
[2025-01-07T11:47:24.629+0000] {logging_mixin.py:190} INFO - [2025-01-07T11:47:24.629+0000] {override.py:1911} INFO - Created Permission View: can read on DAG Run:example_xcom_args
[2025-01-07T11:47:24.721+0000] {logging_mixin.py:190} INFO - [2025-01-07T11:47:24.720+0000] {override.py:1911} INFO - Created Permission View: can delete on DAG Run:example_xcom_args
[2025-01-07T11:47:24.906+0000] {logging_mixin.py:190} INFO - [2025-01-07T11:47:24.906+0000] {override.py:1911} INFO - Created Permission View: can create on DAG Run:example_xcom_args
[2025-01-07T11:47:25.214+0000] {logging_mixin.py:190} INFO - [2025-01-07T11:47:25.214+0000] {override.py:1911} INFO - Created Permission View: can read on DAG:example_xcom_args_with_operators
[2025-01-07T11:47:25.263+0000] {logging_mixin.py:190} INFO - [2025-01-07T11:47:25.262+0000] {override.py:1911} INFO - Created Permission View: can delete on DAG:example_xcom_args_with_operators
[2025-01-07T11:47:25.304+0000] {logging_mixin.py:190} INFO - [2025-01-07T11:47:25.304+0000] {override.py:1911} INFO - Created Permission View: can edit on DAG:example_xcom_args_with_operators
[2025-01-07T11:47:25.316+0000] {logging_mixin.py:190} INFO - [2025-01-07T11:47:25.316+0000] {override.py:1911} INFO - Created Permission View: menu access on DAG Run:example_xcom_args_with_operators
[2025-01-07T11:47:25.324+0000] {logging_mixin.py:190} INFO - [2025-01-07T11:47:25.324+0000] {override.py:1911} INFO - Created Permission View: can read on DAG Run:example_xcom_args_with_operators
[2025-01-07T11:47:25.333+0000] {logging_mixin.py:190} INFO - [2025-01-07T11:47:25.332+0000] {override.py:1911} INFO - Created Permission View: can delete on DAG Run:example_xcom_args_with_operators
[2025-01-07T11:47:25.342+0000] {logging_mixin.py:190} INFO - [2025-01-07T11:47:25.341+0000] {override.py:1911} INFO - Created Permission View: can create on DAG Run:example_xcom_args_with_operators
[2025-01-07T11:47:25.344+0000] {logging_mixin.py:190} INFO - [2025-01-07T11:47:25.343+0000] {dag.py:3239} INFO - Sync 2 DAGs
[2025-01-07T11:47:25.357+0000] {logging_mixin.py:190} INFO - [2025-01-07T11:47:25.357+0000] {dag.py:3262} INFO - Creating ORM DAG for example_xcom_args
[2025-01-07T11:47:25.358+0000] {logging_mixin.py:190} INFO - [2025-01-07T11:47:25.358+0000] {dag.py:3262} INFO - Creating ORM DAG for example_xcom_args_with_operators
[2025-01-07T11:47:25.359+0000] {logging_mixin.py:190} INFO - [2025-01-07T11:47:25.358+0000] {dag.py:4180} INFO - Setting next_dagrun for example_xcom_args to None, run_after=None
[2025-01-07T11:47:25.359+0000] {logging_mixin.py:190} INFO - [2025-01-07T11:47:25.359+0000] {dag.py:4180} INFO - Setting next_dagrun for example_xcom_args_with_operators to None, run_after=None
[2025-01-07T11:47:25.854+0000] {processor.py:208} INFO - Processing /home/airflow/.local/lib/python3.12/site-packages/airflow/example_dags/example_xcomargs.py took 1.675 seconds
[2025-01-07T11:48:17.006+0000] {processor.py:186} INFO - Started process (PID=125) to work on /home/airflow/.local/lib/python3.12/site-packages/airflow/example_dags/example_xcomargs.py
[2025-01-07T11:48:17.050+0000] {processor.py:914} INFO - Processing file /home/airflow/.local/lib/python3.12/site-packages/airflow/example_dags/example_xcomargs.py for tasks to queue
[2025-01-07T11:48:17.054+0000] {logging_mixin.py:190} INFO - [2025-01-07T11:48:17.053+0000] {dagbag.py:588} INFO - Filling up the DagBag from /home/airflow/.local/lib/python3.12/site-packages/airflow/example_dags/example_xcomargs.py
[2025-01-07T11:48:17.069+0000] {processor.py:925} INFO - DAG(s) 'example_xcom_args_with_operators', 'example_xcom_args' retrieved from /home/airflow/.local/lib/python3.12/site-packages/airflow/example_dags/example_xcomargs.py
[2025-01-07T11:48:17.098+0000] {logging_mixin.py:190} INFO - [2025-01-07T11:48:17.098+0000] {dag.py:3239} INFO - Sync 2 DAGs
[2025-01-07T11:48:17.129+0000] {logging_mixin.py:190} INFO - [2025-01-07T11:48:17.128+0000] {dag.py:4180} INFO - Setting next_dagrun for example_xcom_args to None, run_after=None
[2025-01-07T11:48:17.204+0000] {logging_mixin.py:190} INFO - [2025-01-07T11:48:17.203+0000] {dag.py:4180} INFO - Setting next_dagrun for example_xcom_args_with_operators to None, run_after=None
[2025-01-07T11:48:17.310+0000] {processor.py:208} INFO - Processing /home/airflow/.local/lib/python3.12/site-packages/airflow/example_dags/example_xcomargs.py took 0.313 seconds
[2025-01-07T11:48:48.054+0000] {processor.py:186} INFO - Started process (PID=189) to work on /home/airflow/.local/lib/python3.12/site-packages/airflow/example_dags/example_xcomargs.py
[2025-01-07T11:48:48.055+0000] {processor.py:914} INFO - Processing file /home/airflow/.local/lib/python3.12/site-packages/airflow/example_dags/example_xcomargs.py for tasks to queue
[2025-01-07T11:48:48.058+0000] {logging_mixin.py:190} INFO - [2025-01-07T11:48:48.058+0000] {dagbag.py:588} INFO - Filling up the DagBag from /home/airflow/.local/lib/python3.12/site-packages/airflow/example_dags/example_xcomargs.py
[2025-01-07T11:48:48.071+0000] {processor.py:925} INFO - DAG(s) 'example_xcom_args', 'example_xcom_args_with_operators' retrieved from /home/airflow/.local/lib/python3.12/site-packages/airflow/example_dags/example_xcomargs.py
[2025-01-07T11:48:48.099+0000] {logging_mixin.py:190} INFO - [2025-01-07T11:48:48.098+0000] {dag.py:3239} INFO - Sync 2 DAGs
[2025-01-07T11:48:48.114+0000] {logging_mixin.py:190} INFO - [2025-01-07T11:48:48.113+0000] {dag.py:4180} INFO - Setting next_dagrun for example_xcom_args to None, run_after=None
[2025-01-07T11:48:48.117+0000] {logging_mixin.py:190} INFO - [2025-01-07T11:48:48.117+0000] {dag.py:4180} INFO - Setting next_dagrun for example_xcom_args_with_operators to None, run_after=None
[2025-01-07T11:48:48.133+0000] {processor.py:208} INFO - Processing /home/airflow/.local/lib/python3.12/site-packages/airflow/example_dags/example_xcomargs.py took 0.085 seconds
[2025-01-07T11:49:18.621+0000] {processor.py:186} INFO - Started process (PID=252) to work on /home/airflow/.local/lib/python3.12/site-packages/airflow/example_dags/example_xcomargs.py
[2025-01-07T11:49:18.622+0000] {processor.py:914} INFO - Processing file /home/airflow/.local/lib/python3.12/site-packages/airflow/example_dags/example_xcomargs.py for tasks to queue
[2025-01-07T11:49:18.625+0000] {logging_mixin.py:190} INFO - [2025-01-07T11:49:18.625+0000] {dagbag.py:588} INFO - Filling up the DagBag from /home/airflow/.local/lib/python3.12/site-packages/airflow/example_dags/example_xcomargs.py
[2025-01-07T11:49:18.638+0000] {processor.py:925} INFO - DAG(s) 'example_xcom_args', 'example_xcom_args_with_operators' retrieved from /home/airflow/.local/lib/python3.12/site-packages/airflow/example_dags/example_xcomargs.py
[2025-01-07T11:49:18.662+0000] {logging_mixin.py:190} INFO - [2025-01-07T11:49:18.661+0000] {dag.py:3239} INFO - Sync 2 DAGs
[2025-01-07T11:49:18.679+0000] {logging_mixin.py:190} INFO - [2025-01-07T11:49:18.679+0000] {dag.py:4180} INFO - Setting next_dagrun for example_xcom_args to None, run_after=None
[2025-01-07T11:49:18.683+0000] {logging_mixin.py:190} INFO - [2025-01-07T11:49:18.683+0000] {dag.py:4180} INFO - Setting next_dagrun for example_xcom_args_with_operators to None, run_after=None
[2025-01-07T11:49:18.703+0000] {processor.py:208} INFO - Processing /home/airflow/.local/lib/python3.12/site-packages/airflow/example_dags/example_xcomargs.py took 0.088 seconds
[2025-01-07T11:49:49.258+0000] {processor.py:186} INFO - Started process (PID=315) to work on /home/airflow/.local/lib/python3.12/site-packages/airflow/example_dags/example_xcomargs.py
[2025-01-07T11:49:49.259+0000] {processor.py:914} INFO - Processing file /home/airflow/.local/lib/python3.12/site-packages/airflow/example_dags/example_xcomargs.py for tasks to queue
[2025-01-07T11:49:49.261+0000] {logging_mixin.py:190} INFO - [2025-01-07T11:49:49.261+0000] {dagbag.py:588} INFO - Filling up the DagBag from /home/airflow/.local/lib/python3.12/site-packages/airflow/example_dags/example_xcomargs.py
[2025-01-07T11:49:49.271+0000] {processor.py:925} INFO - DAG(s) 'example_xcom_args', 'example_xcom_args_with_operators' retrieved from /home/airflow/.local/lib/python3.12/site-packages/airflow/example_dags/example_xcomargs.py
[2025-01-07T11:49:49.294+0000] {logging_mixin.py:190} INFO - [2025-01-07T11:49:49.294+0000] {dag.py:3239} INFO - Sync 2 DAGs
[2025-01-07T11:49:49.310+0000] {logging_mixin.py:190} INFO - [2025-01-07T11:49:49.310+0000] {dag.py:4180} INFO - Setting next_dagrun for example_xcom_args to None, run_after=None
[2025-01-07T11:49:49.314+0000] {logging_mixin.py:190} INFO - [2025-01-07T11:49:49.314+0000] {dag.py:4180} INFO - Setting next_dagrun for example_xcom_args_with_operators to None, run_after=None
[2025-01-07T11:49:49.331+0000] {processor.py:208} INFO - Processing /home/airflow/.local/lib/python3.12/site-packages/airflow/example_dags/example_xcomargs.py took 0.078 seconds
[2025-01-07T11:50:19.482+0000] {processor.py:186} INFO - Started process (PID=378) to work on /home/airflow/.local/lib/python3.12/site-packages/airflow/example_dags/example_xcomargs.py
[2025-01-07T11:50:19.484+0000] {processor.py:914} INFO - Processing file /home/airflow/.local/lib/python3.12/site-packages/airflow/example_dags/example_xcomargs.py for tasks to queue
[2025-01-07T11:50:19.488+0000] {logging_mixin.py:190} INFO - [2025-01-07T11:50:19.487+0000] {dagbag.py:588} INFO - Filling up the DagBag from /home/airflow/.local/lib/python3.12/site-packages/airflow/example_dags/example_xcomargs.py
[2025-01-07T11:50:19.499+0000] {processor.py:925} INFO - DAG(s) 'example_xcom_args_with_operators', 'example_xcom_args' retrieved from /home/airflow/.local/lib/python3.12/site-packages/airflow/example_dags/example_xcomargs.py
[2025-01-07T11:50:19.526+0000] {logging_mixin.py:190} INFO - [2025-01-07T11:50:19.526+0000] {dag.py:3239} INFO - Sync 2 DAGs
[2025-01-07T11:50:19.540+0000] {logging_mixin.py:190} INFO - [2025-01-07T11:50:19.540+0000] {dag.py:4180} INFO - Setting next_dagrun for example_xcom_args to None, run_after=None
[2025-01-07T11:50:19.544+0000] {logging_mixin.py:190} INFO - [2025-01-07T11:50:19.544+0000] {dag.py:4180} INFO - Setting next_dagrun for example_xcom_args_with_operators to None, run_after=None
[2025-01-07T11:50:19.561+0000] {processor.py:208} INFO - Processing /home/airflow/.local/lib/python3.12/site-packages/airflow/example_dags/example_xcomargs.py took 0.086 seconds
[2025-01-07T11:50:50.191+0000] {processor.py:186} INFO - Started process (PID=441) to work on /home/airflow/.local/lib/python3.12/site-packages/airflow/example_dags/example_xcomargs.py
[2025-01-07T11:50:50.192+0000] {processor.py:914} INFO - Processing file /home/airflow/.local/lib/python3.12/site-packages/airflow/example_dags/example_xcomargs.py for tasks to queue
[2025-01-07T11:50:50.195+0000] {logging_mixin.py:190} INFO - [2025-01-07T11:50:50.194+0000] {dagbag.py:588} INFO - Filling up the DagBag from /home/airflow/.local/lib/python3.12/site-packages/airflow/example_dags/example_xcomargs.py
[2025-01-07T11:50:50.205+0000] {processor.py:925} INFO - DAG(s) 'example_xcom_args_with_operators', 'example_xcom_args' retrieved from /home/airflow/.local/lib/python3.12/site-packages/airflow/example_dags/example_xcomargs.py
[2025-01-07T11:50:50.227+0000] {logging_mixin.py:190} INFO - [2025-01-07T11:50:50.227+0000] {dag.py:3239} INFO - Sync 2 DAGs
[2025-01-07T11:50:50.240+0000] {logging_mixin.py:190} INFO - [2025-01-07T11:50:50.240+0000] {dag.py:4180} INFO - Setting next_dagrun for example_xcom_args to None, run_after=None
[2025-01-07T11:50:50.245+0000] {logging_mixin.py:190} INFO - [2025-01-07T11:50:50.244+0000] {dag.py:4180} INFO - Setting next_dagrun for example_xcom_args_with_operators to None, run_after=None
[2025-01-07T11:50:50.261+0000] {processor.py:208} INFO - Processing /home/airflow/.local/lib/python3.12/site-packages/airflow/example_dags/example_xcomargs.py took 0.076 seconds
[2025-01-07T11:51:21.597+0000] {processor.py:186} INFO - Started process (PID=504) to work on /home/airflow/.local/lib/python3.12/site-packages/airflow/example_dags/example_xcomargs.py
[2025-01-07T11:51:21.597+0000] {processor.py:914} INFO - Processing file /home/airflow/.local/lib/python3.12/site-packages/airflow/example_dags/example_xcomargs.py for tasks to queue
[2025-01-07T11:51:21.600+0000] {logging_mixin.py:190} INFO - [2025-01-07T11:51:21.599+0000] {dagbag.py:588} INFO - Filling up the DagBag from /home/airflow/.local/lib/python3.12/site-packages/airflow/example_dags/example_xcomargs.py
[2025-01-07T11:51:21.612+0000] {processor.py:925} INFO - DAG(s) 'example_xcom_args_with_operators', 'example_xcom_args' retrieved from /home/airflow/.local/lib/python3.12/site-packages/airflow/example_dags/example_xcomargs.py
[2025-01-07T11:51:21.643+0000] {logging_mixin.py:190} INFO - [2025-01-07T11:51:21.643+0000] {dag.py:3239} INFO - Sync 2 DAGs
[2025-01-07T11:51:21.663+0000] {logging_mixin.py:190} INFO - [2025-01-07T11:51:21.662+0000] {dag.py:4180} INFO - Setting next_dagrun for example_xcom_args to None, run_after=None
[2025-01-07T11:51:21.667+0000] {logging_mixin.py:190} INFO - [2025-01-07T11:51:21.667+0000] {dag.py:4180} INFO - Setting next_dagrun for example_xcom_args_with_operators to None, run_after=None
[2025-01-07T11:51:21.691+0000] {processor.py:208} INFO - Processing /home/airflow/.local/lib/python3.12/site-packages/airflow/example_dags/example_xcomargs.py took 0.101 seconds
[2025-01-07T11:51:52.316+0000] {processor.py:186} INFO - Started process (PID=567) to work on /home/airflow/.local/lib/python3.12/site-packages/airflow/example_dags/example_xcomargs.py
[2025-01-07T11:51:52.317+0000] {processor.py:914} INFO - Processing file /home/airflow/.local/lib/python3.12/site-packages/airflow/example_dags/example_xcomargs.py for tasks to queue
[2025-01-07T11:51:52.320+0000] {logging_mixin.py:190} INFO - [2025-01-07T11:51:52.320+0000] {dagbag.py:588} INFO - Filling up the DagBag from /home/airflow/.local/lib/python3.12/site-packages/airflow/example_dags/example_xcomargs.py
[2025-01-07T11:51:52.330+0000] {processor.py:925} INFO - DAG(s) 'example_xcom_args_with_operators', 'example_xcom_args' retrieved from /home/airflow/.local/lib/python3.12/site-packages/airflow/example_dags/example_xcomargs.py
[2025-01-07T11:51:52.356+0000] {logging_mixin.py:190} INFO - [2025-01-07T11:51:52.355+0000] {dag.py:3239} INFO - Sync 2 DAGs
[2025-01-07T11:51:52.370+0000] {logging_mixin.py:190} INFO - [2025-01-07T11:51:52.370+0000] {dag.py:4180} INFO - Setting next_dagrun for example_xcom_args to None, run_after=None
[2025-01-07T11:51:52.374+0000] {logging_mixin.py:190} INFO - [2025-01-07T11:51:52.373+0000] {dag.py:4180} INFO - Setting next_dagrun for example_xcom_args_with_operators to None, run_after=None
[2025-01-07T11:51:52.391+0000] {processor.py:208} INFO - Processing /home/airflow/.local/lib/python3.12/site-packages/airflow/example_dags/example_xcomargs.py took 0.082 seconds
[2025-01-07T11:52:22.748+0000] {processor.py:186} INFO - Started process (PID=629) to work on /home/airflow/.local/lib/python3.12/site-packages/airflow/example_dags/example_xcomargs.py
[2025-01-07T11:52:22.749+0000] {processor.py:914} INFO - Processing file /home/airflow/.local/lib/python3.12/site-packages/airflow/example_dags/example_xcomargs.py for tasks to queue
[2025-01-07T11:52:22.752+0000] {logging_mixin.py:190} INFO - [2025-01-07T11:52:22.751+0000] {dagbag.py:588} INFO - Filling up the DagBag from /home/airflow/.local/lib/python3.12/site-packages/airflow/example_dags/example_xcomargs.py
[2025-01-07T11:52:22.761+0000] {processor.py:925} INFO - DAG(s) 'example_xcom_args', 'example_xcom_args_with_operators' retrieved from /home/airflow/.local/lib/python3.12/site-packages/airflow/example_dags/example_xcomargs.py
[2025-01-07T11:52:22.783+0000] {logging_mixin.py:190} INFO - [2025-01-07T11:52:22.783+0000] {dag.py:3239} INFO - Sync 2 DAGs
[2025-01-07T11:52:22.797+0000] {logging_mixin.py:190} INFO - [2025-01-07T11:52:22.797+0000] {dag.py:4180} INFO - Setting next_dagrun for example_xcom_args to None, run_after=None
[2025-01-07T11:52:22.801+0000] {logging_mixin.py:190} INFO - [2025-01-07T11:52:22.800+0000] {dag.py:4180} INFO - Setting next_dagrun for example_xcom_args_with_operators to None, run_after=None
[2025-01-07T11:52:22.818+0000] {processor.py:208} INFO - Processing /home/airflow/.local/lib/python3.12/site-packages/airflow/example_dags/example_xcomargs.py took 0.075 seconds
[2025-01-07T11:52:53.532+0000] {processor.py:186} INFO - Started process (PID=692) to work on /home/airflow/.local/lib/python3.12/site-packages/airflow/example_dags/example_xcomargs.py
[2025-01-07T11:52:53.533+0000] {processor.py:914} INFO - Processing file /home/airflow/.local/lib/python3.12/site-packages/airflow/example_dags/example_xcomargs.py for tasks to queue
[2025-01-07T11:52:53.536+0000] {logging_mixin.py:190} INFO - [2025-01-07T11:52:53.536+0000] {dagbag.py:588} INFO - Filling up the DagBag from /home/airflow/.local/lib/python3.12/site-packages/airflow/example_dags/example_xcomargs.py
[2025-01-07T11:52:53.545+0000] {processor.py:925} INFO - DAG(s) 'example_xcom_args', 'example_xcom_args_with_operators' retrieved from /home/airflow/.local/lib/python3.12/site-packages/airflow/example_dags/example_xcomargs.py
[2025-01-07T11:52:53.569+0000] {logging_mixin.py:190} INFO - [2025-01-07T11:52:53.569+0000] {dag.py:3239} INFO - Sync 2 DAGs
[2025-01-07T11:52:53.582+0000] {logging_mixin.py:190} INFO - [2025-01-07T11:52:53.582+0000] {dag.py:4180} INFO - Setting next_dagrun for example_xcom_args to None, run_after=None
[2025-01-07T11:52:53.586+0000] {logging_mixin.py:190} INFO - [2025-01-07T11:52:53.586+0000] {dag.py:4180} INFO - Setting next_dagrun for example_xcom_args_with_operators to None, run_after=None
[2025-01-07T11:52:53.603+0000] {processor.py:208} INFO - Processing /home/airflow/.local/lib/python3.12/site-packages/airflow/example_dags/example_xcomargs.py took 0.078 seconds
[2025-01-07T11:53:23.811+0000] {processor.py:186} INFO - Started process (PID=754) to work on /home/airflow/.local/lib/python3.12/site-packages/airflow/example_dags/example_xcomargs.py
[2025-01-07T11:53:23.812+0000] {processor.py:914} INFO - Processing file /home/airflow/.local/lib/python3.12/site-packages/airflow/example_dags/example_xcomargs.py for tasks to queue
[2025-01-07T11:53:23.814+0000] {logging_mixin.py:190} INFO - [2025-01-07T11:53:23.814+0000] {dagbag.py:588} INFO - Filling up the DagBag from /home/airflow/.local/lib/python3.12/site-packages/airflow/example_dags/example_xcomargs.py
[2025-01-07T11:53:23.824+0000] {processor.py:925} INFO - DAG(s) 'example_xcom_args', 'example_xcom_args_with_operators' retrieved from /home/airflow/.local/lib/python3.12/site-packages/airflow/example_dags/example_xcomargs.py
[2025-01-07T11:53:23.846+0000] {logging_mixin.py:190} INFO - [2025-01-07T11:53:23.846+0000] {dag.py:3239} INFO - Sync 2 DAGs
[2025-01-07T11:53:23.860+0000] {logging_mixin.py:190} INFO - [2025-01-07T11:53:23.860+0000] {dag.py:4180} INFO - Setting next_dagrun for example_xcom_args to None, run_after=None
[2025-01-07T11:53:23.863+0000] {logging_mixin.py:190} INFO - [2025-01-07T11:53:23.863+0000] {dag.py:4180} INFO - Setting next_dagrun for example_xcom_args_with_operators to None, run_after=None
[2025-01-07T11:53:23.884+0000] {processor.py:208} INFO - Processing /home/airflow/.local/lib/python3.12/site-packages/airflow/example_dags/example_xcomargs.py took 0.079 seconds
[2025-01-07T11:53:54.299+0000] {processor.py:186} INFO - Started process (PID=817) to work on /home/airflow/.local/lib/python3.12/site-packages/airflow/example_dags/example_xcomargs.py
[2025-01-07T11:53:54.300+0000] {processor.py:914} INFO - Processing file /home/airflow/.local/lib/python3.12/site-packages/airflow/example_dags/example_xcomargs.py for tasks to queue
[2025-01-07T11:53:54.303+0000] {logging_mixin.py:190} INFO - [2025-01-07T11:53:54.302+0000] {dagbag.py:588} INFO - Filling up the DagBag from /home/airflow/.local/lib/python3.12/site-packages/airflow/example_dags/example_xcomargs.py
[2025-01-07T11:53:54.312+0000] {processor.py:925} INFO - DAG(s) 'example_xcom_args_with_operators', 'example_xcom_args' retrieved from /home/airflow/.local/lib/python3.12/site-packages/airflow/example_dags/example_xcomargs.py
[2025-01-07T11:53:54.334+0000] {logging_mixin.py:190} INFO - [2025-01-07T11:53:54.333+0000] {dag.py:3239} INFO - Sync 2 DAGs
[2025-01-07T11:53:54.347+0000] {logging_mixin.py:190} INFO - [2025-01-07T11:53:54.347+0000] {dag.py:4180} INFO - Setting next_dagrun for example_xcom_args to None, run_after=None
[2025-01-07T11:53:54.351+0000] {logging_mixin.py:190} INFO - [2025-01-07T11:53:54.351+0000] {dag.py:4180} INFO - Setting next_dagrun for example_xcom_args_with_operators to None, run_after=None
[2025-01-07T11:53:54.370+0000] {processor.py:208} INFO - Processing /home/airflow/.local/lib/python3.12/site-packages/airflow/example_dags/example_xcomargs.py took 0.076 seconds
[2025-01-07T11:54:24.942+0000] {processor.py:186} INFO - Started process (PID=880) to work on /home/airflow/.local/lib/python3.12/site-packages/airflow/example_dags/example_xcomargs.py
[2025-01-07T11:54:24.943+0000] {processor.py:914} INFO - Processing file /home/airflow/.local/lib/python3.12/site-packages/airflow/example_dags/example_xcomargs.py for tasks to queue
[2025-01-07T11:54:24.946+0000] {logging_mixin.py:190} INFO - [2025-01-07T11:54:24.946+0000] {dagbag.py:588} INFO - Filling up the DagBag from /home/airflow/.local/lib/python3.12/site-packages/airflow/example_dags/example_xcomargs.py
[2025-01-07T11:54:24.955+0000] {processor.py:925} INFO - DAG(s) 'example_xcom_args', 'example_xcom_args_with_operators' retrieved from /home/airflow/.local/lib/python3.12/site-packages/airflow/example_dags/example_xcomargs.py
[2025-01-07T11:54:24.978+0000] {logging_mixin.py:190} INFO - [2025-01-07T11:54:24.977+0000] {dag.py:3239} INFO - Sync 2 DAGs
[2025-01-07T11:54:24.991+0000] {logging_mixin.py:190} INFO - [2025-01-07T11:54:24.990+0000] {dag.py:4180} INFO - Setting next_dagrun for example_xcom_args to None, run_after=None
[2025-01-07T11:54:24.994+0000] {logging_mixin.py:190} INFO - [2025-01-07T11:54:24.994+0000] {dag.py:4180} INFO - Setting next_dagrun for example_xcom_args_with_operators to None, run_after=None
[2025-01-07T11:54:25.012+0000] {processor.py:208} INFO - Processing /home/airflow/.local/lib/python3.12/site-packages/airflow/example_dags/example_xcomargs.py took 0.075 seconds
[2025-01-07T11:54:55.324+0000] {processor.py:186} INFO - Started process (PID=943) to work on /home/airflow/.local/lib/python3.12/site-packages/airflow/example_dags/example_xcomargs.py
[2025-01-07T11:54:55.325+0000] {processor.py:914} INFO - Processing file /home/airflow/.local/lib/python3.12/site-packages/airflow/example_dags/example_xcomargs.py for tasks to queue
[2025-01-07T11:54:55.327+0000] {logging_mixin.py:190} INFO - [2025-01-07T11:54:55.327+0000] {dagbag.py:588} INFO - Filling up the DagBag from /home/airflow/.local/lib/python3.12/site-packages/airflow/example_dags/example_xcomargs.py
[2025-01-07T11:54:55.337+0000] {processor.py:925} INFO - DAG(s) 'example_xcom_args', 'example_xcom_args_with_operators' retrieved from /home/airflow/.local/lib/python3.12/site-packages/airflow/example_dags/example_xcomargs.py
[2025-01-07T11:54:55.357+0000] {logging_mixin.py:190} INFO - [2025-01-07T11:54:55.357+0000] {dag.py:3239} INFO - Sync 2 DAGs
[2025-01-07T11:54:55.370+0000] {logging_mixin.py:190} INFO - [2025-01-07T11:54:55.370+0000] {dag.py:4180} INFO - Setting next_dagrun for example_xcom_args to None, run_after=None
[2025-01-07T11:54:55.374+0000] {logging_mixin.py:190} INFO - [2025-01-07T11:54:55.374+0000] {dag.py:4180} INFO - Setting next_dagrun for example_xcom_args_with_operators to None, run_after=None
[2025-01-07T11:54:55.390+0000] {processor.py:208} INFO - Processing /home/airflow/.local/lib/python3.12/site-packages/airflow/example_dags/example_xcomargs.py took 0.072 seconds
[2025-01-07T11:55:26.151+0000] {processor.py:186} INFO - Started process (PID=1006) to work on /home/airflow/.local/lib/python3.12/site-packages/airflow/example_dags/example_xcomargs.py
[2025-01-07T11:55:26.152+0000] {processor.py:914} INFO - Processing file /home/airflow/.local/lib/python3.12/site-packages/airflow/example_dags/example_xcomargs.py for tasks to queue
[2025-01-07T11:55:26.155+0000] {logging_mixin.py:190} INFO - [2025-01-07T11:55:26.155+0000] {dagbag.py:588} INFO - Filling up the DagBag from /home/airflow/.local/lib/python3.12/site-packages/airflow/example_dags/example_xcomargs.py
[2025-01-07T11:55:26.166+0000] {processor.py:925} INFO - DAG(s) 'example_xcom_args', 'example_xcom_args_with_operators' retrieved from /home/airflow/.local/lib/python3.12/site-packages/airflow/example_dags/example_xcomargs.py
[2025-01-07T11:55:26.193+0000] {logging_mixin.py:190} INFO - [2025-01-07T11:55:26.192+0000] {dag.py:3239} INFO - Sync 2 DAGs
[2025-01-07T11:55:26.207+0000] {logging_mixin.py:190} INFO - [2025-01-07T11:55:26.207+0000] {dag.py:4180} INFO - Setting next_dagrun for example_xcom_args to None, run_after=None
[2025-01-07T11:55:26.211+0000] {logging_mixin.py:190} INFO - [2025-01-07T11:55:26.211+0000] {dag.py:4180} INFO - Setting next_dagrun for example_xcom_args_with_operators to None, run_after=None
[2025-01-07T11:55:26.229+0000] {processor.py:208} INFO - Processing /home/airflow/.local/lib/python3.12/site-packages/airflow/example_dags/example_xcomargs.py took 0.085 seconds
[2025-01-07T11:55:56.490+0000] {processor.py:186} INFO - Started process (PID=1069) to work on /home/airflow/.local/lib/python3.12/site-packages/airflow/example_dags/example_xcomargs.py
[2025-01-07T11:55:56.491+0000] {processor.py:914} INFO - Processing file /home/airflow/.local/lib/python3.12/site-packages/airflow/example_dags/example_xcomargs.py for tasks to queue
[2025-01-07T11:55:56.493+0000] {logging_mixin.py:190} INFO - [2025-01-07T11:55:56.493+0000] {dagbag.py:588} INFO - Filling up the DagBag from /home/airflow/.local/lib/python3.12/site-packages/airflow/example_dags/example_xcomargs.py
[2025-01-07T11:55:56.503+0000] {processor.py:925} INFO - DAG(s) 'example_xcom_args', 'example_xcom_args_with_operators' retrieved from /home/airflow/.local/lib/python3.12/site-packages/airflow/example_dags/example_xcomargs.py
[2025-01-07T11:55:56.528+0000] {logging_mixin.py:190} INFO - [2025-01-07T11:55:56.528+0000] {dag.py:3239} INFO - Sync 2 DAGs
[2025-01-07T11:55:56.547+0000] {logging_mixin.py:190} INFO - [2025-01-07T11:55:56.547+0000] {dag.py:4180} INFO - Setting next_dagrun for example_xcom_args to None, run_after=None
[2025-01-07T11:55:56.552+0000] {logging_mixin.py:190} INFO - [2025-01-07T11:55:56.552+0000] {dag.py:4180} INFO - Setting next_dagrun for example_xcom_args_with_operators to None, run_after=None
[2025-01-07T11:55:56.571+0000] {processor.py:208} INFO - Processing /home/airflow/.local/lib/python3.12/site-packages/airflow/example_dags/example_xcomargs.py took 0.088 seconds
[2025-01-07T11:56:27.382+0000] {processor.py:186} INFO - Started process (PID=1132) to work on /home/airflow/.local/lib/python3.12/site-packages/airflow/example_dags/example_xcomargs.py
[2025-01-07T11:56:27.384+0000] {processor.py:914} INFO - Processing file /home/airflow/.local/lib/python3.12/site-packages/airflow/example_dags/example_xcomargs.py for tasks to queue
[2025-01-07T11:56:27.387+0000] {logging_mixin.py:190} INFO - [2025-01-07T11:56:27.387+0000] {dagbag.py:588} INFO - Filling up the DagBag from /home/airflow/.local/lib/python3.12/site-packages/airflow/example_dags/example_xcomargs.py
[2025-01-07T11:56:27.402+0000] {processor.py:925} INFO - DAG(s) 'example_xcom_args', 'example_xcom_args_with_operators' retrieved from /home/airflow/.local/lib/python3.12/site-packages/airflow/example_dags/example_xcomargs.py
[2025-01-07T11:56:27.440+0000] {logging_mixin.py:190} INFO - [2025-01-07T11:56:27.440+0000] {dag.py:3239} INFO - Sync 2 DAGs
[2025-01-07T11:56:27.460+0000] {logging_mixin.py:190} INFO - [2025-01-07T11:56:27.460+0000] {dag.py:4180} INFO - Setting next_dagrun for example_xcom_args to None, run_after=None
[2025-01-07T11:56:27.468+0000] {logging_mixin.py:190} INFO - [2025-01-07T11:56:27.467+0000] {dag.py:4180} INFO - Setting next_dagrun for example_xcom_args_with_operators to None, run_after=None
[2025-01-07T11:56:27.489+0000] {processor.py:208} INFO - Processing /home/airflow/.local/lib/python3.12/site-packages/airflow/example_dags/example_xcomargs.py took 0.117 seconds
[2025-01-07T11:56:57.696+0000] {processor.py:186} INFO - Started process (PID=1195) to work on /home/airflow/.local/lib/python3.12/site-packages/airflow/example_dags/example_xcomargs.py
[2025-01-07T11:56:57.697+0000] {processor.py:914} INFO - Processing file /home/airflow/.local/lib/python3.12/site-packages/airflow/example_dags/example_xcomargs.py for tasks to queue
[2025-01-07T11:56:57.701+0000] {logging_mixin.py:190} INFO - [2025-01-07T11:56:57.701+0000] {dagbag.py:588} INFO - Filling up the DagBag from /home/airflow/.local/lib/python3.12/site-packages/airflow/example_dags/example_xcomargs.py
[2025-01-07T11:56:57.716+0000] {processor.py:925} INFO - DAG(s) 'example_xcom_args_with_operators', 'example_xcom_args' retrieved from /home/airflow/.local/lib/python3.12/site-packages/airflow/example_dags/example_xcomargs.py
[2025-01-07T11:56:57.749+0000] {logging_mixin.py:190} INFO - [2025-01-07T11:56:57.749+0000] {dag.py:3239} INFO - Sync 2 DAGs
[2025-01-07T11:56:57.771+0000] {logging_mixin.py:190} INFO - [2025-01-07T11:56:57.770+0000] {dag.py:4180} INFO - Setting next_dagrun for example_xcom_args to None, run_after=None
[2025-01-07T11:56:57.776+0000] {logging_mixin.py:190} INFO - [2025-01-07T11:56:57.775+0000] {dag.py:4180} INFO - Setting next_dagrun for example_xcom_args_with_operators to None, run_after=None
[2025-01-07T11:56:57.801+0000] {processor.py:208} INFO - Processing /home/airflow/.local/lib/python3.12/site-packages/airflow/example_dags/example_xcomargs.py took 0.114 seconds
[2025-01-07T11:57:28.031+0000] {processor.py:186} INFO - Started process (PID=1258) to work on /home/airflow/.local/lib/python3.12/site-packages/airflow/example_dags/example_xcomargs.py
[2025-01-07T11:57:28.032+0000] {processor.py:914} INFO - Processing file /home/airflow/.local/lib/python3.12/site-packages/airflow/example_dags/example_xcomargs.py for tasks to queue
[2025-01-07T11:57:28.034+0000] {logging_mixin.py:190} INFO - [2025-01-07T11:57:28.033+0000] {dagbag.py:588} INFO - Filling up the DagBag from /home/airflow/.local/lib/python3.12/site-packages/airflow/example_dags/example_xcomargs.py
[2025-01-07T11:57:28.043+0000] {processor.py:925} INFO - DAG(s) 'example_xcom_args_with_operators', 'example_xcom_args' retrieved from /home/airflow/.local/lib/python3.12/site-packages/airflow/example_dags/example_xcomargs.py
[2025-01-07T11:57:28.063+0000] {logging_mixin.py:190} INFO - [2025-01-07T11:57:28.063+0000] {dag.py:3239} INFO - Sync 2 DAGs
[2025-01-07T11:57:28.078+0000] {logging_mixin.py:190} INFO - [2025-01-07T11:57:28.078+0000] {dag.py:4180} INFO - Setting next_dagrun for example_xcom_args to None, run_after=None
[2025-01-07T11:57:28.083+0000] {logging_mixin.py:190} INFO - [2025-01-07T11:57:28.083+0000] {dag.py:4180} INFO - Setting next_dagrun for example_xcom_args_with_operators to None, run_after=None
[2025-01-07T11:57:28.101+0000] {processor.py:208} INFO - Processing /home/airflow/.local/lib/python3.12/site-packages/airflow/example_dags/example_xcomargs.py took 0.077 seconds
[2025-01-07T11:57:58.408+0000] {processor.py:186} INFO - Started process (PID=1328) to work on /home/airflow/.local/lib/python3.12/site-packages/airflow/example_dags/example_xcomargs.py
[2025-01-07T11:57:58.409+0000] {processor.py:914} INFO - Processing file /home/airflow/.local/lib/python3.12/site-packages/airflow/example_dags/example_xcomargs.py for tasks to queue
[2025-01-07T11:57:58.412+0000] {logging_mixin.py:190} INFO - [2025-01-07T11:57:58.411+0000] {dagbag.py:588} INFO - Filling up the DagBag from /home/airflow/.local/lib/python3.12/site-packages/airflow/example_dags/example_xcomargs.py
[2025-01-07T11:57:58.426+0000] {processor.py:925} INFO - DAG(s) 'example_xcom_args_with_operators', 'example_xcom_args' retrieved from /home/airflow/.local/lib/python3.12/site-packages/airflow/example_dags/example_xcomargs.py
[2025-01-07T11:57:58.461+0000] {logging_mixin.py:190} INFO - [2025-01-07T11:57:58.461+0000] {dag.py:3239} INFO - Sync 2 DAGs
[2025-01-07T11:57:58.493+0000] {logging_mixin.py:190} INFO - [2025-01-07T11:57:58.493+0000] {dag.py:4180} INFO - Setting next_dagrun for example_xcom_args to None, run_after=None
[2025-01-07T11:57:58.499+0000] {logging_mixin.py:190} INFO - [2025-01-07T11:57:58.498+0000] {dag.py:4180} INFO - Setting next_dagrun for example_xcom_args_with_operators to None, run_after=None
[2025-01-07T11:57:58.524+0000] {processor.py:208} INFO - Processing /home/airflow/.local/lib/python3.12/site-packages/airflow/example_dags/example_xcomargs.py took 0.125 seconds
[2025-01-07T11:58:29.080+0000] {processor.py:186} INFO - Started process (PID=1391) to work on /home/airflow/.local/lib/python3.12/site-packages/airflow/example_dags/example_xcomargs.py
[2025-01-07T11:58:29.081+0000] {processor.py:914} INFO - Processing file /home/airflow/.local/lib/python3.12/site-packages/airflow/example_dags/example_xcomargs.py for tasks to queue
[2025-01-07T11:58:29.084+0000] {logging_mixin.py:190} INFO - [2025-01-07T11:58:29.084+0000] {dagbag.py:588} INFO - Filling up the DagBag from /home/airflow/.local/lib/python3.12/site-packages/airflow/example_dags/example_xcomargs.py
[2025-01-07T11:58:29.100+0000] {processor.py:925} INFO - DAG(s) 'example_xcom_args', 'example_xcom_args_with_operators' retrieved from /home/airflow/.local/lib/python3.12/site-packages/airflow/example_dags/example_xcomargs.py
[2025-01-07T11:58:29.123+0000] {logging_mixin.py:190} INFO - [2025-01-07T11:58:29.123+0000] {dag.py:3239} INFO - Sync 2 DAGs
[2025-01-07T11:58:29.143+0000] {logging_mixin.py:190} INFO - [2025-01-07T11:58:29.143+0000] {dag.py:4180} INFO - Setting next_dagrun for example_xcom_args to None, run_after=None
[2025-01-07T11:58:29.149+0000] {logging_mixin.py:190} INFO - [2025-01-07T11:58:29.149+0000] {dag.py:4180} INFO - Setting next_dagrun for example_xcom_args_with_operators to None, run_after=None
[2025-01-07T11:58:29.170+0000] {processor.py:208} INFO - Processing /home/airflow/.local/lib/python3.12/site-packages/airflow/example_dags/example_xcomargs.py took 0.096 seconds
[2025-01-07T11:58:59.498+0000] {processor.py:186} INFO - Started process (PID=1454) to work on /home/airflow/.local/lib/python3.12/site-packages/airflow/example_dags/example_xcomargs.py
[2025-01-07T11:58:59.499+0000] {processor.py:914} INFO - Processing file /home/airflow/.local/lib/python3.12/site-packages/airflow/example_dags/example_xcomargs.py for tasks to queue
[2025-01-07T11:58:59.503+0000] {logging_mixin.py:190} INFO - [2025-01-07T11:58:59.502+0000] {dagbag.py:588} INFO - Filling up the DagBag from /home/airflow/.local/lib/python3.12/site-packages/airflow/example_dags/example_xcomargs.py
[2025-01-07T11:58:59.517+0000] {processor.py:925} INFO - DAG(s) 'example_xcom_args', 'example_xcom_args_with_operators' retrieved from /home/airflow/.local/lib/python3.12/site-packages/airflow/example_dags/example_xcomargs.py
[2025-01-07T11:58:59.545+0000] {logging_mixin.py:190} INFO - [2025-01-07T11:58:59.545+0000] {dag.py:3239} INFO - Sync 2 DAGs
[2025-01-07T11:58:59.561+0000] {logging_mixin.py:190} INFO - [2025-01-07T11:58:59.561+0000] {dag.py:4180} INFO - Setting next_dagrun for example_xcom_args to None, run_after=None
[2025-01-07T11:58:59.566+0000] {logging_mixin.py:190} INFO - [2025-01-07T11:58:59.566+0000] {dag.py:4180} INFO - Setting next_dagrun for example_xcom_args_with_operators to None, run_after=None
[2025-01-07T11:58:59.593+0000] {processor.py:208} INFO - Processing /home/airflow/.local/lib/python3.12/site-packages/airflow/example_dags/example_xcomargs.py took 0.102 seconds
[2025-01-07T11:59:29.927+0000] {processor.py:186} INFO - Started process (PID=1516) to work on /home/airflow/.local/lib/python3.12/site-packages/airflow/example_dags/example_xcomargs.py
[2025-01-07T11:59:29.928+0000] {processor.py:914} INFO - Processing file /home/airflow/.local/lib/python3.12/site-packages/airflow/example_dags/example_xcomargs.py for tasks to queue
[2025-01-07T11:59:29.930+0000] {logging_mixin.py:190} INFO - [2025-01-07T11:59:29.930+0000] {dagbag.py:588} INFO - Filling up the DagBag from /home/airflow/.local/lib/python3.12/site-packages/airflow/example_dags/example_xcomargs.py
[2025-01-07T11:59:29.940+0000] {processor.py:925} INFO - DAG(s) 'example_xcom_args_with_operators', 'example_xcom_args' retrieved from /home/airflow/.local/lib/python3.12/site-packages/airflow/example_dags/example_xcomargs.py
[2025-01-07T11:59:29.969+0000] {logging_mixin.py:190} INFO - [2025-01-07T11:59:29.968+0000] {dag.py:3239} INFO - Sync 2 DAGs
[2025-01-07T11:59:29.986+0000] {logging_mixin.py:190} INFO - [2025-01-07T11:59:29.985+0000] {dag.py:4180} INFO - Setting next_dagrun for example_xcom_args to None, run_after=None
[2025-01-07T11:59:29.990+0000] {logging_mixin.py:190} INFO - [2025-01-07T11:59:29.990+0000] {dag.py:4180} INFO - Setting next_dagrun for example_xcom_args_with_operators to None, run_after=None
[2025-01-07T11:59:30.014+0000] {processor.py:208} INFO - Processing /home/airflow/.local/lib/python3.12/site-packages/airflow/example_dags/example_xcomargs.py took 0.092 seconds
[2025-01-07T12:00:00.712+0000] {processor.py:186} INFO - Started process (PID=1579) to work on /home/airflow/.local/lib/python3.12/site-packages/airflow/example_dags/example_xcomargs.py
[2025-01-07T12:00:00.714+0000] {processor.py:914} INFO - Processing file /home/airflow/.local/lib/python3.12/site-packages/airflow/example_dags/example_xcomargs.py for tasks to queue
[2025-01-07T12:00:00.717+0000] {logging_mixin.py:190} INFO - [2025-01-07T12:00:00.716+0000] {dagbag.py:588} INFO - Filling up the DagBag from /home/airflow/.local/lib/python3.12/site-packages/airflow/example_dags/example_xcomargs.py
[2025-01-07T12:00:00.730+0000] {processor.py:925} INFO - DAG(s) 'example_xcom_args', 'example_xcom_args_with_operators' retrieved from /home/airflow/.local/lib/python3.12/site-packages/airflow/example_dags/example_xcomargs.py
[2025-01-07T12:00:00.754+0000] {logging_mixin.py:190} INFO - [2025-01-07T12:00:00.754+0000] {dag.py:3239} INFO - Sync 2 DAGs
[2025-01-07T12:00:00.770+0000] {logging_mixin.py:190} INFO - [2025-01-07T12:00:00.770+0000] {dag.py:4180} INFO - Setting next_dagrun for example_xcom_args to None, run_after=None
[2025-01-07T12:00:00.775+0000] {logging_mixin.py:190} INFO - [2025-01-07T12:00:00.774+0000] {dag.py:4180} INFO - Setting next_dagrun for example_xcom_args_with_operators to None, run_after=None
[2025-01-07T12:00:00.793+0000] {processor.py:208} INFO - Processing /home/airflow/.local/lib/python3.12/site-packages/airflow/example_dags/example_xcomargs.py took 0.091 seconds
[2025-01-07T12:00:31.177+0000] {processor.py:186} INFO - Started process (PID=1642) to work on /home/airflow/.local/lib/python3.12/site-packages/airflow/example_dags/example_xcomargs.py
[2025-01-07T12:00:31.178+0000] {processor.py:914} INFO - Processing file /home/airflow/.local/lib/python3.12/site-packages/airflow/example_dags/example_xcomargs.py for tasks to queue
[2025-01-07T12:00:31.180+0000] {logging_mixin.py:190} INFO - [2025-01-07T12:00:31.180+0000] {dagbag.py:588} INFO - Filling up the DagBag from /home/airflow/.local/lib/python3.12/site-packages/airflow/example_dags/example_xcomargs.py
[2025-01-07T12:00:31.190+0000] {processor.py:925} INFO - DAG(s) 'example_xcom_args', 'example_xcom_args_with_operators' retrieved from /home/airflow/.local/lib/python3.12/site-packages/airflow/example_dags/example_xcomargs.py
[2025-01-07T12:00:31.212+0000] {logging_mixin.py:190} INFO - [2025-01-07T12:00:31.212+0000] {dag.py:3239} INFO - Sync 2 DAGs
[2025-01-07T12:00:31.227+0000] {logging_mixin.py:190} INFO - [2025-01-07T12:00:31.227+0000] {dag.py:4180} INFO - Setting next_dagrun for example_xcom_args to None, run_after=None
[2025-01-07T12:00:31.231+0000] {logging_mixin.py:190} INFO - [2025-01-07T12:00:31.231+0000] {dag.py:4180} INFO - Setting next_dagrun for example_xcom_args_with_operators to None, run_after=None
[2025-01-07T12:00:31.247+0000] {processor.py:208} INFO - Processing /home/airflow/.local/lib/python3.12/site-packages/airflow/example_dags/example_xcomargs.py took 0.076 seconds
[2025-01-07T12:01:01.359+0000] {processor.py:186} INFO - Started process (PID=1705) to work on /home/airflow/.local/lib/python3.12/site-packages/airflow/example_dags/example_xcomargs.py
[2025-01-07T12:01:01.359+0000] {processor.py:914} INFO - Processing file /home/airflow/.local/lib/python3.12/site-packages/airflow/example_dags/example_xcomargs.py for tasks to queue
[2025-01-07T12:01:01.362+0000] {logging_mixin.py:190} INFO - [2025-01-07T12:01:01.361+0000] {dagbag.py:588} INFO - Filling up the DagBag from /home/airflow/.local/lib/python3.12/site-packages/airflow/example_dags/example_xcomargs.py
[2025-01-07T12:01:01.373+0000] {processor.py:925} INFO - DAG(s) 'example_xcom_args_with_operators', 'example_xcom_args' retrieved from /home/airflow/.local/lib/python3.12/site-packages/airflow/example_dags/example_xcomargs.py
[2025-01-07T12:01:01.396+0000] {logging_mixin.py:190} INFO - [2025-01-07T12:01:01.396+0000] {dag.py:3239} INFO - Sync 2 DAGs
[2025-01-07T12:01:01.411+0000] {logging_mixin.py:190} INFO - [2025-01-07T12:01:01.411+0000] {dag.py:4180} INFO - Setting next_dagrun for example_xcom_args to None, run_after=None
[2025-01-07T12:01:01.415+0000] {logging_mixin.py:190} INFO - [2025-01-07T12:01:01.415+0000] {dag.py:4180} INFO - Setting next_dagrun for example_xcom_args_with_operators to None, run_after=None
[2025-01-07T12:01:01.435+0000] {processor.py:208} INFO - Processing /home/airflow/.local/lib/python3.12/site-packages/airflow/example_dags/example_xcomargs.py took 0.082 seconds
[2025-01-07T12:01:31.625+0000] {processor.py:186} INFO - Started process (PID=1768) to work on /home/airflow/.local/lib/python3.12/site-packages/airflow/example_dags/example_xcomargs.py
[2025-01-07T12:01:31.626+0000] {processor.py:914} INFO - Processing file /home/airflow/.local/lib/python3.12/site-packages/airflow/example_dags/example_xcomargs.py for tasks to queue
[2025-01-07T12:01:31.629+0000] {logging_mixin.py:190} INFO - [2025-01-07T12:01:31.629+0000] {dagbag.py:588} INFO - Filling up the DagBag from /home/airflow/.local/lib/python3.12/site-packages/airflow/example_dags/example_xcomargs.py
[2025-01-07T12:01:31.641+0000] {processor.py:925} INFO - DAG(s) 'example_xcom_args_with_operators', 'example_xcom_args' retrieved from /home/airflow/.local/lib/python3.12/site-packages/airflow/example_dags/example_xcomargs.py
[2025-01-07T12:01:31.667+0000] {logging_mixin.py:190} INFO - [2025-01-07T12:01:31.667+0000] {dag.py:3239} INFO - Sync 2 DAGs
[2025-01-07T12:01:31.686+0000] {logging_mixin.py:190} INFO - [2025-01-07T12:01:31.685+0000] {dag.py:4180} INFO - Setting next_dagrun for example_xcom_args to None, run_after=None
[2025-01-07T12:01:31.692+0000] {logging_mixin.py:190} INFO - [2025-01-07T12:01:31.692+0000] {dag.py:4180} INFO - Setting next_dagrun for example_xcom_args_with_operators to None, run_after=None
[2025-01-07T12:01:31.715+0000] {processor.py:208} INFO - Processing /home/airflow/.local/lib/python3.12/site-packages/airflow/example_dags/example_xcomargs.py took 0.097 seconds
[2025-01-07T12:02:02.131+0000] {processor.py:186} INFO - Started process (PID=1831) to work on /home/airflow/.local/lib/python3.12/site-packages/airflow/example_dags/example_xcomargs.py
[2025-01-07T12:02:02.133+0000] {processor.py:914} INFO - Processing file /home/airflow/.local/lib/python3.12/site-packages/airflow/example_dags/example_xcomargs.py for tasks to queue
[2025-01-07T12:02:02.136+0000] {logging_mixin.py:190} INFO - [2025-01-07T12:02:02.136+0000] {dagbag.py:588} INFO - Filling up the DagBag from /home/airflow/.local/lib/python3.12/site-packages/airflow/example_dags/example_xcomargs.py
[2025-01-07T12:02:02.155+0000] {processor.py:925} INFO - DAG(s) 'example_xcom_args', 'example_xcom_args_with_operators' retrieved from /home/airflow/.local/lib/python3.12/site-packages/airflow/example_dags/example_xcomargs.py
[2025-01-07T12:02:02.190+0000] {logging_mixin.py:190} INFO - [2025-01-07T12:02:02.190+0000] {dag.py:3239} INFO - Sync 2 DAGs
[2025-01-07T12:02:02.207+0000] {logging_mixin.py:190} INFO - [2025-01-07T12:02:02.207+0000] {dag.py:4180} INFO - Setting next_dagrun for example_xcom_args to None, run_after=None
[2025-01-07T12:02:02.213+0000] {logging_mixin.py:190} INFO - [2025-01-07T12:02:02.213+0000] {dag.py:4180} INFO - Setting next_dagrun for example_xcom_args_with_operators to None, run_after=None
[2025-01-07T12:02:02.238+0000] {processor.py:208} INFO - Processing /home/airflow/.local/lib/python3.12/site-packages/airflow/example_dags/example_xcomargs.py took 0.115 seconds
[2025-01-07T12:02:32.452+0000] {processor.py:186} INFO - Started process (PID=1894) to work on /home/airflow/.local/lib/python3.12/site-packages/airflow/example_dags/example_xcomargs.py
[2025-01-07T12:02:32.453+0000] {processor.py:914} INFO - Processing file /home/airflow/.local/lib/python3.12/site-packages/airflow/example_dags/example_xcomargs.py for tasks to queue
[2025-01-07T12:02:32.456+0000] {logging_mixin.py:190} INFO - [2025-01-07T12:02:32.455+0000] {dagbag.py:588} INFO - Filling up the DagBag from /home/airflow/.local/lib/python3.12/site-packages/airflow/example_dags/example_xcomargs.py
[2025-01-07T12:02:32.468+0000] {processor.py:925} INFO - DAG(s) 'example_xcom_args_with_operators', 'example_xcom_args' retrieved from /home/airflow/.local/lib/python3.12/site-packages/airflow/example_dags/example_xcomargs.py
[2025-01-07T12:02:32.495+0000] {logging_mixin.py:190} INFO - [2025-01-07T12:02:32.495+0000] {dag.py:3239} INFO - Sync 2 DAGs
[2025-01-07T12:02:32.510+0000] {logging_mixin.py:190} INFO - [2025-01-07T12:02:32.510+0000] {dag.py:4180} INFO - Setting next_dagrun for example_xcom_args to None, run_after=None
[2025-01-07T12:02:32.514+0000] {logging_mixin.py:190} INFO - [2025-01-07T12:02:32.514+0000] {dag.py:4180} INFO - Setting next_dagrun for example_xcom_args_with_operators to None, run_after=None
[2025-01-07T12:02:32.646+0000] {processor.py:208} INFO - Processing /home/airflow/.local/lib/python3.12/site-packages/airflow/example_dags/example_xcomargs.py took 0.203 seconds
[2025-01-07T12:03:03.005+0000] {processor.py:186} INFO - Started process (PID=1957) to work on /home/airflow/.local/lib/python3.12/site-packages/airflow/example_dags/example_xcomargs.py
[2025-01-07T12:03:03.006+0000] {processor.py:914} INFO - Processing file /home/airflow/.local/lib/python3.12/site-packages/airflow/example_dags/example_xcomargs.py for tasks to queue
[2025-01-07T12:03:03.009+0000] {logging_mixin.py:190} INFO - [2025-01-07T12:03:03.009+0000] {dagbag.py:588} INFO - Filling up the DagBag from /home/airflow/.local/lib/python3.12/site-packages/airflow/example_dags/example_xcomargs.py
[2025-01-07T12:03:03.020+0000] {processor.py:925} INFO - DAG(s) 'example_xcom_args', 'example_xcom_args_with_operators' retrieved from /home/airflow/.local/lib/python3.12/site-packages/airflow/example_dags/example_xcomargs.py
[2025-01-07T12:03:03.047+0000] {logging_mixin.py:190} INFO - [2025-01-07T12:03:03.046+0000] {dag.py:3239} INFO - Sync 2 DAGs
[2025-01-07T12:03:03.066+0000] {logging_mixin.py:190} INFO - [2025-01-07T12:03:03.065+0000] {dag.py:4180} INFO - Setting next_dagrun for example_xcom_args to None, run_after=None
[2025-01-07T12:03:03.071+0000] {logging_mixin.py:190} INFO - [2025-01-07T12:03:03.071+0000] {dag.py:4180} INFO - Setting next_dagrun for example_xcom_args_with_operators to None, run_after=None
[2025-01-07T12:03:03.092+0000] {processor.py:208} INFO - Processing /home/airflow/.local/lib/python3.12/site-packages/airflow/example_dags/example_xcomargs.py took 0.095 seconds
[2025-01-07T12:03:33.370+0000] {processor.py:186} INFO - Started process (PID=2020) to work on /home/airflow/.local/lib/python3.12/site-packages/airflow/example_dags/example_xcomargs.py
[2025-01-07T12:03:33.371+0000] {processor.py:914} INFO - Processing file /home/airflow/.local/lib/python3.12/site-packages/airflow/example_dags/example_xcomargs.py for tasks to queue
[2025-01-07T12:03:33.374+0000] {logging_mixin.py:190} INFO - [2025-01-07T12:03:33.373+0000] {dagbag.py:588} INFO - Filling up the DagBag from /home/airflow/.local/lib/python3.12/site-packages/airflow/example_dags/example_xcomargs.py
[2025-01-07T12:03:33.386+0000] {processor.py:925} INFO - DAG(s) 'example_xcom_args', 'example_xcom_args_with_operators' retrieved from /home/airflow/.local/lib/python3.12/site-packages/airflow/example_dags/example_xcomargs.py
[2025-01-07T12:03:33.411+0000] {logging_mixin.py:190} INFO - [2025-01-07T12:03:33.411+0000] {dag.py:3239} INFO - Sync 2 DAGs
[2025-01-07T12:03:33.427+0000] {logging_mixin.py:190} INFO - [2025-01-07T12:03:33.426+0000] {dag.py:4180} INFO - Setting next_dagrun for example_xcom_args to None, run_after=None
[2025-01-07T12:03:33.432+0000] {logging_mixin.py:190} INFO - [2025-01-07T12:03:33.431+0000] {dag.py:4180} INFO - Setting next_dagrun for example_xcom_args_with_operators to None, run_after=None
[2025-01-07T12:03:33.452+0000] {processor.py:208} INFO - Processing /home/airflow/.local/lib/python3.12/site-packages/airflow/example_dags/example_xcomargs.py took 0.088 seconds
[2025-01-07T12:04:03.796+0000] {processor.py:186} INFO - Started process (PID=2083) to work on /home/airflow/.local/lib/python3.12/site-packages/airflow/example_dags/example_xcomargs.py
[2025-01-07T12:04:03.797+0000] {processor.py:914} INFO - Processing file /home/airflow/.local/lib/python3.12/site-packages/airflow/example_dags/example_xcomargs.py for tasks to queue
[2025-01-07T12:04:03.799+0000] {logging_mixin.py:190} INFO - [2025-01-07T12:04:03.799+0000] {dagbag.py:588} INFO - Filling up the DagBag from /home/airflow/.local/lib/python3.12/site-packages/airflow/example_dags/example_xcomargs.py
[2025-01-07T12:04:03.810+0000] {processor.py:925} INFO - DAG(s) 'example_xcom_args_with_operators', 'example_xcom_args' retrieved from /home/airflow/.local/lib/python3.12/site-packages/airflow/example_dags/example_xcomargs.py
[2025-01-07T12:04:03.837+0000] {logging_mixin.py:190} INFO - [2025-01-07T12:04:03.837+0000] {dag.py:3239} INFO - Sync 2 DAGs
[2025-01-07T12:04:03.854+0000] {logging_mixin.py:190} INFO - [2025-01-07T12:04:03.853+0000] {dag.py:4180} INFO - Setting next_dagrun for example_xcom_args to None, run_after=None
[2025-01-07T12:04:03.858+0000] {logging_mixin.py:190} INFO - [2025-01-07T12:04:03.858+0000] {dag.py:4180} INFO - Setting next_dagrun for example_xcom_args_with_operators to None, run_after=None
[2025-01-07T12:04:03.877+0000] {processor.py:208} INFO - Processing /home/airflow/.local/lib/python3.12/site-packages/airflow/example_dags/example_xcomargs.py took 0.086 seconds
[2025-01-07T12:04:34.004+0000] {processor.py:186} INFO - Started process (PID=2146) to work on /home/airflow/.local/lib/python3.12/site-packages/airflow/example_dags/example_xcomargs.py
[2025-01-07T12:04:34.005+0000] {processor.py:914} INFO - Processing file /home/airflow/.local/lib/python3.12/site-packages/airflow/example_dags/example_xcomargs.py for tasks to queue
[2025-01-07T12:04:34.007+0000] {logging_mixin.py:190} INFO - [2025-01-07T12:04:34.007+0000] {dagbag.py:588} INFO - Filling up the DagBag from /home/airflow/.local/lib/python3.12/site-packages/airflow/example_dags/example_xcomargs.py
[2025-01-07T12:04:34.018+0000] {processor.py:925} INFO - DAG(s) 'example_xcom_args', 'example_xcom_args_with_operators' retrieved from /home/airflow/.local/lib/python3.12/site-packages/airflow/example_dags/example_xcomargs.py
[2025-01-07T12:04:34.043+0000] {logging_mixin.py:190} INFO - [2025-01-07T12:04:34.043+0000] {dag.py:3239} INFO - Sync 2 DAGs
[2025-01-07T12:04:34.057+0000] {logging_mixin.py:190} INFO - [2025-01-07T12:04:34.057+0000] {dag.py:4180} INFO - Setting next_dagrun for example_xcom_args to None, run_after=None
[2025-01-07T12:04:34.062+0000] {logging_mixin.py:190} INFO - [2025-01-07T12:04:34.061+0000] {dag.py:4180} INFO - Setting next_dagrun for example_xcom_args_with_operators to None, run_after=None
[2025-01-07T12:04:34.079+0000] {processor.py:208} INFO - Processing /home/airflow/.local/lib/python3.12/site-packages/airflow/example_dags/example_xcomargs.py took 0.081 seconds
[2025-01-07T12:05:04.421+0000] {processor.py:186} INFO - Started process (PID=2209) to work on /home/airflow/.local/lib/python3.12/site-packages/airflow/example_dags/example_xcomargs.py
[2025-01-07T12:05:04.422+0000] {processor.py:914} INFO - Processing file /home/airflow/.local/lib/python3.12/site-packages/airflow/example_dags/example_xcomargs.py for tasks to queue
[2025-01-07T12:05:04.426+0000] {logging_mixin.py:190} INFO - [2025-01-07T12:05:04.425+0000] {dagbag.py:588} INFO - Filling up the DagBag from /home/airflow/.local/lib/python3.12/site-packages/airflow/example_dags/example_xcomargs.py
[2025-01-07T12:05:04.438+0000] {processor.py:925} INFO - DAG(s) 'example_xcom_args', 'example_xcom_args_with_operators' retrieved from /home/airflow/.local/lib/python3.12/site-packages/airflow/example_dags/example_xcomargs.py
[2025-01-07T12:05:04.476+0000] {logging_mixin.py:190} INFO - [2025-01-07T12:05:04.476+0000] {dag.py:3239} INFO - Sync 2 DAGs
[2025-01-07T12:05:04.503+0000] {logging_mixin.py:190} INFO - [2025-01-07T12:05:04.503+0000] {dag.py:4180} INFO - Setting next_dagrun for example_xcom_args to None, run_after=None
[2025-01-07T12:05:04.508+0000] {logging_mixin.py:190} INFO - [2025-01-07T12:05:04.507+0000] {dag.py:4180} INFO - Setting next_dagrun for example_xcom_args_with_operators to None, run_after=None
[2025-01-07T12:05:04.527+0000] {processor.py:208} INFO - Processing /home/airflow/.local/lib/python3.12/site-packages/airflow/example_dags/example_xcomargs.py took 0.114 seconds
[2025-01-07T12:05:34.911+0000] {processor.py:186} INFO - Started process (PID=2272) to work on /home/airflow/.local/lib/python3.12/site-packages/airflow/example_dags/example_xcomargs.py
[2025-01-07T12:05:34.912+0000] {processor.py:914} INFO - Processing file /home/airflow/.local/lib/python3.12/site-packages/airflow/example_dags/example_xcomargs.py for tasks to queue
[2025-01-07T12:05:34.915+0000] {logging_mixin.py:190} INFO - [2025-01-07T12:05:34.914+0000] {dagbag.py:588} INFO - Filling up the DagBag from /home/airflow/.local/lib/python3.12/site-packages/airflow/example_dags/example_xcomargs.py
[2025-01-07T12:05:34.925+0000] {processor.py:925} INFO - DAG(s) 'example_xcom_args', 'example_xcom_args_with_operators' retrieved from /home/airflow/.local/lib/python3.12/site-packages/airflow/example_dags/example_xcomargs.py
[2025-01-07T12:05:34.949+0000] {logging_mixin.py:190} INFO - [2025-01-07T12:05:34.949+0000] {dag.py:3239} INFO - Sync 2 DAGs
[2025-01-07T12:05:34.965+0000] {logging_mixin.py:190} INFO - [2025-01-07T12:05:34.965+0000] {dag.py:4180} INFO - Setting next_dagrun for example_xcom_args to None, run_after=None
[2025-01-07T12:05:34.969+0000] {logging_mixin.py:190} INFO - [2025-01-07T12:05:34.969+0000] {dag.py:4180} INFO - Setting next_dagrun for example_xcom_args_with_operators to None, run_after=None
[2025-01-07T12:05:34.987+0000] {processor.py:208} INFO - Processing /home/airflow/.local/lib/python3.12/site-packages/airflow/example_dags/example_xcomargs.py took 0.082 seconds
[2025-01-07T12:06:05.303+0000] {processor.py:186} INFO - Started process (PID=2335) to work on /home/airflow/.local/lib/python3.12/site-packages/airflow/example_dags/example_xcomargs.py
[2025-01-07T12:06:05.304+0000] {processor.py:914} INFO - Processing file /home/airflow/.local/lib/python3.12/site-packages/airflow/example_dags/example_xcomargs.py for tasks to queue
[2025-01-07T12:06:05.306+0000] {logging_mixin.py:190} INFO - [2025-01-07T12:06:05.306+0000] {dagbag.py:588} INFO - Filling up the DagBag from /home/airflow/.local/lib/python3.12/site-packages/airflow/example_dags/example_xcomargs.py
[2025-01-07T12:06:05.317+0000] {processor.py:925} INFO - DAG(s) 'example_xcom_args', 'example_xcom_args_with_operators' retrieved from /home/airflow/.local/lib/python3.12/site-packages/airflow/example_dags/example_xcomargs.py
[2025-01-07T12:06:05.344+0000] {logging_mixin.py:190} INFO - [2025-01-07T12:06:05.344+0000] {dag.py:3239} INFO - Sync 2 DAGs
[2025-01-07T12:06:05.360+0000] {logging_mixin.py:190} INFO - [2025-01-07T12:06:05.360+0000] {dag.py:4180} INFO - Setting next_dagrun for example_xcom_args to None, run_after=None
[2025-01-07T12:06:05.365+0000] {logging_mixin.py:190} INFO - [2025-01-07T12:06:05.365+0000] {dag.py:4180} INFO - Setting next_dagrun for example_xcom_args_with_operators to None, run_after=None
[2025-01-07T12:06:05.382+0000] {processor.py:208} INFO - Processing /home/airflow/.local/lib/python3.12/site-packages/airflow/example_dags/example_xcomargs.py took 0.086 seconds
[2025-01-07T12:06:36.157+0000] {processor.py:186} INFO - Started process (PID=2397) to work on /home/airflow/.local/lib/python3.12/site-packages/airflow/example_dags/example_xcomargs.py
[2025-01-07T12:06:36.158+0000] {processor.py:914} INFO - Processing file /home/airflow/.local/lib/python3.12/site-packages/airflow/example_dags/example_xcomargs.py for tasks to queue
[2025-01-07T12:06:36.161+0000] {logging_mixin.py:190} INFO - [2025-01-07T12:06:36.161+0000] {dagbag.py:588} INFO - Filling up the DagBag from /home/airflow/.local/lib/python3.12/site-packages/airflow/example_dags/example_xcomargs.py
[2025-01-07T12:06:36.176+0000] {processor.py:925} INFO - DAG(s) 'example_xcom_args_with_operators', 'example_xcom_args' retrieved from /home/airflow/.local/lib/python3.12/site-packages/airflow/example_dags/example_xcomargs.py
[2025-01-07T12:06:36.206+0000] {logging_mixin.py:190} INFO - [2025-01-07T12:06:36.206+0000] {dag.py:3239} INFO - Sync 2 DAGs
[2025-01-07T12:06:36.227+0000] {logging_mixin.py:190} INFO - [2025-01-07T12:06:36.227+0000] {dag.py:4180} INFO - Setting next_dagrun for example_xcom_args to None, run_after=None
[2025-01-07T12:06:36.233+0000] {logging_mixin.py:190} INFO - [2025-01-07T12:06:36.232+0000] {dag.py:4180} INFO - Setting next_dagrun for example_xcom_args_with_operators to None, run_after=None
[2025-01-07T12:06:36.257+0000] {processor.py:208} INFO - Processing /home/airflow/.local/lib/python3.12/site-packages/airflow/example_dags/example_xcomargs.py took 0.108 seconds
[2025-01-07T12:07:06.811+0000] {processor.py:186} INFO - Started process (PID=2460) to work on /home/airflow/.local/lib/python3.12/site-packages/airflow/example_dags/example_xcomargs.py
[2025-01-07T12:07:06.812+0000] {processor.py:914} INFO - Processing file /home/airflow/.local/lib/python3.12/site-packages/airflow/example_dags/example_xcomargs.py for tasks to queue
[2025-01-07T12:07:06.815+0000] {logging_mixin.py:190} INFO - [2025-01-07T12:07:06.814+0000] {dagbag.py:588} INFO - Filling up the DagBag from /home/airflow/.local/lib/python3.12/site-packages/airflow/example_dags/example_xcomargs.py
[2025-01-07T12:07:06.825+0000] {processor.py:925} INFO - DAG(s) 'example_xcom_args_with_operators', 'example_xcom_args' retrieved from /home/airflow/.local/lib/python3.12/site-packages/airflow/example_dags/example_xcomargs.py
[2025-01-07T12:07:06.849+0000] {logging_mixin.py:190} INFO - [2025-01-07T12:07:06.849+0000] {dag.py:3239} INFO - Sync 2 DAGs
[2025-01-07T12:07:06.863+0000] {logging_mixin.py:190} INFO - [2025-01-07T12:07:06.863+0000] {dag.py:4180} INFO - Setting next_dagrun for example_xcom_args to None, run_after=None
[2025-01-07T12:07:06.868+0000] {logging_mixin.py:190} INFO - [2025-01-07T12:07:06.867+0000] {dag.py:4180} INFO - Setting next_dagrun for example_xcom_args_with_operators to None, run_after=None
[2025-01-07T12:07:06.884+0000] {processor.py:208} INFO - Processing /home/airflow/.local/lib/python3.12/site-packages/airflow/example_dags/example_xcomargs.py took 0.079 seconds
[2025-01-07T12:07:37.269+0000] {processor.py:186} INFO - Started process (PID=2523) to work on /home/airflow/.local/lib/python3.12/site-packages/airflow/example_dags/example_xcomargs.py
[2025-01-07T12:07:37.270+0000] {processor.py:914} INFO - Processing file /home/airflow/.local/lib/python3.12/site-packages/airflow/example_dags/example_xcomargs.py for tasks to queue
[2025-01-07T12:07:37.273+0000] {logging_mixin.py:190} INFO - [2025-01-07T12:07:37.273+0000] {dagbag.py:588} INFO - Filling up the DagBag from /home/airflow/.local/lib/python3.12/site-packages/airflow/example_dags/example_xcomargs.py
[2025-01-07T12:07:37.286+0000] {processor.py:925} INFO - DAG(s) 'example_xcom_args', 'example_xcom_args_with_operators' retrieved from /home/airflow/.local/lib/python3.12/site-packages/airflow/example_dags/example_xcomargs.py
[2025-01-07T12:07:37.315+0000] {logging_mixin.py:190} INFO - [2025-01-07T12:07:37.315+0000] {dag.py:3239} INFO - Sync 2 DAGs
[2025-01-07T12:07:37.336+0000] {logging_mixin.py:190} INFO - [2025-01-07T12:07:37.336+0000] {dag.py:4180} INFO - Setting next_dagrun for example_xcom_args to None, run_after=None
[2025-01-07T12:07:37.341+0000] {logging_mixin.py:190} INFO - [2025-01-07T12:07:37.341+0000] {dag.py:4180} INFO - Setting next_dagrun for example_xcom_args_with_operators to None, run_after=None
[2025-01-07T12:07:37.361+0000] {processor.py:208} INFO - Processing /home/airflow/.local/lib/python3.12/site-packages/airflow/example_dags/example_xcomargs.py took 0.099 seconds
[2025-01-07T12:08:08.282+0000] {processor.py:186} INFO - Started process (PID=2586) to work on /home/airflow/.local/lib/python3.12/site-packages/airflow/example_dags/example_xcomargs.py
[2025-01-07T12:08:08.283+0000] {processor.py:914} INFO - Processing file /home/airflow/.local/lib/python3.12/site-packages/airflow/example_dags/example_xcomargs.py for tasks to queue
[2025-01-07T12:08:08.287+0000] {logging_mixin.py:190} INFO - [2025-01-07T12:08:08.286+0000] {dagbag.py:588} INFO - Filling up the DagBag from /home/airflow/.local/lib/python3.12/site-packages/airflow/example_dags/example_xcomargs.py
[2025-01-07T12:08:08.300+0000] {processor.py:925} INFO - DAG(s) 'example_xcom_args', 'example_xcom_args_with_operators' retrieved from /home/airflow/.local/lib/python3.12/site-packages/airflow/example_dags/example_xcomargs.py
[2025-01-07T12:08:08.337+0000] {logging_mixin.py:190} INFO - [2025-01-07T12:08:08.336+0000] {dag.py:3239} INFO - Sync 2 DAGs
[2025-01-07T12:08:08.360+0000] {logging_mixin.py:190} INFO - [2025-01-07T12:08:08.360+0000] {dag.py:4180} INFO - Setting next_dagrun for example_xcom_args to None, run_after=None
[2025-01-07T12:08:08.366+0000] {logging_mixin.py:190} INFO - [2025-01-07T12:08:08.366+0000] {dag.py:4180} INFO - Setting next_dagrun for example_xcom_args_with_operators to None, run_after=None
[2025-01-07T12:08:08.390+0000] {processor.py:208} INFO - Processing /home/airflow/.local/lib/python3.12/site-packages/airflow/example_dags/example_xcomargs.py took 0.116 seconds
[2025-01-07T12:08:38.945+0000] {processor.py:186} INFO - Started process (PID=2650) to work on /home/airflow/.local/lib/python3.12/site-packages/airflow/example_dags/example_xcomargs.py
[2025-01-07T12:08:38.947+0000] {processor.py:914} INFO - Processing file /home/airflow/.local/lib/python3.12/site-packages/airflow/example_dags/example_xcomargs.py for tasks to queue
[2025-01-07T12:08:38.949+0000] {logging_mixin.py:190} INFO - [2025-01-07T12:08:38.949+0000] {dagbag.py:588} INFO - Filling up the DagBag from /home/airflow/.local/lib/python3.12/site-packages/airflow/example_dags/example_xcomargs.py
[2025-01-07T12:08:38.959+0000] {processor.py:925} INFO - DAG(s) 'example_xcom_args', 'example_xcom_args_with_operators' retrieved from /home/airflow/.local/lib/python3.12/site-packages/airflow/example_dags/example_xcomargs.py
[2025-01-07T12:08:38.986+0000] {logging_mixin.py:190} INFO - [2025-01-07T12:08:38.986+0000] {dag.py:3239} INFO - Sync 2 DAGs
[2025-01-07T12:08:39.003+0000] {logging_mixin.py:190} INFO - [2025-01-07T12:08:39.003+0000] {dag.py:4180} INFO - Setting next_dagrun for example_xcom_args to None, run_after=None
[2025-01-07T12:08:39.010+0000] {logging_mixin.py:190} INFO - [2025-01-07T12:08:39.010+0000] {dag.py:4180} INFO - Setting next_dagrun for example_xcom_args_with_operators to None, run_after=None
[2025-01-07T12:08:39.035+0000] {processor.py:208} INFO - Processing /home/airflow/.local/lib/python3.12/site-packages/airflow/example_dags/example_xcomargs.py took 0.097 seconds
[2025-01-07T12:09:09.432+0000] {processor.py:186} INFO - Started process (PID=2713) to work on /home/airflow/.local/lib/python3.12/site-packages/airflow/example_dags/example_xcomargs.py
[2025-01-07T12:09:09.435+0000] {processor.py:914} INFO - Processing file /home/airflow/.local/lib/python3.12/site-packages/airflow/example_dags/example_xcomargs.py for tasks to queue
[2025-01-07T12:09:09.440+0000] {logging_mixin.py:190} INFO - [2025-01-07T12:09:09.439+0000] {dagbag.py:588} INFO - Filling up the DagBag from /home/airflow/.local/lib/python3.12/site-packages/airflow/example_dags/example_xcomargs.py
[2025-01-07T12:09:09.460+0000] {processor.py:925} INFO - DAG(s) 'example_xcom_args', 'example_xcom_args_with_operators' retrieved from /home/airflow/.local/lib/python3.12/site-packages/airflow/example_dags/example_xcomargs.py
[2025-01-07T12:09:09.505+0000] {logging_mixin.py:190} INFO - [2025-01-07T12:09:09.504+0000] {dag.py:3239} INFO - Sync 2 DAGs
[2025-01-07T12:09:09.533+0000] {logging_mixin.py:190} INFO - [2025-01-07T12:09:09.533+0000] {dag.py:4180} INFO - Setting next_dagrun for example_xcom_args to None, run_after=None
[2025-01-07T12:09:09.540+0000] {logging_mixin.py:190} INFO - [2025-01-07T12:09:09.540+0000] {dag.py:4180} INFO - Setting next_dagrun for example_xcom_args_with_operators to None, run_after=None
[2025-01-07T12:09:09.573+0000] {processor.py:208} INFO - Processing /home/airflow/.local/lib/python3.12/site-packages/airflow/example_dags/example_xcomargs.py took 0.152 seconds
[2025-01-07T12:09:39.950+0000] {processor.py:186} INFO - Started process (PID=2776) to work on /home/airflow/.local/lib/python3.12/site-packages/airflow/example_dags/example_xcomargs.py
[2025-01-07T12:09:39.952+0000] {processor.py:914} INFO - Processing file /home/airflow/.local/lib/python3.12/site-packages/airflow/example_dags/example_xcomargs.py for tasks to queue
[2025-01-07T12:09:39.955+0000] {logging_mixin.py:190} INFO - [2025-01-07T12:09:39.955+0000] {dagbag.py:588} INFO - Filling up the DagBag from /home/airflow/.local/lib/python3.12/site-packages/airflow/example_dags/example_xcomargs.py
[2025-01-07T12:09:39.968+0000] {processor.py:925} INFO - DAG(s) 'example_xcom_args', 'example_xcom_args_with_operators' retrieved from /home/airflow/.local/lib/python3.12/site-packages/airflow/example_dags/example_xcomargs.py
[2025-01-07T12:09:39.995+0000] {logging_mixin.py:190} INFO - [2025-01-07T12:09:39.995+0000] {dag.py:3239} INFO - Sync 2 DAGs
[2025-01-07T12:09:40.011+0000] {logging_mixin.py:190} INFO - [2025-01-07T12:09:40.011+0000] {dag.py:4180} INFO - Setting next_dagrun for example_xcom_args to None, run_after=None
[2025-01-07T12:09:40.015+0000] {logging_mixin.py:190} INFO - [2025-01-07T12:09:40.015+0000] {dag.py:4180} INFO - Setting next_dagrun for example_xcom_args_with_operators to None, run_after=None
[2025-01-07T12:09:40.040+0000] {processor.py:208} INFO - Processing /home/airflow/.local/lib/python3.12/site-packages/airflow/example_dags/example_xcomargs.py took 0.096 seconds
[2025-01-07T12:10:10.472+0000] {processor.py:186} INFO - Started process (PID=2839) to work on /home/airflow/.local/lib/python3.12/site-packages/airflow/example_dags/example_xcomargs.py
[2025-01-07T12:10:10.473+0000] {processor.py:914} INFO - Processing file /home/airflow/.local/lib/python3.12/site-packages/airflow/example_dags/example_xcomargs.py for tasks to queue
[2025-01-07T12:10:10.477+0000] {logging_mixin.py:190} INFO - [2025-01-07T12:10:10.477+0000] {dagbag.py:588} INFO - Filling up the DagBag from /home/airflow/.local/lib/python3.12/site-packages/airflow/example_dags/example_xcomargs.py
[2025-01-07T12:10:10.493+0000] {processor.py:925} INFO - DAG(s) 'example_xcom_args_with_operators', 'example_xcom_args' retrieved from /home/airflow/.local/lib/python3.12/site-packages/airflow/example_dags/example_xcomargs.py
[2025-01-07T12:10:10.523+0000] {logging_mixin.py:190} INFO - [2025-01-07T12:10:10.522+0000] {dag.py:3239} INFO - Sync 2 DAGs
[2025-01-07T12:10:10.541+0000] {logging_mixin.py:190} INFO - [2025-01-07T12:10:10.540+0000] {dag.py:4180} INFO - Setting next_dagrun for example_xcom_args to None, run_after=None
[2025-01-07T12:10:10.548+0000] {logging_mixin.py:190} INFO - [2025-01-07T12:10:10.547+0000] {dag.py:4180} INFO - Setting next_dagrun for example_xcom_args_with_operators to None, run_after=None
[2025-01-07T12:10:10.570+0000] {processor.py:208} INFO - Processing /home/airflow/.local/lib/python3.12/site-packages/airflow/example_dags/example_xcomargs.py took 0.105 seconds
[2025-01-07T12:10:40.983+0000] {processor.py:186} INFO - Started process (PID=2903) to work on /home/airflow/.local/lib/python3.12/site-packages/airflow/example_dags/example_xcomargs.py
[2025-01-07T12:10:40.984+0000] {processor.py:914} INFO - Processing file /home/airflow/.local/lib/python3.12/site-packages/airflow/example_dags/example_xcomargs.py for tasks to queue
[2025-01-07T12:10:40.988+0000] {logging_mixin.py:190} INFO - [2025-01-07T12:10:40.987+0000] {dagbag.py:588} INFO - Filling up the DagBag from /home/airflow/.local/lib/python3.12/site-packages/airflow/example_dags/example_xcomargs.py
[2025-01-07T12:10:41.011+0000] {processor.py:925} INFO - DAG(s) 'example_xcom_args', 'example_xcom_args_with_operators' retrieved from /home/airflow/.local/lib/python3.12/site-packages/airflow/example_dags/example_xcomargs.py
[2025-01-07T12:10:41.046+0000] {logging_mixin.py:190} INFO - [2025-01-07T12:10:41.046+0000] {dag.py:3239} INFO - Sync 2 DAGs
[2025-01-07T12:10:41.071+0000] {logging_mixin.py:190} INFO - [2025-01-07T12:10:41.070+0000] {dag.py:4180} INFO - Setting next_dagrun for example_xcom_args to None, run_after=None
[2025-01-07T12:10:41.078+0000] {logging_mixin.py:190} INFO - [2025-01-07T12:10:41.078+0000] {dag.py:4180} INFO - Setting next_dagrun for example_xcom_args_with_operators to None, run_after=None
[2025-01-07T12:10:41.106+0000] {processor.py:208} INFO - Processing /home/airflow/.local/lib/python3.12/site-packages/airflow/example_dags/example_xcomargs.py took 0.132 seconds
[2025-01-07T12:11:13.014+0000] {processor.py:186} INFO - Started process (PID=2962) to work on /home/airflow/.local/lib/python3.12/site-packages/airflow/example_dags/example_xcomargs.py
[2025-01-07T12:11:13.015+0000] {processor.py:914} INFO - Processing file /home/airflow/.local/lib/python3.12/site-packages/airflow/example_dags/example_xcomargs.py for tasks to queue
[2025-01-07T12:11:13.019+0000] {logging_mixin.py:190} INFO - [2025-01-07T12:11:13.018+0000] {dagbag.py:588} INFO - Filling up the DagBag from /home/airflow/.local/lib/python3.12/site-packages/airflow/example_dags/example_xcomargs.py
[2025-01-07T12:11:13.039+0000] {processor.py:925} INFO - DAG(s) 'example_xcom_args_with_operators', 'example_xcom_args' retrieved from /home/airflow/.local/lib/python3.12/site-packages/airflow/example_dags/example_xcomargs.py
[2025-01-07T12:11:13.089+0000] {logging_mixin.py:190} INFO - [2025-01-07T12:11:13.087+0000] {dag.py:3239} INFO - Sync 2 DAGs
[2025-01-07T12:11:13.119+0000] {logging_mixin.py:190} INFO - [2025-01-07T12:11:13.119+0000] {dag.py:4180} INFO - Setting next_dagrun for example_xcom_args to None, run_after=None
[2025-01-07T12:11:13.125+0000] {logging_mixin.py:190} INFO - [2025-01-07T12:11:13.125+0000] {dag.py:4180} INFO - Setting next_dagrun for example_xcom_args_with_operators to None, run_after=None
[2025-01-07T12:11:13.159+0000] {processor.py:208} INFO - Processing /home/airflow/.local/lib/python3.12/site-packages/airflow/example_dags/example_xcomargs.py took 0.155 seconds
[2025-01-07T12:11:43.938+0000] {processor.py:186} INFO - Started process (PID=3020) to work on /home/airflow/.local/lib/python3.12/site-packages/airflow/example_dags/example_xcomargs.py
[2025-01-07T12:11:43.939+0000] {processor.py:914} INFO - Processing file /home/airflow/.local/lib/python3.12/site-packages/airflow/example_dags/example_xcomargs.py for tasks to queue
[2025-01-07T12:11:43.943+0000] {logging_mixin.py:190} INFO - [2025-01-07T12:11:43.943+0000] {dagbag.py:588} INFO - Filling up the DagBag from /home/airflow/.local/lib/python3.12/site-packages/airflow/example_dags/example_xcomargs.py
[2025-01-07T12:11:43.958+0000] {processor.py:925} INFO - DAG(s) 'example_xcom_args', 'example_xcom_args_with_operators' retrieved from /home/airflow/.local/lib/python3.12/site-packages/airflow/example_dags/example_xcomargs.py
[2025-01-07T12:11:43.997+0000] {logging_mixin.py:190} INFO - [2025-01-07T12:11:43.997+0000] {dag.py:3239} INFO - Sync 2 DAGs
[2025-01-07T12:11:44.022+0000] {logging_mixin.py:190} INFO - [2025-01-07T12:11:44.022+0000] {dag.py:4180} INFO - Setting next_dagrun for example_xcom_args to None, run_after=None
[2025-01-07T12:11:44.031+0000] {logging_mixin.py:190} INFO - [2025-01-07T12:11:44.030+0000] {dag.py:4180} INFO - Setting next_dagrun for example_xcom_args_with_operators to None, run_after=None
[2025-01-07T12:11:44.338+0000] {processor.py:208} INFO - Processing /home/airflow/.local/lib/python3.12/site-packages/airflow/example_dags/example_xcomargs.py took 0.410 seconds
[2025-01-07T12:12:14.543+0000] {processor.py:186} INFO - Started process (PID=3083) to work on /home/airflow/.local/lib/python3.12/site-packages/airflow/example_dags/example_xcomargs.py
[2025-01-07T12:12:14.545+0000] {processor.py:914} INFO - Processing file /home/airflow/.local/lib/python3.12/site-packages/airflow/example_dags/example_xcomargs.py for tasks to queue
[2025-01-07T12:12:14.549+0000] {logging_mixin.py:190} INFO - [2025-01-07T12:12:14.549+0000] {dagbag.py:588} INFO - Filling up the DagBag from /home/airflow/.local/lib/python3.12/site-packages/airflow/example_dags/example_xcomargs.py
[2025-01-07T12:12:14.563+0000] {processor.py:925} INFO - DAG(s) 'example_xcom_args', 'example_xcom_args_with_operators' retrieved from /home/airflow/.local/lib/python3.12/site-packages/airflow/example_dags/example_xcomargs.py
[2025-01-07T12:12:14.598+0000] {logging_mixin.py:190} INFO - [2025-01-07T12:12:14.597+0000] {dag.py:3239} INFO - Sync 2 DAGs
[2025-01-07T12:12:14.615+0000] {logging_mixin.py:190} INFO - [2025-01-07T12:12:14.615+0000] {dag.py:4180} INFO - Setting next_dagrun for example_xcom_args to None, run_after=None
[2025-01-07T12:12:14.620+0000] {logging_mixin.py:190} INFO - [2025-01-07T12:12:14.620+0000] {dag.py:4180} INFO - Setting next_dagrun for example_xcom_args_with_operators to None, run_after=None
[2025-01-07T12:12:14.645+0000] {processor.py:208} INFO - Processing /home/airflow/.local/lib/python3.12/site-packages/airflow/example_dags/example_xcomargs.py took 0.110 seconds
[2025-01-07T12:12:46.041+0000] {processor.py:186} INFO - Started process (PID=3146) to work on /home/airflow/.local/lib/python3.12/site-packages/airflow/example_dags/example_xcomargs.py
[2025-01-07T12:12:46.043+0000] {processor.py:914} INFO - Processing file /home/airflow/.local/lib/python3.12/site-packages/airflow/example_dags/example_xcomargs.py for tasks to queue
[2025-01-07T12:12:46.047+0000] {logging_mixin.py:190} INFO - [2025-01-07T12:12:46.047+0000] {dagbag.py:588} INFO - Filling up the DagBag from /home/airflow/.local/lib/python3.12/site-packages/airflow/example_dags/example_xcomargs.py
[2025-01-07T12:12:46.068+0000] {processor.py:925} INFO - DAG(s) 'example_xcom_args_with_operators', 'example_xcom_args' retrieved from /home/airflow/.local/lib/python3.12/site-packages/airflow/example_dags/example_xcomargs.py
[2025-01-07T12:12:46.106+0000] {logging_mixin.py:190} INFO - [2025-01-07T12:12:46.106+0000] {dag.py:3239} INFO - Sync 2 DAGs
[2025-01-07T12:12:46.132+0000] {logging_mixin.py:190} INFO - [2025-01-07T12:12:46.131+0000] {dag.py:4180} INFO - Setting next_dagrun for example_xcom_args to None, run_after=None
[2025-01-07T12:12:46.139+0000] {logging_mixin.py:190} INFO - [2025-01-07T12:12:46.138+0000] {dag.py:4180} INFO - Setting next_dagrun for example_xcom_args_with_operators to None, run_after=None
[2025-01-07T12:12:46.165+0000] {processor.py:208} INFO - Processing /home/airflow/.local/lib/python3.12/site-packages/airflow/example_dags/example_xcomargs.py took 0.137 seconds
[2025-01-07T12:43:12.562+0000] {processor.py:186} INFO - Started process (PID=3179) to work on /home/airflow/.local/lib/python3.12/site-packages/airflow/example_dags/example_xcomargs.py
[2025-01-07T12:43:12.566+0000] {processor.py:914} INFO - Processing file /home/airflow/.local/lib/python3.12/site-packages/airflow/example_dags/example_xcomargs.py for tasks to queue
[2025-01-07T12:43:12.570+0000] {logging_mixin.py:190} INFO - [2025-01-07T12:43:12.570+0000] {dagbag.py:588} INFO - Filling up the DagBag from /home/airflow/.local/lib/python3.12/site-packages/airflow/example_dags/example_xcomargs.py
[2025-01-07T12:43:12.620+0000] {processor.py:925} INFO - DAG(s) 'example_xcom_args', 'example_xcom_args_with_operators' retrieved from /home/airflow/.local/lib/python3.12/site-packages/airflow/example_dags/example_xcomargs.py
[2025-01-07T12:43:12.675+0000] {logging_mixin.py:190} INFO - [2025-01-07T12:43:12.674+0000] {dag.py:3239} INFO - Sync 2 DAGs
[2025-01-07T12:43:12.704+0000] {logging_mixin.py:190} INFO - [2025-01-07T12:43:12.703+0000] {dag.py:4180} INFO - Setting next_dagrun for example_xcom_args to None, run_after=None
[2025-01-07T12:43:12.714+0000] {logging_mixin.py:190} INFO - [2025-01-07T12:43:12.714+0000] {dag.py:4180} INFO - Setting next_dagrun for example_xcom_args_with_operators to None, run_after=None
[2025-01-07T12:43:13.067+0000] {processor.py:208} INFO - Processing /home/airflow/.local/lib/python3.12/site-packages/airflow/example_dags/example_xcomargs.py took 0.524 seconds
