[2025-01-07T11:47:37.963+0000] {processor.py:186} INFO - Started process (PID=90) to work on /home/airflow/.local/lib/python3.12/site-packages/airflow/example_dags/example_sla_dag.py
[2025-01-07T11:47:37.965+0000] {processor.py:914} INFO - Processing file /home/airflow/.local/lib/python3.12/site-packages/airflow/example_dags/example_sla_dag.py for tasks to queue
[2025-01-07T11:47:37.969+0000] {logging_mixin.py:190} INFO - [2025-01-07T11:47:37.968+0000] {dagbag.py:588} INFO - Filling up the DagBag from /home/airflow/.local/lib/python3.12/site-packages/airflow/example_dags/example_sla_dag.py
[2025-01-07T11:47:37.990+0000] {processor.py:925} INFO - DAG(s) 'example_sla_dag' retrieved from /home/airflow/.local/lib/python3.12/site-packages/airflow/example_dags/example_sla_dag.py
[2025-01-07T11:47:38.176+0000] {logging_mixin.py:190} INFO - [2025-01-07T11:47:38.175+0000] {override.py:1911} INFO - Created Permission View: can read on DAG:example_sla_dag
[2025-01-07T11:47:38.190+0000] {logging_mixin.py:190} INFO - [2025-01-07T11:47:38.189+0000] {override.py:1911} INFO - Created Permission View: can delete on DAG:example_sla_dag
[2025-01-07T11:47:38.201+0000] {logging_mixin.py:190} INFO - [2025-01-07T11:47:38.200+0000] {override.py:1911} INFO - Created Permission View: can edit on DAG:example_sla_dag
[2025-01-07T11:47:38.215+0000] {logging_mixin.py:190} INFO - [2025-01-07T11:47:38.215+0000] {override.py:1911} INFO - Created Permission View: menu access on DAG Run:example_sla_dag
[2025-01-07T11:47:38.246+0000] {logging_mixin.py:190} INFO - [2025-01-07T11:47:38.246+0000] {override.py:1911} INFO - Created Permission View: can read on DAG Run:example_sla_dag
[2025-01-07T11:47:38.264+0000] {logging_mixin.py:190} INFO - [2025-01-07T11:47:38.263+0000] {override.py:1911} INFO - Created Permission View: can delete on DAG Run:example_sla_dag
[2025-01-07T11:47:38.288+0000] {logging_mixin.py:190} INFO - [2025-01-07T11:47:38.287+0000] {override.py:1911} INFO - Created Permission View: can create on DAG Run:example_sla_dag
[2025-01-07T11:47:38.289+0000] {logging_mixin.py:190} INFO - [2025-01-07T11:47:38.288+0000] {dag.py:3239} INFO - Sync 1 DAGs
[2025-01-07T11:47:38.305+0000] {logging_mixin.py:190} INFO - [2025-01-07T11:47:38.304+0000] {dag.py:3262} INFO - Creating ORM DAG for example_sla_dag
[2025-01-07T11:47:38.322+0000] {logging_mixin.py:190} INFO - [2025-01-07T11:47:38.322+0000] {dag.py:4180} INFO - Setting next_dagrun for example_sla_dag to 2025-01-07 11:44:00+00:00, run_after=2025-01-07 11:46:00+00:00
[2025-01-07T11:47:38.352+0000] {processor.py:208} INFO - Processing /home/airflow/.local/lib/python3.12/site-packages/airflow/example_dags/example_sla_dag.py took 0.397 seconds
[2025-01-07T11:48:30.499+0000] {processor.py:186} INFO - Started process (PID=159) to work on /home/airflow/.local/lib/python3.12/site-packages/airflow/example_dags/example_sla_dag.py
[2025-01-07T11:48:30.501+0000] {processor.py:914} INFO - Processing file /home/airflow/.local/lib/python3.12/site-packages/airflow/example_dags/example_sla_dag.py for tasks to queue
[2025-01-07T11:48:30.505+0000] {logging_mixin.py:190} INFO - [2025-01-07T11:48:30.505+0000] {dagbag.py:588} INFO - Filling up the DagBag from /home/airflow/.local/lib/python3.12/site-packages/airflow/example_dags/example_sla_dag.py
[2025-01-07T11:48:30.524+0000] {processor.py:925} INFO - DAG(s) 'example_sla_dag' retrieved from /home/airflow/.local/lib/python3.12/site-packages/airflow/example_dags/example_sla_dag.py
[2025-01-07T11:48:30.558+0000] {logging_mixin.py:190} INFO - [2025-01-07T11:48:30.558+0000] {dag.py:3239} INFO - Sync 1 DAGs
[2025-01-07T11:48:30.599+0000] {logging_mixin.py:190} INFO - [2025-01-07T11:48:30.599+0000] {dag.py:4180} INFO - Setting next_dagrun for example_sla_dag to 2025-01-07 11:46:00+00:00, run_after=2025-01-07 11:48:00+00:00
[2025-01-07T11:48:30.647+0000] {processor.py:208} INFO - Processing /home/airflow/.local/lib/python3.12/site-packages/airflow/example_dags/example_sla_dag.py took 0.157 seconds
[2025-01-07T11:49:01.210+0000] {processor.py:186} INFO - Started process (PID=223) to work on /home/airflow/.local/lib/python3.12/site-packages/airflow/example_dags/example_sla_dag.py
[2025-01-07T11:49:01.212+0000] {processor.py:914} INFO - Processing file /home/airflow/.local/lib/python3.12/site-packages/airflow/example_dags/example_sla_dag.py for tasks to queue
[2025-01-07T11:49:01.214+0000] {logging_mixin.py:190} INFO - [2025-01-07T11:49:01.214+0000] {dagbag.py:588} INFO - Filling up the DagBag from /home/airflow/.local/lib/python3.12/site-packages/airflow/example_dags/example_sla_dag.py
[2025-01-07T11:49:01.224+0000] {processor.py:925} INFO - DAG(s) 'example_sla_dag' retrieved from /home/airflow/.local/lib/python3.12/site-packages/airflow/example_dags/example_sla_dag.py
[2025-01-07T11:49:01.242+0000] {logging_mixin.py:190} INFO - [2025-01-07T11:49:01.242+0000] {dag.py:3239} INFO - Sync 1 DAGs
[2025-01-07T11:49:01.265+0000] {logging_mixin.py:190} INFO - [2025-01-07T11:49:01.265+0000] {dag.py:4180} INFO - Setting next_dagrun for example_sla_dag to 2025-01-07 11:46:00+00:00, run_after=2025-01-07 11:48:00+00:00
[2025-01-07T11:49:01.287+0000] {processor.py:208} INFO - Processing /home/airflow/.local/lib/python3.12/site-packages/airflow/example_dags/example_sla_dag.py took 0.083 seconds
[2025-01-07T11:49:31.380+0000] {processor.py:186} INFO - Started process (PID=285) to work on /home/airflow/.local/lib/python3.12/site-packages/airflow/example_dags/example_sla_dag.py
[2025-01-07T11:49:31.381+0000] {processor.py:914} INFO - Processing file /home/airflow/.local/lib/python3.12/site-packages/airflow/example_dags/example_sla_dag.py for tasks to queue
[2025-01-07T11:49:31.384+0000] {logging_mixin.py:190} INFO - [2025-01-07T11:49:31.384+0000] {dagbag.py:588} INFO - Filling up the DagBag from /home/airflow/.local/lib/python3.12/site-packages/airflow/example_dags/example_sla_dag.py
[2025-01-07T11:49:31.393+0000] {processor.py:925} INFO - DAG(s) 'example_sla_dag' retrieved from /home/airflow/.local/lib/python3.12/site-packages/airflow/example_dags/example_sla_dag.py
[2025-01-07T11:49:31.412+0000] {logging_mixin.py:190} INFO - [2025-01-07T11:49:31.412+0000] {dag.py:3239} INFO - Sync 1 DAGs
[2025-01-07T11:49:31.439+0000] {logging_mixin.py:190} INFO - [2025-01-07T11:49:31.438+0000] {dag.py:4180} INFO - Setting next_dagrun for example_sla_dag to 2025-01-07 11:46:00+00:00, run_after=2025-01-07 11:48:00+00:00
[2025-01-07T11:49:31.456+0000] {processor.py:208} INFO - Processing /home/airflow/.local/lib/python3.12/site-packages/airflow/example_dags/example_sla_dag.py took 0.082 seconds
[2025-01-07T11:50:01.537+0000] {processor.py:186} INFO - Started process (PID=347) to work on /home/airflow/.local/lib/python3.12/site-packages/airflow/example_dags/example_sla_dag.py
[2025-01-07T11:50:01.539+0000] {processor.py:914} INFO - Processing file /home/airflow/.local/lib/python3.12/site-packages/airflow/example_dags/example_sla_dag.py for tasks to queue
[2025-01-07T11:50:01.542+0000] {logging_mixin.py:190} INFO - [2025-01-07T11:50:01.542+0000] {dagbag.py:588} INFO - Filling up the DagBag from /home/airflow/.local/lib/python3.12/site-packages/airflow/example_dags/example_sla_dag.py
[2025-01-07T11:50:01.554+0000] {processor.py:925} INFO - DAG(s) 'example_sla_dag' retrieved from /home/airflow/.local/lib/python3.12/site-packages/airflow/example_dags/example_sla_dag.py
[2025-01-07T11:50:01.572+0000] {logging_mixin.py:190} INFO - [2025-01-07T11:50:01.572+0000] {dag.py:3239} INFO - Sync 1 DAGs
[2025-01-07T11:50:01.595+0000] {logging_mixin.py:190} INFO - [2025-01-07T11:50:01.595+0000] {dag.py:4180} INFO - Setting next_dagrun for example_sla_dag to 2025-01-07 11:48:00+00:00, run_after=2025-01-07 11:50:00+00:00
[2025-01-07T11:50:01.613+0000] {processor.py:208} INFO - Processing /home/airflow/.local/lib/python3.12/site-packages/airflow/example_dags/example_sla_dag.py took 0.084 seconds
[2025-01-07T11:50:31.790+0000] {processor.py:186} INFO - Started process (PID=410) to work on /home/airflow/.local/lib/python3.12/site-packages/airflow/example_dags/example_sla_dag.py
[2025-01-07T11:50:31.791+0000] {processor.py:914} INFO - Processing file /home/airflow/.local/lib/python3.12/site-packages/airflow/example_dags/example_sla_dag.py for tasks to queue
[2025-01-07T11:50:31.795+0000] {logging_mixin.py:190} INFO - [2025-01-07T11:50:31.794+0000] {dagbag.py:588} INFO - Filling up the DagBag from /home/airflow/.local/lib/python3.12/site-packages/airflow/example_dags/example_sla_dag.py
[2025-01-07T11:50:31.804+0000] {processor.py:925} INFO - DAG(s) 'example_sla_dag' retrieved from /home/airflow/.local/lib/python3.12/site-packages/airflow/example_dags/example_sla_dag.py
[2025-01-07T11:50:31.823+0000] {logging_mixin.py:190} INFO - [2025-01-07T11:50:31.823+0000] {dag.py:3239} INFO - Sync 1 DAGs
[2025-01-07T11:50:31.847+0000] {logging_mixin.py:190} INFO - [2025-01-07T11:50:31.847+0000] {dag.py:4180} INFO - Setting next_dagrun for example_sla_dag to 2025-01-07 11:48:00+00:00, run_after=2025-01-07 11:50:00+00:00
[2025-01-07T11:50:31.865+0000] {processor.py:208} INFO - Processing /home/airflow/.local/lib/python3.12/site-packages/airflow/example_dags/example_sla_dag.py took 0.081 seconds
[2025-01-07T11:51:03.075+0000] {processor.py:186} INFO - Started process (PID=473) to work on /home/airflow/.local/lib/python3.12/site-packages/airflow/example_dags/example_sla_dag.py
[2025-01-07T11:51:03.076+0000] {processor.py:914} INFO - Processing file /home/airflow/.local/lib/python3.12/site-packages/airflow/example_dags/example_sla_dag.py for tasks to queue
[2025-01-07T11:51:03.079+0000] {logging_mixin.py:190} INFO - [2025-01-07T11:51:03.079+0000] {dagbag.py:588} INFO - Filling up the DagBag from /home/airflow/.local/lib/python3.12/site-packages/airflow/example_dags/example_sla_dag.py
[2025-01-07T11:51:03.090+0000] {processor.py:925} INFO - DAG(s) 'example_sla_dag' retrieved from /home/airflow/.local/lib/python3.12/site-packages/airflow/example_dags/example_sla_dag.py
[2025-01-07T11:51:03.113+0000] {logging_mixin.py:190} INFO - [2025-01-07T11:51:03.113+0000] {dag.py:3239} INFO - Sync 1 DAGs
[2025-01-07T11:51:03.139+0000] {logging_mixin.py:190} INFO - [2025-01-07T11:51:03.139+0000] {dag.py:4180} INFO - Setting next_dagrun for example_sla_dag to 2025-01-07 11:48:00+00:00, run_after=2025-01-07 11:50:00+00:00
[2025-01-07T11:51:03.158+0000] {processor.py:208} INFO - Processing /home/airflow/.local/lib/python3.12/site-packages/airflow/example_dags/example_sla_dag.py took 0.090 seconds
[2025-01-07T11:51:34.582+0000] {processor.py:186} INFO - Started process (PID=536) to work on /home/airflow/.local/lib/python3.12/site-packages/airflow/example_dags/example_sla_dag.py
[2025-01-07T11:51:34.585+0000] {processor.py:914} INFO - Processing file /home/airflow/.local/lib/python3.12/site-packages/airflow/example_dags/example_sla_dag.py for tasks to queue
[2025-01-07T11:51:34.590+0000] {logging_mixin.py:190} INFO - [2025-01-07T11:51:34.589+0000] {dagbag.py:588} INFO - Filling up the DagBag from /home/airflow/.local/lib/python3.12/site-packages/airflow/example_dags/example_sla_dag.py
[2025-01-07T11:51:34.604+0000] {processor.py:925} INFO - DAG(s) 'example_sla_dag' retrieved from /home/airflow/.local/lib/python3.12/site-packages/airflow/example_dags/example_sla_dag.py
[2025-01-07T11:51:34.626+0000] {logging_mixin.py:190} INFO - [2025-01-07T11:51:34.626+0000] {dag.py:3239} INFO - Sync 1 DAGs
[2025-01-07T11:51:34.657+0000] {logging_mixin.py:190} INFO - [2025-01-07T11:51:34.657+0000] {dag.py:4180} INFO - Setting next_dagrun for example_sla_dag to 2025-01-07 11:48:00+00:00, run_after=2025-01-07 11:50:00+00:00
[2025-01-07T11:51:34.680+0000] {processor.py:208} INFO - Processing /home/airflow/.local/lib/python3.12/site-packages/airflow/example_dags/example_sla_dag.py took 0.106 seconds
[2025-01-07T11:52:04.746+0000] {processor.py:186} INFO - Started process (PID=599) to work on /home/airflow/.local/lib/python3.12/site-packages/airflow/example_dags/example_sla_dag.py
[2025-01-07T11:52:04.747+0000] {processor.py:914} INFO - Processing file /home/airflow/.local/lib/python3.12/site-packages/airflow/example_dags/example_sla_dag.py for tasks to queue
[2025-01-07T11:52:04.750+0000] {logging_mixin.py:190} INFO - [2025-01-07T11:52:04.750+0000] {dagbag.py:588} INFO - Filling up the DagBag from /home/airflow/.local/lib/python3.12/site-packages/airflow/example_dags/example_sla_dag.py
[2025-01-07T11:52:04.760+0000] {processor.py:925} INFO - DAG(s) 'example_sla_dag' retrieved from /home/airflow/.local/lib/python3.12/site-packages/airflow/example_dags/example_sla_dag.py
[2025-01-07T11:52:04.779+0000] {logging_mixin.py:190} INFO - [2025-01-07T11:52:04.779+0000] {dag.py:3239} INFO - Sync 1 DAGs
[2025-01-07T11:52:04.802+0000] {logging_mixin.py:190} INFO - [2025-01-07T11:52:04.802+0000] {dag.py:4180} INFO - Setting next_dagrun for example_sla_dag to 2025-01-07 11:50:00+00:00, run_after=2025-01-07 11:52:00+00:00
[2025-01-07T11:52:04.820+0000] {processor.py:208} INFO - Processing /home/airflow/.local/lib/python3.12/site-packages/airflow/example_dags/example_sla_dag.py took 0.082 seconds
[2025-01-07T11:52:35.441+0000] {processor.py:186} INFO - Started process (PID=662) to work on /home/airflow/.local/lib/python3.12/site-packages/airflow/example_dags/example_sla_dag.py
[2025-01-07T11:52:35.442+0000] {processor.py:914} INFO - Processing file /home/airflow/.local/lib/python3.12/site-packages/airflow/example_dags/example_sla_dag.py for tasks to queue
[2025-01-07T11:52:35.446+0000] {logging_mixin.py:190} INFO - [2025-01-07T11:52:35.446+0000] {dagbag.py:588} INFO - Filling up the DagBag from /home/airflow/.local/lib/python3.12/site-packages/airflow/example_dags/example_sla_dag.py
[2025-01-07T11:52:35.458+0000] {processor.py:925} INFO - DAG(s) 'example_sla_dag' retrieved from /home/airflow/.local/lib/python3.12/site-packages/airflow/example_dags/example_sla_dag.py
[2025-01-07T11:52:35.481+0000] {logging_mixin.py:190} INFO - [2025-01-07T11:52:35.481+0000] {dag.py:3239} INFO - Sync 1 DAGs
[2025-01-07T11:52:35.509+0000] {logging_mixin.py:190} INFO - [2025-01-07T11:52:35.509+0000] {dag.py:4180} INFO - Setting next_dagrun for example_sla_dag to 2025-01-07 11:50:00+00:00, run_after=2025-01-07 11:52:00+00:00
[2025-01-07T11:52:35.535+0000] {processor.py:208} INFO - Processing /home/airflow/.local/lib/python3.12/site-packages/airflow/example_dags/example_sla_dag.py took 0.102 seconds
[2025-01-07T11:53:05.895+0000] {processor.py:186} INFO - Started process (PID=725) to work on /home/airflow/.local/lib/python3.12/site-packages/airflow/example_dags/example_sla_dag.py
[2025-01-07T11:53:05.896+0000] {processor.py:914} INFO - Processing file /home/airflow/.local/lib/python3.12/site-packages/airflow/example_dags/example_sla_dag.py for tasks to queue
[2025-01-07T11:53:05.899+0000] {logging_mixin.py:190} INFO - [2025-01-07T11:53:05.898+0000] {dagbag.py:588} INFO - Filling up the DagBag from /home/airflow/.local/lib/python3.12/site-packages/airflow/example_dags/example_sla_dag.py
[2025-01-07T11:53:05.909+0000] {processor.py:925} INFO - DAG(s) 'example_sla_dag' retrieved from /home/airflow/.local/lib/python3.12/site-packages/airflow/example_dags/example_sla_dag.py
[2025-01-07T11:53:05.928+0000] {logging_mixin.py:190} INFO - [2025-01-07T11:53:05.927+0000] {dag.py:3239} INFO - Sync 1 DAGs
[2025-01-07T11:53:05.952+0000] {logging_mixin.py:190} INFO - [2025-01-07T11:53:05.952+0000] {dag.py:4180} INFO - Setting next_dagrun for example_sla_dag to 2025-01-07 11:50:00+00:00, run_after=2025-01-07 11:52:00+00:00
[2025-01-07T11:53:05.969+0000] {processor.py:208} INFO - Processing /home/airflow/.local/lib/python3.12/site-packages/airflow/example_dags/example_sla_dag.py took 0.080 seconds
[2025-01-07T11:53:36.255+0000] {processor.py:186} INFO - Started process (PID=788) to work on /home/airflow/.local/lib/python3.12/site-packages/airflow/example_dags/example_sla_dag.py
[2025-01-07T11:53:36.256+0000] {processor.py:914} INFO - Processing file /home/airflow/.local/lib/python3.12/site-packages/airflow/example_dags/example_sla_dag.py for tasks to queue
[2025-01-07T11:53:36.259+0000] {logging_mixin.py:190} INFO - [2025-01-07T11:53:36.258+0000] {dagbag.py:588} INFO - Filling up the DagBag from /home/airflow/.local/lib/python3.12/site-packages/airflow/example_dags/example_sla_dag.py
[2025-01-07T11:53:36.268+0000] {processor.py:925} INFO - DAG(s) 'example_sla_dag' retrieved from /home/airflow/.local/lib/python3.12/site-packages/airflow/example_dags/example_sla_dag.py
[2025-01-07T11:53:36.289+0000] {logging_mixin.py:190} INFO - [2025-01-07T11:53:36.289+0000] {dag.py:3239} INFO - Sync 1 DAGs
[2025-01-07T11:53:36.317+0000] {logging_mixin.py:190} INFO - [2025-01-07T11:53:36.317+0000] {dag.py:4180} INFO - Setting next_dagrun for example_sla_dag to 2025-01-07 11:50:00+00:00, run_after=2025-01-07 11:52:00+00:00
[2025-01-07T11:53:36.342+0000] {processor.py:208} INFO - Processing /home/airflow/.local/lib/python3.12/site-packages/airflow/example_dags/example_sla_dag.py took 0.093 seconds
[2025-01-07T11:54:06.953+0000] {processor.py:186} INFO - Started process (PID=851) to work on /home/airflow/.local/lib/python3.12/site-packages/airflow/example_dags/example_sla_dag.py
[2025-01-07T11:54:06.954+0000] {processor.py:914} INFO - Processing file /home/airflow/.local/lib/python3.12/site-packages/airflow/example_dags/example_sla_dag.py for tasks to queue
[2025-01-07T11:54:06.957+0000] {logging_mixin.py:190} INFO - [2025-01-07T11:54:06.957+0000] {dagbag.py:588} INFO - Filling up the DagBag from /home/airflow/.local/lib/python3.12/site-packages/airflow/example_dags/example_sla_dag.py
[2025-01-07T11:54:06.967+0000] {processor.py:925} INFO - DAG(s) 'example_sla_dag' retrieved from /home/airflow/.local/lib/python3.12/site-packages/airflow/example_dags/example_sla_dag.py
[2025-01-07T11:54:06.985+0000] {logging_mixin.py:190} INFO - [2025-01-07T11:54:06.984+0000] {dag.py:3239} INFO - Sync 1 DAGs
[2025-01-07T11:54:07.010+0000] {logging_mixin.py:190} INFO - [2025-01-07T11:54:07.010+0000] {dag.py:4180} INFO - Setting next_dagrun for example_sla_dag to 2025-01-07 11:52:00+00:00, run_after=2025-01-07 11:54:00+00:00
[2025-01-07T11:54:07.030+0000] {processor.py:208} INFO - Processing /home/airflow/.local/lib/python3.12/site-packages/airflow/example_dags/example_sla_dag.py took 0.082 seconds
[2025-01-07T11:54:37.818+0000] {processor.py:186} INFO - Started process (PID=914) to work on /home/airflow/.local/lib/python3.12/site-packages/airflow/example_dags/example_sla_dag.py
[2025-01-07T11:54:37.819+0000] {processor.py:914} INFO - Processing file /home/airflow/.local/lib/python3.12/site-packages/airflow/example_dags/example_sla_dag.py for tasks to queue
[2025-01-07T11:54:37.822+0000] {logging_mixin.py:190} INFO - [2025-01-07T11:54:37.821+0000] {dagbag.py:588} INFO - Filling up the DagBag from /home/airflow/.local/lib/python3.12/site-packages/airflow/example_dags/example_sla_dag.py
[2025-01-07T11:54:37.831+0000] {processor.py:925} INFO - DAG(s) 'example_sla_dag' retrieved from /home/airflow/.local/lib/python3.12/site-packages/airflow/example_dags/example_sla_dag.py
[2025-01-07T11:54:37.854+0000] {logging_mixin.py:190} INFO - [2025-01-07T11:54:37.853+0000] {dag.py:3239} INFO - Sync 1 DAGs
[2025-01-07T11:54:37.882+0000] {logging_mixin.py:190} INFO - [2025-01-07T11:54:37.881+0000] {dag.py:4180} INFO - Setting next_dagrun for example_sla_dag to 2025-01-07 11:52:00+00:00, run_after=2025-01-07 11:54:00+00:00
[2025-01-07T11:54:37.907+0000] {processor.py:208} INFO - Processing /home/airflow/.local/lib/python3.12/site-packages/airflow/example_dags/example_sla_dag.py took 0.095 seconds
[2025-01-07T11:55:07.971+0000] {processor.py:186} INFO - Started process (PID=976) to work on /home/airflow/.local/lib/python3.12/site-packages/airflow/example_dags/example_sla_dag.py
[2025-01-07T11:55:07.973+0000] {processor.py:914} INFO - Processing file /home/airflow/.local/lib/python3.12/site-packages/airflow/example_dags/example_sla_dag.py for tasks to queue
[2025-01-07T11:55:07.977+0000] {logging_mixin.py:190} INFO - [2025-01-07T11:55:07.976+0000] {dagbag.py:588} INFO - Filling up the DagBag from /home/airflow/.local/lib/python3.12/site-packages/airflow/example_dags/example_sla_dag.py
[2025-01-07T11:55:07.988+0000] {processor.py:925} INFO - DAG(s) 'example_sla_dag' retrieved from /home/airflow/.local/lib/python3.12/site-packages/airflow/example_dags/example_sla_dag.py
[2025-01-07T11:55:08.011+0000] {logging_mixin.py:190} INFO - [2025-01-07T11:55:08.011+0000] {dag.py:3239} INFO - Sync 1 DAGs
[2025-01-07T11:55:08.033+0000] {logging_mixin.py:190} INFO - [2025-01-07T11:55:08.033+0000] {dag.py:4180} INFO - Setting next_dagrun for example_sla_dag to 2025-01-07 11:52:00+00:00, run_after=2025-01-07 11:54:00+00:00
[2025-01-07T11:55:08.052+0000] {processor.py:208} INFO - Processing /home/airflow/.local/lib/python3.12/site-packages/airflow/example_dags/example_sla_dag.py took 0.089 seconds
[2025-01-07T11:55:38.638+0000] {processor.py:186} INFO - Started process (PID=1039) to work on /home/airflow/.local/lib/python3.12/site-packages/airflow/example_dags/example_sla_dag.py
[2025-01-07T11:55:38.639+0000] {processor.py:914} INFO - Processing file /home/airflow/.local/lib/python3.12/site-packages/airflow/example_dags/example_sla_dag.py for tasks to queue
[2025-01-07T11:55:38.642+0000] {logging_mixin.py:190} INFO - [2025-01-07T11:55:38.642+0000] {dagbag.py:588} INFO - Filling up the DagBag from /home/airflow/.local/lib/python3.12/site-packages/airflow/example_dags/example_sla_dag.py
[2025-01-07T11:55:38.653+0000] {processor.py:925} INFO - DAG(s) 'example_sla_dag' retrieved from /home/airflow/.local/lib/python3.12/site-packages/airflow/example_dags/example_sla_dag.py
[2025-01-07T11:55:38.676+0000] {logging_mixin.py:190} INFO - [2025-01-07T11:55:38.675+0000] {dag.py:3239} INFO - Sync 1 DAGs
[2025-01-07T11:55:38.701+0000] {logging_mixin.py:190} INFO - [2025-01-07T11:55:38.701+0000] {dag.py:4180} INFO - Setting next_dagrun for example_sla_dag to 2025-01-07 11:52:00+00:00, run_after=2025-01-07 11:54:00+00:00
[2025-01-07T11:55:38.718+0000] {processor.py:208} INFO - Processing /home/airflow/.local/lib/python3.12/site-packages/airflow/example_dags/example_sla_dag.py took 0.085 seconds
[2025-01-07T11:56:09.430+0000] {processor.py:186} INFO - Started process (PID=1102) to work on /home/airflow/.local/lib/python3.12/site-packages/airflow/example_dags/example_sla_dag.py
[2025-01-07T11:56:09.432+0000] {processor.py:914} INFO - Processing file /home/airflow/.local/lib/python3.12/site-packages/airflow/example_dags/example_sla_dag.py for tasks to queue
[2025-01-07T11:56:09.440+0000] {logging_mixin.py:190} INFO - [2025-01-07T11:56:09.439+0000] {dagbag.py:588} INFO - Filling up the DagBag from /home/airflow/.local/lib/python3.12/site-packages/airflow/example_dags/example_sla_dag.py
[2025-01-07T11:56:09.456+0000] {processor.py:925} INFO - DAG(s) 'example_sla_dag' retrieved from /home/airflow/.local/lib/python3.12/site-packages/airflow/example_dags/example_sla_dag.py
[2025-01-07T11:56:09.479+0000] {logging_mixin.py:190} INFO - [2025-01-07T11:56:09.479+0000] {dag.py:3239} INFO - Sync 1 DAGs
[2025-01-07T11:56:09.521+0000] {logging_mixin.py:190} INFO - [2025-01-07T11:56:09.520+0000] {dag.py:4180} INFO - Setting next_dagrun for example_sla_dag to 2025-01-07 11:54:00+00:00, run_after=2025-01-07 11:56:00+00:00
[2025-01-07T11:56:09.549+0000] {processor.py:208} INFO - Processing /home/airflow/.local/lib/python3.12/site-packages/airflow/example_dags/example_sla_dag.py took 0.128 seconds
[2025-01-07T11:56:40.019+0000] {processor.py:186} INFO - Started process (PID=1165) to work on /home/airflow/.local/lib/python3.12/site-packages/airflow/example_dags/example_sla_dag.py
[2025-01-07T11:56:40.020+0000] {processor.py:914} INFO - Processing file /home/airflow/.local/lib/python3.12/site-packages/airflow/example_dags/example_sla_dag.py for tasks to queue
[2025-01-07T11:56:40.023+0000] {logging_mixin.py:190} INFO - [2025-01-07T11:56:40.022+0000] {dagbag.py:588} INFO - Filling up the DagBag from /home/airflow/.local/lib/python3.12/site-packages/airflow/example_dags/example_sla_dag.py
[2025-01-07T11:56:40.032+0000] {processor.py:925} INFO - DAG(s) 'example_sla_dag' retrieved from /home/airflow/.local/lib/python3.12/site-packages/airflow/example_dags/example_sla_dag.py
[2025-01-07T11:56:40.050+0000] {logging_mixin.py:190} INFO - [2025-01-07T11:56:40.049+0000] {dag.py:3239} INFO - Sync 1 DAGs
[2025-01-07T11:56:40.077+0000] {logging_mixin.py:190} INFO - [2025-01-07T11:56:40.076+0000] {dag.py:4180} INFO - Setting next_dagrun for example_sla_dag to 2025-01-07 11:54:00+00:00, run_after=2025-01-07 11:56:00+00:00
[2025-01-07T11:56:40.095+0000] {processor.py:208} INFO - Processing /home/airflow/.local/lib/python3.12/site-packages/airflow/example_dags/example_sla_dag.py took 0.082 seconds
[2025-01-07T11:57:10.325+0000] {processor.py:186} INFO - Started process (PID=1228) to work on /home/airflow/.local/lib/python3.12/site-packages/airflow/example_dags/example_sla_dag.py
[2025-01-07T11:57:10.326+0000] {processor.py:914} INFO - Processing file /home/airflow/.local/lib/python3.12/site-packages/airflow/example_dags/example_sla_dag.py for tasks to queue
[2025-01-07T11:57:10.328+0000] {logging_mixin.py:190} INFO - [2025-01-07T11:57:10.328+0000] {dagbag.py:588} INFO - Filling up the DagBag from /home/airflow/.local/lib/python3.12/site-packages/airflow/example_dags/example_sla_dag.py
[2025-01-07T11:57:10.338+0000] {processor.py:925} INFO - DAG(s) 'example_sla_dag' retrieved from /home/airflow/.local/lib/python3.12/site-packages/airflow/example_dags/example_sla_dag.py
[2025-01-07T11:57:10.357+0000] {logging_mixin.py:190} INFO - [2025-01-07T11:57:10.357+0000] {dag.py:3239} INFO - Sync 1 DAGs
[2025-01-07T11:57:10.383+0000] {logging_mixin.py:190} INFO - [2025-01-07T11:57:10.383+0000] {dag.py:4180} INFO - Setting next_dagrun for example_sla_dag to 2025-01-07 11:54:00+00:00, run_after=2025-01-07 11:56:00+00:00
[2025-01-07T11:57:10.400+0000] {processor.py:208} INFO - Processing /home/airflow/.local/lib/python3.12/site-packages/airflow/example_dags/example_sla_dag.py took 0.082 seconds
[2025-01-07T11:57:42.535+0000] {processor.py:186} INFO - Started process (PID=1299) to work on /home/airflow/.local/lib/python3.12/site-packages/airflow/example_dags/example_sla_dag.py
[2025-01-07T11:57:42.541+0000] {processor.py:914} INFO - Processing file /home/airflow/.local/lib/python3.12/site-packages/airflow/example_dags/example_sla_dag.py for tasks to queue
[2025-01-07T11:57:42.547+0000] {logging_mixin.py:190} INFO - [2025-01-07T11:57:42.546+0000] {dagbag.py:588} INFO - Filling up the DagBag from /home/airflow/.local/lib/python3.12/site-packages/airflow/example_dags/example_sla_dag.py
[2025-01-07T11:57:42.568+0000] {processor.py:925} INFO - DAG(s) 'example_sla_dag' retrieved from /home/airflow/.local/lib/python3.12/site-packages/airflow/example_dags/example_sla_dag.py
[2025-01-07T11:57:42.630+0000] {logging_mixin.py:190} INFO - [2025-01-07T11:57:42.630+0000] {dag.py:3239} INFO - Sync 1 DAGs
[2025-01-07T11:57:42.695+0000] {logging_mixin.py:190} INFO - [2025-01-07T11:57:42.694+0000] {dag.py:4180} INFO - Setting next_dagrun for example_sla_dag to 2025-01-07 11:54:00+00:00, run_after=2025-01-07 11:56:00+00:00
[2025-01-07T11:57:42.752+0000] {processor.py:208} INFO - Processing /home/airflow/.local/lib/python3.12/site-packages/airflow/example_dags/example_sla_dag.py took 0.227 seconds
[2025-01-07T11:58:12.831+0000] {processor.py:186} INFO - Started process (PID=1362) to work on /home/airflow/.local/lib/python3.12/site-packages/airflow/example_dags/example_sla_dag.py
[2025-01-07T11:58:12.832+0000] {processor.py:914} INFO - Processing file /home/airflow/.local/lib/python3.12/site-packages/airflow/example_dags/example_sla_dag.py for tasks to queue
[2025-01-07T11:58:12.835+0000] {logging_mixin.py:190} INFO - [2025-01-07T11:58:12.835+0000] {dagbag.py:588} INFO - Filling up the DagBag from /home/airflow/.local/lib/python3.12/site-packages/airflow/example_dags/example_sla_dag.py
[2025-01-07T11:58:12.845+0000] {processor.py:925} INFO - DAG(s) 'example_sla_dag' retrieved from /home/airflow/.local/lib/python3.12/site-packages/airflow/example_dags/example_sla_dag.py
[2025-01-07T11:58:12.867+0000] {logging_mixin.py:190} INFO - [2025-01-07T11:58:12.866+0000] {dag.py:3239} INFO - Sync 1 DAGs
[2025-01-07T11:58:12.893+0000] {logging_mixin.py:190} INFO - [2025-01-07T11:58:12.892+0000] {dag.py:4180} INFO - Setting next_dagrun for example_sla_dag to 2025-01-07 11:56:00+00:00, run_after=2025-01-07 11:58:00+00:00
[2025-01-07T11:58:12.917+0000] {processor.py:208} INFO - Processing /home/airflow/.local/lib/python3.12/site-packages/airflow/example_dags/example_sla_dag.py took 0.091 seconds
[2025-01-07T11:58:43.063+0000] {processor.py:186} INFO - Started process (PID=1425) to work on /home/airflow/.local/lib/python3.12/site-packages/airflow/example_dags/example_sla_dag.py
[2025-01-07T11:58:43.064+0000] {processor.py:914} INFO - Processing file /home/airflow/.local/lib/python3.12/site-packages/airflow/example_dags/example_sla_dag.py for tasks to queue
[2025-01-07T11:58:43.067+0000] {logging_mixin.py:190} INFO - [2025-01-07T11:58:43.066+0000] {dagbag.py:588} INFO - Filling up the DagBag from /home/airflow/.local/lib/python3.12/site-packages/airflow/example_dags/example_sla_dag.py
[2025-01-07T11:58:43.080+0000] {processor.py:925} INFO - DAG(s) 'example_sla_dag' retrieved from /home/airflow/.local/lib/python3.12/site-packages/airflow/example_dags/example_sla_dag.py
[2025-01-07T11:58:43.099+0000] {logging_mixin.py:190} INFO - [2025-01-07T11:58:43.099+0000] {dag.py:3239} INFO - Sync 1 DAGs
[2025-01-07T11:58:43.124+0000] {logging_mixin.py:190} INFO - [2025-01-07T11:58:43.123+0000] {dag.py:4180} INFO - Setting next_dagrun for example_sla_dag to 2025-01-07 11:56:00+00:00, run_after=2025-01-07 11:58:00+00:00
[2025-01-07T11:58:43.143+0000] {processor.py:208} INFO - Processing /home/airflow/.local/lib/python3.12/site-packages/airflow/example_dags/example_sla_dag.py took 0.086 seconds
[2025-01-07T11:59:13.349+0000] {processor.py:186} INFO - Started process (PID=1488) to work on /home/airflow/.local/lib/python3.12/site-packages/airflow/example_dags/example_sla_dag.py
[2025-01-07T11:59:13.350+0000] {processor.py:914} INFO - Processing file /home/airflow/.local/lib/python3.12/site-packages/airflow/example_dags/example_sla_dag.py for tasks to queue
[2025-01-07T11:59:13.353+0000] {logging_mixin.py:190} INFO - [2025-01-07T11:59:13.353+0000] {dagbag.py:588} INFO - Filling up the DagBag from /home/airflow/.local/lib/python3.12/site-packages/airflow/example_dags/example_sla_dag.py
[2025-01-07T11:59:13.364+0000] {processor.py:925} INFO - DAG(s) 'example_sla_dag' retrieved from /home/airflow/.local/lib/python3.12/site-packages/airflow/example_dags/example_sla_dag.py
[2025-01-07T11:59:13.385+0000] {logging_mixin.py:190} INFO - [2025-01-07T11:59:13.385+0000] {dag.py:3239} INFO - Sync 1 DAGs
[2025-01-07T11:59:13.412+0000] {logging_mixin.py:190} INFO - [2025-01-07T11:59:13.412+0000] {dag.py:4180} INFO - Setting next_dagrun for example_sla_dag to 2025-01-07 11:56:00+00:00, run_after=2025-01-07 11:58:00+00:00
[2025-01-07T11:59:13.431+0000] {processor.py:208} INFO - Processing /home/airflow/.local/lib/python3.12/site-packages/airflow/example_dags/example_sla_dag.py took 0.088 seconds
[2025-01-07T11:59:44.243+0000] {processor.py:186} INFO - Started process (PID=1552) to work on /home/airflow/.local/lib/python3.12/site-packages/airflow/example_dags/example_sla_dag.py
[2025-01-07T11:59:44.244+0000] {processor.py:914} INFO - Processing file /home/airflow/.local/lib/python3.12/site-packages/airflow/example_dags/example_sla_dag.py for tasks to queue
[2025-01-07T11:59:44.247+0000] {logging_mixin.py:190} INFO - [2025-01-07T11:59:44.246+0000] {dagbag.py:588} INFO - Filling up the DagBag from /home/airflow/.local/lib/python3.12/site-packages/airflow/example_dags/example_sla_dag.py
[2025-01-07T11:59:44.258+0000] {processor.py:925} INFO - DAG(s) 'example_sla_dag' retrieved from /home/airflow/.local/lib/python3.12/site-packages/airflow/example_dags/example_sla_dag.py
[2025-01-07T11:59:44.276+0000] {logging_mixin.py:190} INFO - [2025-01-07T11:59:44.276+0000] {dag.py:3239} INFO - Sync 1 DAGs
[2025-01-07T11:59:44.299+0000] {logging_mixin.py:190} INFO - [2025-01-07T11:59:44.299+0000] {dag.py:4180} INFO - Setting next_dagrun for example_sla_dag to 2025-01-07 11:56:00+00:00, run_after=2025-01-07 11:58:00+00:00
[2025-01-07T11:59:44.317+0000] {processor.py:208} INFO - Processing /home/airflow/.local/lib/python3.12/site-packages/airflow/example_dags/example_sla_dag.py took 0.080 seconds
[2025-01-07T12:00:14.722+0000] {processor.py:186} INFO - Started process (PID=1615) to work on /home/airflow/.local/lib/python3.12/site-packages/airflow/example_dags/example_sla_dag.py
[2025-01-07T12:00:14.724+0000] {processor.py:914} INFO - Processing file /home/airflow/.local/lib/python3.12/site-packages/airflow/example_dags/example_sla_dag.py for tasks to queue
[2025-01-07T12:00:14.726+0000] {logging_mixin.py:190} INFO - [2025-01-07T12:00:14.726+0000] {dagbag.py:588} INFO - Filling up the DagBag from /home/airflow/.local/lib/python3.12/site-packages/airflow/example_dags/example_sla_dag.py
[2025-01-07T12:00:14.736+0000] {processor.py:925} INFO - DAG(s) 'example_sla_dag' retrieved from /home/airflow/.local/lib/python3.12/site-packages/airflow/example_dags/example_sla_dag.py
[2025-01-07T12:00:14.755+0000] {logging_mixin.py:190} INFO - [2025-01-07T12:00:14.754+0000] {dag.py:3239} INFO - Sync 1 DAGs
[2025-01-07T12:00:14.778+0000] {logging_mixin.py:190} INFO - [2025-01-07T12:00:14.777+0000] {dag.py:4180} INFO - Setting next_dagrun for example_sla_dag to 2025-01-07 11:58:00+00:00, run_after=2025-01-07 12:00:00+00:00
[2025-01-07T12:00:14.795+0000] {processor.py:208} INFO - Processing /home/airflow/.local/lib/python3.12/site-packages/airflow/example_dags/example_sla_dag.py took 0.078 seconds
[2025-01-07T12:00:45.044+0000] {processor.py:186} INFO - Started process (PID=1678) to work on /home/airflow/.local/lib/python3.12/site-packages/airflow/example_dags/example_sla_dag.py
[2025-01-07T12:00:45.045+0000] {processor.py:914} INFO - Processing file /home/airflow/.local/lib/python3.12/site-packages/airflow/example_dags/example_sla_dag.py for tasks to queue
[2025-01-07T12:00:45.049+0000] {logging_mixin.py:190} INFO - [2025-01-07T12:00:45.048+0000] {dagbag.py:588} INFO - Filling up the DagBag from /home/airflow/.local/lib/python3.12/site-packages/airflow/example_dags/example_sla_dag.py
[2025-01-07T12:00:45.061+0000] {processor.py:925} INFO - DAG(s) 'example_sla_dag' retrieved from /home/airflow/.local/lib/python3.12/site-packages/airflow/example_dags/example_sla_dag.py
[2025-01-07T12:00:45.085+0000] {logging_mixin.py:190} INFO - [2025-01-07T12:00:45.085+0000] {dag.py:3239} INFO - Sync 1 DAGs
[2025-01-07T12:00:45.118+0000] {logging_mixin.py:190} INFO - [2025-01-07T12:00:45.118+0000] {dag.py:4180} INFO - Setting next_dagrun for example_sla_dag to 2025-01-07 11:58:00+00:00, run_after=2025-01-07 12:00:00+00:00
[2025-01-07T12:00:45.140+0000] {processor.py:208} INFO - Processing /home/airflow/.local/lib/python3.12/site-packages/airflow/example_dags/example_sla_dag.py took 0.102 seconds
[2025-01-07T12:01:15.946+0000] {processor.py:186} INFO - Started process (PID=1741) to work on /home/airflow/.local/lib/python3.12/site-packages/airflow/example_dags/example_sla_dag.py
[2025-01-07T12:01:15.947+0000] {processor.py:914} INFO - Processing file /home/airflow/.local/lib/python3.12/site-packages/airflow/example_dags/example_sla_dag.py for tasks to queue
[2025-01-07T12:01:15.949+0000] {logging_mixin.py:190} INFO - [2025-01-07T12:01:15.949+0000] {dagbag.py:588} INFO - Filling up the DagBag from /home/airflow/.local/lib/python3.12/site-packages/airflow/example_dags/example_sla_dag.py
[2025-01-07T12:01:15.959+0000] {processor.py:925} INFO - DAG(s) 'example_sla_dag' retrieved from /home/airflow/.local/lib/python3.12/site-packages/airflow/example_dags/example_sla_dag.py
[2025-01-07T12:01:15.976+0000] {logging_mixin.py:190} INFO - [2025-01-07T12:01:15.976+0000] {dag.py:3239} INFO - Sync 1 DAGs
[2025-01-07T12:01:16.000+0000] {logging_mixin.py:190} INFO - [2025-01-07T12:01:15.999+0000] {dag.py:4180} INFO - Setting next_dagrun for example_sla_dag to 2025-01-07 11:58:00+00:00, run_after=2025-01-07 12:00:00+00:00
[2025-01-07T12:01:16.018+0000] {processor.py:208} INFO - Processing /home/airflow/.local/lib/python3.12/site-packages/airflow/example_dags/example_sla_dag.py took 0.078 seconds
[2025-01-07T12:01:46.148+0000] {processor.py:186} INFO - Started process (PID=1804) to work on /home/airflow/.local/lib/python3.12/site-packages/airflow/example_dags/example_sla_dag.py
[2025-01-07T12:01:46.149+0000] {processor.py:914} INFO - Processing file /home/airflow/.local/lib/python3.12/site-packages/airflow/example_dags/example_sla_dag.py for tasks to queue
[2025-01-07T12:01:46.152+0000] {logging_mixin.py:190} INFO - [2025-01-07T12:01:46.151+0000] {dagbag.py:588} INFO - Filling up the DagBag from /home/airflow/.local/lib/python3.12/site-packages/airflow/example_dags/example_sla_dag.py
[2025-01-07T12:01:46.162+0000] {processor.py:925} INFO - DAG(s) 'example_sla_dag' retrieved from /home/airflow/.local/lib/python3.12/site-packages/airflow/example_dags/example_sla_dag.py
[2025-01-07T12:01:46.182+0000] {logging_mixin.py:190} INFO - [2025-01-07T12:01:46.182+0000] {dag.py:3239} INFO - Sync 1 DAGs
[2025-01-07T12:01:46.209+0000] {logging_mixin.py:190} INFO - [2025-01-07T12:01:46.209+0000] {dag.py:4180} INFO - Setting next_dagrun for example_sla_dag to 2025-01-07 11:58:00+00:00, run_after=2025-01-07 12:00:00+00:00
[2025-01-07T12:01:46.229+0000] {processor.py:208} INFO - Processing /home/airflow/.local/lib/python3.12/site-packages/airflow/example_dags/example_sla_dag.py took 0.086 seconds
[2025-01-07T12:02:17.690+0000] {processor.py:186} INFO - Started process (PID=1867) to work on /home/airflow/.local/lib/python3.12/site-packages/airflow/example_dags/example_sla_dag.py
[2025-01-07T12:02:17.691+0000] {processor.py:914} INFO - Processing file /home/airflow/.local/lib/python3.12/site-packages/airflow/example_dags/example_sla_dag.py for tasks to queue
[2025-01-07T12:02:17.694+0000] {logging_mixin.py:190} INFO - [2025-01-07T12:02:17.694+0000] {dagbag.py:588} INFO - Filling up the DagBag from /home/airflow/.local/lib/python3.12/site-packages/airflow/example_dags/example_sla_dag.py
[2025-01-07T12:02:17.707+0000] {processor.py:925} INFO - DAG(s) 'example_sla_dag' retrieved from /home/airflow/.local/lib/python3.12/site-packages/airflow/example_dags/example_sla_dag.py
[2025-01-07T12:02:17.724+0000] {logging_mixin.py:190} INFO - [2025-01-07T12:02:17.724+0000] {dag.py:3239} INFO - Sync 1 DAGs
[2025-01-07T12:02:17.751+0000] {logging_mixin.py:190} INFO - [2025-01-07T12:02:17.751+0000] {dag.py:4180} INFO - Setting next_dagrun for example_sla_dag to 2025-01-07 12:00:00+00:00, run_after=2025-01-07 12:02:00+00:00
[2025-01-07T12:02:17.771+0000] {processor.py:208} INFO - Processing /home/airflow/.local/lib/python3.12/site-packages/airflow/example_dags/example_sla_dag.py took 0.088 seconds
[2025-01-07T12:02:48.420+0000] {processor.py:186} INFO - Started process (PID=1936) to work on /home/airflow/.local/lib/python3.12/site-packages/airflow/example_dags/example_sla_dag.py
[2025-01-07T12:02:48.422+0000] {processor.py:914} INFO - Processing file /home/airflow/.local/lib/python3.12/site-packages/airflow/example_dags/example_sla_dag.py for tasks to queue
[2025-01-07T12:02:48.425+0000] {logging_mixin.py:190} INFO - [2025-01-07T12:02:48.424+0000] {dagbag.py:588} INFO - Filling up the DagBag from /home/airflow/.local/lib/python3.12/site-packages/airflow/example_dags/example_sla_dag.py
[2025-01-07T12:02:48.436+0000] {processor.py:925} INFO - DAG(s) 'example_sla_dag' retrieved from /home/airflow/.local/lib/python3.12/site-packages/airflow/example_dags/example_sla_dag.py
[2025-01-07T12:02:48.461+0000] {logging_mixin.py:190} INFO - [2025-01-07T12:02:48.460+0000] {dag.py:3239} INFO - Sync 1 DAGs
[2025-01-07T12:02:48.502+0000] {logging_mixin.py:190} INFO - [2025-01-07T12:02:48.501+0000] {dag.py:4180} INFO - Setting next_dagrun for example_sla_dag to 2025-01-07 12:00:00+00:00, run_after=2025-01-07 12:02:00+00:00
[2025-01-07T12:02:48.530+0000] {processor.py:208} INFO - Processing /home/airflow/.local/lib/python3.12/site-packages/airflow/example_dags/example_sla_dag.py took 0.118 seconds
[2025-01-07T12:03:19.476+0000] {processor.py:186} INFO - Started process (PID=1999) to work on /home/airflow/.local/lib/python3.12/site-packages/airflow/example_dags/example_sla_dag.py
[2025-01-07T12:03:19.477+0000] {processor.py:914} INFO - Processing file /home/airflow/.local/lib/python3.12/site-packages/airflow/example_dags/example_sla_dag.py for tasks to queue
[2025-01-07T12:03:19.480+0000] {logging_mixin.py:190} INFO - [2025-01-07T12:03:19.479+0000] {dagbag.py:588} INFO - Filling up the DagBag from /home/airflow/.local/lib/python3.12/site-packages/airflow/example_dags/example_sla_dag.py
[2025-01-07T12:03:19.490+0000] {processor.py:925} INFO - DAG(s) 'example_sla_dag' retrieved from /home/airflow/.local/lib/python3.12/site-packages/airflow/example_dags/example_sla_dag.py
[2025-01-07T12:03:19.509+0000] {logging_mixin.py:190} INFO - [2025-01-07T12:03:19.509+0000] {dag.py:3239} INFO - Sync 1 DAGs
[2025-01-07T12:03:19.537+0000] {logging_mixin.py:190} INFO - [2025-01-07T12:03:19.536+0000] {dag.py:4180} INFO - Setting next_dagrun for example_sla_dag to 2025-01-07 12:00:00+00:00, run_after=2025-01-07 12:02:00+00:00
[2025-01-07T12:03:19.556+0000] {processor.py:208} INFO - Processing /home/airflow/.local/lib/python3.12/site-packages/airflow/example_dags/example_sla_dag.py took 0.086 seconds
[2025-01-07T12:03:49.999+0000] {processor.py:186} INFO - Started process (PID=2062) to work on /home/airflow/.local/lib/python3.12/site-packages/airflow/example_dags/example_sla_dag.py
[2025-01-07T12:03:50.001+0000] {processor.py:914} INFO - Processing file /home/airflow/.local/lib/python3.12/site-packages/airflow/example_dags/example_sla_dag.py for tasks to queue
[2025-01-07T12:03:50.004+0000] {logging_mixin.py:190} INFO - [2025-01-07T12:03:50.004+0000] {dagbag.py:588} INFO - Filling up the DagBag from /home/airflow/.local/lib/python3.12/site-packages/airflow/example_dags/example_sla_dag.py
[2025-01-07T12:03:50.020+0000] {processor.py:925} INFO - DAG(s) 'example_sla_dag' retrieved from /home/airflow/.local/lib/python3.12/site-packages/airflow/example_dags/example_sla_dag.py
[2025-01-07T12:03:50.040+0000] {logging_mixin.py:190} INFO - [2025-01-07T12:03:50.039+0000] {dag.py:3239} INFO - Sync 1 DAGs
[2025-01-07T12:03:50.065+0000] {logging_mixin.py:190} INFO - [2025-01-07T12:03:50.065+0000] {dag.py:4180} INFO - Setting next_dagrun for example_sla_dag to 2025-01-07 12:00:00+00:00, run_after=2025-01-07 12:02:00+00:00
[2025-01-07T12:03:50.084+0000] {processor.py:208} INFO - Processing /home/airflow/.local/lib/python3.12/site-packages/airflow/example_dags/example_sla_dag.py took 0.093 seconds
[2025-01-07T12:04:21.252+0000] {processor.py:186} INFO - Started process (PID=2125) to work on /home/airflow/.local/lib/python3.12/site-packages/airflow/example_dags/example_sla_dag.py
[2025-01-07T12:04:21.254+0000] {processor.py:914} INFO - Processing file /home/airflow/.local/lib/python3.12/site-packages/airflow/example_dags/example_sla_dag.py for tasks to queue
[2025-01-07T12:04:21.257+0000] {logging_mixin.py:190} INFO - [2025-01-07T12:04:21.256+0000] {dagbag.py:588} INFO - Filling up the DagBag from /home/airflow/.local/lib/python3.12/site-packages/airflow/example_dags/example_sla_dag.py
[2025-01-07T12:04:21.267+0000] {processor.py:925} INFO - DAG(s) 'example_sla_dag' retrieved from /home/airflow/.local/lib/python3.12/site-packages/airflow/example_dags/example_sla_dag.py
[2025-01-07T12:04:21.294+0000] {logging_mixin.py:190} INFO - [2025-01-07T12:04:21.294+0000] {dag.py:3239} INFO - Sync 1 DAGs
[2025-01-07T12:04:21.319+0000] {logging_mixin.py:190} INFO - [2025-01-07T12:04:21.319+0000] {dag.py:4180} INFO - Setting next_dagrun for example_sla_dag to 2025-01-07 12:02:00+00:00, run_after=2025-01-07 12:04:00+00:00
[2025-01-07T12:04:21.337+0000] {processor.py:208} INFO - Processing /home/airflow/.local/lib/python3.12/site-packages/airflow/example_dags/example_sla_dag.py took 0.091 seconds
[2025-01-07T12:04:52.618+0000] {processor.py:186} INFO - Started process (PID=2188) to work on /home/airflow/.local/lib/python3.12/site-packages/airflow/example_dags/example_sla_dag.py
[2025-01-07T12:04:52.619+0000] {processor.py:914} INFO - Processing file /home/airflow/.local/lib/python3.12/site-packages/airflow/example_dags/example_sla_dag.py for tasks to queue
[2025-01-07T12:04:52.623+0000] {logging_mixin.py:190} INFO - [2025-01-07T12:04:52.623+0000] {dagbag.py:588} INFO - Filling up the DagBag from /home/airflow/.local/lib/python3.12/site-packages/airflow/example_dags/example_sla_dag.py
[2025-01-07T12:04:52.648+0000] {processor.py:925} INFO - DAG(s) 'example_sla_dag' retrieved from /home/airflow/.local/lib/python3.12/site-packages/airflow/example_dags/example_sla_dag.py
[2025-01-07T12:04:52.686+0000] {logging_mixin.py:190} INFO - [2025-01-07T12:04:52.685+0000] {dag.py:3239} INFO - Sync 1 DAGs
[2025-01-07T12:04:52.719+0000] {logging_mixin.py:190} INFO - [2025-01-07T12:04:52.718+0000] {dag.py:4180} INFO - Setting next_dagrun for example_sla_dag to 2025-01-07 12:02:00+00:00, run_after=2025-01-07 12:04:00+00:00
[2025-01-07T12:04:52.742+0000] {processor.py:208} INFO - Processing /home/airflow/.local/lib/python3.12/site-packages/airflow/example_dags/example_sla_dag.py took 0.133 seconds
[2025-01-07T12:05:24.330+0000] {processor.py:186} INFO - Started process (PID=2251) to work on /home/airflow/.local/lib/python3.12/site-packages/airflow/example_dags/example_sla_dag.py
[2025-01-07T12:05:24.331+0000] {processor.py:914} INFO - Processing file /home/airflow/.local/lib/python3.12/site-packages/airflow/example_dags/example_sla_dag.py for tasks to queue
[2025-01-07T12:05:24.334+0000] {logging_mixin.py:190} INFO - [2025-01-07T12:05:24.334+0000] {dagbag.py:588} INFO - Filling up the DagBag from /home/airflow/.local/lib/python3.12/site-packages/airflow/example_dags/example_sla_dag.py
[2025-01-07T12:05:24.345+0000] {processor.py:925} INFO - DAG(s) 'example_sla_dag' retrieved from /home/airflow/.local/lib/python3.12/site-packages/airflow/example_dags/example_sla_dag.py
[2025-01-07T12:05:24.368+0000] {logging_mixin.py:190} INFO - [2025-01-07T12:05:24.368+0000] {dag.py:3239} INFO - Sync 1 DAGs
[2025-01-07T12:05:24.393+0000] {logging_mixin.py:190} INFO - [2025-01-07T12:05:24.393+0000] {dag.py:4180} INFO - Setting next_dagrun for example_sla_dag to 2025-01-07 12:02:00+00:00, run_after=2025-01-07 12:04:00+00:00
[2025-01-07T12:05:24.412+0000] {processor.py:208} INFO - Processing /home/airflow/.local/lib/python3.12/site-packages/airflow/example_dags/example_sla_dag.py took 0.089 seconds
[2025-01-07T12:05:56.773+0000] {processor.py:186} INFO - Started process (PID=2317) to work on /home/airflow/.local/lib/python3.12/site-packages/airflow/example_dags/example_sla_dag.py
[2025-01-07T12:05:56.778+0000] {processor.py:914} INFO - Processing file /home/airflow/.local/lib/python3.12/site-packages/airflow/example_dags/example_sla_dag.py for tasks to queue
[2025-01-07T12:05:56.783+0000] {logging_mixin.py:190} INFO - [2025-01-07T12:05:56.782+0000] {dagbag.py:588} INFO - Filling up the DagBag from /home/airflow/.local/lib/python3.12/site-packages/airflow/example_dags/example_sla_dag.py
[2025-01-07T12:05:56.802+0000] {processor.py:925} INFO - DAG(s) 'example_sla_dag' retrieved from /home/airflow/.local/lib/python3.12/site-packages/airflow/example_dags/example_sla_dag.py
[2025-01-07T12:05:56.833+0000] {logging_mixin.py:190} INFO - [2025-01-07T12:05:56.833+0000] {dag.py:3239} INFO - Sync 1 DAGs
[2025-01-07T12:05:56.874+0000] {logging_mixin.py:190} INFO - [2025-01-07T12:05:56.874+0000] {dag.py:4180} INFO - Setting next_dagrun for example_sla_dag to 2025-01-07 12:02:00+00:00, run_after=2025-01-07 12:04:00+00:00
[2025-01-07T12:05:56.906+0000] {processor.py:208} INFO - Processing /home/airflow/.local/lib/python3.12/site-packages/airflow/example_dags/example_sla_dag.py took 0.140 seconds
[2025-01-07T12:06:27.302+0000] {processor.py:186} INFO - Started process (PID=2380) to work on /home/airflow/.local/lib/python3.12/site-packages/airflow/example_dags/example_sla_dag.py
[2025-01-07T12:06:27.304+0000] {processor.py:914} INFO - Processing file /home/airflow/.local/lib/python3.12/site-packages/airflow/example_dags/example_sla_dag.py for tasks to queue
[2025-01-07T12:06:27.307+0000] {logging_mixin.py:190} INFO - [2025-01-07T12:06:27.307+0000] {dagbag.py:588} INFO - Filling up the DagBag from /home/airflow/.local/lib/python3.12/site-packages/airflow/example_dags/example_sla_dag.py
[2025-01-07T12:06:27.323+0000] {processor.py:925} INFO - DAG(s) 'example_sla_dag' retrieved from /home/airflow/.local/lib/python3.12/site-packages/airflow/example_dags/example_sla_dag.py
[2025-01-07T12:06:27.344+0000] {logging_mixin.py:190} INFO - [2025-01-07T12:06:27.344+0000] {dag.py:3239} INFO - Sync 1 DAGs
[2025-01-07T12:06:27.373+0000] {logging_mixin.py:190} INFO - [2025-01-07T12:06:27.372+0000] {dag.py:4180} INFO - Setting next_dagrun for example_sla_dag to 2025-01-07 12:04:00+00:00, run_after=2025-01-07 12:06:00+00:00
[2025-01-07T12:06:27.393+0000] {processor.py:208} INFO - Processing /home/airflow/.local/lib/python3.12/site-packages/airflow/example_dags/example_sla_dag.py took 0.097 seconds
[2025-01-07T12:06:58.027+0000] {processor.py:186} INFO - Started process (PID=2444) to work on /home/airflow/.local/lib/python3.12/site-packages/airflow/example_dags/example_sla_dag.py
[2025-01-07T12:06:58.028+0000] {processor.py:914} INFO - Processing file /home/airflow/.local/lib/python3.12/site-packages/airflow/example_dags/example_sla_dag.py for tasks to queue
[2025-01-07T12:06:58.030+0000] {logging_mixin.py:190} INFO - [2025-01-07T12:06:58.030+0000] {dagbag.py:588} INFO - Filling up the DagBag from /home/airflow/.local/lib/python3.12/site-packages/airflow/example_dags/example_sla_dag.py
[2025-01-07T12:06:58.041+0000] {processor.py:925} INFO - DAG(s) 'example_sla_dag' retrieved from /home/airflow/.local/lib/python3.12/site-packages/airflow/example_dags/example_sla_dag.py
[2025-01-07T12:06:58.059+0000] {logging_mixin.py:190} INFO - [2025-01-07T12:06:58.059+0000] {dag.py:3239} INFO - Sync 1 DAGs
[2025-01-07T12:06:58.083+0000] {logging_mixin.py:190} INFO - [2025-01-07T12:06:58.082+0000] {dag.py:4180} INFO - Setting next_dagrun for example_sla_dag to 2025-01-07 12:04:00+00:00, run_after=2025-01-07 12:06:00+00:00
[2025-01-07T12:06:58.101+0000] {processor.py:208} INFO - Processing /home/airflow/.local/lib/python3.12/site-packages/airflow/example_dags/example_sla_dag.py took 0.080 seconds
[2025-01-07T12:07:29.372+0000] {processor.py:186} INFO - Started process (PID=2507) to work on /home/airflow/.local/lib/python3.12/site-packages/airflow/example_dags/example_sla_dag.py
[2025-01-07T12:07:29.373+0000] {processor.py:914} INFO - Processing file /home/airflow/.local/lib/python3.12/site-packages/airflow/example_dags/example_sla_dag.py for tasks to queue
[2025-01-07T12:07:29.376+0000] {logging_mixin.py:190} INFO - [2025-01-07T12:07:29.376+0000] {dagbag.py:588} INFO - Filling up the DagBag from /home/airflow/.local/lib/python3.12/site-packages/airflow/example_dags/example_sla_dag.py
[2025-01-07T12:07:29.388+0000] {processor.py:925} INFO - DAG(s) 'example_sla_dag' retrieved from /home/airflow/.local/lib/python3.12/site-packages/airflow/example_dags/example_sla_dag.py
[2025-01-07T12:07:29.409+0000] {logging_mixin.py:190} INFO - [2025-01-07T12:07:29.408+0000] {dag.py:3239} INFO - Sync 1 DAGs
[2025-01-07T12:07:29.434+0000] {logging_mixin.py:190} INFO - [2025-01-07T12:07:29.434+0000] {dag.py:4180} INFO - Setting next_dagrun for example_sla_dag to 2025-01-07 12:04:00+00:00, run_after=2025-01-07 12:06:00+00:00
[2025-01-07T12:07:29.453+0000] {processor.py:208} INFO - Processing /home/airflow/.local/lib/python3.12/site-packages/airflow/example_dags/example_sla_dag.py took 0.088 seconds
[2025-01-07T12:08:02.525+0000] {processor.py:186} INFO - Started process (PID=2572) to work on /home/airflow/.local/lib/python3.12/site-packages/airflow/example_dags/example_sla_dag.py
[2025-01-07T12:08:02.527+0000] {processor.py:914} INFO - Processing file /home/airflow/.local/lib/python3.12/site-packages/airflow/example_dags/example_sla_dag.py for tasks to queue
[2025-01-07T12:08:02.532+0000] {logging_mixin.py:190} INFO - [2025-01-07T12:08:02.531+0000] {dagbag.py:588} INFO - Filling up the DagBag from /home/airflow/.local/lib/python3.12/site-packages/airflow/example_dags/example_sla_dag.py
[2025-01-07T12:08:02.549+0000] {processor.py:925} INFO - DAG(s) 'example_sla_dag' retrieved from /home/airflow/.local/lib/python3.12/site-packages/airflow/example_dags/example_sla_dag.py
[2025-01-07T12:08:02.576+0000] {logging_mixin.py:190} INFO - [2025-01-07T12:08:02.576+0000] {dag.py:3239} INFO - Sync 1 DAGs
[2025-01-07T12:08:02.611+0000] {logging_mixin.py:190} INFO - [2025-01-07T12:08:02.610+0000] {dag.py:4180} INFO - Setting next_dagrun for example_sla_dag to 2025-01-07 12:06:00+00:00, run_after=2025-01-07 12:08:00+00:00
[2025-01-07T12:08:02.635+0000] {processor.py:208} INFO - Processing /home/airflow/.local/lib/python3.12/site-packages/airflow/example_dags/example_sla_dag.py took 0.120 seconds
[2025-01-07T12:08:33.162+0000] {processor.py:186} INFO - Started process (PID=2636) to work on /home/airflow/.local/lib/python3.12/site-packages/airflow/example_dags/example_sla_dag.py
[2025-01-07T12:08:33.164+0000] {processor.py:914} INFO - Processing file /home/airflow/.local/lib/python3.12/site-packages/airflow/example_dags/example_sla_dag.py for tasks to queue
[2025-01-07T12:08:33.168+0000] {logging_mixin.py:190} INFO - [2025-01-07T12:08:33.167+0000] {dagbag.py:588} INFO - Filling up the DagBag from /home/airflow/.local/lib/python3.12/site-packages/airflow/example_dags/example_sla_dag.py
[2025-01-07T12:08:33.182+0000] {processor.py:925} INFO - DAG(s) 'example_sla_dag' retrieved from /home/airflow/.local/lib/python3.12/site-packages/airflow/example_dags/example_sla_dag.py
[2025-01-07T12:08:33.206+0000] {logging_mixin.py:190} INFO - [2025-01-07T12:08:33.206+0000] {dag.py:3239} INFO - Sync 1 DAGs
[2025-01-07T12:08:33.247+0000] {logging_mixin.py:190} INFO - [2025-01-07T12:08:33.246+0000] {dag.py:4180} INFO - Setting next_dagrun for example_sla_dag to 2025-01-07 12:06:00+00:00, run_after=2025-01-07 12:08:00+00:00
[2025-01-07T12:08:33.273+0000] {processor.py:208} INFO - Processing /home/airflow/.local/lib/python3.12/site-packages/airflow/example_dags/example_sla_dag.py took 0.119 seconds
[2025-01-07T12:09:06.126+0000] {processor.py:186} INFO - Started process (PID=2699) to work on /home/airflow/.local/lib/python3.12/site-packages/airflow/example_dags/example_sla_dag.py
[2025-01-07T12:09:06.129+0000] {processor.py:914} INFO - Processing file /home/airflow/.local/lib/python3.12/site-packages/airflow/example_dags/example_sla_dag.py for tasks to queue
[2025-01-07T12:09:06.135+0000] {logging_mixin.py:190} INFO - [2025-01-07T12:09:06.134+0000] {dagbag.py:588} INFO - Filling up the DagBag from /home/airflow/.local/lib/python3.12/site-packages/airflow/example_dags/example_sla_dag.py
[2025-01-07T12:09:06.158+0000] {processor.py:925} INFO - DAG(s) 'example_sla_dag' retrieved from /home/airflow/.local/lib/python3.12/site-packages/airflow/example_dags/example_sla_dag.py
[2025-01-07T12:09:06.196+0000] {logging_mixin.py:190} INFO - [2025-01-07T12:09:06.195+0000] {dag.py:3239} INFO - Sync 1 DAGs
[2025-01-07T12:09:06.259+0000] {logging_mixin.py:190} INFO - [2025-01-07T12:09:06.259+0000] {dag.py:4180} INFO - Setting next_dagrun for example_sla_dag to 2025-01-07 12:06:00+00:00, run_after=2025-01-07 12:08:00+00:00
[2025-01-07T12:09:06.296+0000] {processor.py:208} INFO - Processing /home/airflow/.local/lib/python3.12/site-packages/airflow/example_dags/example_sla_dag.py took 0.183 seconds
[2025-01-07T12:09:37.029+0000] {processor.py:186} INFO - Started process (PID=2762) to work on /home/airflow/.local/lib/python3.12/site-packages/airflow/example_dags/example_sla_dag.py
[2025-01-07T12:09:37.031+0000] {processor.py:914} INFO - Processing file /home/airflow/.local/lib/python3.12/site-packages/airflow/example_dags/example_sla_dag.py for tasks to queue
[2025-01-07T12:09:37.035+0000] {logging_mixin.py:190} INFO - [2025-01-07T12:09:37.034+0000] {dagbag.py:588} INFO - Filling up the DagBag from /home/airflow/.local/lib/python3.12/site-packages/airflow/example_dags/example_sla_dag.py
[2025-01-07T12:09:37.050+0000] {processor.py:925} INFO - DAG(s) 'example_sla_dag' retrieved from /home/airflow/.local/lib/python3.12/site-packages/airflow/example_dags/example_sla_dag.py
[2025-01-07T12:09:37.082+0000] {logging_mixin.py:190} INFO - [2025-01-07T12:09:37.081+0000] {dag.py:3239} INFO - Sync 1 DAGs
[2025-01-07T12:09:37.119+0000] {logging_mixin.py:190} INFO - [2025-01-07T12:09:37.118+0000] {dag.py:4180} INFO - Setting next_dagrun for example_sla_dag to 2025-01-07 12:06:00+00:00, run_after=2025-01-07 12:08:00+00:00
[2025-01-07T12:09:37.151+0000] {processor.py:208} INFO - Processing /home/airflow/.local/lib/python3.12/site-packages/airflow/example_dags/example_sla_dag.py took 0.130 seconds
[2025-01-07T12:10:08.280+0000] {processor.py:186} INFO - Started process (PID=2825) to work on /home/airflow/.local/lib/python3.12/site-packages/airflow/example_dags/example_sla_dag.py
[2025-01-07T12:10:08.282+0000] {processor.py:914} INFO - Processing file /home/airflow/.local/lib/python3.12/site-packages/airflow/example_dags/example_sla_dag.py for tasks to queue
[2025-01-07T12:10:08.287+0000] {logging_mixin.py:190} INFO - [2025-01-07T12:10:08.286+0000] {dagbag.py:588} INFO - Filling up the DagBag from /home/airflow/.local/lib/python3.12/site-packages/airflow/example_dags/example_sla_dag.py
[2025-01-07T12:10:08.316+0000] {processor.py:925} INFO - DAG(s) 'example_sla_dag' retrieved from /home/airflow/.local/lib/python3.12/site-packages/airflow/example_dags/example_sla_dag.py
[2025-01-07T12:10:08.363+0000] {logging_mixin.py:190} INFO - [2025-01-07T12:10:08.362+0000] {dag.py:3239} INFO - Sync 1 DAGs
[2025-01-07T12:10:08.424+0000] {logging_mixin.py:190} INFO - [2025-01-07T12:10:08.424+0000] {dag.py:4180} INFO - Setting next_dagrun for example_sla_dag to 2025-01-07 12:08:00+00:00, run_after=2025-01-07 12:10:00+00:00
[2025-01-07T12:10:08.460+0000] {processor.py:208} INFO - Processing /home/airflow/.local/lib/python3.12/site-packages/airflow/example_dags/example_sla_dag.py took 0.196 seconds
[2025-01-07T12:10:39.958+0000] {processor.py:186} INFO - Started process (PID=2890) to work on /home/airflow/.local/lib/python3.12/site-packages/airflow/example_dags/example_sla_dag.py
[2025-01-07T12:10:39.960+0000] {processor.py:914} INFO - Processing file /home/airflow/.local/lib/python3.12/site-packages/airflow/example_dags/example_sla_dag.py for tasks to queue
[2025-01-07T12:10:39.966+0000] {logging_mixin.py:190} INFO - [2025-01-07T12:10:39.965+0000] {dagbag.py:588} INFO - Filling up the DagBag from /home/airflow/.local/lib/python3.12/site-packages/airflow/example_dags/example_sla_dag.py
[2025-01-07T12:10:39.985+0000] {processor.py:925} INFO - DAG(s) 'example_sla_dag' retrieved from /home/airflow/.local/lib/python3.12/site-packages/airflow/example_dags/example_sla_dag.py
[2025-01-07T12:10:40.019+0000] {logging_mixin.py:190} INFO - [2025-01-07T12:10:40.019+0000] {dag.py:3239} INFO - Sync 1 DAGs
[2025-01-07T12:10:40.069+0000] {logging_mixin.py:190} INFO - [2025-01-07T12:10:40.068+0000] {dag.py:4180} INFO - Setting next_dagrun for example_sla_dag to 2025-01-07 12:08:00+00:00, run_after=2025-01-07 12:10:00+00:00
[2025-01-07T12:10:40.100+0000] {processor.py:208} INFO - Processing /home/airflow/.local/lib/python3.12/site-packages/airflow/example_dags/example_sla_dag.py took 0.154 seconds
[2025-01-07T12:11:12.345+0000] {processor.py:186} INFO - Started process (PID=2955) to work on /home/airflow/.local/lib/python3.12/site-packages/airflow/example_dags/example_sla_dag.py
[2025-01-07T12:11:12.347+0000] {processor.py:914} INFO - Processing file /home/airflow/.local/lib/python3.12/site-packages/airflow/example_dags/example_sla_dag.py for tasks to queue
[2025-01-07T12:11:12.352+0000] {logging_mixin.py:190} INFO - [2025-01-07T12:11:12.351+0000] {dagbag.py:588} INFO - Filling up the DagBag from /home/airflow/.local/lib/python3.12/site-packages/airflow/example_dags/example_sla_dag.py
[2025-01-07T12:11:12.373+0000] {processor.py:925} INFO - DAG(s) 'example_sla_dag' retrieved from /home/airflow/.local/lib/python3.12/site-packages/airflow/example_dags/example_sla_dag.py
[2025-01-07T12:11:12.416+0000] {logging_mixin.py:190} INFO - [2025-01-07T12:11:12.415+0000] {dag.py:3239} INFO - Sync 1 DAGs
[2025-01-07T12:11:12.462+0000] {logging_mixin.py:190} INFO - [2025-01-07T12:11:12.461+0000] {dag.py:4180} INFO - Setting next_dagrun for example_sla_dag to 2025-01-07 12:08:00+00:00, run_after=2025-01-07 12:10:00+00:00
[2025-01-07T12:11:12.490+0000] {processor.py:208} INFO - Processing /home/airflow/.local/lib/python3.12/site-packages/airflow/example_dags/example_sla_dag.py took 0.155 seconds
[2025-01-07T12:11:44.692+0000] {processor.py:186} INFO - Started process (PID=3023) to work on /home/airflow/.local/lib/python3.12/site-packages/airflow/example_dags/example_sla_dag.py
[2025-01-07T12:11:44.694+0000] {processor.py:914} INFO - Processing file /home/airflow/.local/lib/python3.12/site-packages/airflow/example_dags/example_sla_dag.py for tasks to queue
[2025-01-07T12:11:44.700+0000] {logging_mixin.py:190} INFO - [2025-01-07T12:11:44.699+0000] {dagbag.py:588} INFO - Filling up the DagBag from /home/airflow/.local/lib/python3.12/site-packages/airflow/example_dags/example_sla_dag.py
[2025-01-07T12:11:44.720+0000] {processor.py:925} INFO - DAG(s) 'example_sla_dag' retrieved from /home/airflow/.local/lib/python3.12/site-packages/airflow/example_dags/example_sla_dag.py
[2025-01-07T12:11:44.752+0000] {logging_mixin.py:190} INFO - [2025-01-07T12:11:44.752+0000] {dag.py:3239} INFO - Sync 1 DAGs
[2025-01-07T12:11:44.795+0000] {logging_mixin.py:190} INFO - [2025-01-07T12:11:44.795+0000] {dag.py:4180} INFO - Setting next_dagrun for example_sla_dag to 2025-01-07 12:08:00+00:00, run_after=2025-01-07 12:10:00+00:00
[2025-01-07T12:11:45.059+0000] {processor.py:208} INFO - Processing /home/airflow/.local/lib/python3.12/site-packages/airflow/example_dags/example_sla_dag.py took 0.381 seconds
[2025-01-07T12:12:15.934+0000] {processor.py:186} INFO - Started process (PID=3087) to work on /home/airflow/.local/lib/python3.12/site-packages/airflow/example_dags/example_sla_dag.py
[2025-01-07T12:12:15.936+0000] {processor.py:914} INFO - Processing file /home/airflow/.local/lib/python3.12/site-packages/airflow/example_dags/example_sla_dag.py for tasks to queue
[2025-01-07T12:12:15.938+0000] {logging_mixin.py:190} INFO - [2025-01-07T12:12:15.938+0000] {dagbag.py:588} INFO - Filling up the DagBag from /home/airflow/.local/lib/python3.12/site-packages/airflow/example_dags/example_sla_dag.py
[2025-01-07T12:12:15.949+0000] {processor.py:925} INFO - DAG(s) 'example_sla_dag' retrieved from /home/airflow/.local/lib/python3.12/site-packages/airflow/example_dags/example_sla_dag.py
[2025-01-07T12:12:15.970+0000] {logging_mixin.py:190} INFO - [2025-01-07T12:12:15.970+0000] {dag.py:3239} INFO - Sync 1 DAGs
[2025-01-07T12:12:16.003+0000] {logging_mixin.py:190} INFO - [2025-01-07T12:12:16.003+0000] {dag.py:4180} INFO - Setting next_dagrun for example_sla_dag to 2025-01-07 12:10:00+00:00, run_after=2025-01-07 12:12:00+00:00
[2025-01-07T12:12:16.025+0000] {processor.py:208} INFO - Processing /home/airflow/.local/lib/python3.12/site-packages/airflow/example_dags/example_sla_dag.py took 0.099 seconds
[2025-01-07T12:12:46.504+0000] {processor.py:186} INFO - Started process (PID=3150) to work on /home/airflow/.local/lib/python3.12/site-packages/airflow/example_dags/example_sla_dag.py
[2025-01-07T12:12:46.512+0000] {processor.py:914} INFO - Processing file /home/airflow/.local/lib/python3.12/site-packages/airflow/example_dags/example_sla_dag.py for tasks to queue
[2025-01-07T12:12:46.517+0000] {logging_mixin.py:190} INFO - [2025-01-07T12:12:46.516+0000] {dagbag.py:588} INFO - Filling up the DagBag from /home/airflow/.local/lib/python3.12/site-packages/airflow/example_dags/example_sla_dag.py
[2025-01-07T12:12:46.546+0000] {processor.py:925} INFO - DAG(s) 'example_sla_dag' retrieved from /home/airflow/.local/lib/python3.12/site-packages/airflow/example_dags/example_sla_dag.py
[2025-01-07T12:12:46.590+0000] {logging_mixin.py:190} INFO - [2025-01-07T12:12:46.589+0000] {dag.py:3239} INFO - Sync 1 DAGs
[2025-01-07T12:12:46.654+0000] {logging_mixin.py:190} INFO - [2025-01-07T12:12:46.654+0000] {dag.py:4180} INFO - Setting next_dagrun for example_sla_dag to 2025-01-07 12:10:00+00:00, run_after=2025-01-07 12:12:00+00:00
[2025-01-07T12:12:46.689+0000] {processor.py:208} INFO - Processing /home/airflow/.local/lib/python3.12/site-packages/airflow/example_dags/example_sla_dag.py took 0.199 seconds
[2025-01-07T12:43:18.516+0000] {processor.py:186} INFO - Started process (PID=3213) to work on /home/airflow/.local/lib/python3.12/site-packages/airflow/example_dags/example_sla_dag.py
[2025-01-07T12:43:18.518+0000] {processor.py:914} INFO - Processing file /home/airflow/.local/lib/python3.12/site-packages/airflow/example_dags/example_sla_dag.py for tasks to queue
[2025-01-07T12:43:18.522+0000] {logging_mixin.py:190} INFO - [2025-01-07T12:43:18.521+0000] {dagbag.py:588} INFO - Filling up the DagBag from /home/airflow/.local/lib/python3.12/site-packages/airflow/example_dags/example_sla_dag.py
[2025-01-07T12:43:18.538+0000] {processor.py:925} INFO - DAG(s) 'example_sla_dag' retrieved from /home/airflow/.local/lib/python3.12/site-packages/airflow/example_dags/example_sla_dag.py
[2025-01-07T12:43:18.566+0000] {logging_mixin.py:190} INFO - [2025-01-07T12:43:18.565+0000] {dag.py:3239} INFO - Sync 1 DAGs
[2025-01-07T12:43:18.613+0000] {logging_mixin.py:190} INFO - [2025-01-07T12:43:18.612+0000] {dag.py:4180} INFO - Setting next_dagrun for example_sla_dag to 2025-01-07 12:40:00+00:00, run_after=2025-01-07 12:42:00+00:00
[2025-01-07T12:43:18.654+0000] {processor.py:208} INFO - Processing /home/airflow/.local/lib/python3.12/site-packages/airflow/example_dags/example_sla_dag.py took 0.148 seconds
