[2025-01-07T11:47:14.218+0000] {processor.py:186} INFO - Started process (PID=44) to work on /home/airflow/.local/lib/python3.12/site-packages/airflow/example_dags/example_inlet_event_extra.py
[2025-01-07T11:47:14.220+0000] {processor.py:914} INFO - Processing file /home/airflow/.local/lib/python3.12/site-packages/airflow/example_dags/example_inlet_event_extra.py for tasks to queue
[2025-01-07T11:47:14.225+0000] {logging_mixin.py:190} INFO - [2025-01-07T11:47:14.224+0000] {dagbag.py:588} INFO - Filling up the DagBag from /home/airflow/.local/lib/python3.12/site-packages/airflow/example_dags/example_inlet_event_extra.py
[2025-01-07T11:47:22.149+0000] {processor.py:925} INFO - DAG(s) 'read_dataset_event', 'read_dataset_event_from_classic' retrieved from /home/airflow/.local/lib/python3.12/site-packages/airflow/example_dags/example_inlet_event_extra.py
[2025-01-07T11:47:22.340+0000] {logging_mixin.py:190} INFO - [2025-01-07T11:47:22.339+0000] {override.py:1911} INFO - Created Permission View: can read on DAG:read_dataset_event
[2025-01-07T11:47:22.361+0000] {logging_mixin.py:190} INFO - [2025-01-07T11:47:22.360+0000] {override.py:1911} INFO - Created Permission View: can delete on DAG:read_dataset_event
[2025-01-07T11:47:22.372+0000] {logging_mixin.py:190} INFO - [2025-01-07T11:47:22.371+0000] {override.py:1911} INFO - Created Permission View: can edit on DAG:read_dataset_event
[2025-01-07T11:47:22.388+0000] {logging_mixin.py:190} INFO - [2025-01-07T11:47:22.387+0000] {override.py:1911} INFO - Created Permission View: menu access on DAG Run:read_dataset_event
[2025-01-07T11:47:22.398+0000] {logging_mixin.py:190} INFO - [2025-01-07T11:47:22.397+0000] {override.py:1911} INFO - Created Permission View: can read on DAG Run:read_dataset_event
[2025-01-07T11:47:22.409+0000] {logging_mixin.py:190} INFO - [2025-01-07T11:47:22.408+0000] {override.py:1911} INFO - Created Permission View: can delete on DAG Run:read_dataset_event
[2025-01-07T11:47:22.420+0000] {logging_mixin.py:190} INFO - [2025-01-07T11:47:22.419+0000] {override.py:1911} INFO - Created Permission View: can create on DAG Run:read_dataset_event
[2025-01-07T11:47:22.442+0000] {logging_mixin.py:190} INFO - [2025-01-07T11:47:22.442+0000] {override.py:1911} INFO - Created Permission View: can read on DAG:read_dataset_event_from_classic
[2025-01-07T11:47:22.453+0000] {logging_mixin.py:190} INFO - [2025-01-07T11:47:22.453+0000] {override.py:1911} INFO - Created Permission View: can delete on DAG:read_dataset_event_from_classic
[2025-01-07T11:47:22.466+0000] {logging_mixin.py:190} INFO - [2025-01-07T11:47:22.465+0000] {override.py:1911} INFO - Created Permission View: can edit on DAG:read_dataset_event_from_classic
[2025-01-07T11:47:22.491+0000] {logging_mixin.py:190} INFO - [2025-01-07T11:47:22.491+0000] {override.py:1911} INFO - Created Permission View: menu access on DAG Run:read_dataset_event_from_classic
[2025-01-07T11:47:22.504+0000] {logging_mixin.py:190} INFO - [2025-01-07T11:47:22.504+0000] {override.py:1911} INFO - Created Permission View: can read on DAG Run:read_dataset_event_from_classic
[2025-01-07T11:47:22.516+0000] {logging_mixin.py:190} INFO - [2025-01-07T11:47:22.516+0000] {override.py:1911} INFO - Created Permission View: can delete on DAG Run:read_dataset_event_from_classic
[2025-01-07T11:47:22.526+0000] {logging_mixin.py:190} INFO - [2025-01-07T11:47:22.525+0000] {override.py:1911} INFO - Created Permission View: can create on DAG Run:read_dataset_event_from_classic
[2025-01-07T11:47:22.527+0000] {logging_mixin.py:190} INFO - [2025-01-07T11:47:22.527+0000] {dag.py:3239} INFO - Sync 2 DAGs
[2025-01-07T11:47:22.558+0000] {logging_mixin.py:190} INFO - [2025-01-07T11:47:22.556+0000] {dag.py:3262} INFO - Creating ORM DAG for read_dataset_event
[2025-01-07T11:47:22.559+0000] {logging_mixin.py:190} INFO - [2025-01-07T11:47:22.559+0000] {dag.py:3262} INFO - Creating ORM DAG for read_dataset_event_from_classic
[2025-01-07T11:47:22.580+0000] {logging_mixin.py:190} INFO - [2025-01-07T11:47:22.580+0000] {dag.py:4180} INFO - Setting next_dagrun for read_dataset_event to 2025-01-06 00:00:00+00:00, run_after=2025-01-07 00:00:00+00:00
[2025-01-07T11:47:22.583+0000] {logging_mixin.py:190} INFO - [2025-01-07T11:47:22.583+0000] {dag.py:4180} INFO - Setting next_dagrun for read_dataset_event_from_classic to 2025-01-06 00:00:00+00:00, run_after=2025-01-07 00:00:00+00:00
[2025-01-07T11:47:22.619+0000] {processor.py:208} INFO - Processing /home/airflow/.local/lib/python3.12/site-packages/airflow/example_dags/example_inlet_event_extra.py took 8.413 seconds
[2025-01-07T11:47:58.025+0000] {processor.py:186} INFO - Started process (PID=111) to work on /home/airflow/.local/lib/python3.12/site-packages/airflow/example_dags/example_inlet_event_extra.py
[2025-01-07T11:47:58.026+0000] {processor.py:914} INFO - Processing file /home/airflow/.local/lib/python3.12/site-packages/airflow/example_dags/example_inlet_event_extra.py for tasks to queue
[2025-01-07T11:47:58.029+0000] {logging_mixin.py:190} INFO - [2025-01-07T11:47:58.029+0000] {dagbag.py:588} INFO - Filling up the DagBag from /home/airflow/.local/lib/python3.12/site-packages/airflow/example_dags/example_inlet_event_extra.py
[2025-01-07T11:48:11.711+0000] {processor.py:925} INFO - DAG(s) 'read_dataset_event', 'read_dataset_event_from_classic' retrieved from /home/airflow/.local/lib/python3.12/site-packages/airflow/example_dags/example_inlet_event_extra.py
[2025-01-07T11:48:13.382+0000] {logging_mixin.py:190} INFO - [2025-01-07T11:48:13.382+0000] {dag.py:3239} INFO - Sync 2 DAGs
[2025-01-07T11:48:13.942+0000] {logging_mixin.py:190} INFO - [2025-01-07T11:48:13.941+0000] {dag.py:4180} INFO - Setting next_dagrun for read_dataset_event to 2025-01-06 00:00:00+00:00, run_after=2025-01-07 00:00:00+00:00
[2025-01-07T11:48:13.972+0000] {logging_mixin.py:190} INFO - [2025-01-07T11:48:13.972+0000] {dag.py:4180} INFO - Setting next_dagrun for read_dataset_event_from_classic to 2025-01-06 00:00:00+00:00, run_after=2025-01-07 00:00:00+00:00
[2025-01-07T11:48:14.226+0000] {processor.py:208} INFO - Processing /home/airflow/.local/lib/python3.12/site-packages/airflow/example_dags/example_inlet_event_extra.py took 16.143 seconds
[2025-01-07T11:48:44.571+0000] {processor.py:186} INFO - Started process (PID=174) to work on /home/airflow/.local/lib/python3.12/site-packages/airflow/example_dags/example_inlet_event_extra.py
[2025-01-07T11:48:44.573+0000] {processor.py:914} INFO - Processing file /home/airflow/.local/lib/python3.12/site-packages/airflow/example_dags/example_inlet_event_extra.py for tasks to queue
[2025-01-07T11:48:44.576+0000] {logging_mixin.py:190} INFO - [2025-01-07T11:48:44.575+0000] {dagbag.py:588} INFO - Filling up the DagBag from /home/airflow/.local/lib/python3.12/site-packages/airflow/example_dags/example_inlet_event_extra.py
[2025-01-07T11:48:45.400+0000] {processor.py:925} INFO - DAG(s) 'read_dataset_event_from_classic', 'read_dataset_event' retrieved from /home/airflow/.local/lib/python3.12/site-packages/airflow/example_dags/example_inlet_event_extra.py
[2025-01-07T11:48:45.430+0000] {logging_mixin.py:190} INFO - [2025-01-07T11:48:45.429+0000] {dag.py:3239} INFO - Sync 2 DAGs
[2025-01-07T11:48:45.465+0000] {logging_mixin.py:190} INFO - [2025-01-07T11:48:45.464+0000] {dag.py:4180} INFO - Setting next_dagrun for read_dataset_event to 2025-01-06 00:00:00+00:00, run_after=2025-01-07 00:00:00+00:00
[2025-01-07T11:48:45.472+0000] {logging_mixin.py:190} INFO - [2025-01-07T11:48:45.472+0000] {dag.py:4180} INFO - Setting next_dagrun for read_dataset_event_from_classic to 2025-01-06 00:00:00+00:00, run_after=2025-01-07 00:00:00+00:00
[2025-01-07T11:48:45.758+0000] {processor.py:208} INFO - Processing /home/airflow/.local/lib/python3.12/site-packages/airflow/example_dags/example_inlet_event_extra.py took 1.194 seconds
[2025-01-07T11:49:16.154+0000] {processor.py:186} INFO - Started process (PID=244) to work on /home/airflow/.local/lib/python3.12/site-packages/airflow/example_dags/example_inlet_event_extra.py
[2025-01-07T11:49:16.163+0000] {processor.py:914} INFO - Processing file /home/airflow/.local/lib/python3.12/site-packages/airflow/example_dags/example_inlet_event_extra.py for tasks to queue
[2025-01-07T11:49:16.167+0000] {logging_mixin.py:190} INFO - [2025-01-07T11:49:16.166+0000] {dagbag.py:588} INFO - Filling up the DagBag from /home/airflow/.local/lib/python3.12/site-packages/airflow/example_dags/example_inlet_event_extra.py
[2025-01-07T11:49:16.687+0000] {processor.py:925} INFO - DAG(s) 'read_dataset_event_from_classic', 'read_dataset_event' retrieved from /home/airflow/.local/lib/python3.12/site-packages/airflow/example_dags/example_inlet_event_extra.py
[2025-01-07T11:49:16.707+0000] {logging_mixin.py:190} INFO - [2025-01-07T11:49:16.706+0000] {dag.py:3239} INFO - Sync 2 DAGs
[2025-01-07T11:49:16.739+0000] {logging_mixin.py:190} INFO - [2025-01-07T11:49:16.739+0000] {dag.py:4180} INFO - Setting next_dagrun for read_dataset_event to 2025-01-06 00:00:00+00:00, run_after=2025-01-07 00:00:00+00:00
[2025-01-07T11:49:16.747+0000] {logging_mixin.py:190} INFO - [2025-01-07T11:49:16.747+0000] {dag.py:4180} INFO - Setting next_dagrun for read_dataset_event_from_classic to 2025-01-06 00:00:00+00:00, run_after=2025-01-07 00:00:00+00:00
[2025-01-07T11:49:16.781+0000] {processor.py:208} INFO - Processing /home/airflow/.local/lib/python3.12/site-packages/airflow/example_dags/example_inlet_event_extra.py took 0.633 seconds
[2025-01-07T11:49:47.316+0000] {processor.py:186} INFO - Started process (PID=307) to work on /home/airflow/.local/lib/python3.12/site-packages/airflow/example_dags/example_inlet_event_extra.py
[2025-01-07T11:49:47.317+0000] {processor.py:914} INFO - Processing file /home/airflow/.local/lib/python3.12/site-packages/airflow/example_dags/example_inlet_event_extra.py for tasks to queue
[2025-01-07T11:49:47.320+0000] {logging_mixin.py:190} INFO - [2025-01-07T11:49:47.320+0000] {dagbag.py:588} INFO - Filling up the DagBag from /home/airflow/.local/lib/python3.12/site-packages/airflow/example_dags/example_inlet_event_extra.py
[2025-01-07T11:49:47.842+0000] {processor.py:925} INFO - DAG(s) 'read_dataset_event', 'read_dataset_event_from_classic' retrieved from /home/airflow/.local/lib/python3.12/site-packages/airflow/example_dags/example_inlet_event_extra.py
[2025-01-07T11:49:47.869+0000] {logging_mixin.py:190} INFO - [2025-01-07T11:49:47.869+0000] {dag.py:3239} INFO - Sync 2 DAGs
[2025-01-07T11:49:47.895+0000] {logging_mixin.py:190} INFO - [2025-01-07T11:49:47.895+0000] {dag.py:4180} INFO - Setting next_dagrun for read_dataset_event to 2025-01-06 00:00:00+00:00, run_after=2025-01-07 00:00:00+00:00
[2025-01-07T11:49:47.903+0000] {logging_mixin.py:190} INFO - [2025-01-07T11:49:47.902+0000] {dag.py:4180} INFO - Setting next_dagrun for read_dataset_event_from_classic to 2025-01-06 00:00:00+00:00, run_after=2025-01-07 00:00:00+00:00
[2025-01-07T11:49:47.927+0000] {processor.py:208} INFO - Processing /home/airflow/.local/lib/python3.12/site-packages/airflow/example_dags/example_inlet_event_extra.py took 0.617 seconds
[2025-01-07T11:50:18.034+0000] {processor.py:186} INFO - Started process (PID=372) to work on /home/airflow/.local/lib/python3.12/site-packages/airflow/example_dags/example_inlet_event_extra.py
[2025-01-07T11:50:18.035+0000] {processor.py:914} INFO - Processing file /home/airflow/.local/lib/python3.12/site-packages/airflow/example_dags/example_inlet_event_extra.py for tasks to queue
[2025-01-07T11:50:18.038+0000] {logging_mixin.py:190} INFO - [2025-01-07T11:50:18.037+0000] {dagbag.py:588} INFO - Filling up the DagBag from /home/airflow/.local/lib/python3.12/site-packages/airflow/example_dags/example_inlet_event_extra.py
[2025-01-07T11:50:18.611+0000] {processor.py:925} INFO - DAG(s) 'read_dataset_event', 'read_dataset_event_from_classic' retrieved from /home/airflow/.local/lib/python3.12/site-packages/airflow/example_dags/example_inlet_event_extra.py
[2025-01-07T11:50:18.629+0000] {logging_mixin.py:190} INFO - [2025-01-07T11:50:18.629+0000] {dag.py:3239} INFO - Sync 2 DAGs
[2025-01-07T11:50:18.649+0000] {logging_mixin.py:190} INFO - [2025-01-07T11:50:18.649+0000] {dag.py:4180} INFO - Setting next_dagrun for read_dataset_event to 2025-01-06 00:00:00+00:00, run_after=2025-01-07 00:00:00+00:00
[2025-01-07T11:50:18.654+0000] {logging_mixin.py:190} INFO - [2025-01-07T11:50:18.654+0000] {dag.py:4180} INFO - Setting next_dagrun for read_dataset_event_from_classic to 2025-01-06 00:00:00+00:00, run_after=2025-01-07 00:00:00+00:00
[2025-01-07T11:50:18.668+0000] {processor.py:208} INFO - Processing /home/airflow/.local/lib/python3.12/site-packages/airflow/example_dags/example_inlet_event_extra.py took 0.644 seconds
[2025-01-07T11:50:49.338+0000] {processor.py:186} INFO - Started process (PID=435) to work on /home/airflow/.local/lib/python3.12/site-packages/airflow/example_dags/example_inlet_event_extra.py
[2025-01-07T11:50:49.340+0000] {processor.py:914} INFO - Processing file /home/airflow/.local/lib/python3.12/site-packages/airflow/example_dags/example_inlet_event_extra.py for tasks to queue
[2025-01-07T11:50:49.342+0000] {logging_mixin.py:190} INFO - [2025-01-07T11:50:49.342+0000] {dagbag.py:588} INFO - Filling up the DagBag from /home/airflow/.local/lib/python3.12/site-packages/airflow/example_dags/example_inlet_event_extra.py
[2025-01-07T11:50:49.971+0000] {processor.py:925} INFO - DAG(s) 'read_dataset_event', 'read_dataset_event_from_classic' retrieved from /home/airflow/.local/lib/python3.12/site-packages/airflow/example_dags/example_inlet_event_extra.py
[2025-01-07T11:50:49.990+0000] {logging_mixin.py:190} INFO - [2025-01-07T11:50:49.989+0000] {dag.py:3239} INFO - Sync 2 DAGs
[2025-01-07T11:50:50.011+0000] {logging_mixin.py:190} INFO - [2025-01-07T11:50:50.011+0000] {dag.py:4180} INFO - Setting next_dagrun for read_dataset_event to 2025-01-06 00:00:00+00:00, run_after=2025-01-07 00:00:00+00:00
[2025-01-07T11:50:50.016+0000] {logging_mixin.py:190} INFO - [2025-01-07T11:50:50.016+0000] {dag.py:4180} INFO - Setting next_dagrun for read_dataset_event_from_classic to 2025-01-06 00:00:00+00:00, run_after=2025-01-07 00:00:00+00:00
[2025-01-07T11:50:50.031+0000] {processor.py:208} INFO - Processing /home/airflow/.local/lib/python3.12/site-packages/airflow/example_dags/example_inlet_event_extra.py took 0.699 seconds
[2025-01-07T11:51:20.793+0000] {processor.py:186} INFO - Started process (PID=501) to work on /home/airflow/.local/lib/python3.12/site-packages/airflow/example_dags/example_inlet_event_extra.py
[2025-01-07T11:51:20.794+0000] {processor.py:914} INFO - Processing file /home/airflow/.local/lib/python3.12/site-packages/airflow/example_dags/example_inlet_event_extra.py for tasks to queue
[2025-01-07T11:51:20.797+0000] {logging_mixin.py:190} INFO - [2025-01-07T11:51:20.797+0000] {dagbag.py:588} INFO - Filling up the DagBag from /home/airflow/.local/lib/python3.12/site-packages/airflow/example_dags/example_inlet_event_extra.py
[2025-01-07T11:51:21.408+0000] {processor.py:925} INFO - DAG(s) 'read_dataset_event', 'read_dataset_event_from_classic' retrieved from /home/airflow/.local/lib/python3.12/site-packages/airflow/example_dags/example_inlet_event_extra.py
[2025-01-07T11:51:21.432+0000] {logging_mixin.py:190} INFO - [2025-01-07T11:51:21.432+0000] {dag.py:3239} INFO - Sync 2 DAGs
[2025-01-07T11:51:21.457+0000] {logging_mixin.py:190} INFO - [2025-01-07T11:51:21.456+0000] {dag.py:4180} INFO - Setting next_dagrun for read_dataset_event to 2025-01-06 00:00:00+00:00, run_after=2025-01-07 00:00:00+00:00
[2025-01-07T11:51:21.462+0000] {logging_mixin.py:190} INFO - [2025-01-07T11:51:21.462+0000] {dag.py:4180} INFO - Setting next_dagrun for read_dataset_event_from_classic to 2025-01-06 00:00:00+00:00, run_after=2025-01-07 00:00:00+00:00
[2025-01-07T11:51:21.484+0000] {processor.py:208} INFO - Processing /home/airflow/.local/lib/python3.12/site-packages/airflow/example_dags/example_inlet_event_extra.py took 0.697 seconds
[2025-01-07T11:51:51.540+0000] {processor.py:186} INFO - Started process (PID=564) to work on /home/airflow/.local/lib/python3.12/site-packages/airflow/example_dags/example_inlet_event_extra.py
[2025-01-07T11:51:51.542+0000] {processor.py:914} INFO - Processing file /home/airflow/.local/lib/python3.12/site-packages/airflow/example_dags/example_inlet_event_extra.py for tasks to queue
[2025-01-07T11:51:51.544+0000] {logging_mixin.py:190} INFO - [2025-01-07T11:51:51.544+0000] {dagbag.py:588} INFO - Filling up the DagBag from /home/airflow/.local/lib/python3.12/site-packages/airflow/example_dags/example_inlet_event_extra.py
[2025-01-07T11:51:52.100+0000] {processor.py:925} INFO - DAG(s) 'read_dataset_event_from_classic', 'read_dataset_event' retrieved from /home/airflow/.local/lib/python3.12/site-packages/airflow/example_dags/example_inlet_event_extra.py
[2025-01-07T11:51:52.120+0000] {logging_mixin.py:190} INFO - [2025-01-07T11:51:52.120+0000] {dag.py:3239} INFO - Sync 2 DAGs
[2025-01-07T11:51:52.141+0000] {logging_mixin.py:190} INFO - [2025-01-07T11:51:52.140+0000] {dag.py:4180} INFO - Setting next_dagrun for read_dataset_event to 2025-01-06 00:00:00+00:00, run_after=2025-01-07 00:00:00+00:00
[2025-01-07T11:51:52.146+0000] {logging_mixin.py:190} INFO - [2025-01-07T11:51:52.145+0000] {dag.py:4180} INFO - Setting next_dagrun for read_dataset_event_from_classic to 2025-01-06 00:00:00+00:00, run_after=2025-01-07 00:00:00+00:00
[2025-01-07T11:51:52.162+0000] {processor.py:208} INFO - Processing /home/airflow/.local/lib/python3.12/site-packages/airflow/example_dags/example_inlet_event_extra.py took 0.629 seconds
[2025-01-07T11:52:22.643+0000] {processor.py:186} INFO - Started process (PID=627) to work on /home/airflow/.local/lib/python3.12/site-packages/airflow/example_dags/example_inlet_event_extra.py
[2025-01-07T11:52:22.644+0000] {processor.py:914} INFO - Processing file /home/airflow/.local/lib/python3.12/site-packages/airflow/example_dags/example_inlet_event_extra.py for tasks to queue
[2025-01-07T11:52:22.646+0000] {logging_mixin.py:190} INFO - [2025-01-07T11:52:22.646+0000] {dagbag.py:588} INFO - Filling up the DagBag from /home/airflow/.local/lib/python3.12/site-packages/airflow/example_dags/example_inlet_event_extra.py
[2025-01-07T11:52:23.154+0000] {processor.py:925} INFO - DAG(s) 'read_dataset_event', 'read_dataset_event_from_classic' retrieved from /home/airflow/.local/lib/python3.12/site-packages/airflow/example_dags/example_inlet_event_extra.py
[2025-01-07T11:52:23.174+0000] {logging_mixin.py:190} INFO - [2025-01-07T11:52:23.174+0000] {dag.py:3239} INFO - Sync 2 DAGs
[2025-01-07T11:52:23.197+0000] {logging_mixin.py:190} INFO - [2025-01-07T11:52:23.197+0000] {dag.py:4180} INFO - Setting next_dagrun for read_dataset_event to 2025-01-06 00:00:00+00:00, run_after=2025-01-07 00:00:00+00:00
[2025-01-07T11:52:23.202+0000] {logging_mixin.py:190} INFO - [2025-01-07T11:52:23.201+0000] {dag.py:4180} INFO - Setting next_dagrun for read_dataset_event_from_classic to 2025-01-06 00:00:00+00:00, run_after=2025-01-07 00:00:00+00:00
[2025-01-07T11:52:23.217+0000] {processor.py:208} INFO - Processing /home/airflow/.local/lib/python3.12/site-packages/airflow/example_dags/example_inlet_event_extra.py took 0.579 seconds
[2025-01-07T11:52:53.420+0000] {processor.py:186} INFO - Started process (PID=690) to work on /home/airflow/.local/lib/python3.12/site-packages/airflow/example_dags/example_inlet_event_extra.py
[2025-01-07T11:52:53.421+0000] {processor.py:914} INFO - Processing file /home/airflow/.local/lib/python3.12/site-packages/airflow/example_dags/example_inlet_event_extra.py for tasks to queue
[2025-01-07T11:52:53.423+0000] {logging_mixin.py:190} INFO - [2025-01-07T11:52:53.423+0000] {dagbag.py:588} INFO - Filling up the DagBag from /home/airflow/.local/lib/python3.12/site-packages/airflow/example_dags/example_inlet_event_extra.py
[2025-01-07T11:52:53.982+0000] {processor.py:925} INFO - DAG(s) 'read_dataset_event_from_classic', 'read_dataset_event' retrieved from /home/airflow/.local/lib/python3.12/site-packages/airflow/example_dags/example_inlet_event_extra.py
[2025-01-07T11:52:54.002+0000] {logging_mixin.py:190} INFO - [2025-01-07T11:52:54.002+0000] {dag.py:3239} INFO - Sync 2 DAGs
[2025-01-07T11:52:54.025+0000] {logging_mixin.py:190} INFO - [2025-01-07T11:52:54.025+0000] {dag.py:4180} INFO - Setting next_dagrun for read_dataset_event to 2025-01-06 00:00:00+00:00, run_after=2025-01-07 00:00:00+00:00
[2025-01-07T11:52:54.030+0000] {logging_mixin.py:190} INFO - [2025-01-07T11:52:54.030+0000] {dag.py:4180} INFO - Setting next_dagrun for read_dataset_event_from_classic to 2025-01-06 00:00:00+00:00, run_after=2025-01-07 00:00:00+00:00
[2025-01-07T11:52:54.045+0000] {processor.py:208} INFO - Processing /home/airflow/.local/lib/python3.12/site-packages/airflow/example_dags/example_inlet_event_extra.py took 0.631 seconds
[2025-01-07T11:53:24.135+0000] {processor.py:186} INFO - Started process (PID=757) to work on /home/airflow/.local/lib/python3.12/site-packages/airflow/example_dags/example_inlet_event_extra.py
[2025-01-07T11:53:24.136+0000] {processor.py:914} INFO - Processing file /home/airflow/.local/lib/python3.12/site-packages/airflow/example_dags/example_inlet_event_extra.py for tasks to queue
[2025-01-07T11:53:24.139+0000] {logging_mixin.py:190} INFO - [2025-01-07T11:53:24.138+0000] {dagbag.py:588} INFO - Filling up the DagBag from /home/airflow/.local/lib/python3.12/site-packages/airflow/example_dags/example_inlet_event_extra.py
[2025-01-07T11:53:24.668+0000] {processor.py:925} INFO - DAG(s) 'read_dataset_event', 'read_dataset_event_from_classic' retrieved from /home/airflow/.local/lib/python3.12/site-packages/airflow/example_dags/example_inlet_event_extra.py
[2025-01-07T11:53:24.694+0000] {logging_mixin.py:190} INFO - [2025-01-07T11:53:24.693+0000] {dag.py:3239} INFO - Sync 2 DAGs
[2025-01-07T11:53:24.716+0000] {logging_mixin.py:190} INFO - [2025-01-07T11:53:24.715+0000] {dag.py:4180} INFO - Setting next_dagrun for read_dataset_event to 2025-01-06 00:00:00+00:00, run_after=2025-01-07 00:00:00+00:00
[2025-01-07T11:53:24.721+0000] {logging_mixin.py:190} INFO - [2025-01-07T11:53:24.720+0000] {dag.py:4180} INFO - Setting next_dagrun for read_dataset_event_from_classic to 2025-01-06 00:00:00+00:00, run_after=2025-01-07 00:00:00+00:00
[2025-01-07T11:53:24.737+0000] {processor.py:208} INFO - Processing /home/airflow/.local/lib/python3.12/site-packages/airflow/example_dags/example_inlet_event_extra.py took 0.608 seconds
[2025-01-07T11:53:55.517+0000] {processor.py:186} INFO - Started process (PID=820) to work on /home/airflow/.local/lib/python3.12/site-packages/airflow/example_dags/example_inlet_event_extra.py
[2025-01-07T11:53:55.518+0000] {processor.py:914} INFO - Processing file /home/airflow/.local/lib/python3.12/site-packages/airflow/example_dags/example_inlet_event_extra.py for tasks to queue
[2025-01-07T11:53:55.521+0000] {logging_mixin.py:190} INFO - [2025-01-07T11:53:55.520+0000] {dagbag.py:588} INFO - Filling up the DagBag from /home/airflow/.local/lib/python3.12/site-packages/airflow/example_dags/example_inlet_event_extra.py
[2025-01-07T11:53:56.038+0000] {processor.py:925} INFO - DAG(s) 'read_dataset_event', 'read_dataset_event_from_classic' retrieved from /home/airflow/.local/lib/python3.12/site-packages/airflow/example_dags/example_inlet_event_extra.py
[2025-01-07T11:53:56.060+0000] {logging_mixin.py:190} INFO - [2025-01-07T11:53:56.060+0000] {dag.py:3239} INFO - Sync 2 DAGs
[2025-01-07T11:53:56.081+0000] {logging_mixin.py:190} INFO - [2025-01-07T11:53:56.080+0000] {dag.py:4180} INFO - Setting next_dagrun for read_dataset_event to 2025-01-06 00:00:00+00:00, run_after=2025-01-07 00:00:00+00:00
[2025-01-07T11:53:56.085+0000] {logging_mixin.py:190} INFO - [2025-01-07T11:53:56.085+0000] {dag.py:4180} INFO - Setting next_dagrun for read_dataset_event_from_classic to 2025-01-06 00:00:00+00:00, run_after=2025-01-07 00:00:00+00:00
[2025-01-07T11:53:56.101+0000] {processor.py:208} INFO - Processing /home/airflow/.local/lib/python3.12/site-packages/airflow/example_dags/example_inlet_event_extra.py took 0.590 seconds
[2025-01-07T11:54:26.172+0000] {processor.py:186} INFO - Started process (PID=883) to work on /home/airflow/.local/lib/python3.12/site-packages/airflow/example_dags/example_inlet_event_extra.py
[2025-01-07T11:54:26.173+0000] {processor.py:914} INFO - Processing file /home/airflow/.local/lib/python3.12/site-packages/airflow/example_dags/example_inlet_event_extra.py for tasks to queue
[2025-01-07T11:54:26.175+0000] {logging_mixin.py:190} INFO - [2025-01-07T11:54:26.175+0000] {dagbag.py:588} INFO - Filling up the DagBag from /home/airflow/.local/lib/python3.12/site-packages/airflow/example_dags/example_inlet_event_extra.py
[2025-01-07T11:54:26.733+0000] {processor.py:925} INFO - DAG(s) 'read_dataset_event', 'read_dataset_event_from_classic' retrieved from /home/airflow/.local/lib/python3.12/site-packages/airflow/example_dags/example_inlet_event_extra.py
[2025-01-07T11:54:26.754+0000] {logging_mixin.py:190} INFO - [2025-01-07T11:54:26.754+0000] {dag.py:3239} INFO - Sync 2 DAGs
[2025-01-07T11:54:26.777+0000] {logging_mixin.py:190} INFO - [2025-01-07T11:54:26.776+0000] {dag.py:4180} INFO - Setting next_dagrun for read_dataset_event to 2025-01-06 00:00:00+00:00, run_after=2025-01-07 00:00:00+00:00
[2025-01-07T11:54:26.783+0000] {logging_mixin.py:190} INFO - [2025-01-07T11:54:26.783+0000] {dag.py:4180} INFO - Setting next_dagrun for read_dataset_event_from_classic to 2025-01-06 00:00:00+00:00, run_after=2025-01-07 00:00:00+00:00
[2025-01-07T11:54:26.799+0000] {processor.py:208} INFO - Processing /home/airflow/.local/lib/python3.12/site-packages/airflow/example_dags/example_inlet_event_extra.py took 0.632 seconds
[2025-01-07T11:54:57.550+0000] {processor.py:186} INFO - Started process (PID=946) to work on /home/airflow/.local/lib/python3.12/site-packages/airflow/example_dags/example_inlet_event_extra.py
[2025-01-07T11:54:57.552+0000] {processor.py:914} INFO - Processing file /home/airflow/.local/lib/python3.12/site-packages/airflow/example_dags/example_inlet_event_extra.py for tasks to queue
[2025-01-07T11:54:57.554+0000] {logging_mixin.py:190} INFO - [2025-01-07T11:54:57.554+0000] {dagbag.py:588} INFO - Filling up the DagBag from /home/airflow/.local/lib/python3.12/site-packages/airflow/example_dags/example_inlet_event_extra.py
[2025-01-07T11:54:58.096+0000] {processor.py:925} INFO - DAG(s) 'read_dataset_event', 'read_dataset_event_from_classic' retrieved from /home/airflow/.local/lib/python3.12/site-packages/airflow/example_dags/example_inlet_event_extra.py
[2025-01-07T11:54:58.120+0000] {logging_mixin.py:190} INFO - [2025-01-07T11:54:58.119+0000] {dag.py:3239} INFO - Sync 2 DAGs
[2025-01-07T11:54:58.153+0000] {logging_mixin.py:190} INFO - [2025-01-07T11:54:58.153+0000] {dag.py:4180} INFO - Setting next_dagrun for read_dataset_event to 2025-01-06 00:00:00+00:00, run_after=2025-01-07 00:00:00+00:00
[2025-01-07T11:54:58.161+0000] {logging_mixin.py:190} INFO - [2025-01-07T11:54:58.161+0000] {dag.py:4180} INFO - Setting next_dagrun for read_dataset_event_from_classic to 2025-01-06 00:00:00+00:00, run_after=2025-01-07 00:00:00+00:00
[2025-01-07T11:54:58.187+0000] {processor.py:208} INFO - Processing /home/airflow/.local/lib/python3.12/site-packages/airflow/example_dags/example_inlet_event_extra.py took 0.645 seconds
[2025-01-07T11:55:28.387+0000] {processor.py:186} INFO - Started process (PID=1009) to work on /home/airflow/.local/lib/python3.12/site-packages/airflow/example_dags/example_inlet_event_extra.py
[2025-01-07T11:55:28.388+0000] {processor.py:914} INFO - Processing file /home/airflow/.local/lib/python3.12/site-packages/airflow/example_dags/example_inlet_event_extra.py for tasks to queue
[2025-01-07T11:55:28.391+0000] {logging_mixin.py:190} INFO - [2025-01-07T11:55:28.391+0000] {dagbag.py:588} INFO - Filling up the DagBag from /home/airflow/.local/lib/python3.12/site-packages/airflow/example_dags/example_inlet_event_extra.py
[2025-01-07T11:55:28.958+0000] {processor.py:925} INFO - DAG(s) 'read_dataset_event', 'read_dataset_event_from_classic' retrieved from /home/airflow/.local/lib/python3.12/site-packages/airflow/example_dags/example_inlet_event_extra.py
[2025-01-07T11:55:28.981+0000] {logging_mixin.py:190} INFO - [2025-01-07T11:55:28.981+0000] {dag.py:3239} INFO - Sync 2 DAGs
[2025-01-07T11:55:29.008+0000] {logging_mixin.py:190} INFO - [2025-01-07T11:55:29.008+0000] {dag.py:4180} INFO - Setting next_dagrun for read_dataset_event to 2025-01-06 00:00:00+00:00, run_after=2025-01-07 00:00:00+00:00
[2025-01-07T11:55:29.015+0000] {logging_mixin.py:190} INFO - [2025-01-07T11:55:29.015+0000] {dag.py:4180} INFO - Setting next_dagrun for read_dataset_event_from_classic to 2025-01-06 00:00:00+00:00, run_after=2025-01-07 00:00:00+00:00
[2025-01-07T11:55:29.035+0000] {processor.py:208} INFO - Processing /home/airflow/.local/lib/python3.12/site-packages/airflow/example_dags/example_inlet_event_extra.py took 0.655 seconds
[2025-01-07T11:55:59.738+0000] {processor.py:186} INFO - Started process (PID=1072) to work on /home/airflow/.local/lib/python3.12/site-packages/airflow/example_dags/example_inlet_event_extra.py
[2025-01-07T11:55:59.740+0000] {processor.py:914} INFO - Processing file /home/airflow/.local/lib/python3.12/site-packages/airflow/example_dags/example_inlet_event_extra.py for tasks to queue
[2025-01-07T11:55:59.742+0000] {logging_mixin.py:190} INFO - [2025-01-07T11:55:59.742+0000] {dagbag.py:588} INFO - Filling up the DagBag from /home/airflow/.local/lib/python3.12/site-packages/airflow/example_dags/example_inlet_event_extra.py
[2025-01-07T11:56:00.412+0000] {processor.py:925} INFO - DAG(s) 'read_dataset_event_from_classic', 'read_dataset_event' retrieved from /home/airflow/.local/lib/python3.12/site-packages/airflow/example_dags/example_inlet_event_extra.py
[2025-01-07T11:56:00.432+0000] {logging_mixin.py:190} INFO - [2025-01-07T11:56:00.432+0000] {dag.py:3239} INFO - Sync 2 DAGs
[2025-01-07T11:56:00.460+0000] {logging_mixin.py:190} INFO - [2025-01-07T11:56:00.460+0000] {dag.py:4180} INFO - Setting next_dagrun for read_dataset_event to 2025-01-06 00:00:00+00:00, run_after=2025-01-07 00:00:00+00:00
[2025-01-07T11:56:00.465+0000] {logging_mixin.py:190} INFO - [2025-01-07T11:56:00.464+0000] {dag.py:4180} INFO - Setting next_dagrun for read_dataset_event_from_classic to 2025-01-06 00:00:00+00:00, run_after=2025-01-07 00:00:00+00:00
[2025-01-07T11:56:00.482+0000] {processor.py:208} INFO - Processing /home/airflow/.local/lib/python3.12/site-packages/airflow/example_dags/example_inlet_event_extra.py took 0.750 seconds
[2025-01-07T11:56:30.740+0000] {processor.py:186} INFO - Started process (PID=1135) to work on /home/airflow/.local/lib/python3.12/site-packages/airflow/example_dags/example_inlet_event_extra.py
[2025-01-07T11:56:30.741+0000] {processor.py:914} INFO - Processing file /home/airflow/.local/lib/python3.12/site-packages/airflow/example_dags/example_inlet_event_extra.py for tasks to queue
[2025-01-07T11:56:30.744+0000] {logging_mixin.py:190} INFO - [2025-01-07T11:56:30.744+0000] {dagbag.py:588} INFO - Filling up the DagBag from /home/airflow/.local/lib/python3.12/site-packages/airflow/example_dags/example_inlet_event_extra.py
[2025-01-07T11:56:31.328+0000] {processor.py:925} INFO - DAG(s) 'read_dataset_event', 'read_dataset_event_from_classic' retrieved from /home/airflow/.local/lib/python3.12/site-packages/airflow/example_dags/example_inlet_event_extra.py
[2025-01-07T11:56:31.349+0000] {logging_mixin.py:190} INFO - [2025-01-07T11:56:31.348+0000] {dag.py:3239} INFO - Sync 2 DAGs
[2025-01-07T11:56:31.378+0000] {logging_mixin.py:190} INFO - [2025-01-07T11:56:31.378+0000] {dag.py:4180} INFO - Setting next_dagrun for read_dataset_event to 2025-01-06 00:00:00+00:00, run_after=2025-01-07 00:00:00+00:00
[2025-01-07T11:56:31.385+0000] {logging_mixin.py:190} INFO - [2025-01-07T11:56:31.384+0000] {dag.py:4180} INFO - Setting next_dagrun for read_dataset_event_from_classic to 2025-01-06 00:00:00+00:00, run_after=2025-01-07 00:00:00+00:00
[2025-01-07T11:56:31.402+0000] {processor.py:208} INFO - Processing /home/airflow/.local/lib/python3.12/site-packages/airflow/example_dags/example_inlet_event_extra.py took 0.668 seconds
[2025-01-07T11:57:02.002+0000] {processor.py:186} INFO - Started process (PID=1198) to work on /home/airflow/.local/lib/python3.12/site-packages/airflow/example_dags/example_inlet_event_extra.py
[2025-01-07T11:57:02.003+0000] {processor.py:914} INFO - Processing file /home/airflow/.local/lib/python3.12/site-packages/airflow/example_dags/example_inlet_event_extra.py for tasks to queue
[2025-01-07T11:57:02.006+0000] {logging_mixin.py:190} INFO - [2025-01-07T11:57:02.006+0000] {dagbag.py:588} INFO - Filling up the DagBag from /home/airflow/.local/lib/python3.12/site-packages/airflow/example_dags/example_inlet_event_extra.py
[2025-01-07T11:57:02.695+0000] {processor.py:925} INFO - DAG(s) 'read_dataset_event_from_classic', 'read_dataset_event' retrieved from /home/airflow/.local/lib/python3.12/site-packages/airflow/example_dags/example_inlet_event_extra.py
[2025-01-07T11:57:02.721+0000] {logging_mixin.py:190} INFO - [2025-01-07T11:57:02.721+0000] {dag.py:3239} INFO - Sync 2 DAGs
[2025-01-07T11:57:02.751+0000] {logging_mixin.py:190} INFO - [2025-01-07T11:57:02.751+0000] {dag.py:4180} INFO - Setting next_dagrun for read_dataset_event to 2025-01-06 00:00:00+00:00, run_after=2025-01-07 00:00:00+00:00
[2025-01-07T11:57:02.757+0000] {logging_mixin.py:190} INFO - [2025-01-07T11:57:02.757+0000] {dag.py:4180} INFO - Setting next_dagrun for read_dataset_event_from_classic to 2025-01-06 00:00:00+00:00, run_after=2025-01-07 00:00:00+00:00
[2025-01-07T11:57:02.777+0000] {processor.py:208} INFO - Processing /home/airflow/.local/lib/python3.12/site-packages/airflow/example_dags/example_inlet_event_extra.py took 0.784 seconds
[2025-01-07T11:57:33.284+0000] {processor.py:186} INFO - Started process (PID=1261) to work on /home/airflow/.local/lib/python3.12/site-packages/airflow/example_dags/example_inlet_event_extra.py
[2025-01-07T11:57:33.286+0000] {processor.py:914} INFO - Processing file /home/airflow/.local/lib/python3.12/site-packages/airflow/example_dags/example_inlet_event_extra.py for tasks to queue
[2025-01-07T11:57:33.289+0000] {logging_mixin.py:190} INFO - [2025-01-07T11:57:33.288+0000] {dagbag.py:588} INFO - Filling up the DagBag from /home/airflow/.local/lib/python3.12/site-packages/airflow/example_dags/example_inlet_event_extra.py
[2025-01-07T11:57:33.925+0000] {processor.py:925} INFO - DAG(s) 'read_dataset_event', 'read_dataset_event_from_classic' retrieved from /home/airflow/.local/lib/python3.12/site-packages/airflow/example_dags/example_inlet_event_extra.py
[2025-01-07T11:57:33.959+0000] {logging_mixin.py:190} INFO - [2025-01-07T11:57:33.958+0000] {dag.py:3239} INFO - Sync 2 DAGs
[2025-01-07T11:57:33.993+0000] {logging_mixin.py:190} INFO - [2025-01-07T11:57:33.993+0000] {dag.py:4180} INFO - Setting next_dagrun for read_dataset_event to 2025-01-06 00:00:00+00:00, run_after=2025-01-07 00:00:00+00:00
[2025-01-07T11:57:34.000+0000] {logging_mixin.py:190} INFO - [2025-01-07T11:57:34.000+0000] {dag.py:4180} INFO - Setting next_dagrun for read_dataset_event_from_classic to 2025-01-06 00:00:00+00:00, run_after=2025-01-07 00:00:00+00:00
[2025-01-07T11:57:34.042+0000] {processor.py:208} INFO - Processing /home/airflow/.local/lib/python3.12/site-packages/airflow/example_dags/example_inlet_event_extra.py took 0.767 seconds
[2025-01-07T11:58:04.765+0000] {processor.py:186} INFO - Started process (PID=1331) to work on /home/airflow/.local/lib/python3.12/site-packages/airflow/example_dags/example_inlet_event_extra.py
[2025-01-07T11:58:04.770+0000] {processor.py:914} INFO - Processing file /home/airflow/.local/lib/python3.12/site-packages/airflow/example_dags/example_inlet_event_extra.py for tasks to queue
[2025-01-07T11:58:04.774+0000] {logging_mixin.py:190} INFO - [2025-01-07T11:58:04.773+0000] {dagbag.py:588} INFO - Filling up the DagBag from /home/airflow/.local/lib/python3.12/site-packages/airflow/example_dags/example_inlet_event_extra.py
[2025-01-07T11:58:05.585+0000] {processor.py:925} INFO - DAG(s) 'read_dataset_event_from_classic', 'read_dataset_event' retrieved from /home/airflow/.local/lib/python3.12/site-packages/airflow/example_dags/example_inlet_event_extra.py
[2025-01-07T11:58:05.608+0000] {logging_mixin.py:190} INFO - [2025-01-07T11:58:05.607+0000] {dag.py:3239} INFO - Sync 2 DAGs
[2025-01-07T11:58:05.636+0000] {logging_mixin.py:190} INFO - [2025-01-07T11:58:05.636+0000] {dag.py:4180} INFO - Setting next_dagrun for read_dataset_event to 2025-01-06 00:00:00+00:00, run_after=2025-01-07 00:00:00+00:00
[2025-01-07T11:58:05.643+0000] {logging_mixin.py:190} INFO - [2025-01-07T11:58:05.643+0000] {dag.py:4180} INFO - Setting next_dagrun for read_dataset_event_from_classic to 2025-01-06 00:00:00+00:00, run_after=2025-01-07 00:00:00+00:00
[2025-01-07T11:58:05.673+0000] {processor.py:208} INFO - Processing /home/airflow/.local/lib/python3.12/site-packages/airflow/example_dags/example_inlet_event_extra.py took 0.914 seconds
[2025-01-07T11:58:36.366+0000] {processor.py:186} INFO - Started process (PID=1394) to work on /home/airflow/.local/lib/python3.12/site-packages/airflow/example_dags/example_inlet_event_extra.py
[2025-01-07T11:58:36.367+0000] {processor.py:914} INFO - Processing file /home/airflow/.local/lib/python3.12/site-packages/airflow/example_dags/example_inlet_event_extra.py for tasks to queue
[2025-01-07T11:58:36.369+0000] {logging_mixin.py:190} INFO - [2025-01-07T11:58:36.369+0000] {dagbag.py:588} INFO - Filling up the DagBag from /home/airflow/.local/lib/python3.12/site-packages/airflow/example_dags/example_inlet_event_extra.py
[2025-01-07T11:58:36.999+0000] {processor.py:925} INFO - DAG(s) 'read_dataset_event_from_classic', 'read_dataset_event' retrieved from /home/airflow/.local/lib/python3.12/site-packages/airflow/example_dags/example_inlet_event_extra.py
[2025-01-07T11:58:37.021+0000] {logging_mixin.py:190} INFO - [2025-01-07T11:58:37.021+0000] {dag.py:3239} INFO - Sync 2 DAGs
[2025-01-07T11:58:37.044+0000] {logging_mixin.py:190} INFO - [2025-01-07T11:58:37.044+0000] {dag.py:4180} INFO - Setting next_dagrun for read_dataset_event to 2025-01-06 00:00:00+00:00, run_after=2025-01-07 00:00:00+00:00
[2025-01-07T11:58:37.049+0000] {logging_mixin.py:190} INFO - [2025-01-07T11:58:37.049+0000] {dag.py:4180} INFO - Setting next_dagrun for read_dataset_event_from_classic to 2025-01-06 00:00:00+00:00, run_after=2025-01-07 00:00:00+00:00
[2025-01-07T11:58:37.071+0000] {processor.py:208} INFO - Processing /home/airflow/.local/lib/python3.12/site-packages/airflow/example_dags/example_inlet_event_extra.py took 0.711 seconds
[2025-01-07T11:59:07.748+0000] {processor.py:186} INFO - Started process (PID=1457) to work on /home/airflow/.local/lib/python3.12/site-packages/airflow/example_dags/example_inlet_event_extra.py
[2025-01-07T11:59:07.750+0000] {processor.py:914} INFO - Processing file /home/airflow/.local/lib/python3.12/site-packages/airflow/example_dags/example_inlet_event_extra.py for tasks to queue
[2025-01-07T11:59:07.753+0000] {logging_mixin.py:190} INFO - [2025-01-07T11:59:07.753+0000] {dagbag.py:588} INFO - Filling up the DagBag from /home/airflow/.local/lib/python3.12/site-packages/airflow/example_dags/example_inlet_event_extra.py
[2025-01-07T11:59:08.304+0000] {processor.py:925} INFO - DAG(s) 'read_dataset_event', 'read_dataset_event_from_classic' retrieved from /home/airflow/.local/lib/python3.12/site-packages/airflow/example_dags/example_inlet_event_extra.py
[2025-01-07T11:59:08.326+0000] {logging_mixin.py:190} INFO - [2025-01-07T11:59:08.325+0000] {dag.py:3239} INFO - Sync 2 DAGs
[2025-01-07T11:59:08.352+0000] {logging_mixin.py:190} INFO - [2025-01-07T11:59:08.351+0000] {dag.py:4180} INFO - Setting next_dagrun for read_dataset_event to 2025-01-06 00:00:00+00:00, run_after=2025-01-07 00:00:00+00:00
[2025-01-07T11:59:08.357+0000] {logging_mixin.py:190} INFO - [2025-01-07T11:59:08.357+0000] {dag.py:4180} INFO - Setting next_dagrun for read_dataset_event_from_classic to 2025-01-06 00:00:00+00:00, run_after=2025-01-07 00:00:00+00:00
[2025-01-07T11:59:08.376+0000] {processor.py:208} INFO - Processing /home/airflow/.local/lib/python3.12/site-packages/airflow/example_dags/example_inlet_event_extra.py took 0.633 seconds
[2025-01-07T11:59:38.924+0000] {processor.py:186} INFO - Started process (PID=1521) to work on /home/airflow/.local/lib/python3.12/site-packages/airflow/example_dags/example_inlet_event_extra.py
[2025-01-07T11:59:38.926+0000] {processor.py:914} INFO - Processing file /home/airflow/.local/lib/python3.12/site-packages/airflow/example_dags/example_inlet_event_extra.py for tasks to queue
[2025-01-07T11:59:38.929+0000] {logging_mixin.py:190} INFO - [2025-01-07T11:59:38.928+0000] {dagbag.py:588} INFO - Filling up the DagBag from /home/airflow/.local/lib/python3.12/site-packages/airflow/example_dags/example_inlet_event_extra.py
[2025-01-07T11:59:39.438+0000] {processor.py:925} INFO - DAG(s) 'read_dataset_event_from_classic', 'read_dataset_event' retrieved from /home/airflow/.local/lib/python3.12/site-packages/airflow/example_dags/example_inlet_event_extra.py
[2025-01-07T11:59:39.459+0000] {logging_mixin.py:190} INFO - [2025-01-07T11:59:39.458+0000] {dag.py:3239} INFO - Sync 2 DAGs
[2025-01-07T11:59:39.481+0000] {logging_mixin.py:190} INFO - [2025-01-07T11:59:39.481+0000] {dag.py:4180} INFO - Setting next_dagrun for read_dataset_event to 2025-01-06 00:00:00+00:00, run_after=2025-01-07 00:00:00+00:00
[2025-01-07T11:59:39.485+0000] {logging_mixin.py:190} INFO - [2025-01-07T11:59:39.485+0000] {dag.py:4180} INFO - Setting next_dagrun for read_dataset_event_from_classic to 2025-01-06 00:00:00+00:00, run_after=2025-01-07 00:00:00+00:00
[2025-01-07T11:59:39.500+0000] {processor.py:208} INFO - Processing /home/airflow/.local/lib/python3.12/site-packages/airflow/example_dags/example_inlet_event_extra.py took 0.583 seconds
[2025-01-07T12:00:10.015+0000] {processor.py:186} INFO - Started process (PID=1584) to work on /home/airflow/.local/lib/python3.12/site-packages/airflow/example_dags/example_inlet_event_extra.py
[2025-01-07T12:00:10.016+0000] {processor.py:914} INFO - Processing file /home/airflow/.local/lib/python3.12/site-packages/airflow/example_dags/example_inlet_event_extra.py for tasks to queue
[2025-01-07T12:00:10.019+0000] {logging_mixin.py:190} INFO - [2025-01-07T12:00:10.019+0000] {dagbag.py:588} INFO - Filling up the DagBag from /home/airflow/.local/lib/python3.12/site-packages/airflow/example_dags/example_inlet_event_extra.py
[2025-01-07T12:00:10.550+0000] {processor.py:925} INFO - DAG(s) 'read_dataset_event_from_classic', 'read_dataset_event' retrieved from /home/airflow/.local/lib/python3.12/site-packages/airflow/example_dags/example_inlet_event_extra.py
[2025-01-07T12:00:10.576+0000] {logging_mixin.py:190} INFO - [2025-01-07T12:00:10.576+0000] {dag.py:3239} INFO - Sync 2 DAGs
[2025-01-07T12:00:10.614+0000] {logging_mixin.py:190} INFO - [2025-01-07T12:00:10.613+0000] {dag.py:4180} INFO - Setting next_dagrun for read_dataset_event to 2025-01-06 00:00:00+00:00, run_after=2025-01-07 00:00:00+00:00
[2025-01-07T12:00:10.621+0000] {logging_mixin.py:190} INFO - [2025-01-07T12:00:10.621+0000] {dag.py:4180} INFO - Setting next_dagrun for read_dataset_event_from_classic to 2025-01-06 00:00:00+00:00, run_after=2025-01-07 00:00:00+00:00
[2025-01-07T12:00:10.639+0000] {processor.py:208} INFO - Processing /home/airflow/.local/lib/python3.12/site-packages/airflow/example_dags/example_inlet_event_extra.py took 0.629 seconds
[2025-01-07T12:00:41.132+0000] {processor.py:186} INFO - Started process (PID=1647) to work on /home/airflow/.local/lib/python3.12/site-packages/airflow/example_dags/example_inlet_event_extra.py
[2025-01-07T12:00:41.133+0000] {processor.py:914} INFO - Processing file /home/airflow/.local/lib/python3.12/site-packages/airflow/example_dags/example_inlet_event_extra.py for tasks to queue
[2025-01-07T12:00:41.137+0000] {logging_mixin.py:190} INFO - [2025-01-07T12:00:41.136+0000] {dagbag.py:588} INFO - Filling up the DagBag from /home/airflow/.local/lib/python3.12/site-packages/airflow/example_dags/example_inlet_event_extra.py
[2025-01-07T12:00:41.760+0000] {processor.py:925} INFO - DAG(s) 'read_dataset_event_from_classic', 'read_dataset_event' retrieved from /home/airflow/.local/lib/python3.12/site-packages/airflow/example_dags/example_inlet_event_extra.py
[2025-01-07T12:00:41.786+0000] {logging_mixin.py:190} INFO - [2025-01-07T12:00:41.786+0000] {dag.py:3239} INFO - Sync 2 DAGs
[2025-01-07T12:00:41.817+0000] {logging_mixin.py:190} INFO - [2025-01-07T12:00:41.816+0000] {dag.py:4180} INFO - Setting next_dagrun for read_dataset_event to 2025-01-06 00:00:00+00:00, run_after=2025-01-07 00:00:00+00:00
[2025-01-07T12:00:41.821+0000] {logging_mixin.py:190} INFO - [2025-01-07T12:00:41.821+0000] {dag.py:4180} INFO - Setting next_dagrun for read_dataset_event_from_classic to 2025-01-06 00:00:00+00:00, run_after=2025-01-07 00:00:00+00:00
[2025-01-07T12:00:41.841+0000] {processor.py:208} INFO - Processing /home/airflow/.local/lib/python3.12/site-packages/airflow/example_dags/example_inlet_event_extra.py took 0.715 seconds
[2025-01-07T12:01:12.293+0000] {processor.py:186} INFO - Started process (PID=1710) to work on /home/airflow/.local/lib/python3.12/site-packages/airflow/example_dags/example_inlet_event_extra.py
[2025-01-07T12:01:12.294+0000] {processor.py:914} INFO - Processing file /home/airflow/.local/lib/python3.12/site-packages/airflow/example_dags/example_inlet_event_extra.py for tasks to queue
[2025-01-07T12:01:12.298+0000] {logging_mixin.py:190} INFO - [2025-01-07T12:01:12.297+0000] {dagbag.py:588} INFO - Filling up the DagBag from /home/airflow/.local/lib/python3.12/site-packages/airflow/example_dags/example_inlet_event_extra.py
[2025-01-07T12:01:12.941+0000] {processor.py:925} INFO - DAG(s) 'read_dataset_event_from_classic', 'read_dataset_event' retrieved from /home/airflow/.local/lib/python3.12/site-packages/airflow/example_dags/example_inlet_event_extra.py
[2025-01-07T12:01:12.976+0000] {logging_mixin.py:190} INFO - [2025-01-07T12:01:12.976+0000] {dag.py:3239} INFO - Sync 2 DAGs
[2025-01-07T12:01:13.010+0000] {logging_mixin.py:190} INFO - [2025-01-07T12:01:13.010+0000] {dag.py:4180} INFO - Setting next_dagrun for read_dataset_event to 2025-01-06 00:00:00+00:00, run_after=2025-01-07 00:00:00+00:00
[2025-01-07T12:01:13.018+0000] {logging_mixin.py:190} INFO - [2025-01-07T12:01:13.017+0000] {dag.py:4180} INFO - Setting next_dagrun for read_dataset_event_from_classic to 2025-01-06 00:00:00+00:00, run_after=2025-01-07 00:00:00+00:00
[2025-01-07T12:01:13.038+0000] {processor.py:208} INFO - Processing /home/airflow/.local/lib/python3.12/site-packages/airflow/example_dags/example_inlet_event_extra.py took 0.751 seconds
[2025-01-07T12:01:43.770+0000] {processor.py:186} INFO - Started process (PID=1773) to work on /home/airflow/.local/lib/python3.12/site-packages/airflow/example_dags/example_inlet_event_extra.py
[2025-01-07T12:01:43.771+0000] {processor.py:914} INFO - Processing file /home/airflow/.local/lib/python3.12/site-packages/airflow/example_dags/example_inlet_event_extra.py for tasks to queue
[2025-01-07T12:01:43.773+0000] {logging_mixin.py:190} INFO - [2025-01-07T12:01:43.773+0000] {dagbag.py:588} INFO - Filling up the DagBag from /home/airflow/.local/lib/python3.12/site-packages/airflow/example_dags/example_inlet_event_extra.py
[2025-01-07T12:01:44.324+0000] {processor.py:925} INFO - DAG(s) 'read_dataset_event', 'read_dataset_event_from_classic' retrieved from /home/airflow/.local/lib/python3.12/site-packages/airflow/example_dags/example_inlet_event_extra.py
[2025-01-07T12:01:44.343+0000] {logging_mixin.py:190} INFO - [2025-01-07T12:01:44.343+0000] {dag.py:3239} INFO - Sync 2 DAGs
[2025-01-07T12:01:44.368+0000] {logging_mixin.py:190} INFO - [2025-01-07T12:01:44.367+0000] {dag.py:4180} INFO - Setting next_dagrun for read_dataset_event to 2025-01-06 00:00:00+00:00, run_after=2025-01-07 00:00:00+00:00
[2025-01-07T12:01:44.372+0000] {logging_mixin.py:190} INFO - [2025-01-07T12:01:44.372+0000] {dag.py:4180} INFO - Setting next_dagrun for read_dataset_event_from_classic to 2025-01-06 00:00:00+00:00, run_after=2025-01-07 00:00:00+00:00
[2025-01-07T12:01:44.387+0000] {processor.py:208} INFO - Processing /home/airflow/.local/lib/python3.12/site-packages/airflow/example_dags/example_inlet_event_extra.py took 0.623 seconds
[2025-01-07T12:02:14.691+0000] {processor.py:186} INFO - Started process (PID=1836) to work on /home/airflow/.local/lib/python3.12/site-packages/airflow/example_dags/example_inlet_event_extra.py
[2025-01-07T12:02:14.692+0000] {processor.py:914} INFO - Processing file /home/airflow/.local/lib/python3.12/site-packages/airflow/example_dags/example_inlet_event_extra.py for tasks to queue
[2025-01-07T12:02:14.694+0000] {logging_mixin.py:190} INFO - [2025-01-07T12:02:14.694+0000] {dagbag.py:588} INFO - Filling up the DagBag from /home/airflow/.local/lib/python3.12/site-packages/airflow/example_dags/example_inlet_event_extra.py
[2025-01-07T12:02:15.244+0000] {processor.py:925} INFO - DAG(s) 'read_dataset_event_from_classic', 'read_dataset_event' retrieved from /home/airflow/.local/lib/python3.12/site-packages/airflow/example_dags/example_inlet_event_extra.py
[2025-01-07T12:02:15.267+0000] {logging_mixin.py:190} INFO - [2025-01-07T12:02:15.267+0000] {dag.py:3239} INFO - Sync 2 DAGs
[2025-01-07T12:02:15.290+0000] {logging_mixin.py:190} INFO - [2025-01-07T12:02:15.290+0000] {dag.py:4180} INFO - Setting next_dagrun for read_dataset_event to 2025-01-06 00:00:00+00:00, run_after=2025-01-07 00:00:00+00:00
[2025-01-07T12:02:15.298+0000] {logging_mixin.py:190} INFO - [2025-01-07T12:02:15.297+0000] {dag.py:4180} INFO - Setting next_dagrun for read_dataset_event_from_classic to 2025-01-06 00:00:00+00:00, run_after=2025-01-07 00:00:00+00:00
[2025-01-07T12:02:15.315+0000] {processor.py:208} INFO - Processing /home/airflow/.local/lib/python3.12/site-packages/airflow/example_dags/example_inlet_event_extra.py took 0.630 seconds
[2025-01-07T12:02:45.721+0000] {processor.py:186} INFO - Started process (PID=1899) to work on /home/airflow/.local/lib/python3.12/site-packages/airflow/example_dags/example_inlet_event_extra.py
[2025-01-07T12:02:45.722+0000] {processor.py:914} INFO - Processing file /home/airflow/.local/lib/python3.12/site-packages/airflow/example_dags/example_inlet_event_extra.py for tasks to queue
[2025-01-07T12:02:45.724+0000] {logging_mixin.py:190} INFO - [2025-01-07T12:02:45.724+0000] {dagbag.py:588} INFO - Filling up the DagBag from /home/airflow/.local/lib/python3.12/site-packages/airflow/example_dags/example_inlet_event_extra.py
[2025-01-07T12:02:46.348+0000] {processor.py:925} INFO - DAG(s) 'read_dataset_event_from_classic', 'read_dataset_event' retrieved from /home/airflow/.local/lib/python3.12/site-packages/airflow/example_dags/example_inlet_event_extra.py
[2025-01-07T12:02:46.371+0000] {logging_mixin.py:190} INFO - [2025-01-07T12:02:46.370+0000] {dag.py:3239} INFO - Sync 2 DAGs
[2025-01-07T12:02:46.397+0000] {logging_mixin.py:190} INFO - [2025-01-07T12:02:46.397+0000] {dag.py:4180} INFO - Setting next_dagrun for read_dataset_event to 2025-01-06 00:00:00+00:00, run_after=2025-01-07 00:00:00+00:00
[2025-01-07T12:02:46.403+0000] {logging_mixin.py:190} INFO - [2025-01-07T12:02:46.403+0000] {dag.py:4180} INFO - Setting next_dagrun for read_dataset_event_from_classic to 2025-01-06 00:00:00+00:00, run_after=2025-01-07 00:00:00+00:00
[2025-01-07T12:02:46.421+0000] {processor.py:208} INFO - Processing /home/airflow/.local/lib/python3.12/site-packages/airflow/example_dags/example_inlet_event_extra.py took 0.707 seconds
[2025-01-07T12:03:16.473+0000] {processor.py:186} INFO - Started process (PID=1962) to work on /home/airflow/.local/lib/python3.12/site-packages/airflow/example_dags/example_inlet_event_extra.py
[2025-01-07T12:03:16.474+0000] {processor.py:914} INFO - Processing file /home/airflow/.local/lib/python3.12/site-packages/airflow/example_dags/example_inlet_event_extra.py for tasks to queue
[2025-01-07T12:03:16.476+0000] {logging_mixin.py:190} INFO - [2025-01-07T12:03:16.476+0000] {dagbag.py:588} INFO - Filling up the DagBag from /home/airflow/.local/lib/python3.12/site-packages/airflow/example_dags/example_inlet_event_extra.py
[2025-01-07T12:03:16.960+0000] {processor.py:925} INFO - DAG(s) 'read_dataset_event_from_classic', 'read_dataset_event' retrieved from /home/airflow/.local/lib/python3.12/site-packages/airflow/example_dags/example_inlet_event_extra.py
[2025-01-07T12:03:16.981+0000] {logging_mixin.py:190} INFO - [2025-01-07T12:03:16.980+0000] {dag.py:3239} INFO - Sync 2 DAGs
[2025-01-07T12:03:17.004+0000] {logging_mixin.py:190} INFO - [2025-01-07T12:03:17.004+0000] {dag.py:4180} INFO - Setting next_dagrun for read_dataset_event to 2025-01-06 00:00:00+00:00, run_after=2025-01-07 00:00:00+00:00
[2025-01-07T12:03:17.009+0000] {logging_mixin.py:190} INFO - [2025-01-07T12:03:17.009+0000] {dag.py:4180} INFO - Setting next_dagrun for read_dataset_event_from_classic to 2025-01-06 00:00:00+00:00, run_after=2025-01-07 00:00:00+00:00
[2025-01-07T12:03:17.024+0000] {processor.py:208} INFO - Processing /home/airflow/.local/lib/python3.12/site-packages/airflow/example_dags/example_inlet_event_extra.py took 0.558 seconds
[2025-01-07T12:03:47.462+0000] {processor.py:186} INFO - Started process (PID=2025) to work on /home/airflow/.local/lib/python3.12/site-packages/airflow/example_dags/example_inlet_event_extra.py
[2025-01-07T12:03:47.463+0000] {processor.py:914} INFO - Processing file /home/airflow/.local/lib/python3.12/site-packages/airflow/example_dags/example_inlet_event_extra.py for tasks to queue
[2025-01-07T12:03:47.466+0000] {logging_mixin.py:190} INFO - [2025-01-07T12:03:47.465+0000] {dagbag.py:588} INFO - Filling up the DagBag from /home/airflow/.local/lib/python3.12/site-packages/airflow/example_dags/example_inlet_event_extra.py
[2025-01-07T12:03:48.043+0000] {processor.py:925} INFO - DAG(s) 'read_dataset_event', 'read_dataset_event_from_classic' retrieved from /home/airflow/.local/lib/python3.12/site-packages/airflow/example_dags/example_inlet_event_extra.py
[2025-01-07T12:03:48.064+0000] {logging_mixin.py:190} INFO - [2025-01-07T12:03:48.064+0000] {dag.py:3239} INFO - Sync 2 DAGs
[2025-01-07T12:03:48.088+0000] {logging_mixin.py:190} INFO - [2025-01-07T12:03:48.088+0000] {dag.py:4180} INFO - Setting next_dagrun for read_dataset_event to 2025-01-06 00:00:00+00:00, run_after=2025-01-07 00:00:00+00:00
[2025-01-07T12:03:48.093+0000] {logging_mixin.py:190} INFO - [2025-01-07T12:03:48.093+0000] {dag.py:4180} INFO - Setting next_dagrun for read_dataset_event_from_classic to 2025-01-06 00:00:00+00:00, run_after=2025-01-07 00:00:00+00:00
[2025-01-07T12:03:48.110+0000] {processor.py:208} INFO - Processing /home/airflow/.local/lib/python3.12/site-packages/airflow/example_dags/example_inlet_event_extra.py took 0.656 seconds
[2025-01-07T12:04:18.959+0000] {processor.py:186} INFO - Started process (PID=2097) to work on /home/airflow/.local/lib/python3.12/site-packages/airflow/example_dags/example_inlet_event_extra.py
[2025-01-07T12:04:18.960+0000] {processor.py:914} INFO - Processing file /home/airflow/.local/lib/python3.12/site-packages/airflow/example_dags/example_inlet_event_extra.py for tasks to queue
[2025-01-07T12:04:18.963+0000] {logging_mixin.py:190} INFO - [2025-01-07T12:04:18.962+0000] {dagbag.py:588} INFO - Filling up the DagBag from /home/airflow/.local/lib/python3.12/site-packages/airflow/example_dags/example_inlet_event_extra.py
[2025-01-07T12:04:19.516+0000] {processor.py:925} INFO - DAG(s) 'read_dataset_event_from_classic', 'read_dataset_event' retrieved from /home/airflow/.local/lib/python3.12/site-packages/airflow/example_dags/example_inlet_event_extra.py
[2025-01-07T12:04:19.538+0000] {logging_mixin.py:190} INFO - [2025-01-07T12:04:19.537+0000] {dag.py:3239} INFO - Sync 2 DAGs
[2025-01-07T12:04:19.561+0000] {logging_mixin.py:190} INFO - [2025-01-07T12:04:19.561+0000] {dag.py:4180} INFO - Setting next_dagrun for read_dataset_event to 2025-01-06 00:00:00+00:00, run_after=2025-01-07 00:00:00+00:00
[2025-01-07T12:04:19.567+0000] {logging_mixin.py:190} INFO - [2025-01-07T12:04:19.567+0000] {dag.py:4180} INFO - Setting next_dagrun for read_dataset_event_from_classic to 2025-01-06 00:00:00+00:00, run_after=2025-01-07 00:00:00+00:00
[2025-01-07T12:04:19.587+0000] {processor.py:208} INFO - Processing /home/airflow/.local/lib/python3.12/site-packages/airflow/example_dags/example_inlet_event_extra.py took 0.635 seconds
[2025-01-07T12:04:50.237+0000] {processor.py:186} INFO - Started process (PID=2160) to work on /home/airflow/.local/lib/python3.12/site-packages/airflow/example_dags/example_inlet_event_extra.py
[2025-01-07T12:04:50.238+0000] {processor.py:914} INFO - Processing file /home/airflow/.local/lib/python3.12/site-packages/airflow/example_dags/example_inlet_event_extra.py for tasks to queue
[2025-01-07T12:04:50.241+0000] {logging_mixin.py:190} INFO - [2025-01-07T12:04:50.240+0000] {dagbag.py:588} INFO - Filling up the DagBag from /home/airflow/.local/lib/python3.12/site-packages/airflow/example_dags/example_inlet_event_extra.py
[2025-01-07T12:04:50.868+0000] {processor.py:925} INFO - DAG(s) 'read_dataset_event', 'read_dataset_event_from_classic' retrieved from /home/airflow/.local/lib/python3.12/site-packages/airflow/example_dags/example_inlet_event_extra.py
[2025-01-07T12:04:50.889+0000] {logging_mixin.py:190} INFO - [2025-01-07T12:04:50.889+0000] {dag.py:3239} INFO - Sync 2 DAGs
[2025-01-07T12:04:50.917+0000] {logging_mixin.py:190} INFO - [2025-01-07T12:04:50.917+0000] {dag.py:4180} INFO - Setting next_dagrun for read_dataset_event to 2025-01-06 00:00:00+00:00, run_after=2025-01-07 00:00:00+00:00
[2025-01-07T12:04:50.923+0000] {logging_mixin.py:190} INFO - [2025-01-07T12:04:50.923+0000] {dag.py:4180} INFO - Setting next_dagrun for read_dataset_event_from_classic to 2025-01-06 00:00:00+00:00, run_after=2025-01-07 00:00:00+00:00
[2025-01-07T12:04:50.945+0000] {processor.py:208} INFO - Processing /home/airflow/.local/lib/python3.12/site-packages/airflow/example_dags/example_inlet_event_extra.py took 0.715 seconds
[2025-01-07T12:05:21.760+0000] {processor.py:186} INFO - Started process (PID=2223) to work on /home/airflow/.local/lib/python3.12/site-packages/airflow/example_dags/example_inlet_event_extra.py
[2025-01-07T12:05:21.762+0000] {processor.py:914} INFO - Processing file /home/airflow/.local/lib/python3.12/site-packages/airflow/example_dags/example_inlet_event_extra.py for tasks to queue
[2025-01-07T12:05:21.765+0000] {logging_mixin.py:190} INFO - [2025-01-07T12:05:21.764+0000] {dagbag.py:588} INFO - Filling up the DagBag from /home/airflow/.local/lib/python3.12/site-packages/airflow/example_dags/example_inlet_event_extra.py
[2025-01-07T12:05:22.411+0000] {processor.py:925} INFO - DAG(s) 'read_dataset_event_from_classic', 'read_dataset_event' retrieved from /home/airflow/.local/lib/python3.12/site-packages/airflow/example_dags/example_inlet_event_extra.py
[2025-01-07T12:05:22.433+0000] {logging_mixin.py:190} INFO - [2025-01-07T12:05:22.433+0000] {dag.py:3239} INFO - Sync 2 DAGs
[2025-01-07T12:05:22.469+0000] {logging_mixin.py:190} INFO - [2025-01-07T12:05:22.469+0000] {dag.py:4180} INFO - Setting next_dagrun for read_dataset_event to 2025-01-06 00:00:00+00:00, run_after=2025-01-07 00:00:00+00:00
[2025-01-07T12:05:22.476+0000] {logging_mixin.py:190} INFO - [2025-01-07T12:05:22.476+0000] {dag.py:4180} INFO - Setting next_dagrun for read_dataset_event_from_classic to 2025-01-06 00:00:00+00:00, run_after=2025-01-07 00:00:00+00:00
[2025-01-07T12:05:22.499+0000] {processor.py:208} INFO - Processing /home/airflow/.local/lib/python3.12/site-packages/airflow/example_dags/example_inlet_event_extra.py took 0.747 seconds
[2025-01-07T12:05:53.195+0000] {processor.py:186} INFO - Started process (PID=2286) to work on /home/airflow/.local/lib/python3.12/site-packages/airflow/example_dags/example_inlet_event_extra.py
[2025-01-07T12:05:53.196+0000] {processor.py:914} INFO - Processing file /home/airflow/.local/lib/python3.12/site-packages/airflow/example_dags/example_inlet_event_extra.py for tasks to queue
[2025-01-07T12:05:53.199+0000] {logging_mixin.py:190} INFO - [2025-01-07T12:05:53.199+0000] {dagbag.py:588} INFO - Filling up the DagBag from /home/airflow/.local/lib/python3.12/site-packages/airflow/example_dags/example_inlet_event_extra.py
[2025-01-07T12:05:53.968+0000] {processor.py:925} INFO - DAG(s) 'read_dataset_event_from_classic', 'read_dataset_event' retrieved from /home/airflow/.local/lib/python3.12/site-packages/airflow/example_dags/example_inlet_event_extra.py
[2025-01-07T12:05:54.006+0000] {logging_mixin.py:190} INFO - [2025-01-07T12:05:54.005+0000] {dag.py:3239} INFO - Sync 2 DAGs
[2025-01-07T12:05:54.038+0000] {logging_mixin.py:190} INFO - [2025-01-07T12:05:54.038+0000] {dag.py:4180} INFO - Setting next_dagrun for read_dataset_event to 2025-01-06 00:00:00+00:00, run_after=2025-01-07 00:00:00+00:00
[2025-01-07T12:05:54.046+0000] {logging_mixin.py:190} INFO - [2025-01-07T12:05:54.046+0000] {dag.py:4180} INFO - Setting next_dagrun for read_dataset_event_from_classic to 2025-01-06 00:00:00+00:00, run_after=2025-01-07 00:00:00+00:00
[2025-01-07T12:05:54.066+0000] {processor.py:208} INFO - Processing /home/airflow/.local/lib/python3.12/site-packages/airflow/example_dags/example_inlet_event_extra.py took 0.879 seconds
[2025-01-07T12:06:24.718+0000] {processor.py:186} INFO - Started process (PID=2349) to work on /home/airflow/.local/lib/python3.12/site-packages/airflow/example_dags/example_inlet_event_extra.py
[2025-01-07T12:06:24.719+0000] {processor.py:914} INFO - Processing file /home/airflow/.local/lib/python3.12/site-packages/airflow/example_dags/example_inlet_event_extra.py for tasks to queue
[2025-01-07T12:06:24.721+0000] {logging_mixin.py:190} INFO - [2025-01-07T12:06:24.721+0000] {dagbag.py:588} INFO - Filling up the DagBag from /home/airflow/.local/lib/python3.12/site-packages/airflow/example_dags/example_inlet_event_extra.py
[2025-01-07T12:06:25.241+0000] {processor.py:925} INFO - DAG(s) 'read_dataset_event_from_classic', 'read_dataset_event' retrieved from /home/airflow/.local/lib/python3.12/site-packages/airflow/example_dags/example_inlet_event_extra.py
[2025-01-07T12:06:25.262+0000] {logging_mixin.py:190} INFO - [2025-01-07T12:06:25.262+0000] {dag.py:3239} INFO - Sync 2 DAGs
[2025-01-07T12:06:25.290+0000] {logging_mixin.py:190} INFO - [2025-01-07T12:06:25.290+0000] {dag.py:4180} INFO - Setting next_dagrun for read_dataset_event to 2025-01-06 00:00:00+00:00, run_after=2025-01-07 00:00:00+00:00
[2025-01-07T12:06:25.295+0000] {logging_mixin.py:190} INFO - [2025-01-07T12:06:25.295+0000] {dag.py:4180} INFO - Setting next_dagrun for read_dataset_event_from_classic to 2025-01-06 00:00:00+00:00, run_after=2025-01-07 00:00:00+00:00
[2025-01-07T12:06:25.311+0000] {processor.py:208} INFO - Processing /home/airflow/.local/lib/python3.12/site-packages/airflow/example_dags/example_inlet_event_extra.py took 0.600 seconds
[2025-01-07T12:06:55.460+0000] {processor.py:186} INFO - Started process (PID=2412) to work on /home/airflow/.local/lib/python3.12/site-packages/airflow/example_dags/example_inlet_event_extra.py
[2025-01-07T12:06:55.461+0000] {processor.py:914} INFO - Processing file /home/airflow/.local/lib/python3.12/site-packages/airflow/example_dags/example_inlet_event_extra.py for tasks to queue
[2025-01-07T12:06:55.464+0000] {logging_mixin.py:190} INFO - [2025-01-07T12:06:55.464+0000] {dagbag.py:588} INFO - Filling up the DagBag from /home/airflow/.local/lib/python3.12/site-packages/airflow/example_dags/example_inlet_event_extra.py
[2025-01-07T12:06:55.995+0000] {processor.py:925} INFO - DAG(s) 'read_dataset_event_from_classic', 'read_dataset_event' retrieved from /home/airflow/.local/lib/python3.12/site-packages/airflow/example_dags/example_inlet_event_extra.py
[2025-01-07T12:06:56.018+0000] {logging_mixin.py:190} INFO - [2025-01-07T12:06:56.018+0000] {dag.py:3239} INFO - Sync 2 DAGs
[2025-01-07T12:06:56.040+0000] {logging_mixin.py:190} INFO - [2025-01-07T12:06:56.040+0000] {dag.py:4180} INFO - Setting next_dagrun for read_dataset_event to 2025-01-06 00:00:00+00:00, run_after=2025-01-07 00:00:00+00:00
[2025-01-07T12:06:56.045+0000] {logging_mixin.py:190} INFO - [2025-01-07T12:06:56.045+0000] {dag.py:4180} INFO - Setting next_dagrun for read_dataset_event_from_classic to 2025-01-06 00:00:00+00:00, run_after=2025-01-07 00:00:00+00:00
[2025-01-07T12:06:56.061+0000] {processor.py:208} INFO - Processing /home/airflow/.local/lib/python3.12/site-packages/airflow/example_dags/example_inlet_event_extra.py took 0.607 seconds
[2025-01-07T12:07:26.740+0000] {processor.py:186} INFO - Started process (PID=2477) to work on /home/airflow/.local/lib/python3.12/site-packages/airflow/example_dags/example_inlet_event_extra.py
[2025-01-07T12:07:26.741+0000] {processor.py:914} INFO - Processing file /home/airflow/.local/lib/python3.12/site-packages/airflow/example_dags/example_inlet_event_extra.py for tasks to queue
[2025-01-07T12:07:26.744+0000] {logging_mixin.py:190} INFO - [2025-01-07T12:07:26.744+0000] {dagbag.py:588} INFO - Filling up the DagBag from /home/airflow/.local/lib/python3.12/site-packages/airflow/example_dags/example_inlet_event_extra.py
[2025-01-07T12:07:27.330+0000] {processor.py:925} INFO - DAG(s) 'read_dataset_event_from_classic', 'read_dataset_event' retrieved from /home/airflow/.local/lib/python3.12/site-packages/airflow/example_dags/example_inlet_event_extra.py
[2025-01-07T12:07:27.355+0000] {logging_mixin.py:190} INFO - [2025-01-07T12:07:27.354+0000] {dag.py:3239} INFO - Sync 2 DAGs
[2025-01-07T12:07:27.386+0000] {logging_mixin.py:190} INFO - [2025-01-07T12:07:27.386+0000] {dag.py:4180} INFO - Setting next_dagrun for read_dataset_event to 2025-01-06 00:00:00+00:00, run_after=2025-01-07 00:00:00+00:00
[2025-01-07T12:07:27.392+0000] {logging_mixin.py:190} INFO - [2025-01-07T12:07:27.391+0000] {dag.py:4180} INFO - Setting next_dagrun for read_dataset_event_from_classic to 2025-01-06 00:00:00+00:00, run_after=2025-01-07 00:00:00+00:00
[2025-01-07T12:07:27.409+0000] {processor.py:208} INFO - Processing /home/airflow/.local/lib/python3.12/site-packages/airflow/example_dags/example_inlet_event_extra.py took 0.675 seconds
[2025-01-07T12:07:58.092+0000] {processor.py:186} INFO - Started process (PID=2541) to work on /home/airflow/.local/lib/python3.12/site-packages/airflow/example_dags/example_inlet_event_extra.py
[2025-01-07T12:07:58.094+0000] {processor.py:914} INFO - Processing file /home/airflow/.local/lib/python3.12/site-packages/airflow/example_dags/example_inlet_event_extra.py for tasks to queue
[2025-01-07T12:07:58.097+0000] {logging_mixin.py:190} INFO - [2025-01-07T12:07:58.096+0000] {dagbag.py:588} INFO - Filling up the DagBag from /home/airflow/.local/lib/python3.12/site-packages/airflow/example_dags/example_inlet_event_extra.py
[2025-01-07T12:07:59.564+0000] {processor.py:925} INFO - DAG(s) 'read_dataset_event_from_classic', 'read_dataset_event' retrieved from /home/airflow/.local/lib/python3.12/site-packages/airflow/example_dags/example_inlet_event_extra.py
[2025-01-07T12:07:59.603+0000] {logging_mixin.py:190} INFO - [2025-01-07T12:07:59.602+0000] {dag.py:3239} INFO - Sync 2 DAGs
[2025-01-07T12:07:59.655+0000] {logging_mixin.py:190} INFO - [2025-01-07T12:07:59.655+0000] {dag.py:4180} INFO - Setting next_dagrun for read_dataset_event to 2025-01-06 00:00:00+00:00, run_after=2025-01-07 00:00:00+00:00
[2025-01-07T12:07:59.667+0000] {logging_mixin.py:190} INFO - [2025-01-07T12:07:59.667+0000] {dag.py:4180} INFO - Setting next_dagrun for read_dataset_event_from_classic to 2025-01-06 00:00:00+00:00, run_after=2025-01-07 00:00:00+00:00
[2025-01-07T12:07:59.700+0000] {processor.py:208} INFO - Processing /home/airflow/.local/lib/python3.12/site-packages/airflow/example_dags/example_inlet_event_extra.py took 1.615 seconds
[2025-01-07T12:08:30.165+0000] {processor.py:186} INFO - Started process (PID=2606) to work on /home/airflow/.local/lib/python3.12/site-packages/airflow/example_dags/example_inlet_event_extra.py
[2025-01-07T12:08:30.166+0000] {processor.py:914} INFO - Processing file /home/airflow/.local/lib/python3.12/site-packages/airflow/example_dags/example_inlet_event_extra.py for tasks to queue
[2025-01-07T12:08:30.169+0000] {logging_mixin.py:190} INFO - [2025-01-07T12:08:30.168+0000] {dagbag.py:588} INFO - Filling up the DagBag from /home/airflow/.local/lib/python3.12/site-packages/airflow/example_dags/example_inlet_event_extra.py
[2025-01-07T12:08:30.762+0000] {processor.py:925} INFO - DAG(s) 'read_dataset_event_from_classic', 'read_dataset_event' retrieved from /home/airflow/.local/lib/python3.12/site-packages/airflow/example_dags/example_inlet_event_extra.py
[2025-01-07T12:08:30.789+0000] {logging_mixin.py:190} INFO - [2025-01-07T12:08:30.788+0000] {dag.py:3239} INFO - Sync 2 DAGs
[2025-01-07T12:08:30.816+0000] {logging_mixin.py:190} INFO - [2025-01-07T12:08:30.815+0000] {dag.py:4180} INFO - Setting next_dagrun for read_dataset_event to 2025-01-06 00:00:00+00:00, run_after=2025-01-07 00:00:00+00:00
[2025-01-07T12:08:30.821+0000] {logging_mixin.py:190} INFO - [2025-01-07T12:08:30.821+0000] {dag.py:4180} INFO - Setting next_dagrun for read_dataset_event_from_classic to 2025-01-06 00:00:00+00:00, run_after=2025-01-07 00:00:00+00:00
[2025-01-07T12:08:30.839+0000] {processor.py:208} INFO - Processing /home/airflow/.local/lib/python3.12/site-packages/airflow/example_dags/example_inlet_event_extra.py took 0.681 seconds
[2025-01-07T12:09:01.600+0000] {processor.py:186} INFO - Started process (PID=2669) to work on /home/airflow/.local/lib/python3.12/site-packages/airflow/example_dags/example_inlet_event_extra.py
[2025-01-07T12:09:01.601+0000] {processor.py:914} INFO - Processing file /home/airflow/.local/lib/python3.12/site-packages/airflow/example_dags/example_inlet_event_extra.py for tasks to queue
[2025-01-07T12:09:01.604+0000] {logging_mixin.py:190} INFO - [2025-01-07T12:09:01.603+0000] {dagbag.py:588} INFO - Filling up the DagBag from /home/airflow/.local/lib/python3.12/site-packages/airflow/example_dags/example_inlet_event_extra.py
[2025-01-07T12:09:02.340+0000] {processor.py:925} INFO - DAG(s) 'read_dataset_event', 'read_dataset_event_from_classic' retrieved from /home/airflow/.local/lib/python3.12/site-packages/airflow/example_dags/example_inlet_event_extra.py
[2025-01-07T12:09:02.371+0000] {logging_mixin.py:190} INFO - [2025-01-07T12:09:02.370+0000] {dag.py:3239} INFO - Sync 2 DAGs
[2025-01-07T12:09:02.408+0000] {logging_mixin.py:190} INFO - [2025-01-07T12:09:02.407+0000] {dag.py:4180} INFO - Setting next_dagrun for read_dataset_event to 2025-01-06 00:00:00+00:00, run_after=2025-01-07 00:00:00+00:00
[2025-01-07T12:09:02.417+0000] {logging_mixin.py:190} INFO - [2025-01-07T12:09:02.416+0000] {dag.py:4180} INFO - Setting next_dagrun for read_dataset_event_from_classic to 2025-01-06 00:00:00+00:00, run_after=2025-01-07 00:00:00+00:00
[2025-01-07T12:09:02.444+0000] {processor.py:208} INFO - Processing /home/airflow/.local/lib/python3.12/site-packages/airflow/example_dags/example_inlet_event_extra.py took 0.851 seconds
[2025-01-07T12:09:33.252+0000] {processor.py:186} INFO - Started process (PID=2733) to work on /home/airflow/.local/lib/python3.12/site-packages/airflow/example_dags/example_inlet_event_extra.py
[2025-01-07T12:09:33.254+0000] {processor.py:914} INFO - Processing file /home/airflow/.local/lib/python3.12/site-packages/airflow/example_dags/example_inlet_event_extra.py for tasks to queue
[2025-01-07T12:09:33.256+0000] {logging_mixin.py:190} INFO - [2025-01-07T12:09:33.256+0000] {dagbag.py:588} INFO - Filling up the DagBag from /home/airflow/.local/lib/python3.12/site-packages/airflow/example_dags/example_inlet_event_extra.py
[2025-01-07T12:09:34.017+0000] {processor.py:925} INFO - DAG(s) 'read_dataset_event', 'read_dataset_event_from_classic' retrieved from /home/airflow/.local/lib/python3.12/site-packages/airflow/example_dags/example_inlet_event_extra.py
[2025-01-07T12:09:34.047+0000] {logging_mixin.py:190} INFO - [2025-01-07T12:09:34.047+0000] {dag.py:3239} INFO - Sync 2 DAGs
[2025-01-07T12:09:34.085+0000] {logging_mixin.py:190} INFO - [2025-01-07T12:09:34.084+0000] {dag.py:4180} INFO - Setting next_dagrun for read_dataset_event to 2025-01-06 00:00:00+00:00, run_after=2025-01-07 00:00:00+00:00
[2025-01-07T12:09:34.095+0000] {logging_mixin.py:190} INFO - [2025-01-07T12:09:34.095+0000] {dag.py:4180} INFO - Setting next_dagrun for read_dataset_event_from_classic to 2025-01-06 00:00:00+00:00, run_after=2025-01-07 00:00:00+00:00
[2025-01-07T12:09:34.123+0000] {processor.py:208} INFO - Processing /home/airflow/.local/lib/python3.12/site-packages/airflow/example_dags/example_inlet_event_extra.py took 0.878 seconds
[2025-01-07T12:10:04.923+0000] {processor.py:186} INFO - Started process (PID=2800) to work on /home/airflow/.local/lib/python3.12/site-packages/airflow/example_dags/example_inlet_event_extra.py
[2025-01-07T12:10:04.924+0000] {processor.py:914} INFO - Processing file /home/airflow/.local/lib/python3.12/site-packages/airflow/example_dags/example_inlet_event_extra.py for tasks to queue
[2025-01-07T12:10:04.927+0000] {logging_mixin.py:190} INFO - [2025-01-07T12:10:04.927+0000] {dagbag.py:588} INFO - Filling up the DagBag from /home/airflow/.local/lib/python3.12/site-packages/airflow/example_dags/example_inlet_event_extra.py
[2025-01-07T12:10:05.723+0000] {processor.py:925} INFO - DAG(s) 'read_dataset_event', 'read_dataset_event_from_classic' retrieved from /home/airflow/.local/lib/python3.12/site-packages/airflow/example_dags/example_inlet_event_extra.py
[2025-01-07T12:10:05.754+0000] {logging_mixin.py:190} INFO - [2025-01-07T12:10:05.753+0000] {dag.py:3239} INFO - Sync 2 DAGs
[2025-01-07T12:10:05.792+0000] {logging_mixin.py:190} INFO - [2025-01-07T12:10:05.792+0000] {dag.py:4180} INFO - Setting next_dagrun for read_dataset_event to 2025-01-06 00:00:00+00:00, run_after=2025-01-07 00:00:00+00:00
[2025-01-07T12:10:05.801+0000] {logging_mixin.py:190} INFO - [2025-01-07T12:10:05.801+0000] {dag.py:4180} INFO - Setting next_dagrun for read_dataset_event_from_classic to 2025-01-06 00:00:00+00:00, run_after=2025-01-07 00:00:00+00:00
[2025-01-07T12:10:05.826+0000] {processor.py:208} INFO - Processing /home/airflow/.local/lib/python3.12/site-packages/airflow/example_dags/example_inlet_event_extra.py took 0.910 seconds
[2025-01-07T12:10:36.542+0000] {processor.py:186} INFO - Started process (PID=2867) to work on /home/airflow/.local/lib/python3.12/site-packages/airflow/example_dags/example_inlet_event_extra.py
[2025-01-07T12:10:36.544+0000] {processor.py:914} INFO - Processing file /home/airflow/.local/lib/python3.12/site-packages/airflow/example_dags/example_inlet_event_extra.py for tasks to queue
[2025-01-07T12:10:36.548+0000] {logging_mixin.py:190} INFO - [2025-01-07T12:10:36.547+0000] {dagbag.py:588} INFO - Filling up the DagBag from /home/airflow/.local/lib/python3.12/site-packages/airflow/example_dags/example_inlet_event_extra.py
[2025-01-07T12:10:37.368+0000] {processor.py:925} INFO - DAG(s) 'read_dataset_event_from_classic', 'read_dataset_event' retrieved from /home/airflow/.local/lib/python3.12/site-packages/airflow/example_dags/example_inlet_event_extra.py
[2025-01-07T12:10:37.401+0000] {logging_mixin.py:190} INFO - [2025-01-07T12:10:37.401+0000] {dag.py:3239} INFO - Sync 2 DAGs
[2025-01-07T12:10:37.441+0000] {logging_mixin.py:190} INFO - [2025-01-07T12:10:37.440+0000] {dag.py:4180} INFO - Setting next_dagrun for read_dataset_event to 2025-01-06 00:00:00+00:00, run_after=2025-01-07 00:00:00+00:00
[2025-01-07T12:10:37.451+0000] {logging_mixin.py:190} INFO - [2025-01-07T12:10:37.450+0000] {dag.py:4180} INFO - Setting next_dagrun for read_dataset_event_from_classic to 2025-01-06 00:00:00+00:00, run_after=2025-01-07 00:00:00+00:00
[2025-01-07T12:10:37.473+0000] {processor.py:208} INFO - Processing /home/airflow/.local/lib/python3.12/site-packages/airflow/example_dags/example_inlet_event_extra.py took 0.940 seconds
[2025-01-07T12:11:08.194+0000] {processor.py:186} INFO - Started process (PID=2931) to work on /home/airflow/.local/lib/python3.12/site-packages/airflow/example_dags/example_inlet_event_extra.py
[2025-01-07T12:11:08.196+0000] {processor.py:914} INFO - Processing file /home/airflow/.local/lib/python3.12/site-packages/airflow/example_dags/example_inlet_event_extra.py for tasks to queue
[2025-01-07T12:11:08.202+0000] {logging_mixin.py:190} INFO - [2025-01-07T12:11:08.201+0000] {dagbag.py:588} INFO - Filling up the DagBag from /home/airflow/.local/lib/python3.12/site-packages/airflow/example_dags/example_inlet_event_extra.py
[2025-01-07T12:11:09.422+0000] {processor.py:925} INFO - DAG(s) 'read_dataset_event', 'read_dataset_event_from_classic' retrieved from /home/airflow/.local/lib/python3.12/site-packages/airflow/example_dags/example_inlet_event_extra.py
[2025-01-07T12:11:09.465+0000] {logging_mixin.py:190} INFO - [2025-01-07T12:11:09.465+0000] {dag.py:3239} INFO - Sync 2 DAGs
[2025-01-07T12:11:09.528+0000] {logging_mixin.py:190} INFO - [2025-01-07T12:11:09.528+0000] {dag.py:4180} INFO - Setting next_dagrun for read_dataset_event to 2025-01-06 00:00:00+00:00, run_after=2025-01-07 00:00:00+00:00
[2025-01-07T12:11:09.538+0000] {logging_mixin.py:190} INFO - [2025-01-07T12:11:09.538+0000] {dag.py:4180} INFO - Setting next_dagrun for read_dataset_event_from_classic to 2025-01-06 00:00:00+00:00, run_after=2025-01-07 00:00:00+00:00
[2025-01-07T12:11:09.581+0000] {processor.py:208} INFO - Processing /home/airflow/.local/lib/python3.12/site-packages/airflow/example_dags/example_inlet_event_extra.py took 1.396 seconds
[2025-01-07T12:11:39.751+0000] {processor.py:186} INFO - Started process (PID=2994) to work on /home/airflow/.local/lib/python3.12/site-packages/airflow/example_dags/example_inlet_event_extra.py
[2025-01-07T12:11:39.752+0000] {processor.py:914} INFO - Processing file /home/airflow/.local/lib/python3.12/site-packages/airflow/example_dags/example_inlet_event_extra.py for tasks to queue
[2025-01-07T12:11:39.756+0000] {logging_mixin.py:190} INFO - [2025-01-07T12:11:39.756+0000] {dagbag.py:588} INFO - Filling up the DagBag from /home/airflow/.local/lib/python3.12/site-packages/airflow/example_dags/example_inlet_event_extra.py
[2025-01-07T12:11:40.367+0000] {processor.py:925} INFO - DAG(s) 'read_dataset_event_from_classic', 'read_dataset_event' retrieved from /home/airflow/.local/lib/python3.12/site-packages/airflow/example_dags/example_inlet_event_extra.py
[2025-01-07T12:11:40.392+0000] {logging_mixin.py:190} INFO - [2025-01-07T12:11:40.392+0000] {dag.py:3239} INFO - Sync 2 DAGs
[2025-01-07T12:11:40.420+0000] {logging_mixin.py:190} INFO - [2025-01-07T12:11:40.420+0000] {dag.py:4180} INFO - Setting next_dagrun for read_dataset_event to 2025-01-06 00:00:00+00:00, run_after=2025-01-07 00:00:00+00:00
[2025-01-07T12:11:40.426+0000] {logging_mixin.py:190} INFO - [2025-01-07T12:11:40.426+0000] {dag.py:4180} INFO - Setting next_dagrun for read_dataset_event_from_classic to 2025-01-06 00:00:00+00:00, run_after=2025-01-07 00:00:00+00:00
[2025-01-07T12:11:40.444+0000] {processor.py:208} INFO - Processing /home/airflow/.local/lib/python3.12/site-packages/airflow/example_dags/example_inlet_event_extra.py took 0.700 seconds
[2025-01-07T12:12:10.796+0000] {processor.py:186} INFO - Started process (PID=3057) to work on /home/airflow/.local/lib/python3.12/site-packages/airflow/example_dags/example_inlet_event_extra.py
[2025-01-07T12:12:10.798+0000] {processor.py:914} INFO - Processing file /home/airflow/.local/lib/python3.12/site-packages/airflow/example_dags/example_inlet_event_extra.py for tasks to queue
[2025-01-07T12:12:10.804+0000] {logging_mixin.py:190} INFO - [2025-01-07T12:12:10.803+0000] {dagbag.py:588} INFO - Filling up the DagBag from /home/airflow/.local/lib/python3.12/site-packages/airflow/example_dags/example_inlet_event_extra.py
[2025-01-07T12:12:11.761+0000] {processor.py:925} INFO - DAG(s) 'read_dataset_event_from_classic', 'read_dataset_event' retrieved from /home/airflow/.local/lib/python3.12/site-packages/airflow/example_dags/example_inlet_event_extra.py
[2025-01-07T12:12:11.802+0000] {logging_mixin.py:190} INFO - [2025-01-07T12:12:11.801+0000] {dag.py:3239} INFO - Sync 2 DAGs
[2025-01-07T12:12:11.865+0000] {logging_mixin.py:190} INFO - [2025-01-07T12:12:11.864+0000] {dag.py:4180} INFO - Setting next_dagrun for read_dataset_event to 2025-01-06 00:00:00+00:00, run_after=2025-01-07 00:00:00+00:00
[2025-01-07T12:12:11.876+0000] {logging_mixin.py:190} INFO - [2025-01-07T12:12:11.875+0000] {dag.py:4180} INFO - Setting next_dagrun for read_dataset_event_from_classic to 2025-01-06 00:00:00+00:00, run_after=2025-01-07 00:00:00+00:00
[2025-01-07T12:12:11.906+0000] {processor.py:208} INFO - Processing /home/airflow/.local/lib/python3.12/site-packages/airflow/example_dags/example_inlet_event_extra.py took 1.118 seconds
[2025-01-07T12:12:42.634+0000] {processor.py:186} INFO - Started process (PID=3124) to work on /home/airflow/.local/lib/python3.12/site-packages/airflow/example_dags/example_inlet_event_extra.py
[2025-01-07T12:12:42.636+0000] {processor.py:914} INFO - Processing file /home/airflow/.local/lib/python3.12/site-packages/airflow/example_dags/example_inlet_event_extra.py for tasks to queue
[2025-01-07T12:12:42.639+0000] {logging_mixin.py:190} INFO - [2025-01-07T12:12:42.638+0000] {dagbag.py:588} INFO - Filling up the DagBag from /home/airflow/.local/lib/python3.12/site-packages/airflow/example_dags/example_inlet_event_extra.py
[2025-01-07T12:12:43.561+0000] {processor.py:925} INFO - DAG(s) 'read_dataset_event', 'read_dataset_event_from_classic' retrieved from /home/airflow/.local/lib/python3.12/site-packages/airflow/example_dags/example_inlet_event_extra.py
[2025-01-07T12:12:43.599+0000] {logging_mixin.py:190} INFO - [2025-01-07T12:12:43.599+0000] {dag.py:3239} INFO - Sync 2 DAGs
[2025-01-07T12:12:43.645+0000] {logging_mixin.py:190} INFO - [2025-01-07T12:12:43.645+0000] {dag.py:4180} INFO - Setting next_dagrun for read_dataset_event to 2025-01-06 00:00:00+00:00, run_after=2025-01-07 00:00:00+00:00
[2025-01-07T12:12:43.654+0000] {logging_mixin.py:190} INFO - [2025-01-07T12:12:43.654+0000] {dag.py:4180} INFO - Setting next_dagrun for read_dataset_event_from_classic to 2025-01-06 00:00:00+00:00, run_after=2025-01-07 00:00:00+00:00
[2025-01-07T12:12:43.686+0000] {processor.py:208} INFO - Processing /home/airflow/.local/lib/python3.12/site-packages/airflow/example_dags/example_inlet_event_extra.py took 1.061 seconds
[2025-01-07T12:20:16.430+0000] {processor.py:186} INFO - Started process (PID=3167) to work on /home/airflow/.local/lib/python3.12/site-packages/airflow/example_dags/example_inlet_event_extra.py
[2025-01-07T12:20:16.434+0000] {processor.py:914} INFO - Processing file /home/airflow/.local/lib/python3.12/site-packages/airflow/example_dags/example_inlet_event_extra.py for tasks to queue
[2025-01-07T12:20:16.446+0000] {logging_mixin.py:190} INFO - [2025-01-07T12:20:16.443+0000] {dagbag.py:588} INFO - Filling up the DagBag from /home/airflow/.local/lib/python3.12/site-packages/airflow/example_dags/example_inlet_event_extra.py
