[2025-01-07T11:47:38.871+0000] {processor.py:186} INFO - Started process (PID=93) to work on /home/airflow/.local/lib/python3.12/site-packages/airflow/example_dags/example_skip_dag.py
[2025-01-07T11:47:38.873+0000] {processor.py:914} INFO - Processing file /home/airflow/.local/lib/python3.12/site-packages/airflow/example_dags/example_skip_dag.py for tasks to queue
[2025-01-07T11:47:38.875+0000] {logging_mixin.py:190} INFO - [2025-01-07T11:47:38.875+0000] {dagbag.py:588} INFO - Filling up the DagBag from /home/airflow/.local/lib/python3.12/site-packages/airflow/example_dags/example_skip_dag.py
[2025-01-07T11:47:38.905+0000] {processor.py:925} INFO - DAG(s) 'example_skip_dag' retrieved from /home/airflow/.local/lib/python3.12/site-packages/airflow/example_dags/example_skip_dag.py
[2025-01-07T11:47:39.061+0000] {logging_mixin.py:190} INFO - [2025-01-07T11:47:39.059+0000] {override.py:1911} INFO - Created Permission View: can read on DAG:example_skip_dag
[2025-01-07T11:47:39.110+0000] {logging_mixin.py:190} INFO - [2025-01-07T11:47:39.109+0000] {override.py:1911} INFO - Created Permission View: can delete on DAG:example_skip_dag
[2025-01-07T11:47:39.119+0000] {logging_mixin.py:190} INFO - [2025-01-07T11:47:39.118+0000] {override.py:1911} INFO - Created Permission View: can edit on DAG:example_skip_dag
[2025-01-07T11:47:39.160+0000] {logging_mixin.py:190} INFO - [2025-01-07T11:47:39.160+0000] {override.py:1911} INFO - Created Permission View: menu access on DAG Run:example_skip_dag
[2025-01-07T11:47:39.170+0000] {logging_mixin.py:190} INFO - [2025-01-07T11:47:39.170+0000] {override.py:1911} INFO - Created Permission View: can read on DAG Run:example_skip_dag
[2025-01-07T11:47:39.214+0000] {logging_mixin.py:190} INFO - [2025-01-07T11:47:39.214+0000] {override.py:1911} INFO - Created Permission View: can delete on DAG Run:example_skip_dag
[2025-01-07T11:47:39.243+0000] {logging_mixin.py:190} INFO - [2025-01-07T11:47:39.242+0000] {override.py:1911} INFO - Created Permission View: can create on DAG Run:example_skip_dag
[2025-01-07T11:47:39.250+0000] {logging_mixin.py:190} INFO - [2025-01-07T11:47:39.250+0000] {dag.py:3239} INFO - Sync 1 DAGs
[2025-01-07T11:47:39.279+0000] {logging_mixin.py:190} INFO - [2025-01-07T11:47:39.279+0000] {dag.py:3262} INFO - Creating ORM DAG for example_skip_dag
[2025-01-07T11:47:39.292+0000] {logging_mixin.py:190} INFO - [2025-01-07T11:47:39.292+0000] {dag.py:4180} INFO - Setting next_dagrun for example_skip_dag to 2025-01-06 00:00:00+00:00, run_after=2025-01-07 00:00:00+00:00
[2025-01-07T11:47:39.324+0000] {processor.py:208} INFO - Processing /home/airflow/.local/lib/python3.12/site-packages/airflow/example_dags/example_skip_dag.py took 0.460 seconds
[2025-01-07T11:48:31.763+0000] {processor.py:186} INFO - Started process (PID=162) to work on /home/airflow/.local/lib/python3.12/site-packages/airflow/example_dags/example_skip_dag.py
[2025-01-07T11:48:31.996+0000] {processor.py:914} INFO - Processing file /home/airflow/.local/lib/python3.12/site-packages/airflow/example_dags/example_skip_dag.py for tasks to queue
[2025-01-07T11:48:32.002+0000] {logging_mixin.py:190} INFO - [2025-01-07T11:48:32.002+0000] {dagbag.py:588} INFO - Filling up the DagBag from /home/airflow/.local/lib/python3.12/site-packages/airflow/example_dags/example_skip_dag.py
[2025-01-07T11:48:32.016+0000] {processor.py:925} INFO - DAG(s) 'example_skip_dag' retrieved from /home/airflow/.local/lib/python3.12/site-packages/airflow/example_dags/example_skip_dag.py
[2025-01-07T11:48:32.038+0000] {logging_mixin.py:190} INFO - [2025-01-07T11:48:32.037+0000] {dag.py:3239} INFO - Sync 1 DAGs
[2025-01-07T11:48:32.057+0000] {logging_mixin.py:190} INFO - [2025-01-07T11:48:32.057+0000] {dag.py:4180} INFO - Setting next_dagrun for example_skip_dag to 2025-01-06 00:00:00+00:00, run_after=2025-01-07 00:00:00+00:00
[2025-01-07T11:48:33.100+0000] {processor.py:208} INFO - Processing /home/airflow/.local/lib/python3.12/site-packages/airflow/example_dags/example_skip_dag.py took 1.343 seconds
[2025-01-07T11:49:03.553+0000] {processor.py:186} INFO - Started process (PID=227) to work on /home/airflow/.local/lib/python3.12/site-packages/airflow/example_dags/example_skip_dag.py
[2025-01-07T11:49:03.554+0000] {processor.py:914} INFO - Processing file /home/airflow/.local/lib/python3.12/site-packages/airflow/example_dags/example_skip_dag.py for tasks to queue
[2025-01-07T11:49:03.556+0000] {logging_mixin.py:190} INFO - [2025-01-07T11:49:03.556+0000] {dagbag.py:588} INFO - Filling up the DagBag from /home/airflow/.local/lib/python3.12/site-packages/airflow/example_dags/example_skip_dag.py
[2025-01-07T11:49:03.564+0000] {processor.py:925} INFO - DAG(s) 'example_skip_dag' retrieved from /home/airflow/.local/lib/python3.12/site-packages/airflow/example_dags/example_skip_dag.py
[2025-01-07T11:49:03.586+0000] {logging_mixin.py:190} INFO - [2025-01-07T11:49:03.586+0000] {dag.py:3239} INFO - Sync 1 DAGs
[2025-01-07T11:49:03.612+0000] {logging_mixin.py:190} INFO - [2025-01-07T11:49:03.612+0000] {dag.py:4180} INFO - Setting next_dagrun for example_skip_dag to 2025-01-06 00:00:00+00:00, run_after=2025-01-07 00:00:00+00:00
[2025-01-07T11:49:03.633+0000] {processor.py:208} INFO - Processing /home/airflow/.local/lib/python3.12/site-packages/airflow/example_dags/example_skip_dag.py took 0.086 seconds
[2025-01-07T11:49:33.733+0000] {processor.py:186} INFO - Started process (PID=290) to work on /home/airflow/.local/lib/python3.12/site-packages/airflow/example_dags/example_skip_dag.py
[2025-01-07T11:49:33.734+0000] {processor.py:914} INFO - Processing file /home/airflow/.local/lib/python3.12/site-packages/airflow/example_dags/example_skip_dag.py for tasks to queue
[2025-01-07T11:49:33.736+0000] {logging_mixin.py:190} INFO - [2025-01-07T11:49:33.736+0000] {dagbag.py:588} INFO - Filling up the DagBag from /home/airflow/.local/lib/python3.12/site-packages/airflow/example_dags/example_skip_dag.py
[2025-01-07T11:49:33.744+0000] {processor.py:925} INFO - DAG(s) 'example_skip_dag' retrieved from /home/airflow/.local/lib/python3.12/site-packages/airflow/example_dags/example_skip_dag.py
[2025-01-07T11:49:33.765+0000] {logging_mixin.py:190} INFO - [2025-01-07T11:49:33.765+0000] {dag.py:3239} INFO - Sync 1 DAGs
[2025-01-07T11:49:33.790+0000] {logging_mixin.py:190} INFO - [2025-01-07T11:49:33.790+0000] {dag.py:4180} INFO - Setting next_dagrun for example_skip_dag to 2025-01-06 00:00:00+00:00, run_after=2025-01-07 00:00:00+00:00
[2025-01-07T11:49:33.807+0000] {processor.py:208} INFO - Processing /home/airflow/.local/lib/python3.12/site-packages/airflow/example_dags/example_skip_dag.py took 0.080 seconds
[2025-01-07T11:50:04.432+0000] {processor.py:186} INFO - Started process (PID=353) to work on /home/airflow/.local/lib/python3.12/site-packages/airflow/example_dags/example_skip_dag.py
[2025-01-07T11:50:04.433+0000] {processor.py:914} INFO - Processing file /home/airflow/.local/lib/python3.12/site-packages/airflow/example_dags/example_skip_dag.py for tasks to queue
[2025-01-07T11:50:04.436+0000] {logging_mixin.py:190} INFO - [2025-01-07T11:50:04.435+0000] {dagbag.py:588} INFO - Filling up the DagBag from /home/airflow/.local/lib/python3.12/site-packages/airflow/example_dags/example_skip_dag.py
[2025-01-07T11:50:04.445+0000] {processor.py:925} INFO - DAG(s) 'example_skip_dag' retrieved from /home/airflow/.local/lib/python3.12/site-packages/airflow/example_dags/example_skip_dag.py
[2025-01-07T11:50:04.466+0000] {logging_mixin.py:190} INFO - [2025-01-07T11:50:04.466+0000] {dag.py:3239} INFO - Sync 1 DAGs
[2025-01-07T11:50:04.495+0000] {logging_mixin.py:190} INFO - [2025-01-07T11:50:04.495+0000] {dag.py:4180} INFO - Setting next_dagrun for example_skip_dag to 2025-01-06 00:00:00+00:00, run_after=2025-01-07 00:00:00+00:00
[2025-01-07T11:50:04.515+0000] {processor.py:208} INFO - Processing /home/airflow/.local/lib/python3.12/site-packages/airflow/example_dags/example_skip_dag.py took 0.091 seconds
[2025-01-07T11:50:34.781+0000] {processor.py:186} INFO - Started process (PID=416) to work on /home/airflow/.local/lib/python3.12/site-packages/airflow/example_dags/example_skip_dag.py
[2025-01-07T11:50:34.782+0000] {processor.py:914} INFO - Processing file /home/airflow/.local/lib/python3.12/site-packages/airflow/example_dags/example_skip_dag.py for tasks to queue
[2025-01-07T11:50:34.784+0000] {logging_mixin.py:190} INFO - [2025-01-07T11:50:34.784+0000] {dagbag.py:588} INFO - Filling up the DagBag from /home/airflow/.local/lib/python3.12/site-packages/airflow/example_dags/example_skip_dag.py
[2025-01-07T11:50:34.793+0000] {processor.py:925} INFO - DAG(s) 'example_skip_dag' retrieved from /home/airflow/.local/lib/python3.12/site-packages/airflow/example_dags/example_skip_dag.py
[2025-01-07T11:50:34.815+0000] {logging_mixin.py:190} INFO - [2025-01-07T11:50:34.815+0000] {dag.py:3239} INFO - Sync 1 DAGs
[2025-01-07T11:50:34.837+0000] {logging_mixin.py:190} INFO - [2025-01-07T11:50:34.837+0000] {dag.py:4180} INFO - Setting next_dagrun for example_skip_dag to 2025-01-06 00:00:00+00:00, run_after=2025-01-07 00:00:00+00:00
[2025-01-07T11:50:34.857+0000] {processor.py:208} INFO - Processing /home/airflow/.local/lib/python3.12/site-packages/airflow/example_dags/example_skip_dag.py took 0.083 seconds
[2025-01-07T11:51:05.970+0000] {processor.py:186} INFO - Started process (PID=478) to work on /home/airflow/.local/lib/python3.12/site-packages/airflow/example_dags/example_skip_dag.py
[2025-01-07T11:51:05.971+0000] {processor.py:914} INFO - Processing file /home/airflow/.local/lib/python3.12/site-packages/airflow/example_dags/example_skip_dag.py for tasks to queue
[2025-01-07T11:51:05.974+0000] {logging_mixin.py:190} INFO - [2025-01-07T11:51:05.974+0000] {dagbag.py:588} INFO - Filling up the DagBag from /home/airflow/.local/lib/python3.12/site-packages/airflow/example_dags/example_skip_dag.py
[2025-01-07T11:51:05.984+0000] {processor.py:925} INFO - DAG(s) 'example_skip_dag' retrieved from /home/airflow/.local/lib/python3.12/site-packages/airflow/example_dags/example_skip_dag.py
[2025-01-07T11:51:06.009+0000] {logging_mixin.py:190} INFO - [2025-01-07T11:51:06.008+0000] {dag.py:3239} INFO - Sync 1 DAGs
[2025-01-07T11:51:06.033+0000] {logging_mixin.py:190} INFO - [2025-01-07T11:51:06.032+0000] {dag.py:4180} INFO - Setting next_dagrun for example_skip_dag to 2025-01-06 00:00:00+00:00, run_after=2025-01-07 00:00:00+00:00
[2025-01-07T11:51:06.052+0000] {processor.py:208} INFO - Processing /home/airflow/.local/lib/python3.12/site-packages/airflow/example_dags/example_skip_dag.py took 0.090 seconds
[2025-01-07T11:51:37.530+0000] {processor.py:186} INFO - Started process (PID=541) to work on /home/airflow/.local/lib/python3.12/site-packages/airflow/example_dags/example_skip_dag.py
[2025-01-07T11:51:37.531+0000] {processor.py:914} INFO - Processing file /home/airflow/.local/lib/python3.12/site-packages/airflow/example_dags/example_skip_dag.py for tasks to queue
[2025-01-07T11:51:37.533+0000] {logging_mixin.py:190} INFO - [2025-01-07T11:51:37.533+0000] {dagbag.py:588} INFO - Filling up the DagBag from /home/airflow/.local/lib/python3.12/site-packages/airflow/example_dags/example_skip_dag.py
[2025-01-07T11:51:37.545+0000] {processor.py:925} INFO - DAG(s) 'example_skip_dag' retrieved from /home/airflow/.local/lib/python3.12/site-packages/airflow/example_dags/example_skip_dag.py
[2025-01-07T11:51:37.573+0000] {logging_mixin.py:190} INFO - [2025-01-07T11:51:37.573+0000] {dag.py:3239} INFO - Sync 1 DAGs
[2025-01-07T11:51:37.595+0000] {logging_mixin.py:190} INFO - [2025-01-07T11:51:37.595+0000] {dag.py:4180} INFO - Setting next_dagrun for example_skip_dag to 2025-01-06 00:00:00+00:00, run_after=2025-01-07 00:00:00+00:00
[2025-01-07T11:51:37.611+0000] {processor.py:208} INFO - Processing /home/airflow/.local/lib/python3.12/site-packages/airflow/example_dags/example_skip_dag.py took 0.087 seconds
[2025-01-07T11:52:08.791+0000] {processor.py:186} INFO - Started process (PID=604) to work on /home/airflow/.local/lib/python3.12/site-packages/airflow/example_dags/example_skip_dag.py
[2025-01-07T11:52:08.793+0000] {processor.py:914} INFO - Processing file /home/airflow/.local/lib/python3.12/site-packages/airflow/example_dags/example_skip_dag.py for tasks to queue
[2025-01-07T11:52:08.796+0000] {logging_mixin.py:190} INFO - [2025-01-07T11:52:08.795+0000] {dagbag.py:588} INFO - Filling up the DagBag from /home/airflow/.local/lib/python3.12/site-packages/airflow/example_dags/example_skip_dag.py
[2025-01-07T11:52:08.805+0000] {processor.py:925} INFO - DAG(s) 'example_skip_dag' retrieved from /home/airflow/.local/lib/python3.12/site-packages/airflow/example_dags/example_skip_dag.py
[2025-01-07T11:52:08.829+0000] {logging_mixin.py:190} INFO - [2025-01-07T11:52:08.829+0000] {dag.py:3239} INFO - Sync 1 DAGs
[2025-01-07T11:52:08.853+0000] {logging_mixin.py:190} INFO - [2025-01-07T11:52:08.853+0000] {dag.py:4180} INFO - Setting next_dagrun for example_skip_dag to 2025-01-06 00:00:00+00:00, run_after=2025-01-07 00:00:00+00:00
[2025-01-07T11:52:08.876+0000] {processor.py:208} INFO - Processing /home/airflow/.local/lib/python3.12/site-packages/airflow/example_dags/example_skip_dag.py took 0.093 seconds
[2025-01-07T11:52:40.532+0000] {processor.py:186} INFO - Started process (PID=667) to work on /home/airflow/.local/lib/python3.12/site-packages/airflow/example_dags/example_skip_dag.py
[2025-01-07T11:52:40.533+0000] {processor.py:914} INFO - Processing file /home/airflow/.local/lib/python3.12/site-packages/airflow/example_dags/example_skip_dag.py for tasks to queue
[2025-01-07T11:52:40.536+0000] {logging_mixin.py:190} INFO - [2025-01-07T11:52:40.536+0000] {dagbag.py:588} INFO - Filling up the DagBag from /home/airflow/.local/lib/python3.12/site-packages/airflow/example_dags/example_skip_dag.py
[2025-01-07T11:52:40.544+0000] {processor.py:925} INFO - DAG(s) 'example_skip_dag' retrieved from /home/airflow/.local/lib/python3.12/site-packages/airflow/example_dags/example_skip_dag.py
[2025-01-07T11:52:40.563+0000] {logging_mixin.py:190} INFO - [2025-01-07T11:52:40.563+0000] {dag.py:3239} INFO - Sync 1 DAGs
[2025-01-07T11:52:40.585+0000] {logging_mixin.py:190} INFO - [2025-01-07T11:52:40.585+0000] {dag.py:4180} INFO - Setting next_dagrun for example_skip_dag to 2025-01-06 00:00:00+00:00, run_after=2025-01-07 00:00:00+00:00
[2025-01-07T11:52:40.603+0000] {processor.py:208} INFO - Processing /home/airflow/.local/lib/python3.12/site-packages/airflow/example_dags/example_skip_dag.py took 0.077 seconds
[2025-01-07T11:53:11.932+0000] {processor.py:186} INFO - Started process (PID=731) to work on /home/airflow/.local/lib/python3.12/site-packages/airflow/example_dags/example_skip_dag.py
[2025-01-07T11:53:11.933+0000] {processor.py:914} INFO - Processing file /home/airflow/.local/lib/python3.12/site-packages/airflow/example_dags/example_skip_dag.py for tasks to queue
[2025-01-07T11:53:11.935+0000] {logging_mixin.py:190} INFO - [2025-01-07T11:53:11.935+0000] {dagbag.py:588} INFO - Filling up the DagBag from /home/airflow/.local/lib/python3.12/site-packages/airflow/example_dags/example_skip_dag.py
[2025-01-07T11:53:11.946+0000] {processor.py:925} INFO - DAG(s) 'example_skip_dag' retrieved from /home/airflow/.local/lib/python3.12/site-packages/airflow/example_dags/example_skip_dag.py
[2025-01-07T11:53:11.968+0000] {logging_mixin.py:190} INFO - [2025-01-07T11:53:11.968+0000] {dag.py:3239} INFO - Sync 1 DAGs
[2025-01-07T11:53:11.993+0000] {logging_mixin.py:190} INFO - [2025-01-07T11:53:11.992+0000] {dag.py:4180} INFO - Setting next_dagrun for example_skip_dag to 2025-01-06 00:00:00+00:00, run_after=2025-01-07 00:00:00+00:00
[2025-01-07T11:53:12.018+0000] {processor.py:208} INFO - Processing /home/airflow/.local/lib/python3.12/site-packages/airflow/example_dags/example_skip_dag.py took 0.094 seconds
[2025-01-07T11:53:43.561+0000] {processor.py:186} INFO - Started process (PID=795) to work on /home/airflow/.local/lib/python3.12/site-packages/airflow/example_dags/example_skip_dag.py
[2025-01-07T11:53:43.562+0000] {processor.py:914} INFO - Processing file /home/airflow/.local/lib/python3.12/site-packages/airflow/example_dags/example_skip_dag.py for tasks to queue
[2025-01-07T11:53:43.569+0000] {logging_mixin.py:190} INFO - [2025-01-07T11:53:43.565+0000] {dagbag.py:588} INFO - Filling up the DagBag from /home/airflow/.local/lib/python3.12/site-packages/airflow/example_dags/example_skip_dag.py
[2025-01-07T11:53:43.580+0000] {processor.py:925} INFO - DAG(s) 'example_skip_dag' retrieved from /home/airflow/.local/lib/python3.12/site-packages/airflow/example_dags/example_skip_dag.py
[2025-01-07T11:53:43.605+0000] {logging_mixin.py:190} INFO - [2025-01-07T11:53:43.605+0000] {dag.py:3239} INFO - Sync 1 DAGs
[2025-01-07T11:53:43.638+0000] {logging_mixin.py:190} INFO - [2025-01-07T11:53:43.638+0000] {dag.py:4180} INFO - Setting next_dagrun for example_skip_dag to 2025-01-06 00:00:00+00:00, run_after=2025-01-07 00:00:00+00:00
[2025-01-07T11:53:43.657+0000] {processor.py:208} INFO - Processing /home/airflow/.local/lib/python3.12/site-packages/airflow/example_dags/example_skip_dag.py took 0.104 seconds
[2025-01-07T11:54:15.313+0000] {processor.py:186} INFO - Started process (PID=860) to work on /home/airflow/.local/lib/python3.12/site-packages/airflow/example_dags/example_skip_dag.py
[2025-01-07T11:54:15.315+0000] {processor.py:914} INFO - Processing file /home/airflow/.local/lib/python3.12/site-packages/airflow/example_dags/example_skip_dag.py for tasks to queue
[2025-01-07T11:54:15.318+0000] {logging_mixin.py:190} INFO - [2025-01-07T11:54:15.318+0000] {dagbag.py:588} INFO - Filling up the DagBag from /home/airflow/.local/lib/python3.12/site-packages/airflow/example_dags/example_skip_dag.py
[2025-01-07T11:54:15.328+0000] {processor.py:925} INFO - DAG(s) 'example_skip_dag' retrieved from /home/airflow/.local/lib/python3.12/site-packages/airflow/example_dags/example_skip_dag.py
[2025-01-07T11:54:15.356+0000] {logging_mixin.py:190} INFO - [2025-01-07T11:54:15.356+0000] {dag.py:3239} INFO - Sync 1 DAGs
[2025-01-07T11:54:15.379+0000] {logging_mixin.py:190} INFO - [2025-01-07T11:54:15.379+0000] {dag.py:4180} INFO - Setting next_dagrun for example_skip_dag to 2025-01-06 00:00:00+00:00, run_after=2025-01-07 00:00:00+00:00
[2025-01-07T11:54:15.398+0000] {processor.py:208} INFO - Processing /home/airflow/.local/lib/python3.12/site-packages/airflow/example_dags/example_skip_dag.py took 0.101 seconds
[2025-01-07T11:54:45.984+0000] {processor.py:186} INFO - Started process (PID=923) to work on /home/airflow/.local/lib/python3.12/site-packages/airflow/example_dags/example_skip_dag.py
[2025-01-07T11:54:45.985+0000] {processor.py:914} INFO - Processing file /home/airflow/.local/lib/python3.12/site-packages/airflow/example_dags/example_skip_dag.py for tasks to queue
[2025-01-07T11:54:45.988+0000] {logging_mixin.py:190} INFO - [2025-01-07T11:54:45.988+0000] {dagbag.py:588} INFO - Filling up the DagBag from /home/airflow/.local/lib/python3.12/site-packages/airflow/example_dags/example_skip_dag.py
[2025-01-07T11:54:45.998+0000] {processor.py:925} INFO - DAG(s) 'example_skip_dag' retrieved from /home/airflow/.local/lib/python3.12/site-packages/airflow/example_dags/example_skip_dag.py
[2025-01-07T11:54:46.020+0000] {logging_mixin.py:190} INFO - [2025-01-07T11:54:46.020+0000] {dag.py:3239} INFO - Sync 1 DAGs
[2025-01-07T11:54:46.045+0000] {logging_mixin.py:190} INFO - [2025-01-07T11:54:46.044+0000] {dag.py:4180} INFO - Setting next_dagrun for example_skip_dag to 2025-01-06 00:00:00+00:00, run_after=2025-01-07 00:00:00+00:00
[2025-01-07T11:54:46.067+0000] {processor.py:208} INFO - Processing /home/airflow/.local/lib/python3.12/site-packages/airflow/example_dags/example_skip_dag.py took 0.090 seconds
[2025-01-07T11:55:16.194+0000] {processor.py:186} INFO - Started process (PID=985) to work on /home/airflow/.local/lib/python3.12/site-packages/airflow/example_dags/example_skip_dag.py
[2025-01-07T11:55:16.195+0000] {processor.py:914} INFO - Processing file /home/airflow/.local/lib/python3.12/site-packages/airflow/example_dags/example_skip_dag.py for tasks to queue
[2025-01-07T11:55:16.198+0000] {logging_mixin.py:190} INFO - [2025-01-07T11:55:16.198+0000] {dagbag.py:588} INFO - Filling up the DagBag from /home/airflow/.local/lib/python3.12/site-packages/airflow/example_dags/example_skip_dag.py
[2025-01-07T11:55:16.206+0000] {processor.py:925} INFO - DAG(s) 'example_skip_dag' retrieved from /home/airflow/.local/lib/python3.12/site-packages/airflow/example_dags/example_skip_dag.py
[2025-01-07T11:55:16.230+0000] {logging_mixin.py:190} INFO - [2025-01-07T11:55:16.230+0000] {dag.py:3239} INFO - Sync 1 DAGs
[2025-01-07T11:55:16.256+0000] {logging_mixin.py:190} INFO - [2025-01-07T11:55:16.255+0000] {dag.py:4180} INFO - Setting next_dagrun for example_skip_dag to 2025-01-06 00:00:00+00:00, run_after=2025-01-07 00:00:00+00:00
[2025-01-07T11:55:16.283+0000] {processor.py:208} INFO - Processing /home/airflow/.local/lib/python3.12/site-packages/airflow/example_dags/example_skip_dag.py took 0.105 seconds
[2025-01-07T11:55:46.744+0000] {processor.py:186} INFO - Started process (PID=1047) to work on /home/airflow/.local/lib/python3.12/site-packages/airflow/example_dags/example_skip_dag.py
[2025-01-07T11:55:46.746+0000] {processor.py:914} INFO - Processing file /home/airflow/.local/lib/python3.12/site-packages/airflow/example_dags/example_skip_dag.py for tasks to queue
[2025-01-07T11:55:46.748+0000] {logging_mixin.py:190} INFO - [2025-01-07T11:55:46.748+0000] {dagbag.py:588} INFO - Filling up the DagBag from /home/airflow/.local/lib/python3.12/site-packages/airflow/example_dags/example_skip_dag.py
[2025-01-07T11:55:46.757+0000] {processor.py:925} INFO - DAG(s) 'example_skip_dag' retrieved from /home/airflow/.local/lib/python3.12/site-packages/airflow/example_dags/example_skip_dag.py
[2025-01-07T11:55:46.778+0000] {logging_mixin.py:190} INFO - [2025-01-07T11:55:46.777+0000] {dag.py:3239} INFO - Sync 1 DAGs
[2025-01-07T11:55:46.801+0000] {logging_mixin.py:190} INFO - [2025-01-07T11:55:46.801+0000] {dag.py:4180} INFO - Setting next_dagrun for example_skip_dag to 2025-01-06 00:00:00+00:00, run_after=2025-01-07 00:00:00+00:00
[2025-01-07T11:55:46.824+0000] {processor.py:208} INFO - Processing /home/airflow/.local/lib/python3.12/site-packages/airflow/example_dags/example_skip_dag.py took 0.086 seconds
[2025-01-07T11:56:16.987+0000] {processor.py:186} INFO - Started process (PID=1116) to work on /home/airflow/.local/lib/python3.12/site-packages/airflow/example_dags/example_skip_dag.py
[2025-01-07T11:56:16.990+0000] {processor.py:914} INFO - Processing file /home/airflow/.local/lib/python3.12/site-packages/airflow/example_dags/example_skip_dag.py for tasks to queue
[2025-01-07T11:56:16.996+0000] {logging_mixin.py:190} INFO - [2025-01-07T11:56:16.996+0000] {dagbag.py:588} INFO - Filling up the DagBag from /home/airflow/.local/lib/python3.12/site-packages/airflow/example_dags/example_skip_dag.py
[2025-01-07T11:56:17.011+0000] {processor.py:925} INFO - DAG(s) 'example_skip_dag' retrieved from /home/airflow/.local/lib/python3.12/site-packages/airflow/example_dags/example_skip_dag.py
[2025-01-07T11:56:17.034+0000] {logging_mixin.py:190} INFO - [2025-01-07T11:56:17.033+0000] {dag.py:3239} INFO - Sync 1 DAGs
[2025-01-07T11:56:17.063+0000] {logging_mixin.py:190} INFO - [2025-01-07T11:56:17.063+0000] {dag.py:4180} INFO - Setting next_dagrun for example_skip_dag to 2025-01-06 00:00:00+00:00, run_after=2025-01-07 00:00:00+00:00
[2025-01-07T11:56:17.089+0000] {processor.py:208} INFO - Processing /home/airflow/.local/lib/python3.12/site-packages/airflow/example_dags/example_skip_dag.py took 0.115 seconds
[2025-01-07T11:56:47.391+0000] {processor.py:186} INFO - Started process (PID=1179) to work on /home/airflow/.local/lib/python3.12/site-packages/airflow/example_dags/example_skip_dag.py
[2025-01-07T11:56:47.392+0000] {processor.py:914} INFO - Processing file /home/airflow/.local/lib/python3.12/site-packages/airflow/example_dags/example_skip_dag.py for tasks to queue
[2025-01-07T11:56:47.396+0000] {logging_mixin.py:190} INFO - [2025-01-07T11:56:47.395+0000] {dagbag.py:588} INFO - Filling up the DagBag from /home/airflow/.local/lib/python3.12/site-packages/airflow/example_dags/example_skip_dag.py
[2025-01-07T11:56:47.405+0000] {processor.py:925} INFO - DAG(s) 'example_skip_dag' retrieved from /home/airflow/.local/lib/python3.12/site-packages/airflow/example_dags/example_skip_dag.py
[2025-01-07T11:56:47.427+0000] {logging_mixin.py:190} INFO - [2025-01-07T11:56:47.427+0000] {dag.py:3239} INFO - Sync 1 DAGs
[2025-01-07T11:56:47.451+0000] {logging_mixin.py:190} INFO - [2025-01-07T11:56:47.451+0000] {dag.py:4180} INFO - Setting next_dagrun for example_skip_dag to 2025-01-06 00:00:00+00:00, run_after=2025-01-07 00:00:00+00:00
[2025-01-07T11:56:47.471+0000] {processor.py:208} INFO - Processing /home/airflow/.local/lib/python3.12/site-packages/airflow/example_dags/example_skip_dag.py took 0.087 seconds
[2025-01-07T11:57:17.706+0000] {processor.py:186} INFO - Started process (PID=1242) to work on /home/airflow/.local/lib/python3.12/site-packages/airflow/example_dags/example_skip_dag.py
[2025-01-07T11:57:17.708+0000] {processor.py:914} INFO - Processing file /home/airflow/.local/lib/python3.12/site-packages/airflow/example_dags/example_skip_dag.py for tasks to queue
[2025-01-07T11:57:17.710+0000] {logging_mixin.py:190} INFO - [2025-01-07T11:57:17.710+0000] {dagbag.py:588} INFO - Filling up the DagBag from /home/airflow/.local/lib/python3.12/site-packages/airflow/example_dags/example_skip_dag.py
[2025-01-07T11:57:17.718+0000] {processor.py:925} INFO - DAG(s) 'example_skip_dag' retrieved from /home/airflow/.local/lib/python3.12/site-packages/airflow/example_dags/example_skip_dag.py
[2025-01-07T11:57:17.740+0000] {logging_mixin.py:190} INFO - [2025-01-07T11:57:17.739+0000] {dag.py:3239} INFO - Sync 1 DAGs
[2025-01-07T11:57:17.765+0000] {logging_mixin.py:190} INFO - [2025-01-07T11:57:17.764+0000] {dag.py:4180} INFO - Setting next_dagrun for example_skip_dag to 2025-01-06 00:00:00+00:00, run_after=2025-01-07 00:00:00+00:00
[2025-01-07T11:57:17.788+0000] {processor.py:208} INFO - Processing /home/airflow/.local/lib/python3.12/site-packages/airflow/example_dags/example_skip_dag.py took 0.089 seconds
[2025-01-07T11:57:48.722+0000] {processor.py:186} INFO - Started process (PID=1313) to work on /home/airflow/.local/lib/python3.12/site-packages/airflow/example_dags/example_skip_dag.py
[2025-01-07T11:57:48.739+0000] {processor.py:914} INFO - Processing file /home/airflow/.local/lib/python3.12/site-packages/airflow/example_dags/example_skip_dag.py for tasks to queue
[2025-01-07T11:57:48.742+0000] {logging_mixin.py:190} INFO - [2025-01-07T11:57:48.742+0000] {dagbag.py:588} INFO - Filling up the DagBag from /home/airflow/.local/lib/python3.12/site-packages/airflow/example_dags/example_skip_dag.py
[2025-01-07T11:57:48.766+0000] {processor.py:925} INFO - DAG(s) 'example_skip_dag' retrieved from /home/airflow/.local/lib/python3.12/site-packages/airflow/example_dags/example_skip_dag.py
[2025-01-07T11:57:48.838+0000] {logging_mixin.py:190} INFO - [2025-01-07T11:57:48.838+0000] {dag.py:3239} INFO - Sync 1 DAGs
[2025-01-07T11:57:48.935+0000] {logging_mixin.py:190} INFO - [2025-01-07T11:57:48.935+0000] {dag.py:4180} INFO - Setting next_dagrun for example_skip_dag to 2025-01-06 00:00:00+00:00, run_after=2025-01-07 00:00:00+00:00
[2025-01-07T11:57:48.992+0000] {processor.py:208} INFO - Processing /home/airflow/.local/lib/python3.12/site-packages/airflow/example_dags/example_skip_dag.py took 0.279 seconds
[2025-01-07T11:58:19.780+0000] {processor.py:186} INFO - Started process (PID=1376) to work on /home/airflow/.local/lib/python3.12/site-packages/airflow/example_dags/example_skip_dag.py
[2025-01-07T11:58:19.781+0000] {processor.py:914} INFO - Processing file /home/airflow/.local/lib/python3.12/site-packages/airflow/example_dags/example_skip_dag.py for tasks to queue
[2025-01-07T11:58:19.783+0000] {logging_mixin.py:190} INFO - [2025-01-07T11:58:19.783+0000] {dagbag.py:588} INFO - Filling up the DagBag from /home/airflow/.local/lib/python3.12/site-packages/airflow/example_dags/example_skip_dag.py
[2025-01-07T11:58:19.791+0000] {processor.py:925} INFO - DAG(s) 'example_skip_dag' retrieved from /home/airflow/.local/lib/python3.12/site-packages/airflow/example_dags/example_skip_dag.py
[2025-01-07T11:58:19.812+0000] {logging_mixin.py:190} INFO - [2025-01-07T11:58:19.812+0000] {dag.py:3239} INFO - Sync 1 DAGs
[2025-01-07T11:58:19.836+0000] {logging_mixin.py:190} INFO - [2025-01-07T11:58:19.836+0000] {dag.py:4180} INFO - Setting next_dagrun for example_skip_dag to 2025-01-06 00:00:00+00:00, run_after=2025-01-07 00:00:00+00:00
[2025-01-07T11:58:19.862+0000] {processor.py:208} INFO - Processing /home/airflow/.local/lib/python3.12/site-packages/airflow/example_dags/example_skip_dag.py took 0.089 seconds
[2025-01-07T11:58:50.031+0000] {processor.py:186} INFO - Started process (PID=1439) to work on /home/airflow/.local/lib/python3.12/site-packages/airflow/example_dags/example_skip_dag.py
[2025-01-07T11:58:50.032+0000] {processor.py:914} INFO - Processing file /home/airflow/.local/lib/python3.12/site-packages/airflow/example_dags/example_skip_dag.py for tasks to queue
[2025-01-07T11:58:50.034+0000] {logging_mixin.py:190} INFO - [2025-01-07T11:58:50.034+0000] {dagbag.py:588} INFO - Filling up the DagBag from /home/airflow/.local/lib/python3.12/site-packages/airflow/example_dags/example_skip_dag.py
[2025-01-07T11:58:50.042+0000] {processor.py:925} INFO - DAG(s) 'example_skip_dag' retrieved from /home/airflow/.local/lib/python3.12/site-packages/airflow/example_dags/example_skip_dag.py
[2025-01-07T11:58:50.062+0000] {logging_mixin.py:190} INFO - [2025-01-07T11:58:50.062+0000] {dag.py:3239} INFO - Sync 1 DAGs
[2025-01-07T11:58:50.086+0000] {logging_mixin.py:190} INFO - [2025-01-07T11:58:50.086+0000] {dag.py:4180} INFO - Setting next_dagrun for example_skip_dag to 2025-01-06 00:00:00+00:00, run_after=2025-01-07 00:00:00+00:00
[2025-01-07T11:58:50.108+0000] {processor.py:208} INFO - Processing /home/airflow/.local/lib/python3.12/site-packages/airflow/example_dags/example_skip_dag.py took 0.083 seconds
[2025-01-07T11:59:20.396+0000] {processor.py:186} INFO - Started process (PID=1503) to work on /home/airflow/.local/lib/python3.12/site-packages/airflow/example_dags/example_skip_dag.py
[2025-01-07T11:59:20.397+0000] {processor.py:914} INFO - Processing file /home/airflow/.local/lib/python3.12/site-packages/airflow/example_dags/example_skip_dag.py for tasks to queue
[2025-01-07T11:59:20.399+0000] {logging_mixin.py:190} INFO - [2025-01-07T11:59:20.399+0000] {dagbag.py:588} INFO - Filling up the DagBag from /home/airflow/.local/lib/python3.12/site-packages/airflow/example_dags/example_skip_dag.py
[2025-01-07T11:59:20.407+0000] {processor.py:925} INFO - DAG(s) 'example_skip_dag' retrieved from /home/airflow/.local/lib/python3.12/site-packages/airflow/example_dags/example_skip_dag.py
[2025-01-07T11:59:20.430+0000] {logging_mixin.py:190} INFO - [2025-01-07T11:59:20.430+0000] {dag.py:3239} INFO - Sync 1 DAGs
[2025-01-07T11:59:20.453+0000] {logging_mixin.py:190} INFO - [2025-01-07T11:59:20.453+0000] {dag.py:4180} INFO - Setting next_dagrun for example_skip_dag to 2025-01-06 00:00:00+00:00, run_after=2025-01-07 00:00:00+00:00
[2025-01-07T11:59:20.472+0000] {processor.py:208} INFO - Processing /home/airflow/.local/lib/python3.12/site-packages/airflow/example_dags/example_skip_dag.py took 0.082 seconds
[2025-01-07T11:59:51.170+0000] {processor.py:186} INFO - Started process (PID=1566) to work on /home/airflow/.local/lib/python3.12/site-packages/airflow/example_dags/example_skip_dag.py
[2025-01-07T11:59:51.172+0000] {processor.py:914} INFO - Processing file /home/airflow/.local/lib/python3.12/site-packages/airflow/example_dags/example_skip_dag.py for tasks to queue
[2025-01-07T11:59:51.175+0000] {logging_mixin.py:190} INFO - [2025-01-07T11:59:51.174+0000] {dagbag.py:588} INFO - Filling up the DagBag from /home/airflow/.local/lib/python3.12/site-packages/airflow/example_dags/example_skip_dag.py
[2025-01-07T11:59:51.184+0000] {processor.py:925} INFO - DAG(s) 'example_skip_dag' retrieved from /home/airflow/.local/lib/python3.12/site-packages/airflow/example_dags/example_skip_dag.py
[2025-01-07T11:59:51.208+0000] {logging_mixin.py:190} INFO - [2025-01-07T11:59:51.207+0000] {dag.py:3239} INFO - Sync 1 DAGs
[2025-01-07T11:59:51.235+0000] {logging_mixin.py:190} INFO - [2025-01-07T11:59:51.235+0000] {dag.py:4180} INFO - Setting next_dagrun for example_skip_dag to 2025-01-06 00:00:00+00:00, run_after=2025-01-07 00:00:00+00:00
[2025-01-07T11:59:51.258+0000] {processor.py:208} INFO - Processing /home/airflow/.local/lib/python3.12/site-packages/airflow/example_dags/example_skip_dag.py took 0.095 seconds
[2025-01-07T12:00:21.659+0000] {processor.py:186} INFO - Started process (PID=1629) to work on /home/airflow/.local/lib/python3.12/site-packages/airflow/example_dags/example_skip_dag.py
[2025-01-07T12:00:21.660+0000] {processor.py:914} INFO - Processing file /home/airflow/.local/lib/python3.12/site-packages/airflow/example_dags/example_skip_dag.py for tasks to queue
[2025-01-07T12:00:21.662+0000] {logging_mixin.py:190} INFO - [2025-01-07T12:00:21.662+0000] {dagbag.py:588} INFO - Filling up the DagBag from /home/airflow/.local/lib/python3.12/site-packages/airflow/example_dags/example_skip_dag.py
[2025-01-07T12:00:21.671+0000] {processor.py:925} INFO - DAG(s) 'example_skip_dag' retrieved from /home/airflow/.local/lib/python3.12/site-packages/airflow/example_dags/example_skip_dag.py
[2025-01-07T12:00:21.693+0000] {logging_mixin.py:190} INFO - [2025-01-07T12:00:21.693+0000] {dag.py:3239} INFO - Sync 1 DAGs
[2025-01-07T12:00:21.721+0000] {logging_mixin.py:190} INFO - [2025-01-07T12:00:21.721+0000] {dag.py:4180} INFO - Setting next_dagrun for example_skip_dag to 2025-01-06 00:00:00+00:00, run_after=2025-01-07 00:00:00+00:00
[2025-01-07T12:00:21.742+0000] {processor.py:208} INFO - Processing /home/airflow/.local/lib/python3.12/site-packages/airflow/example_dags/example_skip_dag.py took 0.089 seconds
[2025-01-07T12:00:52.459+0000] {processor.py:186} INFO - Started process (PID=1692) to work on /home/airflow/.local/lib/python3.12/site-packages/airflow/example_dags/example_skip_dag.py
[2025-01-07T12:00:52.460+0000] {processor.py:914} INFO - Processing file /home/airflow/.local/lib/python3.12/site-packages/airflow/example_dags/example_skip_dag.py for tasks to queue
[2025-01-07T12:00:52.463+0000] {logging_mixin.py:190} INFO - [2025-01-07T12:00:52.463+0000] {dagbag.py:588} INFO - Filling up the DagBag from /home/airflow/.local/lib/python3.12/site-packages/airflow/example_dags/example_skip_dag.py
[2025-01-07T12:00:52.472+0000] {processor.py:925} INFO - DAG(s) 'example_skip_dag' retrieved from /home/airflow/.local/lib/python3.12/site-packages/airflow/example_dags/example_skip_dag.py
[2025-01-07T12:00:52.511+0000] {logging_mixin.py:190} INFO - [2025-01-07T12:00:52.511+0000] {dag.py:3239} INFO - Sync 1 DAGs
[2025-01-07T12:00:52.544+0000] {logging_mixin.py:190} INFO - [2025-01-07T12:00:52.543+0000] {dag.py:4180} INFO - Setting next_dagrun for example_skip_dag to 2025-01-06 00:00:00+00:00, run_after=2025-01-07 00:00:00+00:00
[2025-01-07T12:00:52.571+0000] {processor.py:208} INFO - Processing /home/airflow/.local/lib/python3.12/site-packages/airflow/example_dags/example_skip_dag.py took 0.130 seconds
[2025-01-07T12:01:23.350+0000] {processor.py:186} INFO - Started process (PID=1754) to work on /home/airflow/.local/lib/python3.12/site-packages/airflow/example_dags/example_skip_dag.py
[2025-01-07T12:01:23.355+0000] {processor.py:914} INFO - Processing file /home/airflow/.local/lib/python3.12/site-packages/airflow/example_dags/example_skip_dag.py for tasks to queue
[2025-01-07T12:01:23.362+0000] {logging_mixin.py:190} INFO - [2025-01-07T12:01:23.361+0000] {dagbag.py:588} INFO - Filling up the DagBag from /home/airflow/.local/lib/python3.12/site-packages/airflow/example_dags/example_skip_dag.py
[2025-01-07T12:01:23.375+0000] {processor.py:925} INFO - DAG(s) 'example_skip_dag' retrieved from /home/airflow/.local/lib/python3.12/site-packages/airflow/example_dags/example_skip_dag.py
[2025-01-07T12:01:23.421+0000] {logging_mixin.py:190} INFO - [2025-01-07T12:01:23.421+0000] {dag.py:3239} INFO - Sync 1 DAGs
[2025-01-07T12:01:23.454+0000] {logging_mixin.py:190} INFO - [2025-01-07T12:01:23.454+0000] {dag.py:4180} INFO - Setting next_dagrun for example_skip_dag to 2025-01-06 00:00:00+00:00, run_after=2025-01-07 00:00:00+00:00
[2025-01-07T12:01:23.477+0000] {processor.py:208} INFO - Processing /home/airflow/.local/lib/python3.12/site-packages/airflow/example_dags/example_skip_dag.py took 0.137 seconds
[2025-01-07T12:01:53.548+0000] {processor.py:186} INFO - Started process (PID=1817) to work on /home/airflow/.local/lib/python3.12/site-packages/airflow/example_dags/example_skip_dag.py
[2025-01-07T12:01:53.549+0000] {processor.py:914} INFO - Processing file /home/airflow/.local/lib/python3.12/site-packages/airflow/example_dags/example_skip_dag.py for tasks to queue
[2025-01-07T12:01:53.552+0000] {logging_mixin.py:190} INFO - [2025-01-07T12:01:53.552+0000] {dagbag.py:588} INFO - Filling up the DagBag from /home/airflow/.local/lib/python3.12/site-packages/airflow/example_dags/example_skip_dag.py
[2025-01-07T12:01:53.562+0000] {processor.py:925} INFO - DAG(s) 'example_skip_dag' retrieved from /home/airflow/.local/lib/python3.12/site-packages/airflow/example_dags/example_skip_dag.py
[2025-01-07T12:01:53.591+0000] {logging_mixin.py:190} INFO - [2025-01-07T12:01:53.591+0000] {dag.py:3239} INFO - Sync 1 DAGs
[2025-01-07T12:01:53.626+0000] {logging_mixin.py:190} INFO - [2025-01-07T12:01:53.625+0000] {dag.py:4180} INFO - Setting next_dagrun for example_skip_dag to 2025-01-06 00:00:00+00:00, run_after=2025-01-07 00:00:00+00:00
[2025-01-07T12:01:53.649+0000] {processor.py:208} INFO - Processing /home/airflow/.local/lib/python3.12/site-packages/airflow/example_dags/example_skip_dag.py took 0.107 seconds
[2025-01-07T12:02:24.131+0000] {processor.py:186} INFO - Started process (PID=1880) to work on /home/airflow/.local/lib/python3.12/site-packages/airflow/example_dags/example_skip_dag.py
[2025-01-07T12:02:24.132+0000] {processor.py:914} INFO - Processing file /home/airflow/.local/lib/python3.12/site-packages/airflow/example_dags/example_skip_dag.py for tasks to queue
[2025-01-07T12:02:24.134+0000] {logging_mixin.py:190} INFO - [2025-01-07T12:02:24.134+0000] {dagbag.py:588} INFO - Filling up the DagBag from /home/airflow/.local/lib/python3.12/site-packages/airflow/example_dags/example_skip_dag.py
[2025-01-07T12:02:24.142+0000] {processor.py:925} INFO - DAG(s) 'example_skip_dag' retrieved from /home/airflow/.local/lib/python3.12/site-packages/airflow/example_dags/example_skip_dag.py
[2025-01-07T12:02:24.164+0000] {logging_mixin.py:190} INFO - [2025-01-07T12:02:24.163+0000] {dag.py:3239} INFO - Sync 1 DAGs
[2025-01-07T12:02:24.194+0000] {logging_mixin.py:190} INFO - [2025-01-07T12:02:24.193+0000] {dag.py:4180} INFO - Setting next_dagrun for example_skip_dag to 2025-01-06 00:00:00+00:00, run_after=2025-01-07 00:00:00+00:00
[2025-01-07T12:02:24.225+0000] {processor.py:208} INFO - Processing /home/airflow/.local/lib/python3.12/site-packages/airflow/example_dags/example_skip_dag.py took 0.100 seconds
[2025-01-07T12:02:54.805+0000] {processor.py:186} INFO - Started process (PID=1943) to work on /home/airflow/.local/lib/python3.12/site-packages/airflow/example_dags/example_skip_dag.py
[2025-01-07T12:02:54.807+0000] {processor.py:914} INFO - Processing file /home/airflow/.local/lib/python3.12/site-packages/airflow/example_dags/example_skip_dag.py for tasks to queue
[2025-01-07T12:02:54.810+0000] {logging_mixin.py:190} INFO - [2025-01-07T12:02:54.809+0000] {dagbag.py:588} INFO - Filling up the DagBag from /home/airflow/.local/lib/python3.12/site-packages/airflow/example_dags/example_skip_dag.py
[2025-01-07T12:02:54.821+0000] {processor.py:925} INFO - DAG(s) 'example_skip_dag' retrieved from /home/airflow/.local/lib/python3.12/site-packages/airflow/example_dags/example_skip_dag.py
[2025-01-07T12:02:54.849+0000] {logging_mixin.py:190} INFO - [2025-01-07T12:02:54.848+0000] {dag.py:3239} INFO - Sync 1 DAGs
[2025-01-07T12:02:54.879+0000] {logging_mixin.py:190} INFO - [2025-01-07T12:02:54.879+0000] {dag.py:4180} INFO - Setting next_dagrun for example_skip_dag to 2025-01-06 00:00:00+00:00, run_after=2025-01-07 00:00:00+00:00
[2025-01-07T12:02:54.907+0000] {processor.py:208} INFO - Processing /home/airflow/.local/lib/python3.12/site-packages/airflow/example_dags/example_skip_dag.py took 0.109 seconds
[2025-01-07T12:03:24.970+0000] {processor.py:186} INFO - Started process (PID=2006) to work on /home/airflow/.local/lib/python3.12/site-packages/airflow/example_dags/example_skip_dag.py
[2025-01-07T12:03:24.973+0000] {processor.py:914} INFO - Processing file /home/airflow/.local/lib/python3.12/site-packages/airflow/example_dags/example_skip_dag.py for tasks to queue
[2025-01-07T12:03:24.979+0000] {logging_mixin.py:190} INFO - [2025-01-07T12:03:24.978+0000] {dagbag.py:588} INFO - Filling up the DagBag from /home/airflow/.local/lib/python3.12/site-packages/airflow/example_dags/example_skip_dag.py
[2025-01-07T12:03:24.996+0000] {processor.py:925} INFO - DAG(s) 'example_skip_dag' retrieved from /home/airflow/.local/lib/python3.12/site-packages/airflow/example_dags/example_skip_dag.py
[2025-01-07T12:03:25.032+0000] {logging_mixin.py:190} INFO - [2025-01-07T12:03:25.032+0000] {dag.py:3239} INFO - Sync 1 DAGs
[2025-01-07T12:03:25.072+0000] {logging_mixin.py:190} INFO - [2025-01-07T12:03:25.071+0000] {dag.py:4180} INFO - Setting next_dagrun for example_skip_dag to 2025-01-06 00:00:00+00:00, run_after=2025-01-07 00:00:00+00:00
[2025-01-07T12:03:25.106+0000] {processor.py:208} INFO - Processing /home/airflow/.local/lib/python3.12/site-packages/airflow/example_dags/example_skip_dag.py took 0.146 seconds
[2025-01-07T12:03:55.538+0000] {processor.py:186} INFO - Started process (PID=2069) to work on /home/airflow/.local/lib/python3.12/site-packages/airflow/example_dags/example_skip_dag.py
[2025-01-07T12:03:55.539+0000] {processor.py:914} INFO - Processing file /home/airflow/.local/lib/python3.12/site-packages/airflow/example_dags/example_skip_dag.py for tasks to queue
[2025-01-07T12:03:55.543+0000] {logging_mixin.py:190} INFO - [2025-01-07T12:03:55.542+0000] {dagbag.py:588} INFO - Filling up the DagBag from /home/airflow/.local/lib/python3.12/site-packages/airflow/example_dags/example_skip_dag.py
[2025-01-07T12:03:55.556+0000] {processor.py:925} INFO - DAG(s) 'example_skip_dag' retrieved from /home/airflow/.local/lib/python3.12/site-packages/airflow/example_dags/example_skip_dag.py
[2025-01-07T12:03:55.584+0000] {logging_mixin.py:190} INFO - [2025-01-07T12:03:55.584+0000] {dag.py:3239} INFO - Sync 1 DAGs
[2025-01-07T12:03:55.612+0000] {logging_mixin.py:190} INFO - [2025-01-07T12:03:55.612+0000] {dag.py:4180} INFO - Setting next_dagrun for example_skip_dag to 2025-01-06 00:00:00+00:00, run_after=2025-01-07 00:00:00+00:00
[2025-01-07T12:03:55.636+0000] {processor.py:208} INFO - Processing /home/airflow/.local/lib/python3.12/site-packages/airflow/example_dags/example_skip_dag.py took 0.105 seconds
[2025-01-07T12:04:25.794+0000] {processor.py:186} INFO - Started process (PID=2132) to work on /home/airflow/.local/lib/python3.12/site-packages/airflow/example_dags/example_skip_dag.py
[2025-01-07T12:04:25.795+0000] {processor.py:914} INFO - Processing file /home/airflow/.local/lib/python3.12/site-packages/airflow/example_dags/example_skip_dag.py for tasks to queue
[2025-01-07T12:04:25.798+0000] {logging_mixin.py:190} INFO - [2025-01-07T12:04:25.797+0000] {dagbag.py:588} INFO - Filling up the DagBag from /home/airflow/.local/lib/python3.12/site-packages/airflow/example_dags/example_skip_dag.py
[2025-01-07T12:04:25.806+0000] {processor.py:925} INFO - DAG(s) 'example_skip_dag' retrieved from /home/airflow/.local/lib/python3.12/site-packages/airflow/example_dags/example_skip_dag.py
[2025-01-07T12:04:25.831+0000] {logging_mixin.py:190} INFO - [2025-01-07T12:04:25.831+0000] {dag.py:3239} INFO - Sync 1 DAGs
[2025-01-07T12:04:25.859+0000] {logging_mixin.py:190} INFO - [2025-01-07T12:04:25.859+0000] {dag.py:4180} INFO - Setting next_dagrun for example_skip_dag to 2025-01-06 00:00:00+00:00, run_after=2025-01-07 00:00:00+00:00
[2025-01-07T12:04:25.882+0000] {processor.py:208} INFO - Processing /home/airflow/.local/lib/python3.12/site-packages/airflow/example_dags/example_skip_dag.py took 0.094 seconds
[2025-01-07T12:04:56.065+0000] {processor.py:186} INFO - Started process (PID=2195) to work on /home/airflow/.local/lib/python3.12/site-packages/airflow/example_dags/example_skip_dag.py
[2025-01-07T12:04:56.066+0000] {processor.py:914} INFO - Processing file /home/airflow/.local/lib/python3.12/site-packages/airflow/example_dags/example_skip_dag.py for tasks to queue
[2025-01-07T12:04:56.069+0000] {logging_mixin.py:190} INFO - [2025-01-07T12:04:56.068+0000] {dagbag.py:588} INFO - Filling up the DagBag from /home/airflow/.local/lib/python3.12/site-packages/airflow/example_dags/example_skip_dag.py
[2025-01-07T12:04:56.077+0000] {processor.py:925} INFO - DAG(s) 'example_skip_dag' retrieved from /home/airflow/.local/lib/python3.12/site-packages/airflow/example_dags/example_skip_dag.py
[2025-01-07T12:04:56.100+0000] {logging_mixin.py:190} INFO - [2025-01-07T12:04:56.099+0000] {dag.py:3239} INFO - Sync 1 DAGs
[2025-01-07T12:04:56.126+0000] {logging_mixin.py:190} INFO - [2025-01-07T12:04:56.126+0000] {dag.py:4180} INFO - Setting next_dagrun for example_skip_dag to 2025-01-06 00:00:00+00:00, run_after=2025-01-07 00:00:00+00:00
[2025-01-07T12:04:56.152+0000] {processor.py:208} INFO - Processing /home/airflow/.local/lib/python3.12/site-packages/airflow/example_dags/example_skip_dag.py took 0.095 seconds
[2025-01-07T12:05:26.773+0000] {processor.py:186} INFO - Started process (PID=2258) to work on /home/airflow/.local/lib/python3.12/site-packages/airflow/example_dags/example_skip_dag.py
[2025-01-07T12:05:26.774+0000] {processor.py:914} INFO - Processing file /home/airflow/.local/lib/python3.12/site-packages/airflow/example_dags/example_skip_dag.py for tasks to queue
[2025-01-07T12:05:26.777+0000] {logging_mixin.py:190} INFO - [2025-01-07T12:05:26.776+0000] {dagbag.py:588} INFO - Filling up the DagBag from /home/airflow/.local/lib/python3.12/site-packages/airflow/example_dags/example_skip_dag.py
[2025-01-07T12:05:26.786+0000] {processor.py:925} INFO - DAG(s) 'example_skip_dag' retrieved from /home/airflow/.local/lib/python3.12/site-packages/airflow/example_dags/example_skip_dag.py
[2025-01-07T12:05:26.813+0000] {logging_mixin.py:190} INFO - [2025-01-07T12:05:26.813+0000] {dag.py:3239} INFO - Sync 1 DAGs
[2025-01-07T12:05:26.838+0000] {logging_mixin.py:190} INFO - [2025-01-07T12:05:26.837+0000] {dag.py:4180} INFO - Setting next_dagrun for example_skip_dag to 2025-01-06 00:00:00+00:00, run_after=2025-01-07 00:00:00+00:00
[2025-01-07T12:05:26.857+0000] {processor.py:208} INFO - Processing /home/airflow/.local/lib/python3.12/site-packages/airflow/example_dags/example_skip_dag.py took 0.092 seconds
[2025-01-07T12:05:57.081+0000] {processor.py:186} INFO - Started process (PID=2321) to work on /home/airflow/.local/lib/python3.12/site-packages/airflow/example_dags/example_skip_dag.py
[2025-01-07T12:05:57.082+0000] {processor.py:914} INFO - Processing file /home/airflow/.local/lib/python3.12/site-packages/airflow/example_dags/example_skip_dag.py for tasks to queue
[2025-01-07T12:05:57.085+0000] {logging_mixin.py:190} INFO - [2025-01-07T12:05:57.085+0000] {dagbag.py:588} INFO - Filling up the DagBag from /home/airflow/.local/lib/python3.12/site-packages/airflow/example_dags/example_skip_dag.py
[2025-01-07T12:05:57.096+0000] {processor.py:925} INFO - DAG(s) 'example_skip_dag' retrieved from /home/airflow/.local/lib/python3.12/site-packages/airflow/example_dags/example_skip_dag.py
[2025-01-07T12:05:57.122+0000] {logging_mixin.py:190} INFO - [2025-01-07T12:05:57.122+0000] {dag.py:3239} INFO - Sync 1 DAGs
[2025-01-07T12:05:57.153+0000] {logging_mixin.py:190} INFO - [2025-01-07T12:05:57.152+0000] {dag.py:4180} INFO - Setting next_dagrun for example_skip_dag to 2025-01-06 00:00:00+00:00, run_after=2025-01-07 00:00:00+00:00
[2025-01-07T12:05:57.177+0000] {processor.py:208} INFO - Processing /home/airflow/.local/lib/python3.12/site-packages/airflow/example_dags/example_skip_dag.py took 0.103 seconds
[2025-01-07T12:06:27.534+0000] {processor.py:186} INFO - Started process (PID=2384) to work on /home/airflow/.local/lib/python3.12/site-packages/airflow/example_dags/example_skip_dag.py
[2025-01-07T12:06:27.535+0000] {processor.py:914} INFO - Processing file /home/airflow/.local/lib/python3.12/site-packages/airflow/example_dags/example_skip_dag.py for tasks to queue
[2025-01-07T12:06:27.537+0000] {logging_mixin.py:190} INFO - [2025-01-07T12:06:27.537+0000] {dagbag.py:588} INFO - Filling up the DagBag from /home/airflow/.local/lib/python3.12/site-packages/airflow/example_dags/example_skip_dag.py
[2025-01-07T12:06:27.546+0000] {processor.py:925} INFO - DAG(s) 'example_skip_dag' retrieved from /home/airflow/.local/lib/python3.12/site-packages/airflow/example_dags/example_skip_dag.py
[2025-01-07T12:06:27.568+0000] {logging_mixin.py:190} INFO - [2025-01-07T12:06:27.568+0000] {dag.py:3239} INFO - Sync 1 DAGs
[2025-01-07T12:06:27.598+0000] {logging_mixin.py:190} INFO - [2025-01-07T12:06:27.597+0000] {dag.py:4180} INFO - Setting next_dagrun for example_skip_dag to 2025-01-06 00:00:00+00:00, run_after=2025-01-07 00:00:00+00:00
[2025-01-07T12:06:27.615+0000] {processor.py:208} INFO - Processing /home/airflow/.local/lib/python3.12/site-packages/airflow/example_dags/example_skip_dag.py took 0.088 seconds
[2025-01-07T12:06:58.247+0000] {processor.py:186} INFO - Started process (PID=2447) to work on /home/airflow/.local/lib/python3.12/site-packages/airflow/example_dags/example_skip_dag.py
[2025-01-07T12:06:58.248+0000] {processor.py:914} INFO - Processing file /home/airflow/.local/lib/python3.12/site-packages/airflow/example_dags/example_skip_dag.py for tasks to queue
[2025-01-07T12:06:58.251+0000] {logging_mixin.py:190} INFO - [2025-01-07T12:06:58.250+0000] {dagbag.py:588} INFO - Filling up the DagBag from /home/airflow/.local/lib/python3.12/site-packages/airflow/example_dags/example_skip_dag.py
[2025-01-07T12:06:58.260+0000] {processor.py:925} INFO - DAG(s) 'example_skip_dag' retrieved from /home/airflow/.local/lib/python3.12/site-packages/airflow/example_dags/example_skip_dag.py
[2025-01-07T12:06:58.284+0000] {logging_mixin.py:190} INFO - [2025-01-07T12:06:58.284+0000] {dag.py:3239} INFO - Sync 1 DAGs
[2025-01-07T12:06:58.311+0000] {logging_mixin.py:190} INFO - [2025-01-07T12:06:58.310+0000] {dag.py:4180} INFO - Setting next_dagrun for example_skip_dag to 2025-01-06 00:00:00+00:00, run_after=2025-01-07 00:00:00+00:00
[2025-01-07T12:06:58.334+0000] {processor.py:208} INFO - Processing /home/airflow/.local/lib/python3.12/site-packages/airflow/example_dags/example_skip_dag.py took 0.094 seconds
[2025-01-07T12:07:29.529+0000] {processor.py:186} INFO - Started process (PID=2510) to work on /home/airflow/.local/lib/python3.12/site-packages/airflow/example_dags/example_skip_dag.py
[2025-01-07T12:07:29.531+0000] {processor.py:914} INFO - Processing file /home/airflow/.local/lib/python3.12/site-packages/airflow/example_dags/example_skip_dag.py for tasks to queue
[2025-01-07T12:07:29.535+0000] {logging_mixin.py:190} INFO - [2025-01-07T12:07:29.534+0000] {dagbag.py:588} INFO - Filling up the DagBag from /home/airflow/.local/lib/python3.12/site-packages/airflow/example_dags/example_skip_dag.py
[2025-01-07T12:07:29.546+0000] {processor.py:925} INFO - DAG(s) 'example_skip_dag' retrieved from /home/airflow/.local/lib/python3.12/site-packages/airflow/example_dags/example_skip_dag.py
[2025-01-07T12:07:29.586+0000] {logging_mixin.py:190} INFO - [2025-01-07T12:07:29.585+0000] {dag.py:3239} INFO - Sync 1 DAGs
[2025-01-07T12:07:29.620+0000] {logging_mixin.py:190} INFO - [2025-01-07T12:07:29.620+0000] {dag.py:4180} INFO - Setting next_dagrun for example_skip_dag to 2025-01-06 00:00:00+00:00, run_after=2025-01-07 00:00:00+00:00
[2025-01-07T12:07:29.645+0000] {processor.py:208} INFO - Processing /home/airflow/.local/lib/python3.12/site-packages/airflow/example_dags/example_skip_dag.py took 0.127 seconds
[2025-01-07T12:08:02.784+0000] {processor.py:186} INFO - Started process (PID=2575) to work on /home/airflow/.local/lib/python3.12/site-packages/airflow/example_dags/example_skip_dag.py
[2025-01-07T12:08:02.786+0000] {processor.py:914} INFO - Processing file /home/airflow/.local/lib/python3.12/site-packages/airflow/example_dags/example_skip_dag.py for tasks to queue
[2025-01-07T12:08:02.789+0000] {logging_mixin.py:190} INFO - [2025-01-07T12:08:02.789+0000] {dagbag.py:588} INFO - Filling up the DagBag from /home/airflow/.local/lib/python3.12/site-packages/airflow/example_dags/example_skip_dag.py
[2025-01-07T12:08:02.802+0000] {processor.py:925} INFO - DAG(s) 'example_skip_dag' retrieved from /home/airflow/.local/lib/python3.12/site-packages/airflow/example_dags/example_skip_dag.py
[2025-01-07T12:08:02.827+0000] {logging_mixin.py:190} INFO - [2025-01-07T12:08:02.826+0000] {dag.py:3239} INFO - Sync 1 DAGs
[2025-01-07T12:08:02.859+0000] {logging_mixin.py:190} INFO - [2025-01-07T12:08:02.859+0000] {dag.py:4180} INFO - Setting next_dagrun for example_skip_dag to 2025-01-06 00:00:00+00:00, run_after=2025-01-07 00:00:00+00:00
[2025-01-07T12:08:02.886+0000] {processor.py:208} INFO - Processing /home/airflow/.local/lib/python3.12/site-packages/airflow/example_dags/example_skip_dag.py took 0.110 seconds
[2025-01-07T12:08:33.442+0000] {processor.py:186} INFO - Started process (PID=2639) to work on /home/airflow/.local/lib/python3.12/site-packages/airflow/example_dags/example_skip_dag.py
[2025-01-07T12:08:33.444+0000] {processor.py:914} INFO - Processing file /home/airflow/.local/lib/python3.12/site-packages/airflow/example_dags/example_skip_dag.py for tasks to queue
[2025-01-07T12:08:33.447+0000] {logging_mixin.py:190} INFO - [2025-01-07T12:08:33.446+0000] {dagbag.py:588} INFO - Filling up the DagBag from /home/airflow/.local/lib/python3.12/site-packages/airflow/example_dags/example_skip_dag.py
[2025-01-07T12:08:33.456+0000] {processor.py:925} INFO - DAG(s) 'example_skip_dag' retrieved from /home/airflow/.local/lib/python3.12/site-packages/airflow/example_dags/example_skip_dag.py
[2025-01-07T12:08:33.484+0000] {logging_mixin.py:190} INFO - [2025-01-07T12:08:33.483+0000] {dag.py:3239} INFO - Sync 1 DAGs
[2025-01-07T12:08:33.516+0000] {logging_mixin.py:190} INFO - [2025-01-07T12:08:33.515+0000] {dag.py:4180} INFO - Setting next_dagrun for example_skip_dag to 2025-01-06 00:00:00+00:00, run_after=2025-01-07 00:00:00+00:00
[2025-01-07T12:08:33.541+0000] {processor.py:208} INFO - Processing /home/airflow/.local/lib/python3.12/site-packages/airflow/example_dags/example_skip_dag.py took 0.107 seconds
[2025-01-07T12:09:06.484+0000] {processor.py:186} INFO - Started process (PID=2702) to work on /home/airflow/.local/lib/python3.12/site-packages/airflow/example_dags/example_skip_dag.py
[2025-01-07T12:09:06.486+0000] {processor.py:914} INFO - Processing file /home/airflow/.local/lib/python3.12/site-packages/airflow/example_dags/example_skip_dag.py for tasks to queue
[2025-01-07T12:09:06.491+0000] {logging_mixin.py:190} INFO - [2025-01-07T12:09:06.491+0000] {dagbag.py:588} INFO - Filling up the DagBag from /home/airflow/.local/lib/python3.12/site-packages/airflow/example_dags/example_skip_dag.py
[2025-01-07T12:09:06.506+0000] {processor.py:925} INFO - DAG(s) 'example_skip_dag' retrieved from /home/airflow/.local/lib/python3.12/site-packages/airflow/example_dags/example_skip_dag.py
[2025-01-07T12:09:06.554+0000] {logging_mixin.py:190} INFO - [2025-01-07T12:09:06.553+0000] {dag.py:3239} INFO - Sync 1 DAGs
[2025-01-07T12:09:06.606+0000] {logging_mixin.py:190} INFO - [2025-01-07T12:09:06.605+0000] {dag.py:4180} INFO - Setting next_dagrun for example_skip_dag to 2025-01-06 00:00:00+00:00, run_after=2025-01-07 00:00:00+00:00
[2025-01-07T12:09:06.647+0000] {processor.py:208} INFO - Processing /home/airflow/.local/lib/python3.12/site-packages/airflow/example_dags/example_skip_dag.py took 0.176 seconds
[2025-01-07T12:09:37.357+0000] {processor.py:186} INFO - Started process (PID=2765) to work on /home/airflow/.local/lib/python3.12/site-packages/airflow/example_dags/example_skip_dag.py
[2025-01-07T12:09:37.359+0000] {processor.py:914} INFO - Processing file /home/airflow/.local/lib/python3.12/site-packages/airflow/example_dags/example_skip_dag.py for tasks to queue
[2025-01-07T12:09:37.363+0000] {logging_mixin.py:190} INFO - [2025-01-07T12:09:37.363+0000] {dagbag.py:588} INFO - Filling up the DagBag from /home/airflow/.local/lib/python3.12/site-packages/airflow/example_dags/example_skip_dag.py
[2025-01-07T12:09:37.375+0000] {processor.py:925} INFO - DAG(s) 'example_skip_dag' retrieved from /home/airflow/.local/lib/python3.12/site-packages/airflow/example_dags/example_skip_dag.py
[2025-01-07T12:09:37.414+0000] {logging_mixin.py:190} INFO - [2025-01-07T12:09:37.413+0000] {dag.py:3239} INFO - Sync 1 DAGs
[2025-01-07T12:09:37.452+0000] {logging_mixin.py:190} INFO - [2025-01-07T12:09:37.452+0000] {dag.py:4180} INFO - Setting next_dagrun for example_skip_dag to 2025-01-06 00:00:00+00:00, run_after=2025-01-07 00:00:00+00:00
[2025-01-07T12:09:37.491+0000] {processor.py:208} INFO - Processing /home/airflow/.local/lib/python3.12/site-packages/airflow/example_dags/example_skip_dag.py took 0.144 seconds
[2025-01-07T12:10:08.712+0000] {processor.py:186} INFO - Started process (PID=2829) to work on /home/airflow/.local/lib/python3.12/site-packages/airflow/example_dags/example_skip_dag.py
[2025-01-07T12:10:08.714+0000] {processor.py:914} INFO - Processing file /home/airflow/.local/lib/python3.12/site-packages/airflow/example_dags/example_skip_dag.py for tasks to queue
[2025-01-07T12:10:08.719+0000] {logging_mixin.py:190} INFO - [2025-01-07T12:10:08.719+0000] {dagbag.py:588} INFO - Filling up the DagBag from /home/airflow/.local/lib/python3.12/site-packages/airflow/example_dags/example_skip_dag.py
[2025-01-07T12:10:08.732+0000] {processor.py:925} INFO - DAG(s) 'example_skip_dag' retrieved from /home/airflow/.local/lib/python3.12/site-packages/airflow/example_dags/example_skip_dag.py
[2025-01-07T12:10:08.778+0000] {logging_mixin.py:190} INFO - [2025-01-07T12:10:08.777+0000] {dag.py:3239} INFO - Sync 1 DAGs
[2025-01-07T12:10:08.838+0000] {logging_mixin.py:190} INFO - [2025-01-07T12:10:08.838+0000] {dag.py:4180} INFO - Setting next_dagrun for example_skip_dag to 2025-01-06 00:00:00+00:00, run_after=2025-01-07 00:00:00+00:00
[2025-01-07T12:10:08.881+0000] {processor.py:208} INFO - Processing /home/airflow/.local/lib/python3.12/site-packages/airflow/example_dags/example_skip_dag.py took 0.180 seconds
[2025-01-07T12:10:40.601+0000] {processor.py:186} INFO - Started process (PID=2897) to work on /home/airflow/.local/lib/python3.12/site-packages/airflow/example_dags/example_skip_dag.py
[2025-01-07T12:10:40.603+0000] {processor.py:914} INFO - Processing file /home/airflow/.local/lib/python3.12/site-packages/airflow/example_dags/example_skip_dag.py for tasks to queue
[2025-01-07T12:10:40.607+0000] {logging_mixin.py:190} INFO - [2025-01-07T12:10:40.607+0000] {dagbag.py:588} INFO - Filling up the DagBag from /home/airflow/.local/lib/python3.12/site-packages/airflow/example_dags/example_skip_dag.py
[2025-01-07T12:10:40.623+0000] {processor.py:925} INFO - DAG(s) 'example_skip_dag' retrieved from /home/airflow/.local/lib/python3.12/site-packages/airflow/example_dags/example_skip_dag.py
[2025-01-07T12:10:40.670+0000] {logging_mixin.py:190} INFO - [2025-01-07T12:10:40.670+0000] {dag.py:3239} INFO - Sync 1 DAGs
[2025-01-07T12:10:40.721+0000] {logging_mixin.py:190} INFO - [2025-01-07T12:10:40.720+0000] {dag.py:4180} INFO - Setting next_dagrun for example_skip_dag to 2025-01-06 00:00:00+00:00, run_after=2025-01-07 00:00:00+00:00
[2025-01-07T12:10:40.760+0000] {processor.py:208} INFO - Processing /home/airflow/.local/lib/python3.12/site-packages/airflow/example_dags/example_skip_dag.py took 0.170 seconds
[2025-01-07T12:11:13.414+0000] {processor.py:186} INFO - Started process (PID=2965) to work on /home/airflow/.local/lib/python3.12/site-packages/airflow/example_dags/example_skip_dag.py
[2025-01-07T12:11:13.416+0000] {processor.py:914} INFO - Processing file /home/airflow/.local/lib/python3.12/site-packages/airflow/example_dags/example_skip_dag.py for tasks to queue
[2025-01-07T12:11:13.422+0000] {logging_mixin.py:190} INFO - [2025-01-07T12:11:13.421+0000] {dagbag.py:588} INFO - Filling up the DagBag from /home/airflow/.local/lib/python3.12/site-packages/airflow/example_dags/example_skip_dag.py
[2025-01-07T12:11:13.442+0000] {processor.py:925} INFO - DAG(s) 'example_skip_dag' retrieved from /home/airflow/.local/lib/python3.12/site-packages/airflow/example_dags/example_skip_dag.py
[2025-01-07T12:11:13.479+0000] {logging_mixin.py:190} INFO - [2025-01-07T12:11:13.478+0000] {dag.py:3239} INFO - Sync 1 DAGs
[2025-01-07T12:11:13.526+0000] {logging_mixin.py:190} INFO - [2025-01-07T12:11:13.526+0000] {dag.py:4180} INFO - Setting next_dagrun for example_skip_dag to 2025-01-06 00:00:00+00:00, run_after=2025-01-07 00:00:00+00:00
[2025-01-07T12:11:13.562+0000] {processor.py:208} INFO - Processing /home/airflow/.local/lib/python3.12/site-packages/airflow/example_dags/example_skip_dag.py took 0.160 seconds
[2025-01-07T12:11:45.358+0000] {processor.py:186} INFO - Started process (PID=3028) to work on /home/airflow/.local/lib/python3.12/site-packages/airflow/example_dags/example_skip_dag.py
[2025-01-07T12:11:45.360+0000] {processor.py:914} INFO - Processing file /home/airflow/.local/lib/python3.12/site-packages/airflow/example_dags/example_skip_dag.py for tasks to queue
[2025-01-07T12:11:45.364+0000] {logging_mixin.py:190} INFO - [2025-01-07T12:11:45.363+0000] {dagbag.py:588} INFO - Filling up the DagBag from /home/airflow/.local/lib/python3.12/site-packages/airflow/example_dags/example_skip_dag.py
[2025-01-07T12:11:45.380+0000] {processor.py:925} INFO - DAG(s) 'example_skip_dag' retrieved from /home/airflow/.local/lib/python3.12/site-packages/airflow/example_dags/example_skip_dag.py
[2025-01-07T12:11:45.417+0000] {logging_mixin.py:190} INFO - [2025-01-07T12:11:45.417+0000] {dag.py:3239} INFO - Sync 1 DAGs
[2025-01-07T12:11:45.460+0000] {logging_mixin.py:190} INFO - [2025-01-07T12:11:45.459+0000] {dag.py:4180} INFO - Setting next_dagrun for example_skip_dag to 2025-01-06 00:00:00+00:00, run_after=2025-01-07 00:00:00+00:00
[2025-01-07T12:11:45.493+0000] {processor.py:208} INFO - Processing /home/airflow/.local/lib/python3.12/site-packages/airflow/example_dags/example_skip_dag.py took 0.146 seconds
[2025-01-07T12:12:16.203+0000] {processor.py:186} INFO - Started process (PID=3090) to work on /home/airflow/.local/lib/python3.12/site-packages/airflow/example_dags/example_skip_dag.py
[2025-01-07T12:12:16.206+0000] {processor.py:914} INFO - Processing file /home/airflow/.local/lib/python3.12/site-packages/airflow/example_dags/example_skip_dag.py for tasks to queue
[2025-01-07T12:12:16.209+0000] {logging_mixin.py:190} INFO - [2025-01-07T12:12:16.208+0000] {dagbag.py:588} INFO - Filling up the DagBag from /home/airflow/.local/lib/python3.12/site-packages/airflow/example_dags/example_skip_dag.py
[2025-01-07T12:12:16.222+0000] {processor.py:925} INFO - DAG(s) 'example_skip_dag' retrieved from /home/airflow/.local/lib/python3.12/site-packages/airflow/example_dags/example_skip_dag.py
[2025-01-07T12:12:16.253+0000] {logging_mixin.py:190} INFO - [2025-01-07T12:12:16.252+0000] {dag.py:3239} INFO - Sync 1 DAGs
[2025-01-07T12:12:16.283+0000] {logging_mixin.py:190} INFO - [2025-01-07T12:12:16.283+0000] {dag.py:4180} INFO - Setting next_dagrun for example_skip_dag to 2025-01-06 00:00:00+00:00, run_after=2025-01-07 00:00:00+00:00
[2025-01-07T12:12:16.309+0000] {processor.py:208} INFO - Processing /home/airflow/.local/lib/python3.12/site-packages/airflow/example_dags/example_skip_dag.py took 0.112 seconds
[2025-01-07T12:12:46.979+0000] {processor.py:186} INFO - Started process (PID=3153) to work on /home/airflow/.local/lib/python3.12/site-packages/airflow/example_dags/example_skip_dag.py
[2025-01-07T12:12:46.981+0000] {processor.py:914} INFO - Processing file /home/airflow/.local/lib/python3.12/site-packages/airflow/example_dags/example_skip_dag.py for tasks to queue
[2025-01-07T12:12:46.988+0000] {logging_mixin.py:190} INFO - [2025-01-07T12:12:46.987+0000] {dagbag.py:588} INFO - Filling up the DagBag from /home/airflow/.local/lib/python3.12/site-packages/airflow/example_dags/example_skip_dag.py
[2025-01-07T12:12:47.013+0000] {processor.py:925} INFO - DAG(s) 'example_skip_dag' retrieved from /home/airflow/.local/lib/python3.12/site-packages/airflow/example_dags/example_skip_dag.py
[2025-01-07T12:12:47.079+0000] {logging_mixin.py:190} INFO - [2025-01-07T12:12:47.079+0000] {dag.py:3239} INFO - Sync 1 DAGs
[2025-01-07T12:12:47.133+0000] {logging_mixin.py:190} INFO - [2025-01-07T12:12:47.133+0000] {dag.py:4180} INFO - Setting next_dagrun for example_skip_dag to 2025-01-06 00:00:00+00:00, run_after=2025-01-07 00:00:00+00:00
[2025-01-07T12:12:47.180+0000] {processor.py:208} INFO - Processing /home/airflow/.local/lib/python3.12/site-packages/airflow/example_dags/example_skip_dag.py took 0.214 seconds
[2025-01-07T12:43:19.290+0000] {processor.py:186} INFO - Started process (PID=3216) to work on /home/airflow/.local/lib/python3.12/site-packages/airflow/example_dags/example_skip_dag.py
[2025-01-07T12:43:19.291+0000] {processor.py:914} INFO - Processing file /home/airflow/.local/lib/python3.12/site-packages/airflow/example_dags/example_skip_dag.py for tasks to queue
[2025-01-07T12:43:19.310+0000] {logging_mixin.py:190} INFO - [2025-01-07T12:43:19.304+0000] {dagbag.py:588} INFO - Filling up the DagBag from /home/airflow/.local/lib/python3.12/site-packages/airflow/example_dags/example_skip_dag.py
[2025-01-07T12:43:19.333+0000] {processor.py:925} INFO - DAG(s) 'example_skip_dag' retrieved from /home/airflow/.local/lib/python3.12/site-packages/airflow/example_dags/example_skip_dag.py
[2025-01-07T12:43:19.389+0000] {logging_mixin.py:190} INFO - [2025-01-07T12:43:19.387+0000] {dag.py:3239} INFO - Sync 1 DAGs
[2025-01-07T12:43:19.454+0000] {logging_mixin.py:190} INFO - [2025-01-07T12:43:19.454+0000] {dag.py:4180} INFO - Setting next_dagrun for example_skip_dag to 2025-01-06 00:00:00+00:00, run_after=2025-01-07 00:00:00+00:00
[2025-01-07T12:43:19.499+0000] {processor.py:208} INFO - Processing /home/airflow/.local/lib/python3.12/site-packages/airflow/example_dags/example_skip_dag.py took 0.221 seconds
