[2025-01-07T11:47:16.208+0000] {processor.py:186} INFO - Started process (PID=46) to work on /home/airflow/.local/lib/python3.12/site-packages/airflow/example_dags/example_task_group.py
[2025-01-07T11:47:16.210+0000] {processor.py:914} INFO - Processing file /home/airflow/.local/lib/python3.12/site-packages/airflow/example_dags/example_task_group.py for tasks to queue
[2025-01-07T11:47:16.215+0000] {logging_mixin.py:190} INFO - [2025-01-07T11:47:16.214+0000] {dagbag.py:588} INFO - Filling up the DagBag from /home/airflow/.local/lib/python3.12/site-packages/airflow/example_dags/example_task_group.py
[2025-01-07T11:47:16.238+0000] {processor.py:925} INFO - DAG(s) 'example_task_group' retrieved from /home/airflow/.local/lib/python3.12/site-packages/airflow/example_dags/example_task_group.py
[2025-01-07T11:47:16.589+0000] {logging_mixin.py:190} INFO - [2025-01-07T11:47:16.588+0000] {override.py:1911} INFO - Created Permission View: can read on DAG:example_task_group
[2025-01-07T11:47:16.607+0000] {logging_mixin.py:190} INFO - [2025-01-07T11:47:16.607+0000] {override.py:1911} INFO - Created Permission View: can delete on DAG:example_task_group
[2025-01-07T11:47:16.621+0000] {logging_mixin.py:190} INFO - [2025-01-07T11:47:16.620+0000] {override.py:1911} INFO - Created Permission View: can edit on DAG:example_task_group
[2025-01-07T11:47:16.635+0000] {logging_mixin.py:190} INFO - [2025-01-07T11:47:16.634+0000] {override.py:1911} INFO - Created Permission View: menu access on DAG Run:example_task_group
[2025-01-07T11:47:16.646+0000] {logging_mixin.py:190} INFO - [2025-01-07T11:47:16.646+0000] {override.py:1911} INFO - Created Permission View: can read on DAG Run:example_task_group
[2025-01-07T11:47:16.658+0000] {logging_mixin.py:190} INFO - [2025-01-07T11:47:16.658+0000] {override.py:1911} INFO - Created Permission View: can delete on DAG Run:example_task_group
[2025-01-07T11:47:16.668+0000] {logging_mixin.py:190} INFO - [2025-01-07T11:47:16.667+0000] {override.py:1911} INFO - Created Permission View: can create on DAG Run:example_task_group
[2025-01-07T11:47:16.669+0000] {logging_mixin.py:190} INFO - [2025-01-07T11:47:16.669+0000] {dag.py:3239} INFO - Sync 1 DAGs
[2025-01-07T11:47:16.690+0000] {logging_mixin.py:190} INFO - [2025-01-07T11:47:16.689+0000] {dag.py:3262} INFO - Creating ORM DAG for example_task_group
[2025-01-07T11:47:16.691+0000] {logging_mixin.py:190} INFO - [2025-01-07T11:47:16.691+0000] {dag.py:4180} INFO - Setting next_dagrun for example_task_group to None, run_after=None
[2025-01-07T11:47:16.723+0000] {processor.py:208} INFO - Processing /home/airflow/.local/lib/python3.12/site-packages/airflow/example_dags/example_task_group.py took 0.534 seconds
[2025-01-07T11:47:52.520+0000] {processor.py:186} INFO - Started process (PID=108) to work on /home/airflow/.local/lib/python3.12/site-packages/airflow/example_dags/example_task_group.py
[2025-01-07T11:47:52.521+0000] {processor.py:914} INFO - Processing file /home/airflow/.local/lib/python3.12/site-packages/airflow/example_dags/example_task_group.py for tasks to queue
[2025-01-07T11:47:52.524+0000] {logging_mixin.py:190} INFO - [2025-01-07T11:47:52.524+0000] {dagbag.py:588} INFO - Filling up the DagBag from /home/airflow/.local/lib/python3.12/site-packages/airflow/example_dags/example_task_group.py
[2025-01-07T11:47:52.533+0000] {processor.py:925} INFO - DAG(s) 'example_task_group' retrieved from /home/airflow/.local/lib/python3.12/site-packages/airflow/example_dags/example_task_group.py
[2025-01-07T11:47:52.552+0000] {logging_mixin.py:190} INFO - [2025-01-07T11:47:52.552+0000] {dag.py:3239} INFO - Sync 1 DAGs
[2025-01-07T11:47:52.565+0000] {logging_mixin.py:190} INFO - [2025-01-07T11:47:52.565+0000] {dag.py:4180} INFO - Setting next_dagrun for example_task_group to None, run_after=None
[2025-01-07T11:47:54.286+0000] {processor.py:208} INFO - Processing /home/airflow/.local/lib/python3.12/site-packages/airflow/example_dags/example_task_group.py took 1.771 seconds
[2025-01-07T11:48:38.368+0000] {processor.py:186} INFO - Started process (PID=171) to work on /home/airflow/.local/lib/python3.12/site-packages/airflow/example_dags/example_task_group.py
[2025-01-07T11:48:38.540+0000] {processor.py:914} INFO - Processing file /home/airflow/.local/lib/python3.12/site-packages/airflow/example_dags/example_task_group.py for tasks to queue
[2025-01-07T11:48:38.542+0000] {logging_mixin.py:190} INFO - [2025-01-07T11:48:38.542+0000] {dagbag.py:588} INFO - Filling up the DagBag from /home/airflow/.local/lib/python3.12/site-packages/airflow/example_dags/example_task_group.py
[2025-01-07T11:48:38.550+0000] {processor.py:925} INFO - DAG(s) 'example_task_group' retrieved from /home/airflow/.local/lib/python3.12/site-packages/airflow/example_dags/example_task_group.py
[2025-01-07T11:48:38.569+0000] {logging_mixin.py:190} INFO - [2025-01-07T11:48:38.568+0000] {dag.py:3239} INFO - Sync 1 DAGs
[2025-01-07T11:48:38.581+0000] {logging_mixin.py:190} INFO - [2025-01-07T11:48:38.581+0000] {dag.py:4180} INFO - Setting next_dagrun for example_task_group to None, run_after=None
[2025-01-07T11:48:39.355+0000] {processor.py:208} INFO - Processing /home/airflow/.local/lib/python3.12/site-packages/airflow/example_dags/example_task_group.py took 0.994 seconds
[2025-01-07T11:49:09.883+0000] {processor.py:186} INFO - Started process (PID=235) to work on /home/airflow/.local/lib/python3.12/site-packages/airflow/example_dags/example_task_group.py
[2025-01-07T11:49:09.884+0000] {processor.py:914} INFO - Processing file /home/airflow/.local/lib/python3.12/site-packages/airflow/example_dags/example_task_group.py for tasks to queue
[2025-01-07T11:49:09.886+0000] {logging_mixin.py:190} INFO - [2025-01-07T11:49:09.886+0000] {dagbag.py:588} INFO - Filling up the DagBag from /home/airflow/.local/lib/python3.12/site-packages/airflow/example_dags/example_task_group.py
[2025-01-07T11:49:09.895+0000] {processor.py:925} INFO - DAG(s) 'example_task_group' retrieved from /home/airflow/.local/lib/python3.12/site-packages/airflow/example_dags/example_task_group.py
[2025-01-07T11:49:09.916+0000] {logging_mixin.py:190} INFO - [2025-01-07T11:49:09.916+0000] {dag.py:3239} INFO - Sync 1 DAGs
[2025-01-07T11:49:09.931+0000] {logging_mixin.py:190} INFO - [2025-01-07T11:49:09.931+0000] {dag.py:4180} INFO - Setting next_dagrun for example_task_group to None, run_after=None
[2025-01-07T11:49:09.951+0000] {processor.py:208} INFO - Processing /home/airflow/.local/lib/python3.12/site-packages/airflow/example_dags/example_task_group.py took 0.074 seconds
[2025-01-07T11:49:40.020+0000] {processor.py:186} INFO - Started process (PID=297) to work on /home/airflow/.local/lib/python3.12/site-packages/airflow/example_dags/example_task_group.py
[2025-01-07T11:49:40.021+0000] {processor.py:914} INFO - Processing file /home/airflow/.local/lib/python3.12/site-packages/airflow/example_dags/example_task_group.py for tasks to queue
[2025-01-07T11:49:40.024+0000] {logging_mixin.py:190} INFO - [2025-01-07T11:49:40.023+0000] {dagbag.py:588} INFO - Filling up the DagBag from /home/airflow/.local/lib/python3.12/site-packages/airflow/example_dags/example_task_group.py
[2025-01-07T11:49:40.032+0000] {processor.py:925} INFO - DAG(s) 'example_task_group' retrieved from /home/airflow/.local/lib/python3.12/site-packages/airflow/example_dags/example_task_group.py
[2025-01-07T11:49:40.054+0000] {logging_mixin.py:190} INFO - [2025-01-07T11:49:40.054+0000] {dag.py:3239} INFO - Sync 1 DAGs
[2025-01-07T11:49:40.069+0000] {logging_mixin.py:190} INFO - [2025-01-07T11:49:40.069+0000] {dag.py:4180} INFO - Setting next_dagrun for example_task_group to None, run_after=None
[2025-01-07T11:49:40.089+0000] {processor.py:208} INFO - Processing /home/airflow/.local/lib/python3.12/site-packages/airflow/example_dags/example_task_group.py took 0.076 seconds
[2025-01-07T11:50:10.601+0000] {processor.py:186} INFO - Started process (PID=361) to work on /home/airflow/.local/lib/python3.12/site-packages/airflow/example_dags/example_task_group.py
[2025-01-07T11:50:10.602+0000] {processor.py:914} INFO - Processing file /home/airflow/.local/lib/python3.12/site-packages/airflow/example_dags/example_task_group.py for tasks to queue
[2025-01-07T11:50:10.605+0000] {logging_mixin.py:190} INFO - [2025-01-07T11:50:10.604+0000] {dagbag.py:588} INFO - Filling up the DagBag from /home/airflow/.local/lib/python3.12/site-packages/airflow/example_dags/example_task_group.py
[2025-01-07T11:50:10.613+0000] {processor.py:925} INFO - DAG(s) 'example_task_group' retrieved from /home/airflow/.local/lib/python3.12/site-packages/airflow/example_dags/example_task_group.py
[2025-01-07T11:50:10.635+0000] {logging_mixin.py:190} INFO - [2025-01-07T11:50:10.634+0000] {dag.py:3239} INFO - Sync 1 DAGs
[2025-01-07T11:50:10.649+0000] {logging_mixin.py:190} INFO - [2025-01-07T11:50:10.648+0000] {dag.py:4180} INFO - Setting next_dagrun for example_task_group to None, run_after=None
[2025-01-07T11:50:10.669+0000] {processor.py:208} INFO - Processing /home/airflow/.local/lib/python3.12/site-packages/airflow/example_dags/example_task_group.py took 0.073 seconds
[2025-01-07T11:50:41.021+0000] {processor.py:186} INFO - Started process (PID=424) to work on /home/airflow/.local/lib/python3.12/site-packages/airflow/example_dags/example_task_group.py
[2025-01-07T11:50:41.022+0000] {processor.py:914} INFO - Processing file /home/airflow/.local/lib/python3.12/site-packages/airflow/example_dags/example_task_group.py for tasks to queue
[2025-01-07T11:50:41.024+0000] {logging_mixin.py:190} INFO - [2025-01-07T11:50:41.024+0000] {dagbag.py:588} INFO - Filling up the DagBag from /home/airflow/.local/lib/python3.12/site-packages/airflow/example_dags/example_task_group.py
[2025-01-07T11:50:41.033+0000] {processor.py:925} INFO - DAG(s) 'example_task_group' retrieved from /home/airflow/.local/lib/python3.12/site-packages/airflow/example_dags/example_task_group.py
[2025-01-07T11:50:41.054+0000] {logging_mixin.py:190} INFO - [2025-01-07T11:50:41.054+0000] {dag.py:3239} INFO - Sync 1 DAGs
[2025-01-07T11:50:41.070+0000] {logging_mixin.py:190} INFO - [2025-01-07T11:50:41.070+0000] {dag.py:4180} INFO - Setting next_dagrun for example_task_group to None, run_after=None
[2025-01-07T11:50:41.091+0000] {processor.py:208} INFO - Processing /home/airflow/.local/lib/python3.12/site-packages/airflow/example_dags/example_task_group.py took 0.078 seconds
[2025-01-07T11:51:11.263+0000] {processor.py:186} INFO - Started process (PID=487) to work on /home/airflow/.local/lib/python3.12/site-packages/airflow/example_dags/example_task_group.py
[2025-01-07T11:51:11.264+0000] {processor.py:914} INFO - Processing file /home/airflow/.local/lib/python3.12/site-packages/airflow/example_dags/example_task_group.py for tasks to queue
[2025-01-07T11:51:11.266+0000] {logging_mixin.py:190} INFO - [2025-01-07T11:51:11.266+0000] {dagbag.py:588} INFO - Filling up the DagBag from /home/airflow/.local/lib/python3.12/site-packages/airflow/example_dags/example_task_group.py
[2025-01-07T11:51:11.276+0000] {processor.py:925} INFO - DAG(s) 'example_task_group' retrieved from /home/airflow/.local/lib/python3.12/site-packages/airflow/example_dags/example_task_group.py
[2025-01-07T11:51:11.296+0000] {logging_mixin.py:190} INFO - [2025-01-07T11:51:11.296+0000] {dag.py:3239} INFO - Sync 1 DAGs
[2025-01-07T11:51:11.309+0000] {logging_mixin.py:190} INFO - [2025-01-07T11:51:11.309+0000] {dag.py:4180} INFO - Setting next_dagrun for example_task_group to None, run_after=None
[2025-01-07T11:51:11.327+0000] {processor.py:208} INFO - Processing /home/airflow/.local/lib/python3.12/site-packages/airflow/example_dags/example_task_group.py took 0.070 seconds
[2025-01-07T11:51:41.867+0000] {processor.py:186} INFO - Started process (PID=550) to work on /home/airflow/.local/lib/python3.12/site-packages/airflow/example_dags/example_task_group.py
[2025-01-07T11:51:41.869+0000] {processor.py:914} INFO - Processing file /home/airflow/.local/lib/python3.12/site-packages/airflow/example_dags/example_task_group.py for tasks to queue
[2025-01-07T11:51:41.873+0000] {logging_mixin.py:190} INFO - [2025-01-07T11:51:41.872+0000] {dagbag.py:588} INFO - Filling up the DagBag from /home/airflow/.local/lib/python3.12/site-packages/airflow/example_dags/example_task_group.py
[2025-01-07T11:51:41.881+0000] {processor.py:925} INFO - DAG(s) 'example_task_group' retrieved from /home/airflow/.local/lib/python3.12/site-packages/airflow/example_dags/example_task_group.py
[2025-01-07T11:51:41.907+0000] {logging_mixin.py:190} INFO - [2025-01-07T11:51:41.907+0000] {dag.py:3239} INFO - Sync 1 DAGs
[2025-01-07T11:51:41.923+0000] {logging_mixin.py:190} INFO - [2025-01-07T11:51:41.922+0000] {dag.py:4180} INFO - Setting next_dagrun for example_task_group to None, run_after=None
[2025-01-07T11:51:41.946+0000] {processor.py:208} INFO - Processing /home/airflow/.local/lib/python3.12/site-packages/airflow/example_dags/example_task_group.py took 0.086 seconds
[2025-01-07T11:52:12.097+0000] {processor.py:186} INFO - Started process (PID=613) to work on /home/airflow/.local/lib/python3.12/site-packages/airflow/example_dags/example_task_group.py
[2025-01-07T11:52:12.098+0000] {processor.py:914} INFO - Processing file /home/airflow/.local/lib/python3.12/site-packages/airflow/example_dags/example_task_group.py for tasks to queue
[2025-01-07T11:52:12.101+0000] {logging_mixin.py:190} INFO - [2025-01-07T11:52:12.100+0000] {dagbag.py:588} INFO - Filling up the DagBag from /home/airflow/.local/lib/python3.12/site-packages/airflow/example_dags/example_task_group.py
[2025-01-07T11:52:12.109+0000] {processor.py:925} INFO - DAG(s) 'example_task_group' retrieved from /home/airflow/.local/lib/python3.12/site-packages/airflow/example_dags/example_task_group.py
[2025-01-07T11:52:12.129+0000] {logging_mixin.py:190} INFO - [2025-01-07T11:52:12.129+0000] {dag.py:3239} INFO - Sync 1 DAGs
[2025-01-07T11:52:12.142+0000] {logging_mixin.py:190} INFO - [2025-01-07T11:52:12.142+0000] {dag.py:4180} INFO - Setting next_dagrun for example_task_group to None, run_after=None
[2025-01-07T11:52:12.159+0000] {processor.py:208} INFO - Processing /home/airflow/.local/lib/python3.12/site-packages/airflow/example_dags/example_task_group.py took 0.068 seconds
[2025-01-07T11:52:42.854+0000] {processor.py:186} INFO - Started process (PID=676) to work on /home/airflow/.local/lib/python3.12/site-packages/airflow/example_dags/example_task_group.py
[2025-01-07T11:52:42.856+0000] {processor.py:914} INFO - Processing file /home/airflow/.local/lib/python3.12/site-packages/airflow/example_dags/example_task_group.py for tasks to queue
[2025-01-07T11:52:42.859+0000] {logging_mixin.py:190} INFO - [2025-01-07T11:52:42.858+0000] {dagbag.py:588} INFO - Filling up the DagBag from /home/airflow/.local/lib/python3.12/site-packages/airflow/example_dags/example_task_group.py
[2025-01-07T11:52:42.868+0000] {processor.py:925} INFO - DAG(s) 'example_task_group' retrieved from /home/airflow/.local/lib/python3.12/site-packages/airflow/example_dags/example_task_group.py
[2025-01-07T11:52:42.891+0000] {logging_mixin.py:190} INFO - [2025-01-07T11:52:42.891+0000] {dag.py:3239} INFO - Sync 1 DAGs
[2025-01-07T11:52:42.908+0000] {logging_mixin.py:190} INFO - [2025-01-07T11:52:42.907+0000] {dag.py:4180} INFO - Setting next_dagrun for example_task_group to None, run_after=None
[2025-01-07T11:52:42.931+0000] {processor.py:208} INFO - Processing /home/airflow/.local/lib/python3.12/site-packages/airflow/example_dags/example_task_group.py took 0.084 seconds
[2025-01-07T11:53:13.240+0000] {processor.py:186} INFO - Started process (PID=739) to work on /home/airflow/.local/lib/python3.12/site-packages/airflow/example_dags/example_task_group.py
[2025-01-07T11:53:13.242+0000] {processor.py:914} INFO - Processing file /home/airflow/.local/lib/python3.12/site-packages/airflow/example_dags/example_task_group.py for tasks to queue
[2025-01-07T11:53:13.246+0000] {logging_mixin.py:190} INFO - [2025-01-07T11:53:13.245+0000] {dagbag.py:588} INFO - Filling up the DagBag from /home/airflow/.local/lib/python3.12/site-packages/airflow/example_dags/example_task_group.py
[2025-01-07T11:53:13.258+0000] {processor.py:925} INFO - DAG(s) 'example_task_group' retrieved from /home/airflow/.local/lib/python3.12/site-packages/airflow/example_dags/example_task_group.py
[2025-01-07T11:53:13.285+0000] {logging_mixin.py:190} INFO - [2025-01-07T11:53:13.285+0000] {dag.py:3239} INFO - Sync 1 DAGs
[2025-01-07T11:53:13.300+0000] {logging_mixin.py:190} INFO - [2025-01-07T11:53:13.300+0000] {dag.py:4180} INFO - Setting next_dagrun for example_task_group to None, run_after=None
[2025-01-07T11:53:13.331+0000] {processor.py:208} INFO - Processing /home/airflow/.local/lib/python3.12/site-packages/airflow/example_dags/example_task_group.py took 0.101 seconds
[2025-01-07T11:53:43.860+0000] {processor.py:186} INFO - Started process (PID=802) to work on /home/airflow/.local/lib/python3.12/site-packages/airflow/example_dags/example_task_group.py
[2025-01-07T11:53:43.862+0000] {processor.py:914} INFO - Processing file /home/airflow/.local/lib/python3.12/site-packages/airflow/example_dags/example_task_group.py for tasks to queue
[2025-01-07T11:53:43.865+0000] {logging_mixin.py:190} INFO - [2025-01-07T11:53:43.864+0000] {dagbag.py:588} INFO - Filling up the DagBag from /home/airflow/.local/lib/python3.12/site-packages/airflow/example_dags/example_task_group.py
[2025-01-07T11:53:43.874+0000] {processor.py:925} INFO - DAG(s) 'example_task_group' retrieved from /home/airflow/.local/lib/python3.12/site-packages/airflow/example_dags/example_task_group.py
[2025-01-07T11:53:43.900+0000] {logging_mixin.py:190} INFO - [2025-01-07T11:53:43.900+0000] {dag.py:3239} INFO - Sync 1 DAGs
[2025-01-07T11:53:43.914+0000] {logging_mixin.py:190} INFO - [2025-01-07T11:53:43.914+0000] {dag.py:4180} INFO - Setting next_dagrun for example_task_group to None, run_after=None
[2025-01-07T11:53:43.940+0000] {processor.py:208} INFO - Processing /home/airflow/.local/lib/python3.12/site-packages/airflow/example_dags/example_task_group.py took 0.087 seconds
[2025-01-07T11:54:14.322+0000] {processor.py:186} INFO - Started process (PID=857) to work on /home/airflow/.local/lib/python3.12/site-packages/airflow/example_dags/example_task_group.py
[2025-01-07T11:54:14.323+0000] {processor.py:914} INFO - Processing file /home/airflow/.local/lib/python3.12/site-packages/airflow/example_dags/example_task_group.py for tasks to queue
[2025-01-07T11:54:14.326+0000] {logging_mixin.py:190} INFO - [2025-01-07T11:54:14.325+0000] {dagbag.py:588} INFO - Filling up the DagBag from /home/airflow/.local/lib/python3.12/site-packages/airflow/example_dags/example_task_group.py
[2025-01-07T11:54:14.335+0000] {processor.py:925} INFO - DAG(s) 'example_task_group' retrieved from /home/airflow/.local/lib/python3.12/site-packages/airflow/example_dags/example_task_group.py
[2025-01-07T11:54:14.362+0000] {logging_mixin.py:190} INFO - [2025-01-07T11:54:14.361+0000] {dag.py:3239} INFO - Sync 1 DAGs
[2025-01-07T11:54:14.402+0000] {logging_mixin.py:190} INFO - [2025-01-07T11:54:14.402+0000] {dag.py:4180} INFO - Setting next_dagrun for example_task_group to None, run_after=None
[2025-01-07T11:54:14.425+0000] {processor.py:208} INFO - Processing /home/airflow/.local/lib/python3.12/site-packages/airflow/example_dags/example_task_group.py took 0.111 seconds
[2025-01-07T11:54:45.259+0000] {processor.py:186} INFO - Started process (PID=920) to work on /home/airflow/.local/lib/python3.12/site-packages/airflow/example_dags/example_task_group.py
[2025-01-07T11:54:45.260+0000] {processor.py:914} INFO - Processing file /home/airflow/.local/lib/python3.12/site-packages/airflow/example_dags/example_task_group.py for tasks to queue
[2025-01-07T11:54:45.262+0000] {logging_mixin.py:190} INFO - [2025-01-07T11:54:45.262+0000] {dagbag.py:588} INFO - Filling up the DagBag from /home/airflow/.local/lib/python3.12/site-packages/airflow/example_dags/example_task_group.py
[2025-01-07T11:54:45.270+0000] {processor.py:925} INFO - DAG(s) 'example_task_group' retrieved from /home/airflow/.local/lib/python3.12/site-packages/airflow/example_dags/example_task_group.py
[2025-01-07T11:54:45.290+0000] {logging_mixin.py:190} INFO - [2025-01-07T11:54:45.290+0000] {dag.py:3239} INFO - Sync 1 DAGs
[2025-01-07T11:54:45.303+0000] {logging_mixin.py:190} INFO - [2025-01-07T11:54:45.303+0000] {dag.py:4180} INFO - Setting next_dagrun for example_task_group to None, run_after=None
[2025-01-07T11:54:45.320+0000] {processor.py:208} INFO - Processing /home/airflow/.local/lib/python3.12/site-packages/airflow/example_dags/example_task_group.py took 0.067 seconds
[2025-01-07T11:55:16.048+0000] {processor.py:186} INFO - Started process (PID=983) to work on /home/airflow/.local/lib/python3.12/site-packages/airflow/example_dags/example_task_group.py
[2025-01-07T11:55:16.049+0000] {processor.py:914} INFO - Processing file /home/airflow/.local/lib/python3.12/site-packages/airflow/example_dags/example_task_group.py for tasks to queue
[2025-01-07T11:55:16.052+0000] {logging_mixin.py:190} INFO - [2025-01-07T11:55:16.052+0000] {dagbag.py:588} INFO - Filling up the DagBag from /home/airflow/.local/lib/python3.12/site-packages/airflow/example_dags/example_task_group.py
[2025-01-07T11:55:16.063+0000] {processor.py:925} INFO - DAG(s) 'example_task_group' retrieved from /home/airflow/.local/lib/python3.12/site-packages/airflow/example_dags/example_task_group.py
[2025-01-07T11:55:16.085+0000] {logging_mixin.py:190} INFO - [2025-01-07T11:55:16.085+0000] {dag.py:3239} INFO - Sync 1 DAGs
[2025-01-07T11:55:16.102+0000] {logging_mixin.py:190} INFO - [2025-01-07T11:55:16.102+0000] {dag.py:4180} INFO - Setting next_dagrun for example_task_group to None, run_after=None
[2025-01-07T11:55:16.122+0000] {processor.py:208} INFO - Processing /home/airflow/.local/lib/python3.12/site-packages/airflow/example_dags/example_task_group.py took 0.079 seconds
[2025-01-07T11:55:46.640+0000] {processor.py:186} INFO - Started process (PID=1046) to work on /home/airflow/.local/lib/python3.12/site-packages/airflow/example_dags/example_task_group.py
[2025-01-07T11:55:46.641+0000] {processor.py:914} INFO - Processing file /home/airflow/.local/lib/python3.12/site-packages/airflow/example_dags/example_task_group.py for tasks to queue
[2025-01-07T11:55:46.643+0000] {logging_mixin.py:190} INFO - [2025-01-07T11:55:46.642+0000] {dagbag.py:588} INFO - Filling up the DagBag from /home/airflow/.local/lib/python3.12/site-packages/airflow/example_dags/example_task_group.py
[2025-01-07T11:55:46.651+0000] {processor.py:925} INFO - DAG(s) 'example_task_group' retrieved from /home/airflow/.local/lib/python3.12/site-packages/airflow/example_dags/example_task_group.py
[2025-01-07T11:55:46.672+0000] {logging_mixin.py:190} INFO - [2025-01-07T11:55:46.672+0000] {dag.py:3239} INFO - Sync 1 DAGs
[2025-01-07T11:55:46.691+0000] {logging_mixin.py:190} INFO - [2025-01-07T11:55:46.690+0000] {dag.py:4180} INFO - Setting next_dagrun for example_task_group to None, run_after=None
[2025-01-07T11:55:46.710+0000] {processor.py:208} INFO - Processing /home/airflow/.local/lib/python3.12/site-packages/airflow/example_dags/example_task_group.py took 0.076 seconds
[2025-01-07T11:56:16.867+0000] {processor.py:186} INFO - Started process (PID=1109) to work on /home/airflow/.local/lib/python3.12/site-packages/airflow/example_dags/example_task_group.py
[2025-01-07T11:56:16.868+0000] {processor.py:914} INFO - Processing file /home/airflow/.local/lib/python3.12/site-packages/airflow/example_dags/example_task_group.py for tasks to queue
[2025-01-07T11:56:16.871+0000] {logging_mixin.py:190} INFO - [2025-01-07T11:56:16.871+0000] {dagbag.py:588} INFO - Filling up the DagBag from /home/airflow/.local/lib/python3.12/site-packages/airflow/example_dags/example_task_group.py
[2025-01-07T11:56:16.880+0000] {processor.py:925} INFO - DAG(s) 'example_task_group' retrieved from /home/airflow/.local/lib/python3.12/site-packages/airflow/example_dags/example_task_group.py
[2025-01-07T11:56:16.902+0000] {logging_mixin.py:190} INFO - [2025-01-07T11:56:16.901+0000] {dag.py:3239} INFO - Sync 1 DAGs
[2025-01-07T11:56:16.917+0000] {logging_mixin.py:190} INFO - [2025-01-07T11:56:16.916+0000] {dag.py:4180} INFO - Setting next_dagrun for example_task_group to None, run_after=None
[2025-01-07T11:56:16.942+0000] {processor.py:208} INFO - Processing /home/airflow/.local/lib/python3.12/site-packages/airflow/example_dags/example_task_group.py took 0.083 seconds
[2025-01-07T11:56:47.289+0000] {processor.py:186} INFO - Started process (PID=1178) to work on /home/airflow/.local/lib/python3.12/site-packages/airflow/example_dags/example_task_group.py
[2025-01-07T11:56:47.290+0000] {processor.py:914} INFO - Processing file /home/airflow/.local/lib/python3.12/site-packages/airflow/example_dags/example_task_group.py for tasks to queue
[2025-01-07T11:56:47.293+0000] {logging_mixin.py:190} INFO - [2025-01-07T11:56:47.293+0000] {dagbag.py:588} INFO - Filling up the DagBag from /home/airflow/.local/lib/python3.12/site-packages/airflow/example_dags/example_task_group.py
[2025-01-07T11:56:47.302+0000] {processor.py:925} INFO - DAG(s) 'example_task_group' retrieved from /home/airflow/.local/lib/python3.12/site-packages/airflow/example_dags/example_task_group.py
[2025-01-07T11:56:47.324+0000] {logging_mixin.py:190} INFO - [2025-01-07T11:56:47.323+0000] {dag.py:3239} INFO - Sync 1 DAGs
[2025-01-07T11:56:47.339+0000] {logging_mixin.py:190} INFO - [2025-01-07T11:56:47.339+0000] {dag.py:4180} INFO - Setting next_dagrun for example_task_group to None, run_after=None
[2025-01-07T11:56:47.359+0000] {processor.py:208} INFO - Processing /home/airflow/.local/lib/python3.12/site-packages/airflow/example_dags/example_task_group.py took 0.077 seconds
[2025-01-07T11:57:17.604+0000] {processor.py:186} INFO - Started process (PID=1241) to work on /home/airflow/.local/lib/python3.12/site-packages/airflow/example_dags/example_task_group.py
[2025-01-07T11:57:17.605+0000] {processor.py:914} INFO - Processing file /home/airflow/.local/lib/python3.12/site-packages/airflow/example_dags/example_task_group.py for tasks to queue
[2025-01-07T11:57:17.608+0000] {logging_mixin.py:190} INFO - [2025-01-07T11:57:17.607+0000] {dagbag.py:588} INFO - Filling up the DagBag from /home/airflow/.local/lib/python3.12/site-packages/airflow/example_dags/example_task_group.py
[2025-01-07T11:57:17.616+0000] {processor.py:925} INFO - DAG(s) 'example_task_group' retrieved from /home/airflow/.local/lib/python3.12/site-packages/airflow/example_dags/example_task_group.py
[2025-01-07T11:57:17.637+0000] {logging_mixin.py:190} INFO - [2025-01-07T11:57:17.636+0000] {dag.py:3239} INFO - Sync 1 DAGs
[2025-01-07T11:57:17.652+0000] {logging_mixin.py:190} INFO - [2025-01-07T11:57:17.652+0000] {dag.py:4180} INFO - Setting next_dagrun for example_task_group to None, run_after=None
[2025-01-07T11:57:17.674+0000] {processor.py:208} INFO - Processing /home/airflow/.local/lib/python3.12/site-packages/airflow/example_dags/example_task_group.py took 0.075 seconds
[2025-01-07T11:57:48.220+0000] {processor.py:186} INFO - Started process (PID=1312) to work on /home/airflow/.local/lib/python3.12/site-packages/airflow/example_dags/example_task_group.py
[2025-01-07T11:57:48.223+0000] {processor.py:914} INFO - Processing file /home/airflow/.local/lib/python3.12/site-packages/airflow/example_dags/example_task_group.py for tasks to queue
[2025-01-07T11:57:48.226+0000] {logging_mixin.py:190} INFO - [2025-01-07T11:57:48.226+0000] {dagbag.py:588} INFO - Filling up the DagBag from /home/airflow/.local/lib/python3.12/site-packages/airflow/example_dags/example_task_group.py
[2025-01-07T11:57:48.265+0000] {processor.py:925} INFO - DAG(s) 'example_task_group' retrieved from /home/airflow/.local/lib/python3.12/site-packages/airflow/example_dags/example_task_group.py
[2025-01-07T11:57:48.382+0000] {logging_mixin.py:190} INFO - [2025-01-07T11:57:48.382+0000] {dag.py:3239} INFO - Sync 1 DAGs
[2025-01-07T11:57:48.469+0000] {logging_mixin.py:190} INFO - [2025-01-07T11:57:48.469+0000] {dag.py:4180} INFO - Setting next_dagrun for example_task_group to None, run_after=None
[2025-01-07T11:57:48.570+0000] {processor.py:208} INFO - Processing /home/airflow/.local/lib/python3.12/site-packages/airflow/example_dags/example_task_group.py took 0.370 seconds
[2025-01-07T11:58:18.654+0000] {processor.py:186} INFO - Started process (PID=1374) to work on /home/airflow/.local/lib/python3.12/site-packages/airflow/example_dags/example_task_group.py
[2025-01-07T11:58:18.656+0000] {processor.py:914} INFO - Processing file /home/airflow/.local/lib/python3.12/site-packages/airflow/example_dags/example_task_group.py for tasks to queue
[2025-01-07T11:58:18.659+0000] {logging_mixin.py:190} INFO - [2025-01-07T11:58:18.658+0000] {dagbag.py:588} INFO - Filling up the DagBag from /home/airflow/.local/lib/python3.12/site-packages/airflow/example_dags/example_task_group.py
[2025-01-07T11:58:18.667+0000] {processor.py:925} INFO - DAG(s) 'example_task_group' retrieved from /home/airflow/.local/lib/python3.12/site-packages/airflow/example_dags/example_task_group.py
[2025-01-07T11:58:18.690+0000] {logging_mixin.py:190} INFO - [2025-01-07T11:58:18.689+0000] {dag.py:3239} INFO - Sync 1 DAGs
[2025-01-07T11:58:18.704+0000] {logging_mixin.py:190} INFO - [2025-01-07T11:58:18.704+0000] {dag.py:4180} INFO - Setting next_dagrun for example_task_group to None, run_after=None
[2025-01-07T11:58:18.726+0000] {processor.py:208} INFO - Processing /home/airflow/.local/lib/python3.12/site-packages/airflow/example_dags/example_task_group.py took 0.078 seconds
[2025-01-07T11:58:48.913+0000] {processor.py:186} INFO - Started process (PID=1438) to work on /home/airflow/.local/lib/python3.12/site-packages/airflow/example_dags/example_task_group.py
[2025-01-07T11:58:48.914+0000] {processor.py:914} INFO - Processing file /home/airflow/.local/lib/python3.12/site-packages/airflow/example_dags/example_task_group.py for tasks to queue
[2025-01-07T11:58:48.917+0000] {logging_mixin.py:190} INFO - [2025-01-07T11:58:48.917+0000] {dagbag.py:588} INFO - Filling up the DagBag from /home/airflow/.local/lib/python3.12/site-packages/airflow/example_dags/example_task_group.py
[2025-01-07T11:58:48.926+0000] {processor.py:925} INFO - DAG(s) 'example_task_group' retrieved from /home/airflow/.local/lib/python3.12/site-packages/airflow/example_dags/example_task_group.py
[2025-01-07T11:58:48.949+0000] {logging_mixin.py:190} INFO - [2025-01-07T11:58:48.948+0000] {dag.py:3239} INFO - Sync 1 DAGs
[2025-01-07T11:58:48.965+0000] {logging_mixin.py:190} INFO - [2025-01-07T11:58:48.964+0000] {dag.py:4180} INFO - Setting next_dagrun for example_task_group to None, run_after=None
[2025-01-07T11:58:48.988+0000] {processor.py:208} INFO - Processing /home/airflow/.local/lib/python3.12/site-packages/airflow/example_dags/example_task_group.py took 0.082 seconds
[2025-01-07T11:59:19.274+0000] {processor.py:186} INFO - Started process (PID=1502) to work on /home/airflow/.local/lib/python3.12/site-packages/airflow/example_dags/example_task_group.py
[2025-01-07T11:59:19.276+0000] {processor.py:914} INFO - Processing file /home/airflow/.local/lib/python3.12/site-packages/airflow/example_dags/example_task_group.py for tasks to queue
[2025-01-07T11:59:19.278+0000] {logging_mixin.py:190} INFO - [2025-01-07T11:59:19.277+0000] {dagbag.py:588} INFO - Filling up the DagBag from /home/airflow/.local/lib/python3.12/site-packages/airflow/example_dags/example_task_group.py
[2025-01-07T11:59:19.286+0000] {processor.py:925} INFO - DAG(s) 'example_task_group' retrieved from /home/airflow/.local/lib/python3.12/site-packages/airflow/example_dags/example_task_group.py
[2025-01-07T11:59:19.310+0000] {logging_mixin.py:190} INFO - [2025-01-07T11:59:19.310+0000] {dag.py:3239} INFO - Sync 1 DAGs
[2025-01-07T11:59:19.327+0000] {logging_mixin.py:190} INFO - [2025-01-07T11:59:19.327+0000] {dag.py:4180} INFO - Setting next_dagrun for example_task_group to None, run_after=None
[2025-01-07T11:59:19.352+0000] {processor.py:208} INFO - Processing /home/airflow/.local/lib/python3.12/site-packages/airflow/example_dags/example_task_group.py took 0.083 seconds
[2025-01-07T11:59:49.404+0000] {processor.py:186} INFO - Started process (PID=1563) to work on /home/airflow/.local/lib/python3.12/site-packages/airflow/example_dags/example_task_group.py
[2025-01-07T11:59:49.406+0000] {processor.py:914} INFO - Processing file /home/airflow/.local/lib/python3.12/site-packages/airflow/example_dags/example_task_group.py for tasks to queue
[2025-01-07T11:59:49.408+0000] {logging_mixin.py:190} INFO - [2025-01-07T11:59:49.408+0000] {dagbag.py:588} INFO - Filling up the DagBag from /home/airflow/.local/lib/python3.12/site-packages/airflow/example_dags/example_task_group.py
[2025-01-07T11:59:49.417+0000] {processor.py:925} INFO - DAG(s) 'example_task_group' retrieved from /home/airflow/.local/lib/python3.12/site-packages/airflow/example_dags/example_task_group.py
[2025-01-07T11:59:49.436+0000] {logging_mixin.py:190} INFO - [2025-01-07T11:59:49.436+0000] {dag.py:3239} INFO - Sync 1 DAGs
[2025-01-07T11:59:49.449+0000] {logging_mixin.py:190} INFO - [2025-01-07T11:59:49.449+0000] {dag.py:4180} INFO - Setting next_dagrun for example_task_group to None, run_after=None
[2025-01-07T11:59:49.468+0000] {processor.py:208} INFO - Processing /home/airflow/.local/lib/python3.12/site-packages/airflow/example_dags/example_task_group.py took 0.069 seconds
[2025-01-07T12:00:19.958+0000] {processor.py:186} INFO - Started process (PID=1626) to work on /home/airflow/.local/lib/python3.12/site-packages/airflow/example_dags/example_task_group.py
[2025-01-07T12:00:19.959+0000] {processor.py:914} INFO - Processing file /home/airflow/.local/lib/python3.12/site-packages/airflow/example_dags/example_task_group.py for tasks to queue
[2025-01-07T12:00:19.962+0000] {logging_mixin.py:190} INFO - [2025-01-07T12:00:19.961+0000] {dagbag.py:588} INFO - Filling up the DagBag from /home/airflow/.local/lib/python3.12/site-packages/airflow/example_dags/example_task_group.py
[2025-01-07T12:00:19.971+0000] {processor.py:925} INFO - DAG(s) 'example_task_group' retrieved from /home/airflow/.local/lib/python3.12/site-packages/airflow/example_dags/example_task_group.py
[2025-01-07T12:00:19.992+0000] {logging_mixin.py:190} INFO - [2025-01-07T12:00:19.992+0000] {dag.py:3239} INFO - Sync 1 DAGs
[2025-01-07T12:00:20.009+0000] {logging_mixin.py:190} INFO - [2025-01-07T12:00:20.009+0000] {dag.py:4180} INFO - Setting next_dagrun for example_task_group to None, run_after=None
[2025-01-07T12:00:20.029+0000] {processor.py:208} INFO - Processing /home/airflow/.local/lib/python3.12/site-packages/airflow/example_dags/example_task_group.py took 0.077 seconds
[2025-01-07T12:00:50.308+0000] {processor.py:186} INFO - Started process (PID=1689) to work on /home/airflow/.local/lib/python3.12/site-packages/airflow/example_dags/example_task_group.py
[2025-01-07T12:00:50.309+0000] {processor.py:914} INFO - Processing file /home/airflow/.local/lib/python3.12/site-packages/airflow/example_dags/example_task_group.py for tasks to queue
[2025-01-07T12:00:50.312+0000] {logging_mixin.py:190} INFO - [2025-01-07T12:00:50.312+0000] {dagbag.py:588} INFO - Filling up the DagBag from /home/airflow/.local/lib/python3.12/site-packages/airflow/example_dags/example_task_group.py
[2025-01-07T12:00:50.324+0000] {processor.py:925} INFO - DAG(s) 'example_task_group' retrieved from /home/airflow/.local/lib/python3.12/site-packages/airflow/example_dags/example_task_group.py
[2025-01-07T12:00:50.350+0000] {logging_mixin.py:190} INFO - [2025-01-07T12:00:50.350+0000] {dag.py:3239} INFO - Sync 1 DAGs
[2025-01-07T12:00:50.369+0000] {logging_mixin.py:190} INFO - [2025-01-07T12:00:50.368+0000] {dag.py:4180} INFO - Setting next_dagrun for example_task_group to None, run_after=None
[2025-01-07T12:00:50.391+0000] {processor.py:208} INFO - Processing /home/airflow/.local/lib/python3.12/site-packages/airflow/example_dags/example_task_group.py took 0.091 seconds
[2025-01-07T12:01:21.215+0000] {processor.py:186} INFO - Started process (PID=1752) to work on /home/airflow/.local/lib/python3.12/site-packages/airflow/example_dags/example_task_group.py
[2025-01-07T12:01:21.217+0000] {processor.py:914} INFO - Processing file /home/airflow/.local/lib/python3.12/site-packages/airflow/example_dags/example_task_group.py for tasks to queue
[2025-01-07T12:01:21.220+0000] {logging_mixin.py:190} INFO - [2025-01-07T12:01:21.219+0000] {dagbag.py:588} INFO - Filling up the DagBag from /home/airflow/.local/lib/python3.12/site-packages/airflow/example_dags/example_task_group.py
[2025-01-07T12:01:21.228+0000] {processor.py:925} INFO - DAG(s) 'example_task_group' retrieved from /home/airflow/.local/lib/python3.12/site-packages/airflow/example_dags/example_task_group.py
[2025-01-07T12:01:21.253+0000] {logging_mixin.py:190} INFO - [2025-01-07T12:01:21.253+0000] {dag.py:3239} INFO - Sync 1 DAGs
[2025-01-07T12:01:21.270+0000] {logging_mixin.py:190} INFO - [2025-01-07T12:01:21.269+0000] {dag.py:4180} INFO - Setting next_dagrun for example_task_group to None, run_after=None
[2025-01-07T12:01:21.291+0000] {processor.py:208} INFO - Processing /home/airflow/.local/lib/python3.12/site-packages/airflow/example_dags/example_task_group.py took 0.084 seconds
[2025-01-07T12:01:51.433+0000] {processor.py:186} INFO - Started process (PID=1815) to work on /home/airflow/.local/lib/python3.12/site-packages/airflow/example_dags/example_task_group.py
[2025-01-07T12:01:51.434+0000] {processor.py:914} INFO - Processing file /home/airflow/.local/lib/python3.12/site-packages/airflow/example_dags/example_task_group.py for tasks to queue
[2025-01-07T12:01:51.436+0000] {logging_mixin.py:190} INFO - [2025-01-07T12:01:51.436+0000] {dagbag.py:588} INFO - Filling up the DagBag from /home/airflow/.local/lib/python3.12/site-packages/airflow/example_dags/example_task_group.py
[2025-01-07T12:01:51.444+0000] {processor.py:925} INFO - DAG(s) 'example_task_group' retrieved from /home/airflow/.local/lib/python3.12/site-packages/airflow/example_dags/example_task_group.py
[2025-01-07T12:01:51.463+0000] {logging_mixin.py:190} INFO - [2025-01-07T12:01:51.462+0000] {dag.py:3239} INFO - Sync 1 DAGs
[2025-01-07T12:01:51.476+0000] {logging_mixin.py:190} INFO - [2025-01-07T12:01:51.476+0000] {dag.py:4180} INFO - Setting next_dagrun for example_task_group to None, run_after=None
[2025-01-07T12:01:51.496+0000] {processor.py:208} INFO - Processing /home/airflow/.local/lib/python3.12/site-packages/airflow/example_dags/example_task_group.py took 0.069 seconds
[2025-01-07T12:02:21.980+0000] {processor.py:186} INFO - Started process (PID=1878) to work on /home/airflow/.local/lib/python3.12/site-packages/airflow/example_dags/example_task_group.py
[2025-01-07T12:02:21.982+0000] {processor.py:914} INFO - Processing file /home/airflow/.local/lib/python3.12/site-packages/airflow/example_dags/example_task_group.py for tasks to queue
[2025-01-07T12:02:21.985+0000] {logging_mixin.py:190} INFO - [2025-01-07T12:02:21.984+0000] {dagbag.py:588} INFO - Filling up the DagBag from /home/airflow/.local/lib/python3.12/site-packages/airflow/example_dags/example_task_group.py
[2025-01-07T12:02:21.997+0000] {processor.py:925} INFO - DAG(s) 'example_task_group' retrieved from /home/airflow/.local/lib/python3.12/site-packages/airflow/example_dags/example_task_group.py
[2025-01-07T12:02:22.022+0000] {logging_mixin.py:190} INFO - [2025-01-07T12:02:22.022+0000] {dag.py:3239} INFO - Sync 1 DAGs
[2025-01-07T12:02:22.038+0000] {logging_mixin.py:190} INFO - [2025-01-07T12:02:22.038+0000] {dag.py:4180} INFO - Setting next_dagrun for example_task_group to None, run_after=None
[2025-01-07T12:02:22.083+0000] {processor.py:208} INFO - Processing /home/airflow/.local/lib/python3.12/site-packages/airflow/example_dags/example_task_group.py took 0.111 seconds
[2025-01-07T12:02:52.689+0000] {processor.py:186} INFO - Started process (PID=1941) to work on /home/airflow/.local/lib/python3.12/site-packages/airflow/example_dags/example_task_group.py
[2025-01-07T12:02:52.690+0000] {processor.py:914} INFO - Processing file /home/airflow/.local/lib/python3.12/site-packages/airflow/example_dags/example_task_group.py for tasks to queue
[2025-01-07T12:02:52.693+0000] {logging_mixin.py:190} INFO - [2025-01-07T12:02:52.693+0000] {dagbag.py:588} INFO - Filling up the DagBag from /home/airflow/.local/lib/python3.12/site-packages/airflow/example_dags/example_task_group.py
[2025-01-07T12:02:52.701+0000] {processor.py:925} INFO - DAG(s) 'example_task_group' retrieved from /home/airflow/.local/lib/python3.12/site-packages/airflow/example_dags/example_task_group.py
[2025-01-07T12:02:52.720+0000] {logging_mixin.py:190} INFO - [2025-01-07T12:02:52.720+0000] {dag.py:3239} INFO - Sync 1 DAGs
[2025-01-07T12:02:52.734+0000] {logging_mixin.py:190} INFO - [2025-01-07T12:02:52.734+0000] {dag.py:4180} INFO - Setting next_dagrun for example_task_group to None, run_after=None
[2025-01-07T12:02:52.753+0000] {processor.py:208} INFO - Processing /home/airflow/.local/lib/python3.12/site-packages/airflow/example_dags/example_task_group.py took 0.070 seconds
[2025-01-07T12:03:22.955+0000] {processor.py:186} INFO - Started process (PID=2004) to work on /home/airflow/.local/lib/python3.12/site-packages/airflow/example_dags/example_task_group.py
[2025-01-07T12:03:22.957+0000] {processor.py:914} INFO - Processing file /home/airflow/.local/lib/python3.12/site-packages/airflow/example_dags/example_task_group.py for tasks to queue
[2025-01-07T12:03:22.960+0000] {logging_mixin.py:190} INFO - [2025-01-07T12:03:22.960+0000] {dagbag.py:588} INFO - Filling up the DagBag from /home/airflow/.local/lib/python3.12/site-packages/airflow/example_dags/example_task_group.py
[2025-01-07T12:03:22.978+0000] {processor.py:925} INFO - DAG(s) 'example_task_group' retrieved from /home/airflow/.local/lib/python3.12/site-packages/airflow/example_dags/example_task_group.py
[2025-01-07T12:03:23.018+0000] {logging_mixin.py:190} INFO - [2025-01-07T12:03:23.017+0000] {dag.py:3239} INFO - Sync 1 DAGs
[2025-01-07T12:03:23.045+0000] {logging_mixin.py:190} INFO - [2025-01-07T12:03:23.045+0000] {dag.py:4180} INFO - Setting next_dagrun for example_task_group to None, run_after=None
[2025-01-07T12:03:23.088+0000] {processor.py:208} INFO - Processing /home/airflow/.local/lib/python3.12/site-packages/airflow/example_dags/example_task_group.py took 0.152 seconds
[2025-01-07T12:03:53.379+0000] {processor.py:186} INFO - Started process (PID=2067) to work on /home/airflow/.local/lib/python3.12/site-packages/airflow/example_dags/example_task_group.py
[2025-01-07T12:03:53.380+0000] {processor.py:914} INFO - Processing file /home/airflow/.local/lib/python3.12/site-packages/airflow/example_dags/example_task_group.py for tasks to queue
[2025-01-07T12:03:53.383+0000] {logging_mixin.py:190} INFO - [2025-01-07T12:03:53.382+0000] {dagbag.py:588} INFO - Filling up the DagBag from /home/airflow/.local/lib/python3.12/site-packages/airflow/example_dags/example_task_group.py
[2025-01-07T12:03:53.392+0000] {processor.py:925} INFO - DAG(s) 'example_task_group' retrieved from /home/airflow/.local/lib/python3.12/site-packages/airflow/example_dags/example_task_group.py
[2025-01-07T12:03:53.420+0000] {logging_mixin.py:190} INFO - [2025-01-07T12:03:53.420+0000] {dag.py:3239} INFO - Sync 1 DAGs
[2025-01-07T12:03:53.442+0000] {logging_mixin.py:190} INFO - [2025-01-07T12:03:53.441+0000] {dag.py:4180} INFO - Setting next_dagrun for example_task_group to None, run_after=None
[2025-01-07T12:03:53.466+0000] {processor.py:208} INFO - Processing /home/airflow/.local/lib/python3.12/site-packages/airflow/example_dags/example_task_group.py took 0.095 seconds
[2025-01-07T12:04:23.586+0000] {processor.py:186} INFO - Started process (PID=2130) to work on /home/airflow/.local/lib/python3.12/site-packages/airflow/example_dags/example_task_group.py
[2025-01-07T12:04:23.588+0000] {processor.py:914} INFO - Processing file /home/airflow/.local/lib/python3.12/site-packages/airflow/example_dags/example_task_group.py for tasks to queue
[2025-01-07T12:04:23.591+0000] {logging_mixin.py:190} INFO - [2025-01-07T12:04:23.590+0000] {dagbag.py:588} INFO - Filling up the DagBag from /home/airflow/.local/lib/python3.12/site-packages/airflow/example_dags/example_task_group.py
[2025-01-07T12:04:23.598+0000] {processor.py:925} INFO - DAG(s) 'example_task_group' retrieved from /home/airflow/.local/lib/python3.12/site-packages/airflow/example_dags/example_task_group.py
[2025-01-07T12:04:23.625+0000] {logging_mixin.py:190} INFO - [2025-01-07T12:04:23.625+0000] {dag.py:3239} INFO - Sync 1 DAGs
[2025-01-07T12:04:23.640+0000] {logging_mixin.py:190} INFO - [2025-01-07T12:04:23.639+0000] {dag.py:4180} INFO - Setting next_dagrun for example_task_group to None, run_after=None
[2025-01-07T12:04:23.663+0000] {processor.py:208} INFO - Processing /home/airflow/.local/lib/python3.12/site-packages/airflow/example_dags/example_task_group.py took 0.082 seconds
[2025-01-07T12:04:53.940+0000] {processor.py:186} INFO - Started process (PID=2193) to work on /home/airflow/.local/lib/python3.12/site-packages/airflow/example_dags/example_task_group.py
[2025-01-07T12:04:53.941+0000] {processor.py:914} INFO - Processing file /home/airflow/.local/lib/python3.12/site-packages/airflow/example_dags/example_task_group.py for tasks to queue
[2025-01-07T12:04:53.945+0000] {logging_mixin.py:190} INFO - [2025-01-07T12:04:53.945+0000] {dagbag.py:588} INFO - Filling up the DagBag from /home/airflow/.local/lib/python3.12/site-packages/airflow/example_dags/example_task_group.py
[2025-01-07T12:04:53.957+0000] {processor.py:925} INFO - DAG(s) 'example_task_group' retrieved from /home/airflow/.local/lib/python3.12/site-packages/airflow/example_dags/example_task_group.py
[2025-01-07T12:04:53.980+0000] {logging_mixin.py:190} INFO - [2025-01-07T12:04:53.980+0000] {dag.py:3239} INFO - Sync 1 DAGs
[2025-01-07T12:04:53.995+0000] {logging_mixin.py:190} INFO - [2025-01-07T12:04:53.994+0000] {dag.py:4180} INFO - Setting next_dagrun for example_task_group to None, run_after=None
[2025-01-07T12:04:54.014+0000] {processor.py:208} INFO - Processing /home/airflow/.local/lib/python3.12/site-packages/airflow/example_dags/example_task_group.py took 0.079 seconds
[2025-01-07T12:05:24.644+0000] {processor.py:186} INFO - Started process (PID=2256) to work on /home/airflow/.local/lib/python3.12/site-packages/airflow/example_dags/example_task_group.py
[2025-01-07T12:05:24.645+0000] {processor.py:914} INFO - Processing file /home/airflow/.local/lib/python3.12/site-packages/airflow/example_dags/example_task_group.py for tasks to queue
[2025-01-07T12:05:24.648+0000] {logging_mixin.py:190} INFO - [2025-01-07T12:05:24.648+0000] {dagbag.py:588} INFO - Filling up the DagBag from /home/airflow/.local/lib/python3.12/site-packages/airflow/example_dags/example_task_group.py
[2025-01-07T12:05:24.663+0000] {processor.py:925} INFO - DAG(s) 'example_task_group' retrieved from /home/airflow/.local/lib/python3.12/site-packages/airflow/example_dags/example_task_group.py
[2025-01-07T12:05:24.689+0000] {logging_mixin.py:190} INFO - [2025-01-07T12:05:24.689+0000] {dag.py:3239} INFO - Sync 1 DAGs
[2025-01-07T12:05:24.705+0000] {logging_mixin.py:190} INFO - [2025-01-07T12:05:24.704+0000] {dag.py:4180} INFO - Setting next_dagrun for example_task_group to None, run_after=None
[2025-01-07T12:05:24.722+0000] {processor.py:208} INFO - Processing /home/airflow/.local/lib/python3.12/site-packages/airflow/example_dags/example_task_group.py took 0.084 seconds
[2025-01-07T12:05:55.011+0000] {processor.py:186} INFO - Started process (PID=2298) to work on /home/airflow/.local/lib/python3.12/site-packages/airflow/example_dags/example_task_group.py
[2025-01-07T12:05:55.012+0000] {processor.py:914} INFO - Processing file /home/airflow/.local/lib/python3.12/site-packages/airflow/example_dags/example_task_group.py for tasks to queue
[2025-01-07T12:05:55.015+0000] {logging_mixin.py:190} INFO - [2025-01-07T12:05:55.014+0000] {dagbag.py:588} INFO - Filling up the DagBag from /home/airflow/.local/lib/python3.12/site-packages/airflow/example_dags/example_task_group.py
[2025-01-07T12:05:55.026+0000] {processor.py:925} INFO - DAG(s) 'example_task_group' retrieved from /home/airflow/.local/lib/python3.12/site-packages/airflow/example_dags/example_task_group.py
[2025-01-07T12:05:55.059+0000] {logging_mixin.py:190} INFO - [2025-01-07T12:05:55.059+0000] {dag.py:3239} INFO - Sync 1 DAGs
[2025-01-07T12:05:55.085+0000] {logging_mixin.py:190} INFO - [2025-01-07T12:05:55.085+0000] {dag.py:4180} INFO - Setting next_dagrun for example_task_group to None, run_after=None
[2025-01-07T12:05:55.115+0000] {processor.py:208} INFO - Processing /home/airflow/.local/lib/python3.12/site-packages/airflow/example_dags/example_task_group.py took 0.113 seconds
[2025-01-07T12:06:25.868+0000] {processor.py:186} INFO - Started process (PID=2359) to work on /home/airflow/.local/lib/python3.12/site-packages/airflow/example_dags/example_task_group.py
[2025-01-07T12:06:25.869+0000] {processor.py:914} INFO - Processing file /home/airflow/.local/lib/python3.12/site-packages/airflow/example_dags/example_task_group.py for tasks to queue
[2025-01-07T12:06:25.872+0000] {logging_mixin.py:190} INFO - [2025-01-07T12:06:25.871+0000] {dagbag.py:588} INFO - Filling up the DagBag from /home/airflow/.local/lib/python3.12/site-packages/airflow/example_dags/example_task_group.py
[2025-01-07T12:06:25.882+0000] {processor.py:925} INFO - DAG(s) 'example_task_group' retrieved from /home/airflow/.local/lib/python3.12/site-packages/airflow/example_dags/example_task_group.py
[2025-01-07T12:06:25.906+0000] {logging_mixin.py:190} INFO - [2025-01-07T12:06:25.905+0000] {dag.py:3239} INFO - Sync 1 DAGs
[2025-01-07T12:06:25.920+0000] {logging_mixin.py:190} INFO - [2025-01-07T12:06:25.920+0000] {dag.py:4180} INFO - Setting next_dagrun for example_task_group to None, run_after=None
[2025-01-07T12:06:25.939+0000] {processor.py:208} INFO - Processing /home/airflow/.local/lib/python3.12/site-packages/airflow/example_dags/example_task_group.py took 0.078 seconds
[2025-01-07T12:06:56.345+0000] {processor.py:186} INFO - Started process (PID=2417) to work on /home/airflow/.local/lib/python3.12/site-packages/airflow/example_dags/example_task_group.py
[2025-01-07T12:06:56.346+0000] {processor.py:914} INFO - Processing file /home/airflow/.local/lib/python3.12/site-packages/airflow/example_dags/example_task_group.py for tasks to queue
[2025-01-07T12:06:56.350+0000] {logging_mixin.py:190} INFO - [2025-01-07T12:06:56.350+0000] {dagbag.py:588} INFO - Filling up the DagBag from /home/airflow/.local/lib/python3.12/site-packages/airflow/example_dags/example_task_group.py
[2025-01-07T12:06:56.363+0000] {processor.py:925} INFO - DAG(s) 'example_task_group' retrieved from /home/airflow/.local/lib/python3.12/site-packages/airflow/example_dags/example_task_group.py
[2025-01-07T12:06:56.398+0000] {logging_mixin.py:190} INFO - [2025-01-07T12:06:56.398+0000] {dag.py:3239} INFO - Sync 1 DAGs
[2025-01-07T12:06:56.423+0000] {logging_mixin.py:190} INFO - [2025-01-07T12:06:56.423+0000] {dag.py:4180} INFO - Setting next_dagrun for example_task_group to None, run_after=None
[2025-01-07T12:06:56.446+0000] {processor.py:208} INFO - Processing /home/airflow/.local/lib/python3.12/site-packages/airflow/example_dags/example_task_group.py took 0.110 seconds
[2025-01-07T12:07:26.849+0000] {processor.py:186} INFO - Started process (PID=2478) to work on /home/airflow/.local/lib/python3.12/site-packages/airflow/example_dags/example_task_group.py
[2025-01-07T12:07:26.851+0000] {processor.py:914} INFO - Processing file /home/airflow/.local/lib/python3.12/site-packages/airflow/example_dags/example_task_group.py for tasks to queue
[2025-01-07T12:07:26.854+0000] {logging_mixin.py:190} INFO - [2025-01-07T12:07:26.854+0000] {dagbag.py:588} INFO - Filling up the DagBag from /home/airflow/.local/lib/python3.12/site-packages/airflow/example_dags/example_task_group.py
[2025-01-07T12:07:26.867+0000] {processor.py:925} INFO - DAG(s) 'example_task_group' retrieved from /home/airflow/.local/lib/python3.12/site-packages/airflow/example_dags/example_task_group.py
[2025-01-07T12:07:26.893+0000] {logging_mixin.py:190} INFO - [2025-01-07T12:07:26.893+0000] {dag.py:3239} INFO - Sync 1 DAGs
[2025-01-07T12:07:26.913+0000] {logging_mixin.py:190} INFO - [2025-01-07T12:07:26.912+0000] {dag.py:4180} INFO - Setting next_dagrun for example_task_group to None, run_after=None
[2025-01-07T12:07:26.935+0000] {processor.py:208} INFO - Processing /home/airflow/.local/lib/python3.12/site-packages/airflow/example_dags/example_task_group.py took 0.092 seconds
[2025-01-07T12:07:57.080+0000] {processor.py:186} INFO - Started process (PID=2540) to work on /home/airflow/.local/lib/python3.12/site-packages/airflow/example_dags/example_task_group.py
[2025-01-07T12:07:57.082+0000] {processor.py:914} INFO - Processing file /home/airflow/.local/lib/python3.12/site-packages/airflow/example_dags/example_task_group.py for tasks to queue
[2025-01-07T12:07:57.085+0000] {logging_mixin.py:190} INFO - [2025-01-07T12:07:57.084+0000] {dagbag.py:588} INFO - Filling up the DagBag from /home/airflow/.local/lib/python3.12/site-packages/airflow/example_dags/example_task_group.py
[2025-01-07T12:07:57.093+0000] {processor.py:925} INFO - DAG(s) 'example_task_group' retrieved from /home/airflow/.local/lib/python3.12/site-packages/airflow/example_dags/example_task_group.py
[2025-01-07T12:07:57.115+0000] {logging_mixin.py:190} INFO - [2025-01-07T12:07:57.115+0000] {dag.py:3239} INFO - Sync 1 DAGs
[2025-01-07T12:07:57.129+0000] {logging_mixin.py:190} INFO - [2025-01-07T12:07:57.129+0000] {dag.py:4180} INFO - Setting next_dagrun for example_task_group to None, run_after=None
[2025-01-07T12:07:57.147+0000] {processor.py:208} INFO - Processing /home/airflow/.local/lib/python3.12/site-packages/airflow/example_dags/example_task_group.py took 0.072 seconds
[2025-01-07T12:08:27.943+0000] {processor.py:186} INFO - Started process (PID=2604) to work on /home/airflow/.local/lib/python3.12/site-packages/airflow/example_dags/example_task_group.py
[2025-01-07T12:08:27.944+0000] {processor.py:914} INFO - Processing file /home/airflow/.local/lib/python3.12/site-packages/airflow/example_dags/example_task_group.py for tasks to queue
[2025-01-07T12:08:27.947+0000] {logging_mixin.py:190} INFO - [2025-01-07T12:08:27.947+0000] {dagbag.py:588} INFO - Filling up the DagBag from /home/airflow/.local/lib/python3.12/site-packages/airflow/example_dags/example_task_group.py
[2025-01-07T12:08:27.957+0000] {processor.py:925} INFO - DAG(s) 'example_task_group' retrieved from /home/airflow/.local/lib/python3.12/site-packages/airflow/example_dags/example_task_group.py
[2025-01-07T12:08:27.981+0000] {logging_mixin.py:190} INFO - [2025-01-07T12:08:27.981+0000] {dag.py:3239} INFO - Sync 1 DAGs
[2025-01-07T12:08:27.996+0000] {logging_mixin.py:190} INFO - [2025-01-07T12:08:27.996+0000] {dag.py:4180} INFO - Setting next_dagrun for example_task_group to None, run_after=None
[2025-01-07T12:08:28.019+0000] {processor.py:208} INFO - Processing /home/airflow/.local/lib/python3.12/site-packages/airflow/example_dags/example_task_group.py took 0.082 seconds
[2025-01-07T12:08:58.450+0000] {processor.py:186} INFO - Started process (PID=2667) to work on /home/airflow/.local/lib/python3.12/site-packages/airflow/example_dags/example_task_group.py
[2025-01-07T12:08:58.451+0000] {processor.py:914} INFO - Processing file /home/airflow/.local/lib/python3.12/site-packages/airflow/example_dags/example_task_group.py for tasks to queue
[2025-01-07T12:08:58.454+0000] {logging_mixin.py:190} INFO - [2025-01-07T12:08:58.454+0000] {dagbag.py:588} INFO - Filling up the DagBag from /home/airflow/.local/lib/python3.12/site-packages/airflow/example_dags/example_task_group.py
[2025-01-07T12:08:58.463+0000] {processor.py:925} INFO - DAG(s) 'example_task_group' retrieved from /home/airflow/.local/lib/python3.12/site-packages/airflow/example_dags/example_task_group.py
[2025-01-07T12:08:58.489+0000] {logging_mixin.py:190} INFO - [2025-01-07T12:08:58.489+0000] {dag.py:3239} INFO - Sync 1 DAGs
[2025-01-07T12:08:58.509+0000] {logging_mixin.py:190} INFO - [2025-01-07T12:08:58.509+0000] {dag.py:4180} INFO - Setting next_dagrun for example_task_group to None, run_after=None
[2025-01-07T12:08:58.533+0000] {processor.py:208} INFO - Processing /home/airflow/.local/lib/python3.12/site-packages/airflow/example_dags/example_task_group.py took 0.092 seconds
[2025-01-07T12:09:28.944+0000] {processor.py:186} INFO - Started process (PID=2730) to work on /home/airflow/.local/lib/python3.12/site-packages/airflow/example_dags/example_task_group.py
[2025-01-07T12:09:28.946+0000] {processor.py:914} INFO - Processing file /home/airflow/.local/lib/python3.12/site-packages/airflow/example_dags/example_task_group.py for tasks to queue
[2025-01-07T12:09:28.951+0000] {logging_mixin.py:190} INFO - [2025-01-07T12:09:28.951+0000] {dagbag.py:588} INFO - Filling up the DagBag from /home/airflow/.local/lib/python3.12/site-packages/airflow/example_dags/example_task_group.py
[2025-01-07T12:09:28.964+0000] {processor.py:925} INFO - DAG(s) 'example_task_group' retrieved from /home/airflow/.local/lib/python3.12/site-packages/airflow/example_dags/example_task_group.py
[2025-01-07T12:09:28.999+0000] {logging_mixin.py:190} INFO - [2025-01-07T12:09:28.999+0000] {dag.py:3239} INFO - Sync 1 DAGs
[2025-01-07T12:09:29.022+0000] {logging_mixin.py:190} INFO - [2025-01-07T12:09:29.022+0000] {dag.py:4180} INFO - Setting next_dagrun for example_task_group to None, run_after=None
[2025-01-07T12:09:29.049+0000] {processor.py:208} INFO - Processing /home/airflow/.local/lib/python3.12/site-packages/airflow/example_dags/example_task_group.py took 0.113 seconds
[2025-01-07T12:09:59.499+0000] {processor.py:186} INFO - Started process (PID=2793) to work on /home/airflow/.local/lib/python3.12/site-packages/airflow/example_dags/example_task_group.py
[2025-01-07T12:09:59.501+0000] {processor.py:914} INFO - Processing file /home/airflow/.local/lib/python3.12/site-packages/airflow/example_dags/example_task_group.py for tasks to queue
[2025-01-07T12:09:59.505+0000] {logging_mixin.py:190} INFO - [2025-01-07T12:09:59.505+0000] {dagbag.py:588} INFO - Filling up the DagBag from /home/airflow/.local/lib/python3.12/site-packages/airflow/example_dags/example_task_group.py
[2025-01-07T12:09:59.515+0000] {processor.py:925} INFO - DAG(s) 'example_task_group' retrieved from /home/airflow/.local/lib/python3.12/site-packages/airflow/example_dags/example_task_group.py
[2025-01-07T12:09:59.541+0000] {logging_mixin.py:190} INFO - [2025-01-07T12:09:59.541+0000] {dag.py:3239} INFO - Sync 1 DAGs
[2025-01-07T12:09:59.558+0000] {logging_mixin.py:190} INFO - [2025-01-07T12:09:59.558+0000] {dag.py:4180} INFO - Setting next_dagrun for example_task_group to None, run_after=None
[2025-01-07T12:09:59.585+0000] {processor.py:208} INFO - Processing /home/airflow/.local/lib/python3.12/site-packages/airflow/example_dags/example_task_group.py took 0.095 seconds
[2025-01-07T12:10:29.772+0000] {processor.py:186} INFO - Started process (PID=2856) to work on /home/airflow/.local/lib/python3.12/site-packages/airflow/example_dags/example_task_group.py
[2025-01-07T12:10:29.774+0000] {processor.py:914} INFO - Processing file /home/airflow/.local/lib/python3.12/site-packages/airflow/example_dags/example_task_group.py for tasks to queue
[2025-01-07T12:10:29.779+0000] {logging_mixin.py:190} INFO - [2025-01-07T12:10:29.779+0000] {dagbag.py:588} INFO - Filling up the DagBag from /home/airflow/.local/lib/python3.12/site-packages/airflow/example_dags/example_task_group.py
[2025-01-07T12:10:29.792+0000] {processor.py:925} INFO - DAG(s) 'example_task_group' retrieved from /home/airflow/.local/lib/python3.12/site-packages/airflow/example_dags/example_task_group.py
[2025-01-07T12:10:29.824+0000] {logging_mixin.py:190} INFO - [2025-01-07T12:10:29.823+0000] {dag.py:3239} INFO - Sync 1 DAGs
[2025-01-07T12:10:29.844+0000] {logging_mixin.py:190} INFO - [2025-01-07T12:10:29.843+0000] {dag.py:4180} INFO - Setting next_dagrun for example_task_group to None, run_after=None
[2025-01-07T12:10:29.876+0000] {processor.py:208} INFO - Processing /home/airflow/.local/lib/python3.12/site-packages/airflow/example_dags/example_task_group.py took 0.113 seconds
[2025-01-07T12:11:00.279+0000] {processor.py:186} INFO - Started process (PID=2918) to work on /home/airflow/.local/lib/python3.12/site-packages/airflow/example_dags/example_task_group.py
[2025-01-07T12:11:00.281+0000] {processor.py:914} INFO - Processing file /home/airflow/.local/lib/python3.12/site-packages/airflow/example_dags/example_task_group.py for tasks to queue
[2025-01-07T12:11:00.286+0000] {logging_mixin.py:190} INFO - [2025-01-07T12:11:00.285+0000] {dagbag.py:588} INFO - Filling up the DagBag from /home/airflow/.local/lib/python3.12/site-packages/airflow/example_dags/example_task_group.py
[2025-01-07T12:11:00.300+0000] {processor.py:925} INFO - DAG(s) 'example_task_group' retrieved from /home/airflow/.local/lib/python3.12/site-packages/airflow/example_dags/example_task_group.py
[2025-01-07T12:11:00.337+0000] {logging_mixin.py:190} INFO - [2025-01-07T12:11:00.337+0000] {dag.py:3239} INFO - Sync 1 DAGs
[2025-01-07T12:11:00.368+0000] {logging_mixin.py:190} INFO - [2025-01-07T12:11:00.367+0000] {dag.py:4180} INFO - Setting next_dagrun for example_task_group to None, run_after=None
[2025-01-07T12:11:00.399+0000] {processor.py:208} INFO - Processing /home/airflow/.local/lib/python3.12/site-packages/airflow/example_dags/example_task_group.py took 0.128 seconds
[2025-01-07T12:11:31.070+0000] {processor.py:186} INFO - Started process (PID=2981) to work on /home/airflow/.local/lib/python3.12/site-packages/airflow/example_dags/example_task_group.py
[2025-01-07T12:11:31.071+0000] {processor.py:914} INFO - Processing file /home/airflow/.local/lib/python3.12/site-packages/airflow/example_dags/example_task_group.py for tasks to queue
[2025-01-07T12:11:31.074+0000] {logging_mixin.py:190} INFO - [2025-01-07T12:11:31.074+0000] {dagbag.py:588} INFO - Filling up the DagBag from /home/airflow/.local/lib/python3.12/site-packages/airflow/example_dags/example_task_group.py
[2025-01-07T12:11:31.085+0000] {processor.py:925} INFO - DAG(s) 'example_task_group' retrieved from /home/airflow/.local/lib/python3.12/site-packages/airflow/example_dags/example_task_group.py
[2025-01-07T12:11:31.109+0000] {logging_mixin.py:190} INFO - [2025-01-07T12:11:31.109+0000] {dag.py:3239} INFO - Sync 1 DAGs
[2025-01-07T12:11:31.127+0000] {logging_mixin.py:190} INFO - [2025-01-07T12:11:31.127+0000] {dag.py:4180} INFO - Setting next_dagrun for example_task_group to None, run_after=None
[2025-01-07T12:11:31.147+0000] {processor.py:208} INFO - Processing /home/airflow/.local/lib/python3.12/site-packages/airflow/example_dags/example_task_group.py took 0.083 seconds
[2025-01-07T12:12:01.877+0000] {processor.py:186} INFO - Started process (PID=3044) to work on /home/airflow/.local/lib/python3.12/site-packages/airflow/example_dags/example_task_group.py
[2025-01-07T12:12:01.878+0000] {processor.py:914} INFO - Processing file /home/airflow/.local/lib/python3.12/site-packages/airflow/example_dags/example_task_group.py for tasks to queue
[2025-01-07T12:12:01.882+0000] {logging_mixin.py:190} INFO - [2025-01-07T12:12:01.881+0000] {dagbag.py:588} INFO - Filling up the DagBag from /home/airflow/.local/lib/python3.12/site-packages/airflow/example_dags/example_task_group.py
[2025-01-07T12:12:01.890+0000] {processor.py:925} INFO - DAG(s) 'example_task_group' retrieved from /home/airflow/.local/lib/python3.12/site-packages/airflow/example_dags/example_task_group.py
[2025-01-07T12:12:01.916+0000] {logging_mixin.py:190} INFO - [2025-01-07T12:12:01.916+0000] {dag.py:3239} INFO - Sync 1 DAGs
[2025-01-07T12:12:01.932+0000] {logging_mixin.py:190} INFO - [2025-01-07T12:12:01.931+0000] {dag.py:4180} INFO - Setting next_dagrun for example_task_group to None, run_after=None
[2025-01-07T12:12:01.954+0000] {processor.py:208} INFO - Processing /home/airflow/.local/lib/python3.12/site-packages/airflow/example_dags/example_task_group.py took 0.084 seconds
[2025-01-07T12:12:32.660+0000] {processor.py:186} INFO - Started process (PID=3107) to work on /home/airflow/.local/lib/python3.12/site-packages/airflow/example_dags/example_task_group.py
[2025-01-07T12:12:32.662+0000] {processor.py:914} INFO - Processing file /home/airflow/.local/lib/python3.12/site-packages/airflow/example_dags/example_task_group.py for tasks to queue
[2025-01-07T12:12:32.668+0000] {logging_mixin.py:190} INFO - [2025-01-07T12:12:32.667+0000] {dagbag.py:588} INFO - Filling up the DagBag from /home/airflow/.local/lib/python3.12/site-packages/airflow/example_dags/example_task_group.py
[2025-01-07T12:12:32.686+0000] {processor.py:925} INFO - DAG(s) 'example_task_group' retrieved from /home/airflow/.local/lib/python3.12/site-packages/airflow/example_dags/example_task_group.py
[2025-01-07T12:12:32.732+0000] {logging_mixin.py:190} INFO - [2025-01-07T12:12:32.731+0000] {dag.py:3239} INFO - Sync 1 DAGs
[2025-01-07T12:12:32.762+0000] {logging_mixin.py:190} INFO - [2025-01-07T12:12:32.761+0000] {dag.py:4180} INFO - Setting next_dagrun for example_task_group to None, run_after=None
[2025-01-07T12:12:33.194+0000] {processor.py:208} INFO - Processing /home/airflow/.local/lib/python3.12/site-packages/airflow/example_dags/example_task_group.py took 0.552 seconds
[2025-01-07T12:43:06.229+0000] {processor.py:186} INFO - Started process (PID=3169) to work on /home/airflow/.local/lib/python3.12/site-packages/airflow/example_dags/example_task_group.py
[2025-01-07T12:43:06.287+0000] {processor.py:914} INFO - Processing file /home/airflow/.local/lib/python3.12/site-packages/airflow/example_dags/example_task_group.py for tasks to queue
[2025-01-07T12:43:06.292+0000] {logging_mixin.py:190} INFO - [2025-01-07T12:43:06.291+0000] {dagbag.py:588} INFO - Filling up the DagBag from /home/airflow/.local/lib/python3.12/site-packages/airflow/example_dags/example_task_group.py
[2025-01-07T12:43:06.325+0000] {processor.py:925} INFO - DAG(s) 'example_task_group' retrieved from /home/airflow/.local/lib/python3.12/site-packages/airflow/example_dags/example_task_group.py
[2025-01-07T12:43:06.986+0000] {logging_mixin.py:190} INFO - [2025-01-07T12:43:06.986+0000] {dag.py:3239} INFO - Sync 1 DAGs
[2025-01-07T12:43:07.263+0000] {logging_mixin.py:190} INFO - [2025-01-07T12:43:07.259+0000] {dag.py:4180} INFO - Setting next_dagrun for example_task_group to None, run_after=None
[2025-01-07T12:43:08.266+0000] {processor.py:208} INFO - Processing /home/airflow/.local/lib/python3.12/site-packages/airflow/example_dags/example_task_group.py took 2.208 seconds
