[2025-01-07T11:47:23.484+0000] {processor.py:186} INFO - Started process (PID=52) to work on /home/airflow/.local/lib/python3.12/site-packages/airflow/example_dags/example_bash_operator.py
[2025-01-07T11:47:23.485+0000] {processor.py:914} INFO - Processing file /home/airflow/.local/lib/python3.12/site-packages/airflow/example_dags/example_bash_operator.py for tasks to queue
[2025-01-07T11:47:23.488+0000] {logging_mixin.py:190} INFO - [2025-01-07T11:47:23.488+0000] {dagbag.py:588} INFO - Filling up the DagBag from /home/airflow/.local/lib/python3.12/site-packages/airflow/example_dags/example_bash_operator.py
[2025-01-07T11:47:23.515+0000] {processor.py:925} INFO - DAG(s) 'example_bash_operator' retrieved from /home/airflow/.local/lib/python3.12/site-packages/airflow/example_dags/example_bash_operator.py
[2025-01-07T11:47:23.694+0000] {logging_mixin.py:190} INFO - [2025-01-07T11:47:23.693+0000] {override.py:1911} INFO - Created Permission View: can read on DAG:example_bash_operator
[2025-01-07T11:47:23.710+0000] {logging_mixin.py:190} INFO - [2025-01-07T11:47:23.709+0000] {override.py:1911} INFO - Created Permission View: can delete on DAG:example_bash_operator
[2025-01-07T11:47:23.718+0000] {logging_mixin.py:190} INFO - [2025-01-07T11:47:23.717+0000] {override.py:1911} INFO - Created Permission View: can edit on DAG:example_bash_operator
[2025-01-07T11:47:23.730+0000] {logging_mixin.py:190} INFO - [2025-01-07T11:47:23.729+0000] {override.py:1911} INFO - Created Permission View: menu access on DAG Run:example_bash_operator
[2025-01-07T11:47:23.740+0000] {logging_mixin.py:190} INFO - [2025-01-07T11:47:23.739+0000] {override.py:1911} INFO - Created Permission View: can read on DAG Run:example_bash_operator
[2025-01-07T11:47:23.751+0000] {logging_mixin.py:190} INFO - [2025-01-07T11:47:23.751+0000] {override.py:1911} INFO - Created Permission View: can delete on DAG Run:example_bash_operator
[2025-01-07T11:47:23.762+0000] {logging_mixin.py:190} INFO - [2025-01-07T11:47:23.762+0000] {override.py:1911} INFO - Created Permission View: can create on DAG Run:example_bash_operator
[2025-01-07T11:47:23.763+0000] {logging_mixin.py:190} INFO - [2025-01-07T11:47:23.763+0000] {dag.py:3239} INFO - Sync 1 DAGs
[2025-01-07T11:47:23.781+0000] {logging_mixin.py:190} INFO - [2025-01-07T11:47:23.780+0000] {dag.py:3262} INFO - Creating ORM DAG for example_bash_operator
[2025-01-07T11:47:23.795+0000] {logging_mixin.py:190} INFO - [2025-01-07T11:47:23.795+0000] {dag.py:4180} INFO - Setting next_dagrun for example_bash_operator to 2025-01-06 00:00:00+00:00, run_after=2025-01-07 00:00:00+00:00
[2025-01-07T11:47:23.823+0000] {processor.py:208} INFO - Processing /home/airflow/.local/lib/python3.12/site-packages/airflow/example_dags/example_bash_operator.py took 0.347 seconds
[2025-01-07T11:48:16.254+0000] {processor.py:186} INFO - Started process (PID=121) to work on /home/airflow/.local/lib/python3.12/site-packages/airflow/example_dags/example_bash_operator.py
[2025-01-07T11:48:16.278+0000] {processor.py:914} INFO - Processing file /home/airflow/.local/lib/python3.12/site-packages/airflow/example_dags/example_bash_operator.py for tasks to queue
[2025-01-07T11:48:16.282+0000] {logging_mixin.py:190} INFO - [2025-01-07T11:48:16.282+0000] {dagbag.py:588} INFO - Filling up the DagBag from /home/airflow/.local/lib/python3.12/site-packages/airflow/example_dags/example_bash_operator.py
[2025-01-07T11:48:16.308+0000] {processor.py:925} INFO - DAG(s) 'example_bash_operator' retrieved from /home/airflow/.local/lib/python3.12/site-packages/airflow/example_dags/example_bash_operator.py
[2025-01-07T11:48:16.388+0000] {logging_mixin.py:190} INFO - [2025-01-07T11:48:16.388+0000] {dag.py:3239} INFO - Sync 1 DAGs
[2025-01-07T11:48:16.445+0000] {logging_mixin.py:190} INFO - [2025-01-07T11:48:16.441+0000] {dag.py:4180} INFO - Setting next_dagrun for example_bash_operator to 2025-01-06 00:00:00+00:00, run_after=2025-01-07 00:00:00+00:00
[2025-01-07T11:48:16.496+0000] {processor.py:208} INFO - Processing /home/airflow/.local/lib/python3.12/site-packages/airflow/example_dags/example_bash_operator.py took 0.249 seconds
[2025-01-07T11:48:46.883+0000] {processor.py:186} INFO - Started process (PID=185) to work on /home/airflow/.local/lib/python3.12/site-packages/airflow/example_dags/example_bash_operator.py
[2025-01-07T11:48:46.885+0000] {processor.py:914} INFO - Processing file /home/airflow/.local/lib/python3.12/site-packages/airflow/example_dags/example_bash_operator.py for tasks to queue
[2025-01-07T11:48:46.890+0000] {logging_mixin.py:190} INFO - [2025-01-07T11:48:46.889+0000] {dagbag.py:588} INFO - Filling up the DagBag from /home/airflow/.local/lib/python3.12/site-packages/airflow/example_dags/example_bash_operator.py
[2025-01-07T11:48:46.907+0000] {processor.py:925} INFO - DAG(s) 'example_bash_operator' retrieved from /home/airflow/.local/lib/python3.12/site-packages/airflow/example_dags/example_bash_operator.py
[2025-01-07T11:48:46.942+0000] {logging_mixin.py:190} INFO - [2025-01-07T11:48:46.942+0000] {dag.py:3239} INFO - Sync 1 DAGs
[2025-01-07T11:48:46.979+0000] {logging_mixin.py:190} INFO - [2025-01-07T11:48:46.979+0000] {dag.py:4180} INFO - Setting next_dagrun for example_bash_operator to 2025-01-06 00:00:00+00:00, run_after=2025-01-07 00:00:00+00:00
[2025-01-07T11:48:47.003+0000] {processor.py:208} INFO - Processing /home/airflow/.local/lib/python3.12/site-packages/airflow/example_dags/example_bash_operator.py took 0.129 seconds
[2025-01-07T11:49:17.401+0000] {processor.py:186} INFO - Started process (PID=248) to work on /home/airflow/.local/lib/python3.12/site-packages/airflow/example_dags/example_bash_operator.py
[2025-01-07T11:49:17.403+0000] {processor.py:914} INFO - Processing file /home/airflow/.local/lib/python3.12/site-packages/airflow/example_dags/example_bash_operator.py for tasks to queue
[2025-01-07T11:49:17.406+0000] {logging_mixin.py:190} INFO - [2025-01-07T11:49:17.405+0000] {dagbag.py:588} INFO - Filling up the DagBag from /home/airflow/.local/lib/python3.12/site-packages/airflow/example_dags/example_bash_operator.py
[2025-01-07T11:49:17.420+0000] {processor.py:925} INFO - DAG(s) 'example_bash_operator' retrieved from /home/airflow/.local/lib/python3.12/site-packages/airflow/example_dags/example_bash_operator.py
[2025-01-07T11:49:17.448+0000] {logging_mixin.py:190} INFO - [2025-01-07T11:49:17.448+0000] {dag.py:3239} INFO - Sync 1 DAGs
[2025-01-07T11:49:17.474+0000] {logging_mixin.py:190} INFO - [2025-01-07T11:49:17.474+0000] {dag.py:4180} INFO - Setting next_dagrun for example_bash_operator to 2025-01-06 00:00:00+00:00, run_after=2025-01-07 00:00:00+00:00
[2025-01-07T11:49:17.498+0000] {processor.py:208} INFO - Processing /home/airflow/.local/lib/python3.12/site-packages/airflow/example_dags/example_bash_operator.py took 0.103 seconds
[2025-01-07T11:49:47.980+0000] {processor.py:186} INFO - Started process (PID=311) to work on /home/airflow/.local/lib/python3.12/site-packages/airflow/example_dags/example_bash_operator.py
[2025-01-07T11:49:47.982+0000] {processor.py:914} INFO - Processing file /home/airflow/.local/lib/python3.12/site-packages/airflow/example_dags/example_bash_operator.py for tasks to queue
[2025-01-07T11:49:47.986+0000] {logging_mixin.py:190} INFO - [2025-01-07T11:49:47.985+0000] {dagbag.py:588} INFO - Filling up the DagBag from /home/airflow/.local/lib/python3.12/site-packages/airflow/example_dags/example_bash_operator.py
[2025-01-07T11:49:48.001+0000] {processor.py:925} INFO - DAG(s) 'example_bash_operator' retrieved from /home/airflow/.local/lib/python3.12/site-packages/airflow/example_dags/example_bash_operator.py
[2025-01-07T11:49:48.034+0000] {logging_mixin.py:190} INFO - [2025-01-07T11:49:48.034+0000] {dag.py:3239} INFO - Sync 1 DAGs
[2025-01-07T11:49:48.065+0000] {logging_mixin.py:190} INFO - [2025-01-07T11:49:48.065+0000] {dag.py:4180} INFO - Setting next_dagrun for example_bash_operator to 2025-01-06 00:00:00+00:00, run_after=2025-01-07 00:00:00+00:00
[2025-01-07T11:49:48.091+0000] {processor.py:208} INFO - Processing /home/airflow/.local/lib/python3.12/site-packages/airflow/example_dags/example_bash_operator.py took 0.118 seconds
[2025-01-07T11:50:18.708+0000] {processor.py:186} INFO - Started process (PID=374) to work on /home/airflow/.local/lib/python3.12/site-packages/airflow/example_dags/example_bash_operator.py
[2025-01-07T11:50:18.710+0000] {processor.py:914} INFO - Processing file /home/airflow/.local/lib/python3.12/site-packages/airflow/example_dags/example_bash_operator.py for tasks to queue
[2025-01-07T11:50:18.712+0000] {logging_mixin.py:190} INFO - [2025-01-07T11:50:18.712+0000] {dagbag.py:588} INFO - Filling up the DagBag from /home/airflow/.local/lib/python3.12/site-packages/airflow/example_dags/example_bash_operator.py
[2025-01-07T11:50:18.724+0000] {processor.py:925} INFO - DAG(s) 'example_bash_operator' retrieved from /home/airflow/.local/lib/python3.12/site-packages/airflow/example_dags/example_bash_operator.py
[2025-01-07T11:50:18.749+0000] {logging_mixin.py:190} INFO - [2025-01-07T11:50:18.749+0000] {dag.py:3239} INFO - Sync 1 DAGs
[2025-01-07T11:50:18.777+0000] {logging_mixin.py:190} INFO - [2025-01-07T11:50:18.776+0000] {dag.py:4180} INFO - Setting next_dagrun for example_bash_operator to 2025-01-06 00:00:00+00:00, run_after=2025-01-07 00:00:00+00:00
[2025-01-07T11:50:18.802+0000] {processor.py:208} INFO - Processing /home/airflow/.local/lib/python3.12/site-packages/airflow/example_dags/example_bash_operator.py took 0.099 seconds
[2025-01-07T11:50:49.343+0000] {processor.py:186} INFO - Started process (PID=436) to work on /home/airflow/.local/lib/python3.12/site-packages/airflow/example_dags/example_bash_operator.py
[2025-01-07T11:50:49.344+0000] {processor.py:914} INFO - Processing file /home/airflow/.local/lib/python3.12/site-packages/airflow/example_dags/example_bash_operator.py for tasks to queue
[2025-01-07T11:50:49.347+0000] {logging_mixin.py:190} INFO - [2025-01-07T11:50:49.347+0000] {dagbag.py:588} INFO - Filling up the DagBag from /home/airflow/.local/lib/python3.12/site-packages/airflow/example_dags/example_bash_operator.py
[2025-01-07T11:50:49.363+0000] {processor.py:925} INFO - DAG(s) 'example_bash_operator' retrieved from /home/airflow/.local/lib/python3.12/site-packages/airflow/example_dags/example_bash_operator.py
[2025-01-07T11:50:49.393+0000] {logging_mixin.py:190} INFO - [2025-01-07T11:50:49.393+0000] {dag.py:3239} INFO - Sync 1 DAGs
[2025-01-07T11:50:49.419+0000] {logging_mixin.py:190} INFO - [2025-01-07T11:50:49.418+0000] {dag.py:4180} INFO - Setting next_dagrun for example_bash_operator to 2025-01-06 00:00:00+00:00, run_after=2025-01-07 00:00:00+00:00
[2025-01-07T11:50:49.440+0000] {processor.py:208} INFO - Processing /home/airflow/.local/lib/python3.12/site-packages/airflow/example_dags/example_bash_operator.py took 0.103 seconds
[2025-01-07T11:51:19.559+0000] {processor.py:186} INFO - Started process (PID=498) to work on /home/airflow/.local/lib/python3.12/site-packages/airflow/example_dags/example_bash_operator.py
[2025-01-07T11:51:19.560+0000] {processor.py:914} INFO - Processing file /home/airflow/.local/lib/python3.12/site-packages/airflow/example_dags/example_bash_operator.py for tasks to queue
[2025-01-07T11:51:19.562+0000] {logging_mixin.py:190} INFO - [2025-01-07T11:51:19.562+0000] {dagbag.py:588} INFO - Filling up the DagBag from /home/airflow/.local/lib/python3.12/site-packages/airflow/example_dags/example_bash_operator.py
[2025-01-07T11:51:19.578+0000] {processor.py:925} INFO - DAG(s) 'example_bash_operator' retrieved from /home/airflow/.local/lib/python3.12/site-packages/airflow/example_dags/example_bash_operator.py
[2025-01-07T11:51:19.607+0000] {logging_mixin.py:190} INFO - [2025-01-07T11:51:19.605+0000] {dag.py:3239} INFO - Sync 1 DAGs
[2025-01-07T11:51:19.634+0000] {logging_mixin.py:190} INFO - [2025-01-07T11:51:19.634+0000] {dag.py:4180} INFO - Setting next_dagrun for example_bash_operator to 2025-01-06 00:00:00+00:00, run_after=2025-01-07 00:00:00+00:00
[2025-01-07T11:51:19.653+0000] {processor.py:208} INFO - Processing /home/airflow/.local/lib/python3.12/site-packages/airflow/example_dags/example_bash_operator.py took 0.102 seconds
[2025-01-07T11:51:50.229+0000] {processor.py:186} INFO - Started process (PID=561) to work on /home/airflow/.local/lib/python3.12/site-packages/airflow/example_dags/example_bash_operator.py
[2025-01-07T11:51:50.230+0000] {processor.py:914} INFO - Processing file /home/airflow/.local/lib/python3.12/site-packages/airflow/example_dags/example_bash_operator.py for tasks to queue
[2025-01-07T11:51:50.235+0000] {logging_mixin.py:190} INFO - [2025-01-07T11:51:50.234+0000] {dagbag.py:588} INFO - Filling up the DagBag from /home/airflow/.local/lib/python3.12/site-packages/airflow/example_dags/example_bash_operator.py
[2025-01-07T11:51:50.254+0000] {processor.py:925} INFO - DAG(s) 'example_bash_operator' retrieved from /home/airflow/.local/lib/python3.12/site-packages/airflow/example_dags/example_bash_operator.py
[2025-01-07T11:51:50.289+0000] {logging_mixin.py:190} INFO - [2025-01-07T11:51:50.288+0000] {dag.py:3239} INFO - Sync 1 DAGs
[2025-01-07T11:51:50.326+0000] {logging_mixin.py:190} INFO - [2025-01-07T11:51:50.326+0000] {dag.py:4180} INFO - Setting next_dagrun for example_bash_operator to 2025-01-06 00:00:00+00:00, run_after=2025-01-07 00:00:00+00:00
[2025-01-07T11:51:50.360+0000] {processor.py:208} INFO - Processing /home/airflow/.local/lib/python3.12/site-packages/airflow/example_dags/example_bash_operator.py took 0.139 seconds
[2025-01-07T11:52:20.499+0000] {processor.py:186} INFO - Started process (PID=624) to work on /home/airflow/.local/lib/python3.12/site-packages/airflow/example_dags/example_bash_operator.py
[2025-01-07T11:52:20.500+0000] {processor.py:914} INFO - Processing file /home/airflow/.local/lib/python3.12/site-packages/airflow/example_dags/example_bash_operator.py for tasks to queue
[2025-01-07T11:52:20.502+0000] {logging_mixin.py:190} INFO - [2025-01-07T11:52:20.502+0000] {dagbag.py:588} INFO - Filling up the DagBag from /home/airflow/.local/lib/python3.12/site-packages/airflow/example_dags/example_bash_operator.py
[2025-01-07T11:52:20.515+0000] {processor.py:925} INFO - DAG(s) 'example_bash_operator' retrieved from /home/airflow/.local/lib/python3.12/site-packages/airflow/example_dags/example_bash_operator.py
[2025-01-07T11:52:20.545+0000] {logging_mixin.py:190} INFO - [2025-01-07T11:52:20.544+0000] {dag.py:3239} INFO - Sync 1 DAGs
[2025-01-07T11:52:20.569+0000] {logging_mixin.py:190} INFO - [2025-01-07T11:52:20.568+0000] {dag.py:4180} INFO - Setting next_dagrun for example_bash_operator to 2025-01-06 00:00:00+00:00, run_after=2025-01-07 00:00:00+00:00
[2025-01-07T11:52:20.591+0000] {processor.py:208} INFO - Processing /home/airflow/.local/lib/python3.12/site-packages/airflow/example_dags/example_bash_operator.py took 0.099 seconds
[2025-01-07T11:52:51.280+0000] {processor.py:186} INFO - Started process (PID=687) to work on /home/airflow/.local/lib/python3.12/site-packages/airflow/example_dags/example_bash_operator.py
[2025-01-07T11:52:51.282+0000] {processor.py:914} INFO - Processing file /home/airflow/.local/lib/python3.12/site-packages/airflow/example_dags/example_bash_operator.py for tasks to queue
[2025-01-07T11:52:51.284+0000] {logging_mixin.py:190} INFO - [2025-01-07T11:52:51.283+0000] {dagbag.py:588} INFO - Filling up the DagBag from /home/airflow/.local/lib/python3.12/site-packages/airflow/example_dags/example_bash_operator.py
[2025-01-07T11:52:51.296+0000] {processor.py:925} INFO - DAG(s) 'example_bash_operator' retrieved from /home/airflow/.local/lib/python3.12/site-packages/airflow/example_dags/example_bash_operator.py
[2025-01-07T11:52:51.323+0000] {logging_mixin.py:190} INFO - [2025-01-07T11:52:51.323+0000] {dag.py:3239} INFO - Sync 1 DAGs
[2025-01-07T11:52:51.348+0000] {logging_mixin.py:190} INFO - [2025-01-07T11:52:51.348+0000] {dag.py:4180} INFO - Setting next_dagrun for example_bash_operator to 2025-01-06 00:00:00+00:00, run_after=2025-01-07 00:00:00+00:00
[2025-01-07T11:52:51.371+0000] {processor.py:208} INFO - Processing /home/airflow/.local/lib/python3.12/site-packages/airflow/example_dags/example_bash_operator.py took 0.096 seconds
[2025-01-07T11:53:21.668+0000] {processor.py:186} INFO - Started process (PID=750) to work on /home/airflow/.local/lib/python3.12/site-packages/airflow/example_dags/example_bash_operator.py
[2025-01-07T11:53:21.669+0000] {processor.py:914} INFO - Processing file /home/airflow/.local/lib/python3.12/site-packages/airflow/example_dags/example_bash_operator.py for tasks to queue
[2025-01-07T11:53:21.672+0000] {logging_mixin.py:190} INFO - [2025-01-07T11:53:21.672+0000] {dagbag.py:588} INFO - Filling up the DagBag from /home/airflow/.local/lib/python3.12/site-packages/airflow/example_dags/example_bash_operator.py
[2025-01-07T11:53:21.685+0000] {processor.py:925} INFO - DAG(s) 'example_bash_operator' retrieved from /home/airflow/.local/lib/python3.12/site-packages/airflow/example_dags/example_bash_operator.py
[2025-01-07T11:53:21.709+0000] {logging_mixin.py:190} INFO - [2025-01-07T11:53:21.709+0000] {dag.py:3239} INFO - Sync 1 DAGs
[2025-01-07T11:53:21.734+0000] {logging_mixin.py:190} INFO - [2025-01-07T11:53:21.734+0000] {dag.py:4180} INFO - Setting next_dagrun for example_bash_operator to 2025-01-06 00:00:00+00:00, run_after=2025-01-07 00:00:00+00:00
[2025-01-07T11:53:21.757+0000] {processor.py:208} INFO - Processing /home/airflow/.local/lib/python3.12/site-packages/airflow/example_dags/example_bash_operator.py took 0.096 seconds
[2025-01-07T11:53:52.163+0000] {processor.py:186} INFO - Started process (PID=813) to work on /home/airflow/.local/lib/python3.12/site-packages/airflow/example_dags/example_bash_operator.py
[2025-01-07T11:53:52.164+0000] {processor.py:914} INFO - Processing file /home/airflow/.local/lib/python3.12/site-packages/airflow/example_dags/example_bash_operator.py for tasks to queue
[2025-01-07T11:53:52.166+0000] {logging_mixin.py:190} INFO - [2025-01-07T11:53:52.166+0000] {dagbag.py:588} INFO - Filling up the DagBag from /home/airflow/.local/lib/python3.12/site-packages/airflow/example_dags/example_bash_operator.py
[2025-01-07T11:53:52.178+0000] {processor.py:925} INFO - DAG(s) 'example_bash_operator' retrieved from /home/airflow/.local/lib/python3.12/site-packages/airflow/example_dags/example_bash_operator.py
[2025-01-07T11:53:52.202+0000] {logging_mixin.py:190} INFO - [2025-01-07T11:53:52.202+0000] {dag.py:3239} INFO - Sync 1 DAGs
[2025-01-07T11:53:52.223+0000] {logging_mixin.py:190} INFO - [2025-01-07T11:53:52.223+0000] {dag.py:4180} INFO - Setting next_dagrun for example_bash_operator to 2025-01-06 00:00:00+00:00, run_after=2025-01-07 00:00:00+00:00
[2025-01-07T11:53:52.244+0000] {processor.py:208} INFO - Processing /home/airflow/.local/lib/python3.12/site-packages/airflow/example_dags/example_bash_operator.py took 0.087 seconds
[2025-01-07T11:54:22.811+0000] {processor.py:186} INFO - Started process (PID=876) to work on /home/airflow/.local/lib/python3.12/site-packages/airflow/example_dags/example_bash_operator.py
[2025-01-07T11:54:22.812+0000] {processor.py:914} INFO - Processing file /home/airflow/.local/lib/python3.12/site-packages/airflow/example_dags/example_bash_operator.py for tasks to queue
[2025-01-07T11:54:22.815+0000] {logging_mixin.py:190} INFO - [2025-01-07T11:54:22.815+0000] {dagbag.py:588} INFO - Filling up the DagBag from /home/airflow/.local/lib/python3.12/site-packages/airflow/example_dags/example_bash_operator.py
[2025-01-07T11:54:22.827+0000] {processor.py:925} INFO - DAG(s) 'example_bash_operator' retrieved from /home/airflow/.local/lib/python3.12/site-packages/airflow/example_dags/example_bash_operator.py
[2025-01-07T11:54:22.850+0000] {logging_mixin.py:190} INFO - [2025-01-07T11:54:22.849+0000] {dag.py:3239} INFO - Sync 1 DAGs
[2025-01-07T11:54:22.871+0000] {logging_mixin.py:190} INFO - [2025-01-07T11:54:22.871+0000] {dag.py:4180} INFO - Setting next_dagrun for example_bash_operator to 2025-01-06 00:00:00+00:00, run_after=2025-01-07 00:00:00+00:00
[2025-01-07T11:54:22.889+0000] {processor.py:208} INFO - Processing /home/airflow/.local/lib/python3.12/site-packages/airflow/example_dags/example_bash_operator.py took 0.084 seconds
[2025-01-07T11:54:53.166+0000] {processor.py:186} INFO - Started process (PID=939) to work on /home/airflow/.local/lib/python3.12/site-packages/airflow/example_dags/example_bash_operator.py
[2025-01-07T11:54:53.167+0000] {processor.py:914} INFO - Processing file /home/airflow/.local/lib/python3.12/site-packages/airflow/example_dags/example_bash_operator.py for tasks to queue
[2025-01-07T11:54:53.170+0000] {logging_mixin.py:190} INFO - [2025-01-07T11:54:53.170+0000] {dagbag.py:588} INFO - Filling up the DagBag from /home/airflow/.local/lib/python3.12/site-packages/airflow/example_dags/example_bash_operator.py
[2025-01-07T11:54:53.182+0000] {processor.py:925} INFO - DAG(s) 'example_bash_operator' retrieved from /home/airflow/.local/lib/python3.12/site-packages/airflow/example_dags/example_bash_operator.py
[2025-01-07T11:54:53.222+0000] {logging_mixin.py:190} INFO - [2025-01-07T11:54:53.222+0000] {dag.py:3239} INFO - Sync 1 DAGs
[2025-01-07T11:54:53.247+0000] {logging_mixin.py:190} INFO - [2025-01-07T11:54:53.247+0000] {dag.py:4180} INFO - Setting next_dagrun for example_bash_operator to 2025-01-06 00:00:00+00:00, run_after=2025-01-07 00:00:00+00:00
[2025-01-07T11:54:53.270+0000] {processor.py:208} INFO - Processing /home/airflow/.local/lib/python3.12/site-packages/airflow/example_dags/example_bash_operator.py took 0.112 seconds
[2025-01-07T11:55:23.986+0000] {processor.py:186} INFO - Started process (PID=1002) to work on /home/airflow/.local/lib/python3.12/site-packages/airflow/example_dags/example_bash_operator.py
[2025-01-07T11:55:23.987+0000] {processor.py:914} INFO - Processing file /home/airflow/.local/lib/python3.12/site-packages/airflow/example_dags/example_bash_operator.py for tasks to queue
[2025-01-07T11:55:23.990+0000] {logging_mixin.py:190} INFO - [2025-01-07T11:55:23.989+0000] {dagbag.py:588} INFO - Filling up the DagBag from /home/airflow/.local/lib/python3.12/site-packages/airflow/example_dags/example_bash_operator.py
[2025-01-07T11:55:24.003+0000] {processor.py:925} INFO - DAG(s) 'example_bash_operator' retrieved from /home/airflow/.local/lib/python3.12/site-packages/airflow/example_dags/example_bash_operator.py
[2025-01-07T11:55:24.033+0000] {logging_mixin.py:190} INFO - [2025-01-07T11:55:24.033+0000] {dag.py:3239} INFO - Sync 1 DAGs
[2025-01-07T11:55:24.062+0000] {logging_mixin.py:190} INFO - [2025-01-07T11:55:24.061+0000] {dag.py:4180} INFO - Setting next_dagrun for example_bash_operator to 2025-01-06 00:00:00+00:00, run_after=2025-01-07 00:00:00+00:00
[2025-01-07T11:55:24.085+0000] {processor.py:208} INFO - Processing /home/airflow/.local/lib/python3.12/site-packages/airflow/example_dags/example_bash_operator.py took 0.106 seconds
[2025-01-07T11:55:54.344+0000] {processor.py:186} INFO - Started process (PID=1065) to work on /home/airflow/.local/lib/python3.12/site-packages/airflow/example_dags/example_bash_operator.py
[2025-01-07T11:55:54.346+0000] {processor.py:914} INFO - Processing file /home/airflow/.local/lib/python3.12/site-packages/airflow/example_dags/example_bash_operator.py for tasks to queue
[2025-01-07T11:55:54.349+0000] {logging_mixin.py:190} INFO - [2025-01-07T11:55:54.348+0000] {dagbag.py:588} INFO - Filling up the DagBag from /home/airflow/.local/lib/python3.12/site-packages/airflow/example_dags/example_bash_operator.py
[2025-01-07T11:55:54.362+0000] {processor.py:925} INFO - DAG(s) 'example_bash_operator' retrieved from /home/airflow/.local/lib/python3.12/site-packages/airflow/example_dags/example_bash_operator.py
[2025-01-07T11:55:54.389+0000] {logging_mixin.py:190} INFO - [2025-01-07T11:55:54.389+0000] {dag.py:3239} INFO - Sync 1 DAGs
[2025-01-07T11:55:54.412+0000] {logging_mixin.py:190} INFO - [2025-01-07T11:55:54.412+0000] {dag.py:4180} INFO - Setting next_dagrun for example_bash_operator to 2025-01-06 00:00:00+00:00, run_after=2025-01-07 00:00:00+00:00
[2025-01-07T11:55:54.436+0000] {processor.py:208} INFO - Processing /home/airflow/.local/lib/python3.12/site-packages/airflow/example_dags/example_bash_operator.py took 0.097 seconds
[2025-01-07T11:56:25.199+0000] {processor.py:186} INFO - Started process (PID=1128) to work on /home/airflow/.local/lib/python3.12/site-packages/airflow/example_dags/example_bash_operator.py
[2025-01-07T11:56:25.200+0000] {processor.py:914} INFO - Processing file /home/airflow/.local/lib/python3.12/site-packages/airflow/example_dags/example_bash_operator.py for tasks to queue
[2025-01-07T11:56:25.207+0000] {logging_mixin.py:190} INFO - [2025-01-07T11:56:25.206+0000] {dagbag.py:588} INFO - Filling up the DagBag from /home/airflow/.local/lib/python3.12/site-packages/airflow/example_dags/example_bash_operator.py
[2025-01-07T11:56:25.225+0000] {processor.py:925} INFO - DAG(s) 'example_bash_operator' retrieved from /home/airflow/.local/lib/python3.12/site-packages/airflow/example_dags/example_bash_operator.py
[2025-01-07T11:56:25.251+0000] {logging_mixin.py:190} INFO - [2025-01-07T11:56:25.251+0000] {dag.py:3239} INFO - Sync 1 DAGs
[2025-01-07T11:56:25.281+0000] {logging_mixin.py:190} INFO - [2025-01-07T11:56:25.281+0000] {dag.py:4180} INFO - Setting next_dagrun for example_bash_operator to 2025-01-06 00:00:00+00:00, run_after=2025-01-07 00:00:00+00:00
[2025-01-07T11:56:25.312+0000] {processor.py:208} INFO - Processing /home/airflow/.local/lib/python3.12/site-packages/airflow/example_dags/example_bash_operator.py took 0.121 seconds
[2025-01-07T11:56:55.544+0000] {processor.py:186} INFO - Started process (PID=1191) to work on /home/airflow/.local/lib/python3.12/site-packages/airflow/example_dags/example_bash_operator.py
[2025-01-07T11:56:55.545+0000] {processor.py:914} INFO - Processing file /home/airflow/.local/lib/python3.12/site-packages/airflow/example_dags/example_bash_operator.py for tasks to queue
[2025-01-07T11:56:55.548+0000] {logging_mixin.py:190} INFO - [2025-01-07T11:56:55.548+0000] {dagbag.py:588} INFO - Filling up the DagBag from /home/airflow/.local/lib/python3.12/site-packages/airflow/example_dags/example_bash_operator.py
[2025-01-07T11:56:55.560+0000] {processor.py:925} INFO - DAG(s) 'example_bash_operator' retrieved from /home/airflow/.local/lib/python3.12/site-packages/airflow/example_dags/example_bash_operator.py
[2025-01-07T11:56:55.587+0000] {logging_mixin.py:190} INFO - [2025-01-07T11:56:55.587+0000] {dag.py:3239} INFO - Sync 1 DAGs
[2025-01-07T11:56:55.611+0000] {logging_mixin.py:190} INFO - [2025-01-07T11:56:55.611+0000] {dag.py:4180} INFO - Setting next_dagrun for example_bash_operator to 2025-01-06 00:00:00+00:00, run_after=2025-01-07 00:00:00+00:00
[2025-01-07T11:56:55.634+0000] {processor.py:208} INFO - Processing /home/airflow/.local/lib/python3.12/site-packages/airflow/example_dags/example_bash_operator.py took 0.097 seconds
[2025-01-07T11:57:25.896+0000] {processor.py:186} INFO - Started process (PID=1254) to work on /home/airflow/.local/lib/python3.12/site-packages/airflow/example_dags/example_bash_operator.py
[2025-01-07T11:57:25.897+0000] {processor.py:914} INFO - Processing file /home/airflow/.local/lib/python3.12/site-packages/airflow/example_dags/example_bash_operator.py for tasks to queue
[2025-01-07T11:57:25.899+0000] {logging_mixin.py:190} INFO - [2025-01-07T11:57:25.899+0000] {dagbag.py:588} INFO - Filling up the DagBag from /home/airflow/.local/lib/python3.12/site-packages/airflow/example_dags/example_bash_operator.py
[2025-01-07T11:57:25.912+0000] {processor.py:925} INFO - DAG(s) 'example_bash_operator' retrieved from /home/airflow/.local/lib/python3.12/site-packages/airflow/example_dags/example_bash_operator.py
[2025-01-07T11:57:25.937+0000] {logging_mixin.py:190} INFO - [2025-01-07T11:57:25.936+0000] {dag.py:3239} INFO - Sync 1 DAGs
[2025-01-07T11:57:25.959+0000] {logging_mixin.py:190} INFO - [2025-01-07T11:57:25.959+0000] {dag.py:4180} INFO - Setting next_dagrun for example_bash_operator to 2025-01-06 00:00:00+00:00, run_after=2025-01-07 00:00:00+00:00
[2025-01-07T11:57:25.979+0000] {processor.py:208} INFO - Processing /home/airflow/.local/lib/python3.12/site-packages/airflow/example_dags/example_bash_operator.py took 0.089 seconds
[2025-01-07T11:57:39.169+0000] {processor.py:186} INFO - Started process (PID=1282) to work on /home/airflow/.local/lib/python3.12/site-packages/airflow/example_dags/example_bash_operator.py
[2025-01-07T11:57:39.171+0000] {processor.py:914} INFO - Processing file /home/airflow/.local/lib/python3.12/site-packages/airflow/example_dags/example_bash_operator.py for tasks to queue
[2025-01-07T11:57:39.190+0000] {logging_mixin.py:190} INFO - [2025-01-07T11:57:39.188+0000] {dagbag.py:588} INFO - Filling up the DagBag from /home/airflow/.local/lib/python3.12/site-packages/airflow/example_dags/example_bash_operator.py
[2025-01-07T11:57:39.228+0000] {processor.py:925} INFO - DAG(s) 'example_bash_operator' retrieved from /home/airflow/.local/lib/python3.12/site-packages/airflow/example_dags/example_bash_operator.py
[2025-01-07T11:57:39.300+0000] {logging_mixin.py:190} INFO - [2025-01-07T11:57:39.299+0000] {dag.py:3239} INFO - Sync 1 DAGs
[2025-01-07T11:57:39.373+0000] {logging_mixin.py:190} INFO - [2025-01-07T11:57:39.370+0000] {dag.py:4180} INFO - Setting next_dagrun for example_bash_operator to 2025-01-07 00:00:00+00:00, run_after=2025-01-08 00:00:00+00:00
[2025-01-07T11:57:39.441+0000] {processor.py:208} INFO - Processing /home/airflow/.local/lib/python3.12/site-packages/airflow/example_dags/example_bash_operator.py took 0.287 seconds
[2025-01-07T11:58:09.562+0000] {processor.py:186} INFO - Started process (PID=1345) to work on /home/airflow/.local/lib/python3.12/site-packages/airflow/example_dags/example_bash_operator.py
[2025-01-07T11:58:09.564+0000] {processor.py:914} INFO - Processing file /home/airflow/.local/lib/python3.12/site-packages/airflow/example_dags/example_bash_operator.py for tasks to queue
[2025-01-07T11:58:09.566+0000] {logging_mixin.py:190} INFO - [2025-01-07T11:58:09.566+0000] {dagbag.py:588} INFO - Filling up the DagBag from /home/airflow/.local/lib/python3.12/site-packages/airflow/example_dags/example_bash_operator.py
[2025-01-07T11:58:09.583+0000] {processor.py:925} INFO - DAG(s) 'example_bash_operator' retrieved from /home/airflow/.local/lib/python3.12/site-packages/airflow/example_dags/example_bash_operator.py
[2025-01-07T11:58:09.614+0000] {logging_mixin.py:190} INFO - [2025-01-07T11:58:09.613+0000] {dag.py:3239} INFO - Sync 1 DAGs
[2025-01-07T11:58:09.643+0000] {logging_mixin.py:190} INFO - [2025-01-07T11:58:09.643+0000] {dag.py:4180} INFO - Setting next_dagrun for example_bash_operator to 2025-01-07 00:00:00+00:00, run_after=2025-01-08 00:00:00+00:00
[2025-01-07T11:58:09.666+0000] {processor.py:208} INFO - Processing /home/airflow/.local/lib/python3.12/site-packages/airflow/example_dags/example_bash_operator.py took 0.110 seconds
[2025-01-07T11:58:39.859+0000] {processor.py:186} INFO - Started process (PID=1408) to work on /home/airflow/.local/lib/python3.12/site-packages/airflow/example_dags/example_bash_operator.py
[2025-01-07T11:58:39.860+0000] {processor.py:914} INFO - Processing file /home/airflow/.local/lib/python3.12/site-packages/airflow/example_dags/example_bash_operator.py for tasks to queue
[2025-01-07T11:58:39.862+0000] {logging_mixin.py:190} INFO - [2025-01-07T11:58:39.862+0000] {dagbag.py:588} INFO - Filling up the DagBag from /home/airflow/.local/lib/python3.12/site-packages/airflow/example_dags/example_bash_operator.py
[2025-01-07T11:58:39.876+0000] {processor.py:925} INFO - DAG(s) 'example_bash_operator' retrieved from /home/airflow/.local/lib/python3.12/site-packages/airflow/example_dags/example_bash_operator.py
[2025-01-07T11:58:39.900+0000] {logging_mixin.py:190} INFO - [2025-01-07T11:58:39.900+0000] {dag.py:3239} INFO - Sync 1 DAGs
[2025-01-07T11:58:39.931+0000] {logging_mixin.py:190} INFO - [2025-01-07T11:58:39.931+0000] {dag.py:4180} INFO - Setting next_dagrun for example_bash_operator to 2025-01-07 00:00:00+00:00, run_after=2025-01-08 00:00:00+00:00
[2025-01-07T11:58:39.957+0000] {processor.py:208} INFO - Processing /home/airflow/.local/lib/python3.12/site-packages/airflow/example_dags/example_bash_operator.py took 0.104 seconds
[2025-01-07T11:59:10.135+0000] {processor.py:186} INFO - Started process (PID=1471) to work on /home/airflow/.local/lib/python3.12/site-packages/airflow/example_dags/example_bash_operator.py
[2025-01-07T11:59:10.136+0000] {processor.py:914} INFO - Processing file /home/airflow/.local/lib/python3.12/site-packages/airflow/example_dags/example_bash_operator.py for tasks to queue
[2025-01-07T11:59:10.139+0000] {logging_mixin.py:190} INFO - [2025-01-07T11:59:10.138+0000] {dagbag.py:588} INFO - Filling up the DagBag from /home/airflow/.local/lib/python3.12/site-packages/airflow/example_dags/example_bash_operator.py
[2025-01-07T11:59:10.154+0000] {processor.py:925} INFO - DAG(s) 'example_bash_operator' retrieved from /home/airflow/.local/lib/python3.12/site-packages/airflow/example_dags/example_bash_operator.py
[2025-01-07T11:59:10.186+0000] {logging_mixin.py:190} INFO - [2025-01-07T11:59:10.186+0000] {dag.py:3239} INFO - Sync 1 DAGs
[2025-01-07T11:59:10.212+0000] {logging_mixin.py:190} INFO - [2025-01-07T11:59:10.211+0000] {dag.py:4180} INFO - Setting next_dagrun for example_bash_operator to 2025-01-07 00:00:00+00:00, run_after=2025-01-08 00:00:00+00:00
[2025-01-07T11:59:10.230+0000] {processor.py:208} INFO - Processing /home/airflow/.local/lib/python3.12/site-packages/airflow/example_dags/example_bash_operator.py took 0.101 seconds
[2025-01-07T11:59:41.196+0000] {processor.py:186} INFO - Started process (PID=1535) to work on /home/airflow/.local/lib/python3.12/site-packages/airflow/example_dags/example_bash_operator.py
[2025-01-07T11:59:41.197+0000] {processor.py:914} INFO - Processing file /home/airflow/.local/lib/python3.12/site-packages/airflow/example_dags/example_bash_operator.py for tasks to queue
[2025-01-07T11:59:41.200+0000] {logging_mixin.py:190} INFO - [2025-01-07T11:59:41.200+0000] {dagbag.py:588} INFO - Filling up the DagBag from /home/airflow/.local/lib/python3.12/site-packages/airflow/example_dags/example_bash_operator.py
[2025-01-07T11:59:41.217+0000] {processor.py:925} INFO - DAG(s) 'example_bash_operator' retrieved from /home/airflow/.local/lib/python3.12/site-packages/airflow/example_dags/example_bash_operator.py
[2025-01-07T11:59:41.245+0000] {logging_mixin.py:190} INFO - [2025-01-07T11:59:41.245+0000] {dag.py:3239} INFO - Sync 1 DAGs
[2025-01-07T11:59:41.269+0000] {logging_mixin.py:190} INFO - [2025-01-07T11:59:41.269+0000] {dag.py:4180} INFO - Setting next_dagrun for example_bash_operator to 2025-01-07 00:00:00+00:00, run_after=2025-01-08 00:00:00+00:00
[2025-01-07T11:59:41.286+0000] {processor.py:208} INFO - Processing /home/airflow/.local/lib/python3.12/site-packages/airflow/example_dags/example_bash_operator.py took 0.097 seconds
[2025-01-07T12:00:11.515+0000] {processor.py:186} INFO - Started process (PID=1598) to work on /home/airflow/.local/lib/python3.12/site-packages/airflow/example_dags/example_bash_operator.py
[2025-01-07T12:00:11.516+0000] {processor.py:914} INFO - Processing file /home/airflow/.local/lib/python3.12/site-packages/airflow/example_dags/example_bash_operator.py for tasks to queue
[2025-01-07T12:00:11.519+0000] {logging_mixin.py:190} INFO - [2025-01-07T12:00:11.519+0000] {dagbag.py:588} INFO - Filling up the DagBag from /home/airflow/.local/lib/python3.12/site-packages/airflow/example_dags/example_bash_operator.py
[2025-01-07T12:00:11.533+0000] {processor.py:925} INFO - DAG(s) 'example_bash_operator' retrieved from /home/airflow/.local/lib/python3.12/site-packages/airflow/example_dags/example_bash_operator.py
[2025-01-07T12:00:11.557+0000] {logging_mixin.py:190} INFO - [2025-01-07T12:00:11.557+0000] {dag.py:3239} INFO - Sync 1 DAGs
[2025-01-07T12:00:11.580+0000] {logging_mixin.py:190} INFO - [2025-01-07T12:00:11.579+0000] {dag.py:4180} INFO - Setting next_dagrun for example_bash_operator to 2025-01-07 00:00:00+00:00, run_after=2025-01-08 00:00:00+00:00
[2025-01-07T12:00:11.598+0000] {processor.py:208} INFO - Processing /home/airflow/.local/lib/python3.12/site-packages/airflow/example_dags/example_bash_operator.py took 0.090 seconds
[2025-01-07T12:00:42.240+0000] {processor.py:186} INFO - Started process (PID=1655) to work on /home/airflow/.local/lib/python3.12/site-packages/airflow/example_dags/example_bash_operator.py
[2025-01-07T12:00:42.242+0000] {processor.py:914} INFO - Processing file /home/airflow/.local/lib/python3.12/site-packages/airflow/example_dags/example_bash_operator.py for tasks to queue
[2025-01-07T12:00:42.245+0000] {logging_mixin.py:190} INFO - [2025-01-07T12:00:42.244+0000] {dagbag.py:588} INFO - Filling up the DagBag from /home/airflow/.local/lib/python3.12/site-packages/airflow/example_dags/example_bash_operator.py
[2025-01-07T12:00:42.261+0000] {processor.py:925} INFO - DAG(s) 'example_bash_operator' retrieved from /home/airflow/.local/lib/python3.12/site-packages/airflow/example_dags/example_bash_operator.py
[2025-01-07T12:00:42.298+0000] {logging_mixin.py:190} INFO - [2025-01-07T12:00:42.297+0000] {dag.py:3239} INFO - Sync 1 DAGs
[2025-01-07T12:00:42.334+0000] {logging_mixin.py:190} INFO - [2025-01-07T12:00:42.333+0000] {dag.py:4180} INFO - Setting next_dagrun for example_bash_operator to 2025-01-07 00:00:00+00:00, run_after=2025-01-08 00:00:00+00:00
[2025-01-07T12:00:42.358+0000] {processor.py:208} INFO - Processing /home/airflow/.local/lib/python3.12/site-packages/airflow/example_dags/example_bash_operator.py took 0.125 seconds
[2025-01-07T12:01:13.421+0000] {processor.py:186} INFO - Started process (PID=1717) to work on /home/airflow/.local/lib/python3.12/site-packages/airflow/example_dags/example_bash_operator.py
[2025-01-07T12:01:13.423+0000] {processor.py:914} INFO - Processing file /home/airflow/.local/lib/python3.12/site-packages/airflow/example_dags/example_bash_operator.py for tasks to queue
[2025-01-07T12:01:13.426+0000] {logging_mixin.py:190} INFO - [2025-01-07T12:01:13.426+0000] {dagbag.py:588} INFO - Filling up the DagBag from /home/airflow/.local/lib/python3.12/site-packages/airflow/example_dags/example_bash_operator.py
[2025-01-07T12:01:13.443+0000] {processor.py:925} INFO - DAG(s) 'example_bash_operator' retrieved from /home/airflow/.local/lib/python3.12/site-packages/airflow/example_dags/example_bash_operator.py
[2025-01-07T12:01:13.469+0000] {logging_mixin.py:190} INFO - [2025-01-07T12:01:13.469+0000] {dag.py:3239} INFO - Sync 1 DAGs
[2025-01-07T12:01:13.493+0000] {logging_mixin.py:190} INFO - [2025-01-07T12:01:13.493+0000] {dag.py:4180} INFO - Setting next_dagrun for example_bash_operator to 2025-01-07 00:00:00+00:00, run_after=2025-01-08 00:00:00+00:00
[2025-01-07T12:01:13.513+0000] {processor.py:208} INFO - Processing /home/airflow/.local/lib/python3.12/site-packages/airflow/example_dags/example_bash_operator.py took 0.099 seconds
[2025-01-07T12:01:44.423+0000] {processor.py:186} INFO - Started process (PID=1775) to work on /home/airflow/.local/lib/python3.12/site-packages/airflow/example_dags/example_bash_operator.py
[2025-01-07T12:01:44.424+0000] {processor.py:914} INFO - Processing file /home/airflow/.local/lib/python3.12/site-packages/airflow/example_dags/example_bash_operator.py for tasks to queue
[2025-01-07T12:01:44.427+0000] {logging_mixin.py:190} INFO - [2025-01-07T12:01:44.426+0000] {dagbag.py:588} INFO - Filling up the DagBag from /home/airflow/.local/lib/python3.12/site-packages/airflow/example_dags/example_bash_operator.py
[2025-01-07T12:01:44.440+0000] {processor.py:925} INFO - DAG(s) 'example_bash_operator' retrieved from /home/airflow/.local/lib/python3.12/site-packages/airflow/example_dags/example_bash_operator.py
[2025-01-07T12:01:44.465+0000] {logging_mixin.py:190} INFO - [2025-01-07T12:01:44.465+0000] {dag.py:3239} INFO - Sync 1 DAGs
[2025-01-07T12:01:44.490+0000] {logging_mixin.py:190} INFO - [2025-01-07T12:01:44.490+0000] {dag.py:4180} INFO - Setting next_dagrun for example_bash_operator to 2025-01-07 00:00:00+00:00, run_after=2025-01-08 00:00:00+00:00
[2025-01-07T12:01:44.507+0000] {processor.py:208} INFO - Processing /home/airflow/.local/lib/python3.12/site-packages/airflow/example_dags/example_bash_operator.py took 0.090 seconds
[2025-01-07T12:02:15.360+0000] {processor.py:186} INFO - Started process (PID=1838) to work on /home/airflow/.local/lib/python3.12/site-packages/airflow/example_dags/example_bash_operator.py
[2025-01-07T12:02:15.361+0000] {processor.py:914} INFO - Processing file /home/airflow/.local/lib/python3.12/site-packages/airflow/example_dags/example_bash_operator.py for tasks to queue
[2025-01-07T12:02:15.364+0000] {logging_mixin.py:190} INFO - [2025-01-07T12:02:15.364+0000] {dagbag.py:588} INFO - Filling up the DagBag from /home/airflow/.local/lib/python3.12/site-packages/airflow/example_dags/example_bash_operator.py
[2025-01-07T12:02:15.382+0000] {processor.py:925} INFO - DAG(s) 'example_bash_operator' retrieved from /home/airflow/.local/lib/python3.12/site-packages/airflow/example_dags/example_bash_operator.py
[2025-01-07T12:02:15.418+0000] {logging_mixin.py:190} INFO - [2025-01-07T12:02:15.418+0000] {dag.py:3239} INFO - Sync 1 DAGs
[2025-01-07T12:02:15.450+0000] {logging_mixin.py:190} INFO - [2025-01-07T12:02:15.450+0000] {dag.py:4180} INFO - Setting next_dagrun for example_bash_operator to 2025-01-07 00:00:00+00:00, run_after=2025-01-08 00:00:00+00:00
[2025-01-07T12:02:15.470+0000] {processor.py:208} INFO - Processing /home/airflow/.local/lib/python3.12/site-packages/airflow/example_dags/example_bash_operator.py took 0.119 seconds
[2025-01-07T12:02:46.458+0000] {processor.py:186} INFO - Started process (PID=1901) to work on /home/airflow/.local/lib/python3.12/site-packages/airflow/example_dags/example_bash_operator.py
[2025-01-07T12:02:46.459+0000] {processor.py:914} INFO - Processing file /home/airflow/.local/lib/python3.12/site-packages/airflow/example_dags/example_bash_operator.py for tasks to queue
[2025-01-07T12:02:46.462+0000] {logging_mixin.py:190} INFO - [2025-01-07T12:02:46.462+0000] {dagbag.py:588} INFO - Filling up the DagBag from /home/airflow/.local/lib/python3.12/site-packages/airflow/example_dags/example_bash_operator.py
[2025-01-07T12:02:46.476+0000] {processor.py:925} INFO - DAG(s) 'example_bash_operator' retrieved from /home/airflow/.local/lib/python3.12/site-packages/airflow/example_dags/example_bash_operator.py
[2025-01-07T12:02:46.507+0000] {logging_mixin.py:190} INFO - [2025-01-07T12:02:46.506+0000] {dag.py:3239} INFO - Sync 1 DAGs
[2025-01-07T12:02:46.535+0000] {logging_mixin.py:190} INFO - [2025-01-07T12:02:46.534+0000] {dag.py:4180} INFO - Setting next_dagrun for example_bash_operator to 2025-01-07 00:00:00+00:00, run_after=2025-01-08 00:00:00+00:00
[2025-01-07T12:02:46.555+0000] {processor.py:208} INFO - Processing /home/airflow/.local/lib/python3.12/site-packages/airflow/example_dags/example_bash_operator.py took 0.104 seconds
[2025-01-07T12:03:17.070+0000] {processor.py:186} INFO - Started process (PID=1964) to work on /home/airflow/.local/lib/python3.12/site-packages/airflow/example_dags/example_bash_operator.py
[2025-01-07T12:03:17.071+0000] {processor.py:914} INFO - Processing file /home/airflow/.local/lib/python3.12/site-packages/airflow/example_dags/example_bash_operator.py for tasks to queue
[2025-01-07T12:03:17.073+0000] {logging_mixin.py:190} INFO - [2025-01-07T12:03:17.072+0000] {dagbag.py:588} INFO - Filling up the DagBag from /home/airflow/.local/lib/python3.12/site-packages/airflow/example_dags/example_bash_operator.py
[2025-01-07T12:03:17.085+0000] {processor.py:925} INFO - DAG(s) 'example_bash_operator' retrieved from /home/airflow/.local/lib/python3.12/site-packages/airflow/example_dags/example_bash_operator.py
[2025-01-07T12:03:17.114+0000] {logging_mixin.py:190} INFO - [2025-01-07T12:03:17.114+0000] {dag.py:3239} INFO - Sync 1 DAGs
[2025-01-07T12:03:17.137+0000] {logging_mixin.py:190} INFO - [2025-01-07T12:03:17.137+0000] {dag.py:4180} INFO - Setting next_dagrun for example_bash_operator to 2025-01-07 00:00:00+00:00, run_after=2025-01-08 00:00:00+00:00
[2025-01-07T12:03:17.159+0000] {processor.py:208} INFO - Processing /home/airflow/.local/lib/python3.12/site-packages/airflow/example_dags/example_bash_operator.py took 0.096 seconds
[2025-01-07T12:03:47.465+0000] {processor.py:186} INFO - Started process (PID=2026) to work on /home/airflow/.local/lib/python3.12/site-packages/airflow/example_dags/example_bash_operator.py
[2025-01-07T12:03:47.466+0000] {processor.py:914} INFO - Processing file /home/airflow/.local/lib/python3.12/site-packages/airflow/example_dags/example_bash_operator.py for tasks to queue
[2025-01-07T12:03:47.468+0000] {logging_mixin.py:190} INFO - [2025-01-07T12:03:47.468+0000] {dagbag.py:588} INFO - Filling up the DagBag from /home/airflow/.local/lib/python3.12/site-packages/airflow/example_dags/example_bash_operator.py
[2025-01-07T12:03:47.481+0000] {processor.py:925} INFO - DAG(s) 'example_bash_operator' retrieved from /home/airflow/.local/lib/python3.12/site-packages/airflow/example_dags/example_bash_operator.py
[2025-01-07T12:03:47.514+0000] {logging_mixin.py:190} INFO - [2025-01-07T12:03:47.514+0000] {dag.py:3239} INFO - Sync 1 DAGs
[2025-01-07T12:03:47.541+0000] {logging_mixin.py:190} INFO - [2025-01-07T12:03:47.541+0000] {dag.py:4180} INFO - Setting next_dagrun for example_bash_operator to 2025-01-07 00:00:00+00:00, run_after=2025-01-08 00:00:00+00:00
[2025-01-07T12:03:47.561+0000] {processor.py:208} INFO - Processing /home/airflow/.local/lib/python3.12/site-packages/airflow/example_dags/example_bash_operator.py took 0.102 seconds
[2025-01-07T12:04:17.805+0000] {processor.py:186} INFO - Started process (PID=2088) to work on /home/airflow/.local/lib/python3.12/site-packages/airflow/example_dags/example_bash_operator.py
[2025-01-07T12:04:17.807+0000] {processor.py:914} INFO - Processing file /home/airflow/.local/lib/python3.12/site-packages/airflow/example_dags/example_bash_operator.py for tasks to queue
[2025-01-07T12:04:17.809+0000] {logging_mixin.py:190} INFO - [2025-01-07T12:04:17.809+0000] {dagbag.py:588} INFO - Filling up the DagBag from /home/airflow/.local/lib/python3.12/site-packages/airflow/example_dags/example_bash_operator.py
[2025-01-07T12:04:17.823+0000] {processor.py:925} INFO - DAG(s) 'example_bash_operator' retrieved from /home/airflow/.local/lib/python3.12/site-packages/airflow/example_dags/example_bash_operator.py
[2025-01-07T12:04:17.852+0000] {logging_mixin.py:190} INFO - [2025-01-07T12:04:17.851+0000] {dag.py:3239} INFO - Sync 1 DAGs
[2025-01-07T12:04:17.879+0000] {logging_mixin.py:190} INFO - [2025-01-07T12:04:17.879+0000] {dag.py:4180} INFO - Setting next_dagrun for example_bash_operator to 2025-01-07 00:00:00+00:00, run_after=2025-01-08 00:00:00+00:00
[2025-01-07T12:04:17.908+0000] {processor.py:208} INFO - Processing /home/airflow/.local/lib/python3.12/site-packages/airflow/example_dags/example_bash_operator.py took 0.110 seconds
[2025-01-07T12:04:48.070+0000] {processor.py:186} INFO - Started process (PID=2151) to work on /home/airflow/.local/lib/python3.12/site-packages/airflow/example_dags/example_bash_operator.py
[2025-01-07T12:04:48.071+0000] {processor.py:914} INFO - Processing file /home/airflow/.local/lib/python3.12/site-packages/airflow/example_dags/example_bash_operator.py for tasks to queue
[2025-01-07T12:04:48.074+0000] {logging_mixin.py:190} INFO - [2025-01-07T12:04:48.074+0000] {dagbag.py:588} INFO - Filling up the DagBag from /home/airflow/.local/lib/python3.12/site-packages/airflow/example_dags/example_bash_operator.py
[2025-01-07T12:04:48.089+0000] {processor.py:925} INFO - DAG(s) 'example_bash_operator' retrieved from /home/airflow/.local/lib/python3.12/site-packages/airflow/example_dags/example_bash_operator.py
[2025-01-07T12:04:48.129+0000] {logging_mixin.py:190} INFO - [2025-01-07T12:04:48.129+0000] {dag.py:3239} INFO - Sync 1 DAGs
[2025-01-07T12:04:48.162+0000] {logging_mixin.py:190} INFO - [2025-01-07T12:04:48.162+0000] {dag.py:4180} INFO - Setting next_dagrun for example_bash_operator to 2025-01-07 00:00:00+00:00, run_after=2025-01-08 00:00:00+00:00
[2025-01-07T12:04:48.187+0000] {processor.py:208} INFO - Processing /home/airflow/.local/lib/python3.12/site-packages/airflow/example_dags/example_bash_operator.py took 0.124 seconds
[2025-01-07T12:05:18.602+0000] {processor.py:186} INFO - Started process (PID=2220) to work on /home/airflow/.local/lib/python3.12/site-packages/airflow/example_dags/example_bash_operator.py
[2025-01-07T12:05:18.604+0000] {processor.py:914} INFO - Processing file /home/airflow/.local/lib/python3.12/site-packages/airflow/example_dags/example_bash_operator.py for tasks to queue
[2025-01-07T12:05:18.607+0000] {logging_mixin.py:190} INFO - [2025-01-07T12:05:18.606+0000] {dagbag.py:588} INFO - Filling up the DagBag from /home/airflow/.local/lib/python3.12/site-packages/airflow/example_dags/example_bash_operator.py
[2025-01-07T12:05:18.623+0000] {processor.py:925} INFO - DAG(s) 'example_bash_operator' retrieved from /home/airflow/.local/lib/python3.12/site-packages/airflow/example_dags/example_bash_operator.py
[2025-01-07T12:05:18.649+0000] {logging_mixin.py:190} INFO - [2025-01-07T12:05:18.649+0000] {dag.py:3239} INFO - Sync 1 DAGs
[2025-01-07T12:05:18.674+0000] {logging_mixin.py:190} INFO - [2025-01-07T12:05:18.673+0000] {dag.py:4180} INFO - Setting next_dagrun for example_bash_operator to 2025-01-07 00:00:00+00:00, run_after=2025-01-08 00:00:00+00:00
[2025-01-07T12:05:18.694+0000] {processor.py:208} INFO - Processing /home/airflow/.local/lib/python3.12/site-packages/airflow/example_dags/example_bash_operator.py took 0.101 seconds
[2025-01-07T12:05:49.045+0000] {processor.py:186} INFO - Started process (PID=2283) to work on /home/airflow/.local/lib/python3.12/site-packages/airflow/example_dags/example_bash_operator.py
[2025-01-07T12:05:49.046+0000] {processor.py:914} INFO - Processing file /home/airflow/.local/lib/python3.12/site-packages/airflow/example_dags/example_bash_operator.py for tasks to queue
[2025-01-07T12:05:49.049+0000] {logging_mixin.py:190} INFO - [2025-01-07T12:05:49.048+0000] {dagbag.py:588} INFO - Filling up the DagBag from /home/airflow/.local/lib/python3.12/site-packages/airflow/example_dags/example_bash_operator.py
[2025-01-07T12:05:49.061+0000] {processor.py:925} INFO - DAG(s) 'example_bash_operator' retrieved from /home/airflow/.local/lib/python3.12/site-packages/airflow/example_dags/example_bash_operator.py
[2025-01-07T12:05:49.087+0000] {logging_mixin.py:190} INFO - [2025-01-07T12:05:49.087+0000] {dag.py:3239} INFO - Sync 1 DAGs
[2025-01-07T12:05:49.112+0000] {logging_mixin.py:190} INFO - [2025-01-07T12:05:49.111+0000] {dag.py:4180} INFO - Setting next_dagrun for example_bash_operator to 2025-01-07 00:00:00+00:00, run_after=2025-01-08 00:00:00+00:00
[2025-01-07T12:05:49.130+0000] {processor.py:208} INFO - Processing /home/airflow/.local/lib/python3.12/site-packages/airflow/example_dags/example_bash_operator.py took 0.092 seconds
[2025-01-07T12:06:19.498+0000] {processor.py:186} INFO - Started process (PID=2346) to work on /home/airflow/.local/lib/python3.12/site-packages/airflow/example_dags/example_bash_operator.py
[2025-01-07T12:06:19.499+0000] {processor.py:914} INFO - Processing file /home/airflow/.local/lib/python3.12/site-packages/airflow/example_dags/example_bash_operator.py for tasks to queue
[2025-01-07T12:06:19.502+0000] {logging_mixin.py:190} INFO - [2025-01-07T12:06:19.501+0000] {dagbag.py:588} INFO - Filling up the DagBag from /home/airflow/.local/lib/python3.12/site-packages/airflow/example_dags/example_bash_operator.py
[2025-01-07T12:06:19.518+0000] {processor.py:925} INFO - DAG(s) 'example_bash_operator' retrieved from /home/airflow/.local/lib/python3.12/site-packages/airflow/example_dags/example_bash_operator.py
[2025-01-07T12:06:19.551+0000] {logging_mixin.py:190} INFO - [2025-01-07T12:06:19.551+0000] {dag.py:3239} INFO - Sync 1 DAGs
[2025-01-07T12:06:19.596+0000] {logging_mixin.py:190} INFO - [2025-01-07T12:06:19.596+0000] {dag.py:4180} INFO - Setting next_dagrun for example_bash_operator to 2025-01-07 00:00:00+00:00, run_after=2025-01-08 00:00:00+00:00
[2025-01-07T12:06:19.636+0000] {processor.py:208} INFO - Processing /home/airflow/.local/lib/python3.12/site-packages/airflow/example_dags/example_bash_operator.py took 0.145 seconds
[2025-01-07T12:06:50.306+0000] {processor.py:186} INFO - Started process (PID=2409) to work on /home/airflow/.local/lib/python3.12/site-packages/airflow/example_dags/example_bash_operator.py
[2025-01-07T12:06:50.307+0000] {processor.py:914} INFO - Processing file /home/airflow/.local/lib/python3.12/site-packages/airflow/example_dags/example_bash_operator.py for tasks to queue
[2025-01-07T12:06:50.310+0000] {logging_mixin.py:190} INFO - [2025-01-07T12:06:50.310+0000] {dagbag.py:588} INFO - Filling up the DagBag from /home/airflow/.local/lib/python3.12/site-packages/airflow/example_dags/example_bash_operator.py
[2025-01-07T12:06:50.323+0000] {processor.py:925} INFO - DAG(s) 'example_bash_operator' retrieved from /home/airflow/.local/lib/python3.12/site-packages/airflow/example_dags/example_bash_operator.py
[2025-01-07T12:06:50.352+0000] {logging_mixin.py:190} INFO - [2025-01-07T12:06:50.352+0000] {dag.py:3239} INFO - Sync 1 DAGs
[2025-01-07T12:06:50.379+0000] {logging_mixin.py:190} INFO - [2025-01-07T12:06:50.379+0000] {dag.py:4180} INFO - Setting next_dagrun for example_bash_operator to 2025-01-07 00:00:00+00:00, run_after=2025-01-08 00:00:00+00:00
[2025-01-07T12:06:50.400+0000] {processor.py:208} INFO - Processing /home/airflow/.local/lib/python3.12/site-packages/airflow/example_dags/example_bash_operator.py took 0.103 seconds
[2025-01-07T12:07:20.540+0000] {processor.py:186} INFO - Started process (PID=2473) to work on /home/airflow/.local/lib/python3.12/site-packages/airflow/example_dags/example_bash_operator.py
[2025-01-07T12:07:20.541+0000] {processor.py:914} INFO - Processing file /home/airflow/.local/lib/python3.12/site-packages/airflow/example_dags/example_bash_operator.py for tasks to queue
[2025-01-07T12:07:20.543+0000] {logging_mixin.py:190} INFO - [2025-01-07T12:07:20.543+0000] {dagbag.py:588} INFO - Filling up the DagBag from /home/airflow/.local/lib/python3.12/site-packages/airflow/example_dags/example_bash_operator.py
[2025-01-07T12:07:20.559+0000] {processor.py:925} INFO - DAG(s) 'example_bash_operator' retrieved from /home/airflow/.local/lib/python3.12/site-packages/airflow/example_dags/example_bash_operator.py
[2025-01-07T12:07:20.589+0000] {logging_mixin.py:190} INFO - [2025-01-07T12:07:20.589+0000] {dag.py:3239} INFO - Sync 1 DAGs
[2025-01-07T12:07:20.615+0000] {logging_mixin.py:190} INFO - [2025-01-07T12:07:20.615+0000] {dag.py:4180} INFO - Setting next_dagrun for example_bash_operator to 2025-01-07 00:00:00+00:00, run_after=2025-01-08 00:00:00+00:00
[2025-01-07T12:07:20.633+0000] {processor.py:208} INFO - Processing /home/airflow/.local/lib/python3.12/site-packages/airflow/example_dags/example_bash_operator.py took 0.099 seconds
[2025-01-07T12:07:50.733+0000] {processor.py:186} INFO - Started process (PID=2533) to work on /home/airflow/.local/lib/python3.12/site-packages/airflow/example_dags/example_bash_operator.py
[2025-01-07T12:07:50.735+0000] {processor.py:914} INFO - Processing file /home/airflow/.local/lib/python3.12/site-packages/airflow/example_dags/example_bash_operator.py for tasks to queue
[2025-01-07T12:07:50.738+0000] {logging_mixin.py:190} INFO - [2025-01-07T12:07:50.738+0000] {dagbag.py:588} INFO - Filling up the DagBag from /home/airflow/.local/lib/python3.12/site-packages/airflow/example_dags/example_bash_operator.py
[2025-01-07T12:07:50.752+0000] {processor.py:925} INFO - DAG(s) 'example_bash_operator' retrieved from /home/airflow/.local/lib/python3.12/site-packages/airflow/example_dags/example_bash_operator.py
[2025-01-07T12:07:50.784+0000] {logging_mixin.py:190} INFO - [2025-01-07T12:07:50.783+0000] {dag.py:3239} INFO - Sync 1 DAGs
[2025-01-07T12:07:50.813+0000] {logging_mixin.py:190} INFO - [2025-01-07T12:07:50.812+0000] {dag.py:4180} INFO - Setting next_dagrun for example_bash_operator to 2025-01-07 00:00:00+00:00, run_after=2025-01-08 00:00:00+00:00
[2025-01-07T12:07:50.831+0000] {processor.py:208} INFO - Processing /home/airflow/.local/lib/python3.12/site-packages/airflow/example_dags/example_bash_operator.py took 0.104 seconds
[2025-01-07T12:08:20.898+0000] {processor.py:186} INFO - Started process (PID=2597) to work on /home/airflow/.local/lib/python3.12/site-packages/airflow/example_dags/example_bash_operator.py
[2025-01-07T12:08:20.900+0000] {processor.py:914} INFO - Processing file /home/airflow/.local/lib/python3.12/site-packages/airflow/example_dags/example_bash_operator.py for tasks to queue
[2025-01-07T12:08:20.902+0000] {logging_mixin.py:190} INFO - [2025-01-07T12:08:20.902+0000] {dagbag.py:588} INFO - Filling up the DagBag from /home/airflow/.local/lib/python3.12/site-packages/airflow/example_dags/example_bash_operator.py
[2025-01-07T12:08:20.915+0000] {processor.py:925} INFO - DAG(s) 'example_bash_operator' retrieved from /home/airflow/.local/lib/python3.12/site-packages/airflow/example_dags/example_bash_operator.py
[2025-01-07T12:08:20.946+0000] {logging_mixin.py:190} INFO - [2025-01-07T12:08:20.945+0000] {dag.py:3239} INFO - Sync 1 DAGs
[2025-01-07T12:08:20.983+0000] {logging_mixin.py:190} INFO - [2025-01-07T12:08:20.982+0000] {dag.py:4180} INFO - Setting next_dagrun for example_bash_operator to 2025-01-07 00:00:00+00:00, run_after=2025-01-08 00:00:00+00:00
[2025-01-07T12:08:21.010+0000] {processor.py:208} INFO - Processing /home/airflow/.local/lib/python3.12/site-packages/airflow/example_dags/example_bash_operator.py took 0.117 seconds
[2025-01-07T12:08:51.390+0000] {processor.py:186} INFO - Started process (PID=2660) to work on /home/airflow/.local/lib/python3.12/site-packages/airflow/example_dags/example_bash_operator.py
[2025-01-07T12:08:51.391+0000] {processor.py:914} INFO - Processing file /home/airflow/.local/lib/python3.12/site-packages/airflow/example_dags/example_bash_operator.py for tasks to queue
[2025-01-07T12:08:51.397+0000] {logging_mixin.py:190} INFO - [2025-01-07T12:08:51.396+0000] {dagbag.py:588} INFO - Filling up the DagBag from /home/airflow/.local/lib/python3.12/site-packages/airflow/example_dags/example_bash_operator.py
[2025-01-07T12:08:51.420+0000] {processor.py:925} INFO - DAG(s) 'example_bash_operator' retrieved from /home/airflow/.local/lib/python3.12/site-packages/airflow/example_dags/example_bash_operator.py
[2025-01-07T12:08:51.458+0000] {logging_mixin.py:190} INFO - [2025-01-07T12:08:51.457+0000] {dag.py:3239} INFO - Sync 1 DAGs
[2025-01-07T12:08:51.486+0000] {logging_mixin.py:190} INFO - [2025-01-07T12:08:51.486+0000] {dag.py:4180} INFO - Setting next_dagrun for example_bash_operator to 2025-01-07 00:00:00+00:00, run_after=2025-01-08 00:00:00+00:00
[2025-01-07T12:08:51.510+0000] {processor.py:208} INFO - Processing /home/airflow/.local/lib/python3.12/site-packages/airflow/example_dags/example_bash_operator.py took 0.129 seconds
[2025-01-07T12:09:21.770+0000] {processor.py:186} INFO - Started process (PID=2723) to work on /home/airflow/.local/lib/python3.12/site-packages/airflow/example_dags/example_bash_operator.py
[2025-01-07T12:09:21.771+0000] {processor.py:914} INFO - Processing file /home/airflow/.local/lib/python3.12/site-packages/airflow/example_dags/example_bash_operator.py for tasks to queue
[2025-01-07T12:09:21.775+0000] {logging_mixin.py:190} INFO - [2025-01-07T12:09:21.774+0000] {dagbag.py:588} INFO - Filling up the DagBag from /home/airflow/.local/lib/python3.12/site-packages/airflow/example_dags/example_bash_operator.py
[2025-01-07T12:09:21.799+0000] {processor.py:925} INFO - DAG(s) 'example_bash_operator' retrieved from /home/airflow/.local/lib/python3.12/site-packages/airflow/example_dags/example_bash_operator.py
[2025-01-07T12:09:21.843+0000] {logging_mixin.py:190} INFO - [2025-01-07T12:09:21.842+0000] {dag.py:3239} INFO - Sync 1 DAGs
[2025-01-07T12:09:21.887+0000] {logging_mixin.py:190} INFO - [2025-01-07T12:09:21.887+0000] {dag.py:4180} INFO - Setting next_dagrun for example_bash_operator to 2025-01-07 00:00:00+00:00, run_after=2025-01-08 00:00:00+00:00
[2025-01-07T12:09:21.947+0000] {processor.py:208} INFO - Processing /home/airflow/.local/lib/python3.12/site-packages/airflow/example_dags/example_bash_operator.py took 0.184 seconds
[2025-01-07T12:09:52.205+0000] {processor.py:186} INFO - Started process (PID=2786) to work on /home/airflow/.local/lib/python3.12/site-packages/airflow/example_dags/example_bash_operator.py
[2025-01-07T12:09:52.207+0000] {processor.py:914} INFO - Processing file /home/airflow/.local/lib/python3.12/site-packages/airflow/example_dags/example_bash_operator.py for tasks to queue
[2025-01-07T12:09:52.211+0000] {logging_mixin.py:190} INFO - [2025-01-07T12:09:52.211+0000] {dagbag.py:588} INFO - Filling up the DagBag from /home/airflow/.local/lib/python3.12/site-packages/airflow/example_dags/example_bash_operator.py
[2025-01-07T12:09:52.240+0000] {processor.py:925} INFO - DAG(s) 'example_bash_operator' retrieved from /home/airflow/.local/lib/python3.12/site-packages/airflow/example_dags/example_bash_operator.py
[2025-01-07T12:09:52.301+0000] {logging_mixin.py:190} INFO - [2025-01-07T12:09:52.301+0000] {dag.py:3239} INFO - Sync 1 DAGs
[2025-01-07T12:09:52.364+0000] {logging_mixin.py:190} INFO - [2025-01-07T12:09:52.363+0000] {dag.py:4180} INFO - Setting next_dagrun for example_bash_operator to 2025-01-07 00:00:00+00:00, run_after=2025-01-08 00:00:00+00:00
[2025-01-07T12:09:52.401+0000] {processor.py:208} INFO - Processing /home/airflow/.local/lib/python3.12/site-packages/airflow/example_dags/example_bash_operator.py took 0.206 seconds
[2025-01-07T12:10:22.785+0000] {processor.py:186} INFO - Started process (PID=2850) to work on /home/airflow/.local/lib/python3.12/site-packages/airflow/example_dags/example_bash_operator.py
[2025-01-07T12:10:22.787+0000] {processor.py:914} INFO - Processing file /home/airflow/.local/lib/python3.12/site-packages/airflow/example_dags/example_bash_operator.py for tasks to queue
[2025-01-07T12:10:22.790+0000] {logging_mixin.py:190} INFO - [2025-01-07T12:10:22.789+0000] {dagbag.py:588} INFO - Filling up the DagBag from /home/airflow/.local/lib/python3.12/site-packages/airflow/example_dags/example_bash_operator.py
[2025-01-07T12:10:22.804+0000] {processor.py:925} INFO - DAG(s) 'example_bash_operator' retrieved from /home/airflow/.local/lib/python3.12/site-packages/airflow/example_dags/example_bash_operator.py
[2025-01-07T12:10:22.833+0000] {logging_mixin.py:190} INFO - [2025-01-07T12:10:22.833+0000] {dag.py:3239} INFO - Sync 1 DAGs
[2025-01-07T12:10:22.859+0000] {logging_mixin.py:190} INFO - [2025-01-07T12:10:22.859+0000] {dag.py:4180} INFO - Setting next_dagrun for example_bash_operator to 2025-01-07 00:00:00+00:00, run_after=2025-01-08 00:00:00+00:00
[2025-01-07T12:10:22.881+0000] {processor.py:208} INFO - Processing /home/airflow/.local/lib/python3.12/site-packages/airflow/example_dags/example_bash_operator.py took 0.102 seconds
[2025-01-07T12:10:53.074+0000] {processor.py:186} INFO - Started process (PID=2914) to work on /home/airflow/.local/lib/python3.12/site-packages/airflow/example_dags/example_bash_operator.py
[2025-01-07T12:10:53.076+0000] {processor.py:914} INFO - Processing file /home/airflow/.local/lib/python3.12/site-packages/airflow/example_dags/example_bash_operator.py for tasks to queue
[2025-01-07T12:10:53.079+0000] {logging_mixin.py:190} INFO - [2025-01-07T12:10:53.078+0000] {dagbag.py:588} INFO - Filling up the DagBag from /home/airflow/.local/lib/python3.12/site-packages/airflow/example_dags/example_bash_operator.py
[2025-01-07T12:10:53.096+0000] {processor.py:925} INFO - DAG(s) 'example_bash_operator' retrieved from /home/airflow/.local/lib/python3.12/site-packages/airflow/example_dags/example_bash_operator.py
[2025-01-07T12:10:53.129+0000] {logging_mixin.py:190} INFO - [2025-01-07T12:10:53.128+0000] {dag.py:3239} INFO - Sync 1 DAGs
[2025-01-07T12:10:53.156+0000] {logging_mixin.py:190} INFO - [2025-01-07T12:10:53.155+0000] {dag.py:4180} INFO - Setting next_dagrun for example_bash_operator to 2025-01-07 00:00:00+00:00, run_after=2025-01-08 00:00:00+00:00
[2025-01-07T12:10:53.177+0000] {processor.py:208} INFO - Processing /home/airflow/.local/lib/python3.12/site-packages/airflow/example_dags/example_bash_operator.py took 0.109 seconds
[2025-01-07T12:11:23.839+0000] {processor.py:186} INFO - Started process (PID=2977) to work on /home/airflow/.local/lib/python3.12/site-packages/airflow/example_dags/example_bash_operator.py
[2025-01-07T12:11:23.841+0000] {processor.py:914} INFO - Processing file /home/airflow/.local/lib/python3.12/site-packages/airflow/example_dags/example_bash_operator.py for tasks to queue
[2025-01-07T12:11:23.845+0000] {logging_mixin.py:190} INFO - [2025-01-07T12:11:23.844+0000] {dagbag.py:588} INFO - Filling up the DagBag from /home/airflow/.local/lib/python3.12/site-packages/airflow/example_dags/example_bash_operator.py
[2025-01-07T12:11:23.864+0000] {processor.py:925} INFO - DAG(s) 'example_bash_operator' retrieved from /home/airflow/.local/lib/python3.12/site-packages/airflow/example_dags/example_bash_operator.py
[2025-01-07T12:11:23.905+0000] {logging_mixin.py:190} INFO - [2025-01-07T12:11:23.905+0000] {dag.py:3239} INFO - Sync 1 DAGs
[2025-01-07T12:11:23.947+0000] {logging_mixin.py:190} INFO - [2025-01-07T12:11:23.947+0000] {dag.py:4180} INFO - Setting next_dagrun for example_bash_operator to 2025-01-07 00:00:00+00:00, run_after=2025-01-08 00:00:00+00:00
[2025-01-07T12:11:23.978+0000] {processor.py:208} INFO - Processing /home/airflow/.local/lib/python3.12/site-packages/airflow/example_dags/example_bash_operator.py took 0.148 seconds
[2025-01-07T12:11:54.680+0000] {processor.py:186} INFO - Started process (PID=3040) to work on /home/airflow/.local/lib/python3.12/site-packages/airflow/example_dags/example_bash_operator.py
[2025-01-07T12:11:54.682+0000] {processor.py:914} INFO - Processing file /home/airflow/.local/lib/python3.12/site-packages/airflow/example_dags/example_bash_operator.py for tasks to queue
[2025-01-07T12:11:54.685+0000] {logging_mixin.py:190} INFO - [2025-01-07T12:11:54.685+0000] {dagbag.py:588} INFO - Filling up the DagBag from /home/airflow/.local/lib/python3.12/site-packages/airflow/example_dags/example_bash_operator.py
[2025-01-07T12:11:54.699+0000] {processor.py:925} INFO - DAG(s) 'example_bash_operator' retrieved from /home/airflow/.local/lib/python3.12/site-packages/airflow/example_dags/example_bash_operator.py
[2025-01-07T12:11:54.730+0000] {logging_mixin.py:190} INFO - [2025-01-07T12:11:54.729+0000] {dag.py:3239} INFO - Sync 1 DAGs
[2025-01-07T12:11:54.767+0000] {logging_mixin.py:190} INFO - [2025-01-07T12:11:54.767+0000] {dag.py:4180} INFO - Setting next_dagrun for example_bash_operator to 2025-01-07 00:00:00+00:00, run_after=2025-01-08 00:00:00+00:00
[2025-01-07T12:11:54.789+0000] {processor.py:208} INFO - Processing /home/airflow/.local/lib/python3.12/site-packages/airflow/example_dags/example_bash_operator.py took 0.114 seconds
[2025-01-07T12:12:25.223+0000] {processor.py:186} INFO - Started process (PID=3103) to work on /home/airflow/.local/lib/python3.12/site-packages/airflow/example_dags/example_bash_operator.py
[2025-01-07T12:12:25.225+0000] {processor.py:914} INFO - Processing file /home/airflow/.local/lib/python3.12/site-packages/airflow/example_dags/example_bash_operator.py for tasks to queue
[2025-01-07T12:12:25.228+0000] {logging_mixin.py:190} INFO - [2025-01-07T12:12:25.228+0000] {dagbag.py:588} INFO - Filling up the DagBag from /home/airflow/.local/lib/python3.12/site-packages/airflow/example_dags/example_bash_operator.py
[2025-01-07T12:12:25.243+0000] {processor.py:925} INFO - DAG(s) 'example_bash_operator' retrieved from /home/airflow/.local/lib/python3.12/site-packages/airflow/example_dags/example_bash_operator.py
[2025-01-07T12:12:25.278+0000] {logging_mixin.py:190} INFO - [2025-01-07T12:12:25.278+0000] {dag.py:3239} INFO - Sync 1 DAGs
[2025-01-07T12:12:25.308+0000] {logging_mixin.py:190} INFO - [2025-01-07T12:12:25.308+0000] {dag.py:4180} INFO - Setting next_dagrun for example_bash_operator to 2025-01-07 00:00:00+00:00, run_after=2025-01-08 00:00:00+00:00
[2025-01-07T12:12:25.541+0000] {processor.py:208} INFO - Processing /home/airflow/.local/lib/python3.12/site-packages/airflow/example_dags/example_bash_operator.py took 0.324 seconds
[2025-01-07T12:43:10.937+0000] {processor.py:186} INFO - Started process (PID=3175) to work on /home/airflow/.local/lib/python3.12/site-packages/airflow/example_dags/example_bash_operator.py
[2025-01-07T12:43:10.939+0000] {processor.py:914} INFO - Processing file /home/airflow/.local/lib/python3.12/site-packages/airflow/example_dags/example_bash_operator.py for tasks to queue
[2025-01-07T12:43:10.950+0000] {logging_mixin.py:190} INFO - [2025-01-07T12:43:10.949+0000] {dagbag.py:588} INFO - Filling up the DagBag from /home/airflow/.local/lib/python3.12/site-packages/airflow/example_dags/example_bash_operator.py
[2025-01-07T12:43:10.977+0000] {processor.py:925} INFO - DAG(s) 'example_bash_operator' retrieved from /home/airflow/.local/lib/python3.12/site-packages/airflow/example_dags/example_bash_operator.py
[2025-01-07T12:43:11.037+0000] {logging_mixin.py:190} INFO - [2025-01-07T12:43:11.036+0000] {dag.py:3239} INFO - Sync 1 DAGs
[2025-01-07T12:43:11.680+0000] {logging_mixin.py:190} INFO - [2025-01-07T12:43:11.679+0000] {dag.py:4180} INFO - Setting next_dagrun for example_bash_operator to 2025-01-07 00:00:00+00:00, run_after=2025-01-08 00:00:00+00:00
[2025-01-07T12:43:11.734+0000] {processor.py:208} INFO - Processing /home/airflow/.local/lib/python3.12/site-packages/airflow/example_dags/example_bash_operator.py took 0.808 seconds
