[2025-01-07T11:47:23.220+0000] {processor.py:186} INFO - Started process (PID=51) to work on /home/airflow/.local/lib/python3.12/site-packages/airflow/example_dags/example_branch_operator.py
[2025-01-07T11:47:23.221+0000] {processor.py:914} INFO - Processing file /home/airflow/.local/lib/python3.12/site-packages/airflow/example_dags/example_branch_operator.py for tasks to queue
[2025-01-07T11:47:23.224+0000] {logging_mixin.py:190} INFO - [2025-01-07T11:47:23.223+0000] {dagbag.py:588} INFO - Filling up the DagBag from /home/airflow/.local/lib/python3.12/site-packages/airflow/example_dags/example_branch_operator.py
[2025-01-07T11:47:23.268+0000] {processor.py:925} INFO - DAG(s) 'example_branch_operator' retrieved from /home/airflow/.local/lib/python3.12/site-packages/airflow/example_dags/example_branch_operator.py
[2025-01-07T11:47:23.405+0000] {logging_mixin.py:190} INFO - [2025-01-07T11:47:23.404+0000] {override.py:1911} INFO - Created Permission View: can read on DAG:example_branch_operator
[2025-01-07T11:47:23.417+0000] {logging_mixin.py:190} INFO - [2025-01-07T11:47:23.416+0000] {override.py:1911} INFO - Created Permission View: can delete on DAG:example_branch_operator
[2025-01-07T11:47:23.426+0000] {logging_mixin.py:190} INFO - [2025-01-07T11:47:23.425+0000] {override.py:1911} INFO - Created Permission View: can edit on DAG:example_branch_operator
[2025-01-07T11:47:23.437+0000] {logging_mixin.py:190} INFO - [2025-01-07T11:47:23.437+0000] {override.py:1911} INFO - Created Permission View: menu access on DAG Run:example_branch_operator
[2025-01-07T11:47:23.445+0000] {logging_mixin.py:190} INFO - [2025-01-07T11:47:23.445+0000] {override.py:1911} INFO - Created Permission View: can read on DAG Run:example_branch_operator
[2025-01-07T11:47:23.454+0000] {logging_mixin.py:190} INFO - [2025-01-07T11:47:23.453+0000] {override.py:1911} INFO - Created Permission View: can delete on DAG Run:example_branch_operator
[2025-01-07T11:47:23.464+0000] {logging_mixin.py:190} INFO - [2025-01-07T11:47:23.464+0000] {override.py:1911} INFO - Created Permission View: can create on DAG Run:example_branch_operator
[2025-01-07T11:47:23.465+0000] {logging_mixin.py:190} INFO - [2025-01-07T11:47:23.465+0000] {dag.py:3239} INFO - Sync 1 DAGs
[2025-01-07T11:47:23.484+0000] {logging_mixin.py:190} INFO - [2025-01-07T11:47:23.484+0000] {dag.py:3262} INFO - Creating ORM DAG for example_branch_operator
[2025-01-07T11:47:23.501+0000] {logging_mixin.py:190} INFO - [2025-01-07T11:47:23.501+0000] {dag.py:4180} INFO - Setting next_dagrun for example_branch_operator to 2025-01-06 00:00:00+00:00, run_after=2025-01-07 00:00:00+00:00
[2025-01-07T11:47:23.535+0000] {processor.py:208} INFO - Processing /home/airflow/.local/lib/python3.12/site-packages/airflow/example_dags/example_branch_operator.py took 0.324 seconds
[2025-01-07T11:48:15.888+0000] {processor.py:186} INFO - Started process (PID=120) to work on /home/airflow/.local/lib/python3.12/site-packages/airflow/example_dags/example_branch_operator.py
[2025-01-07T11:48:15.901+0000] {processor.py:914} INFO - Processing file /home/airflow/.local/lib/python3.12/site-packages/airflow/example_dags/example_branch_operator.py for tasks to queue
[2025-01-07T11:48:15.904+0000] {logging_mixin.py:190} INFO - [2025-01-07T11:48:15.904+0000] {dagbag.py:588} INFO - Filling up the DagBag from /home/airflow/.local/lib/python3.12/site-packages/airflow/example_dags/example_branch_operator.py
[2025-01-07T11:48:15.933+0000] {processor.py:925} INFO - DAG(s) 'example_branch_operator' retrieved from /home/airflow/.local/lib/python3.12/site-packages/airflow/example_dags/example_branch_operator.py
[2025-01-07T11:48:15.965+0000] {logging_mixin.py:190} INFO - [2025-01-07T11:48:15.965+0000] {dag.py:3239} INFO - Sync 1 DAGs
[2025-01-07T11:48:16.009+0000] {logging_mixin.py:190} INFO - [2025-01-07T11:48:16.009+0000] {dag.py:4180} INFO - Setting next_dagrun for example_branch_operator to 2025-01-06 00:00:00+00:00, run_after=2025-01-07 00:00:00+00:00
[2025-01-07T11:48:16.146+0000] {processor.py:208} INFO - Processing /home/airflow/.local/lib/python3.12/site-packages/airflow/example_dags/example_branch_operator.py took 0.271 seconds
[2025-01-07T11:48:46.743+0000] {processor.py:186} INFO - Started process (PID=184) to work on /home/airflow/.local/lib/python3.12/site-packages/airflow/example_dags/example_branch_operator.py
[2025-01-07T11:48:46.744+0000] {processor.py:914} INFO - Processing file /home/airflow/.local/lib/python3.12/site-packages/airflow/example_dags/example_branch_operator.py for tasks to queue
[2025-01-07T11:48:46.747+0000] {logging_mixin.py:190} INFO - [2025-01-07T11:48:46.747+0000] {dagbag.py:588} INFO - Filling up the DagBag from /home/airflow/.local/lib/python3.12/site-packages/airflow/example_dags/example_branch_operator.py
[2025-01-07T11:48:46.770+0000] {processor.py:925} INFO - DAG(s) 'example_branch_operator' retrieved from /home/airflow/.local/lib/python3.12/site-packages/airflow/example_dags/example_branch_operator.py
[2025-01-07T11:48:46.810+0000] {logging_mixin.py:190} INFO - [2025-01-07T11:48:46.809+0000] {dag.py:3239} INFO - Sync 1 DAGs
[2025-01-07T11:48:46.842+0000] {logging_mixin.py:190} INFO - [2025-01-07T11:48:46.841+0000] {dag.py:4180} INFO - Setting next_dagrun for example_branch_operator to 2025-01-06 00:00:00+00:00, run_after=2025-01-07 00:00:00+00:00
[2025-01-07T11:48:46.869+0000] {processor.py:208} INFO - Processing /home/airflow/.local/lib/python3.12/site-packages/airflow/example_dags/example_branch_operator.py took 0.133 seconds
[2025-01-07T11:49:17.281+0000] {processor.py:186} INFO - Started process (PID=247) to work on /home/airflow/.local/lib/python3.12/site-packages/airflow/example_dags/example_branch_operator.py
[2025-01-07T11:49:17.282+0000] {processor.py:914} INFO - Processing file /home/airflow/.local/lib/python3.12/site-packages/airflow/example_dags/example_branch_operator.py for tasks to queue
[2025-01-07T11:49:17.284+0000] {logging_mixin.py:190} INFO - [2025-01-07T11:49:17.284+0000] {dagbag.py:588} INFO - Filling up the DagBag from /home/airflow/.local/lib/python3.12/site-packages/airflow/example_dags/example_branch_operator.py
[2025-01-07T11:49:17.301+0000] {processor.py:925} INFO - DAG(s) 'example_branch_operator' retrieved from /home/airflow/.local/lib/python3.12/site-packages/airflow/example_dags/example_branch_operator.py
[2025-01-07T11:49:17.328+0000] {logging_mixin.py:190} INFO - [2025-01-07T11:49:17.327+0000] {dag.py:3239} INFO - Sync 1 DAGs
[2025-01-07T11:49:17.351+0000] {logging_mixin.py:190} INFO - [2025-01-07T11:49:17.350+0000] {dag.py:4180} INFO - Setting next_dagrun for example_branch_operator to 2025-01-06 00:00:00+00:00, run_after=2025-01-07 00:00:00+00:00
[2025-01-07T11:49:17.370+0000] {processor.py:208} INFO - Processing /home/airflow/.local/lib/python3.12/site-packages/airflow/example_dags/example_branch_operator.py took 0.094 seconds
[2025-01-07T11:49:47.424+0000] {processor.py:186} INFO - Started process (PID=309) to work on /home/airflow/.local/lib/python3.12/site-packages/airflow/example_dags/example_branch_operator.py
[2025-01-07T11:49:47.425+0000] {processor.py:914} INFO - Processing file /home/airflow/.local/lib/python3.12/site-packages/airflow/example_dags/example_branch_operator.py for tasks to queue
[2025-01-07T11:49:47.427+0000] {logging_mixin.py:190} INFO - [2025-01-07T11:49:47.427+0000] {dagbag.py:588} INFO - Filling up the DagBag from /home/airflow/.local/lib/python3.12/site-packages/airflow/example_dags/example_branch_operator.py
[2025-01-07T11:49:47.447+0000] {processor.py:925} INFO - DAG(s) 'example_branch_operator' retrieved from /home/airflow/.local/lib/python3.12/site-packages/airflow/example_dags/example_branch_operator.py
[2025-01-07T11:49:47.474+0000] {logging_mixin.py:190} INFO - [2025-01-07T11:49:47.474+0000] {dag.py:3239} INFO - Sync 1 DAGs
[2025-01-07T11:49:47.497+0000] {logging_mixin.py:190} INFO - [2025-01-07T11:49:47.497+0000] {dag.py:4180} INFO - Setting next_dagrun for example_branch_operator to 2025-01-06 00:00:00+00:00, run_after=2025-01-07 00:00:00+00:00
[2025-01-07T11:49:47.515+0000] {processor.py:208} INFO - Processing /home/airflow/.local/lib/python3.12/site-packages/airflow/example_dags/example_branch_operator.py took 0.098 seconds
[2025-01-07T11:50:17.892+0000] {processor.py:186} INFO - Started process (PID=371) to work on /home/airflow/.local/lib/python3.12/site-packages/airflow/example_dags/example_branch_operator.py
[2025-01-07T11:50:17.893+0000] {processor.py:914} INFO - Processing file /home/airflow/.local/lib/python3.12/site-packages/airflow/example_dags/example_branch_operator.py for tasks to queue
[2025-01-07T11:50:17.896+0000] {logging_mixin.py:190} INFO - [2025-01-07T11:50:17.896+0000] {dagbag.py:588} INFO - Filling up the DagBag from /home/airflow/.local/lib/python3.12/site-packages/airflow/example_dags/example_branch_operator.py
[2025-01-07T11:50:17.915+0000] {processor.py:925} INFO - DAG(s) 'example_branch_operator' retrieved from /home/airflow/.local/lib/python3.12/site-packages/airflow/example_dags/example_branch_operator.py
[2025-01-07T11:50:17.952+0000] {logging_mixin.py:190} INFO - [2025-01-07T11:50:17.952+0000] {dag.py:3239} INFO - Sync 1 DAGs
[2025-01-07T11:50:17.988+0000] {logging_mixin.py:190} INFO - [2025-01-07T11:50:17.987+0000] {dag.py:4180} INFO - Setting next_dagrun for example_branch_operator to 2025-01-06 00:00:00+00:00, run_after=2025-01-07 00:00:00+00:00
[2025-01-07T11:50:18.016+0000] {processor.py:208} INFO - Processing /home/airflow/.local/lib/python3.12/site-packages/airflow/example_dags/example_branch_operator.py took 0.131 seconds
[2025-01-07T11:50:48.204+0000] {processor.py:186} INFO - Started process (PID=434) to work on /home/airflow/.local/lib/python3.12/site-packages/airflow/example_dags/example_branch_operator.py
[2025-01-07T11:50:48.205+0000] {processor.py:914} INFO - Processing file /home/airflow/.local/lib/python3.12/site-packages/airflow/example_dags/example_branch_operator.py for tasks to queue
[2025-01-07T11:50:48.208+0000] {logging_mixin.py:190} INFO - [2025-01-07T11:50:48.207+0000] {dagbag.py:588} INFO - Filling up the DagBag from /home/airflow/.local/lib/python3.12/site-packages/airflow/example_dags/example_branch_operator.py
[2025-01-07T11:50:48.229+0000] {processor.py:925} INFO - DAG(s) 'example_branch_operator' retrieved from /home/airflow/.local/lib/python3.12/site-packages/airflow/example_dags/example_branch_operator.py
[2025-01-07T11:50:48.262+0000] {logging_mixin.py:190} INFO - [2025-01-07T11:50:48.261+0000] {dag.py:3239} INFO - Sync 1 DAGs
[2025-01-07T11:50:48.288+0000] {logging_mixin.py:190} INFO - [2025-01-07T11:50:48.288+0000] {dag.py:4180} INFO - Setting next_dagrun for example_branch_operator to 2025-01-06 00:00:00+00:00, run_after=2025-01-07 00:00:00+00:00
[2025-01-07T11:50:48.314+0000] {processor.py:208} INFO - Processing /home/airflow/.local/lib/python3.12/site-packages/airflow/example_dags/example_branch_operator.py took 0.118 seconds
[2025-01-07T11:51:18.436+0000] {processor.py:186} INFO - Started process (PID=497) to work on /home/airflow/.local/lib/python3.12/site-packages/airflow/example_dags/example_branch_operator.py
[2025-01-07T11:51:18.437+0000] {processor.py:914} INFO - Processing file /home/airflow/.local/lib/python3.12/site-packages/airflow/example_dags/example_branch_operator.py for tasks to queue
[2025-01-07T11:51:18.440+0000] {logging_mixin.py:190} INFO - [2025-01-07T11:51:18.440+0000] {dagbag.py:588} INFO - Filling up the DagBag from /home/airflow/.local/lib/python3.12/site-packages/airflow/example_dags/example_branch_operator.py
[2025-01-07T11:51:18.458+0000] {processor.py:925} INFO - DAG(s) 'example_branch_operator' retrieved from /home/airflow/.local/lib/python3.12/site-packages/airflow/example_dags/example_branch_operator.py
[2025-01-07T11:51:18.484+0000] {logging_mixin.py:190} INFO - [2025-01-07T11:51:18.484+0000] {dag.py:3239} INFO - Sync 1 DAGs
[2025-01-07T11:51:18.509+0000] {logging_mixin.py:190} INFO - [2025-01-07T11:51:18.509+0000] {dag.py:4180} INFO - Setting next_dagrun for example_branch_operator to 2025-01-06 00:00:00+00:00, run_after=2025-01-07 00:00:00+00:00
[2025-01-07T11:51:18.531+0000] {processor.py:208} INFO - Processing /home/airflow/.local/lib/python3.12/site-packages/airflow/example_dags/example_branch_operator.py took 0.101 seconds
[2025-01-07T11:51:49.092+0000] {processor.py:186} INFO - Started process (PID=560) to work on /home/airflow/.local/lib/python3.12/site-packages/airflow/example_dags/example_branch_operator.py
[2025-01-07T11:51:49.094+0000] {processor.py:914} INFO - Processing file /home/airflow/.local/lib/python3.12/site-packages/airflow/example_dags/example_branch_operator.py for tasks to queue
[2025-01-07T11:51:49.096+0000] {logging_mixin.py:190} INFO - [2025-01-07T11:51:49.096+0000] {dagbag.py:588} INFO - Filling up the DagBag from /home/airflow/.local/lib/python3.12/site-packages/airflow/example_dags/example_branch_operator.py
[2025-01-07T11:51:49.116+0000] {processor.py:925} INFO - DAG(s) 'example_branch_operator' retrieved from /home/airflow/.local/lib/python3.12/site-packages/airflow/example_dags/example_branch_operator.py
[2025-01-07T11:51:49.148+0000] {logging_mixin.py:190} INFO - [2025-01-07T11:51:49.148+0000] {dag.py:3239} INFO - Sync 1 DAGs
[2025-01-07T11:51:49.175+0000] {logging_mixin.py:190} INFO - [2025-01-07T11:51:49.175+0000] {dag.py:4180} INFO - Setting next_dagrun for example_branch_operator to 2025-01-06 00:00:00+00:00, run_after=2025-01-07 00:00:00+00:00
[2025-01-07T11:51:49.195+0000] {processor.py:208} INFO - Processing /home/airflow/.local/lib/python3.12/site-packages/airflow/example_dags/example_branch_operator.py took 0.109 seconds
[2025-01-07T11:52:19.376+0000] {processor.py:186} INFO - Started process (PID=623) to work on /home/airflow/.local/lib/python3.12/site-packages/airflow/example_dags/example_branch_operator.py
[2025-01-07T11:52:19.377+0000] {processor.py:914} INFO - Processing file /home/airflow/.local/lib/python3.12/site-packages/airflow/example_dags/example_branch_operator.py for tasks to queue
[2025-01-07T11:52:19.380+0000] {logging_mixin.py:190} INFO - [2025-01-07T11:52:19.380+0000] {dagbag.py:588} INFO - Filling up the DagBag from /home/airflow/.local/lib/python3.12/site-packages/airflow/example_dags/example_branch_operator.py
[2025-01-07T11:52:19.399+0000] {processor.py:925} INFO - DAG(s) 'example_branch_operator' retrieved from /home/airflow/.local/lib/python3.12/site-packages/airflow/example_dags/example_branch_operator.py
[2025-01-07T11:52:19.432+0000] {logging_mixin.py:190} INFO - [2025-01-07T11:52:19.432+0000] {dag.py:3239} INFO - Sync 1 DAGs
[2025-01-07T11:52:19.458+0000] {logging_mixin.py:190} INFO - [2025-01-07T11:52:19.457+0000] {dag.py:4180} INFO - Setting next_dagrun for example_branch_operator to 2025-01-06 00:00:00+00:00, run_after=2025-01-07 00:00:00+00:00
[2025-01-07T11:52:19.479+0000] {processor.py:208} INFO - Processing /home/airflow/.local/lib/python3.12/site-packages/airflow/example_dags/example_branch_operator.py took 0.109 seconds
[2025-01-07T11:52:50.147+0000] {processor.py:186} INFO - Started process (PID=686) to work on /home/airflow/.local/lib/python3.12/site-packages/airflow/example_dags/example_branch_operator.py
[2025-01-07T11:52:50.148+0000] {processor.py:914} INFO - Processing file /home/airflow/.local/lib/python3.12/site-packages/airflow/example_dags/example_branch_operator.py for tasks to queue
[2025-01-07T11:52:50.151+0000] {logging_mixin.py:190} INFO - [2025-01-07T11:52:50.150+0000] {dagbag.py:588} INFO - Filling up the DagBag from /home/airflow/.local/lib/python3.12/site-packages/airflow/example_dags/example_branch_operator.py
[2025-01-07T11:52:50.174+0000] {processor.py:925} INFO - DAG(s) 'example_branch_operator' retrieved from /home/airflow/.local/lib/python3.12/site-packages/airflow/example_dags/example_branch_operator.py
[2025-01-07T11:52:50.223+0000] {logging_mixin.py:190} INFO - [2025-01-07T11:52:50.222+0000] {dag.py:3239} INFO - Sync 1 DAGs
[2025-01-07T11:52:50.255+0000] {logging_mixin.py:190} INFO - [2025-01-07T11:52:50.255+0000] {dag.py:4180} INFO - Setting next_dagrun for example_branch_operator to 2025-01-06 00:00:00+00:00, run_after=2025-01-07 00:00:00+00:00
[2025-01-07T11:52:50.272+0000] {processor.py:208} INFO - Processing /home/airflow/.local/lib/python3.12/site-packages/airflow/example_dags/example_branch_operator.py took 0.135 seconds
[2025-01-07T11:53:20.542+0000] {processor.py:186} INFO - Started process (PID=749) to work on /home/airflow/.local/lib/python3.12/site-packages/airflow/example_dags/example_branch_operator.py
[2025-01-07T11:53:20.543+0000] {processor.py:914} INFO - Processing file /home/airflow/.local/lib/python3.12/site-packages/airflow/example_dags/example_branch_operator.py for tasks to queue
[2025-01-07T11:53:20.546+0000] {logging_mixin.py:190} INFO - [2025-01-07T11:53:20.546+0000] {dagbag.py:588} INFO - Filling up the DagBag from /home/airflow/.local/lib/python3.12/site-packages/airflow/example_dags/example_branch_operator.py
[2025-01-07T11:53:20.568+0000] {processor.py:925} INFO - DAG(s) 'example_branch_operator' retrieved from /home/airflow/.local/lib/python3.12/site-packages/airflow/example_dags/example_branch_operator.py
[2025-01-07T11:53:20.598+0000] {logging_mixin.py:190} INFO - [2025-01-07T11:53:20.598+0000] {dag.py:3239} INFO - Sync 1 DAGs
[2025-01-07T11:53:20.623+0000] {logging_mixin.py:190} INFO - [2025-01-07T11:53:20.623+0000] {dag.py:4180} INFO - Setting next_dagrun for example_branch_operator to 2025-01-06 00:00:00+00:00, run_after=2025-01-07 00:00:00+00:00
[2025-01-07T11:53:20.643+0000] {processor.py:208} INFO - Processing /home/airflow/.local/lib/python3.12/site-packages/airflow/example_dags/example_branch_operator.py took 0.108 seconds
[2025-01-07T11:53:51.042+0000] {processor.py:186} INFO - Started process (PID=812) to work on /home/airflow/.local/lib/python3.12/site-packages/airflow/example_dags/example_branch_operator.py
[2025-01-07T11:53:51.043+0000] {processor.py:914} INFO - Processing file /home/airflow/.local/lib/python3.12/site-packages/airflow/example_dags/example_branch_operator.py for tasks to queue
[2025-01-07T11:53:51.045+0000] {logging_mixin.py:190} INFO - [2025-01-07T11:53:51.045+0000] {dagbag.py:588} INFO - Filling up the DagBag from /home/airflow/.local/lib/python3.12/site-packages/airflow/example_dags/example_branch_operator.py
[2025-01-07T11:53:51.065+0000] {processor.py:925} INFO - DAG(s) 'example_branch_operator' retrieved from /home/airflow/.local/lib/python3.12/site-packages/airflow/example_dags/example_branch_operator.py
[2025-01-07T11:53:51.093+0000] {logging_mixin.py:190} INFO - [2025-01-07T11:53:51.092+0000] {dag.py:3239} INFO - Sync 1 DAGs
[2025-01-07T11:53:51.116+0000] {logging_mixin.py:190} INFO - [2025-01-07T11:53:51.115+0000] {dag.py:4180} INFO - Setting next_dagrun for example_branch_operator to 2025-01-06 00:00:00+00:00, run_after=2025-01-07 00:00:00+00:00
[2025-01-07T11:53:51.135+0000] {processor.py:208} INFO - Processing /home/airflow/.local/lib/python3.12/site-packages/airflow/example_dags/example_branch_operator.py took 0.099 seconds
[2025-01-07T11:54:21.703+0000] {processor.py:186} INFO - Started process (PID=875) to work on /home/airflow/.local/lib/python3.12/site-packages/airflow/example_dags/example_branch_operator.py
[2025-01-07T11:54:21.704+0000] {processor.py:914} INFO - Processing file /home/airflow/.local/lib/python3.12/site-packages/airflow/example_dags/example_branch_operator.py for tasks to queue
[2025-01-07T11:54:21.707+0000] {logging_mixin.py:190} INFO - [2025-01-07T11:54:21.706+0000] {dagbag.py:588} INFO - Filling up the DagBag from /home/airflow/.local/lib/python3.12/site-packages/airflow/example_dags/example_branch_operator.py
[2025-01-07T11:54:21.722+0000] {processor.py:925} INFO - DAG(s) 'example_branch_operator' retrieved from /home/airflow/.local/lib/python3.12/site-packages/airflow/example_dags/example_branch_operator.py
[2025-01-07T11:54:21.747+0000] {logging_mixin.py:190} INFO - [2025-01-07T11:54:21.747+0000] {dag.py:3239} INFO - Sync 1 DAGs
[2025-01-07T11:54:21.769+0000] {logging_mixin.py:190} INFO - [2025-01-07T11:54:21.769+0000] {dag.py:4180} INFO - Setting next_dagrun for example_branch_operator to 2025-01-06 00:00:00+00:00, run_after=2025-01-07 00:00:00+00:00
[2025-01-07T11:54:21.790+0000] {processor.py:208} INFO - Processing /home/airflow/.local/lib/python3.12/site-packages/airflow/example_dags/example_branch_operator.py took 0.092 seconds
[2025-01-07T11:54:52.031+0000] {processor.py:186} INFO - Started process (PID=938) to work on /home/airflow/.local/lib/python3.12/site-packages/airflow/example_dags/example_branch_operator.py
[2025-01-07T11:54:52.032+0000] {processor.py:914} INFO - Processing file /home/airflow/.local/lib/python3.12/site-packages/airflow/example_dags/example_branch_operator.py for tasks to queue
[2025-01-07T11:54:52.035+0000] {logging_mixin.py:190} INFO - [2025-01-07T11:54:52.034+0000] {dagbag.py:588} INFO - Filling up the DagBag from /home/airflow/.local/lib/python3.12/site-packages/airflow/example_dags/example_branch_operator.py
[2025-01-07T11:54:52.055+0000] {processor.py:925} INFO - DAG(s) 'example_branch_operator' retrieved from /home/airflow/.local/lib/python3.12/site-packages/airflow/example_dags/example_branch_operator.py
[2025-01-07T11:54:52.082+0000] {logging_mixin.py:190} INFO - [2025-01-07T11:54:52.082+0000] {dag.py:3239} INFO - Sync 1 DAGs
[2025-01-07T11:54:52.105+0000] {logging_mixin.py:190} INFO - [2025-01-07T11:54:52.105+0000] {dag.py:4180} INFO - Setting next_dagrun for example_branch_operator to 2025-01-06 00:00:00+00:00, run_after=2025-01-07 00:00:00+00:00
[2025-01-07T11:54:52.125+0000] {processor.py:208} INFO - Processing /home/airflow/.local/lib/python3.12/site-packages/airflow/example_dags/example_branch_operator.py took 0.101 seconds
[2025-01-07T11:55:22.856+0000] {processor.py:186} INFO - Started process (PID=1001) to work on /home/airflow/.local/lib/python3.12/site-packages/airflow/example_dags/example_branch_operator.py
[2025-01-07T11:55:22.858+0000] {processor.py:914} INFO - Processing file /home/airflow/.local/lib/python3.12/site-packages/airflow/example_dags/example_branch_operator.py for tasks to queue
[2025-01-07T11:55:22.861+0000] {logging_mixin.py:190} INFO - [2025-01-07T11:55:22.861+0000] {dagbag.py:588} INFO - Filling up the DagBag from /home/airflow/.local/lib/python3.12/site-packages/airflow/example_dags/example_branch_operator.py
[2025-01-07T11:55:22.881+0000] {processor.py:925} INFO - DAG(s) 'example_branch_operator' retrieved from /home/airflow/.local/lib/python3.12/site-packages/airflow/example_dags/example_branch_operator.py
[2025-01-07T11:55:22.914+0000] {logging_mixin.py:190} INFO - [2025-01-07T11:55:22.913+0000] {dag.py:3239} INFO - Sync 1 DAGs
[2025-01-07T11:55:22.938+0000] {logging_mixin.py:190} INFO - [2025-01-07T11:55:22.938+0000] {dag.py:4180} INFO - Setting next_dagrun for example_branch_operator to 2025-01-06 00:00:00+00:00, run_after=2025-01-07 00:00:00+00:00
[2025-01-07T11:55:22.963+0000] {processor.py:208} INFO - Processing /home/airflow/.local/lib/python3.12/site-packages/airflow/example_dags/example_branch_operator.py took 0.114 seconds
[2025-01-07T11:55:53.200+0000] {processor.py:186} INFO - Started process (PID=1064) to work on /home/airflow/.local/lib/python3.12/site-packages/airflow/example_dags/example_branch_operator.py
[2025-01-07T11:55:53.201+0000] {processor.py:914} INFO - Processing file /home/airflow/.local/lib/python3.12/site-packages/airflow/example_dags/example_branch_operator.py for tasks to queue
[2025-01-07T11:55:53.207+0000] {logging_mixin.py:190} INFO - [2025-01-07T11:55:53.206+0000] {dagbag.py:588} INFO - Filling up the DagBag from /home/airflow/.local/lib/python3.12/site-packages/airflow/example_dags/example_branch_operator.py
[2025-01-07T11:55:53.230+0000] {processor.py:925} INFO - DAG(s) 'example_branch_operator' retrieved from /home/airflow/.local/lib/python3.12/site-packages/airflow/example_dags/example_branch_operator.py
[2025-01-07T11:55:53.265+0000] {logging_mixin.py:190} INFO - [2025-01-07T11:55:53.265+0000] {dag.py:3239} INFO - Sync 1 DAGs
[2025-01-07T11:55:53.298+0000] {logging_mixin.py:190} INFO - [2025-01-07T11:55:53.298+0000] {dag.py:4180} INFO - Setting next_dagrun for example_branch_operator to 2025-01-06 00:00:00+00:00, run_after=2025-01-07 00:00:00+00:00
[2025-01-07T11:55:53.326+0000] {processor.py:208} INFO - Processing /home/airflow/.local/lib/python3.12/site-packages/airflow/example_dags/example_branch_operator.py took 0.133 seconds
[2025-01-07T11:56:24.040+0000] {processor.py:186} INFO - Started process (PID=1127) to work on /home/airflow/.local/lib/python3.12/site-packages/airflow/example_dags/example_branch_operator.py
[2025-01-07T11:56:24.042+0000] {processor.py:914} INFO - Processing file /home/airflow/.local/lib/python3.12/site-packages/airflow/example_dags/example_branch_operator.py for tasks to queue
[2025-01-07T11:56:24.046+0000] {logging_mixin.py:190} INFO - [2025-01-07T11:56:24.045+0000] {dagbag.py:588} INFO - Filling up the DagBag from /home/airflow/.local/lib/python3.12/site-packages/airflow/example_dags/example_branch_operator.py
[2025-01-07T11:56:24.074+0000] {processor.py:925} INFO - DAG(s) 'example_branch_operator' retrieved from /home/airflow/.local/lib/python3.12/site-packages/airflow/example_dags/example_branch_operator.py
[2025-01-07T11:56:24.112+0000] {logging_mixin.py:190} INFO - [2025-01-07T11:56:24.112+0000] {dag.py:3239} INFO - Sync 1 DAGs
[2025-01-07T11:56:24.143+0000] {logging_mixin.py:190} INFO - [2025-01-07T11:56:24.142+0000] {dag.py:4180} INFO - Setting next_dagrun for example_branch_operator to 2025-01-06 00:00:00+00:00, run_after=2025-01-07 00:00:00+00:00
[2025-01-07T11:56:24.180+0000] {processor.py:208} INFO - Processing /home/airflow/.local/lib/python3.12/site-packages/airflow/example_dags/example_branch_operator.py took 0.147 seconds
[2025-01-07T11:56:54.418+0000] {processor.py:186} INFO - Started process (PID=1190) to work on /home/airflow/.local/lib/python3.12/site-packages/airflow/example_dags/example_branch_operator.py
[2025-01-07T11:56:54.419+0000] {processor.py:914} INFO - Processing file /home/airflow/.local/lib/python3.12/site-packages/airflow/example_dags/example_branch_operator.py for tasks to queue
[2025-01-07T11:56:54.422+0000] {logging_mixin.py:190} INFO - [2025-01-07T11:56:54.421+0000] {dagbag.py:588} INFO - Filling up the DagBag from /home/airflow/.local/lib/python3.12/site-packages/airflow/example_dags/example_branch_operator.py
[2025-01-07T11:56:54.441+0000] {processor.py:925} INFO - DAG(s) 'example_branch_operator' retrieved from /home/airflow/.local/lib/python3.12/site-packages/airflow/example_dags/example_branch_operator.py
[2025-01-07T11:56:54.469+0000] {logging_mixin.py:190} INFO - [2025-01-07T11:56:54.469+0000] {dag.py:3239} INFO - Sync 1 DAGs
[2025-01-07T11:56:54.492+0000] {logging_mixin.py:190} INFO - [2025-01-07T11:56:54.492+0000] {dag.py:4180} INFO - Setting next_dagrun for example_branch_operator to 2025-01-06 00:00:00+00:00, run_after=2025-01-07 00:00:00+00:00
[2025-01-07T11:56:54.515+0000] {processor.py:208} INFO - Processing /home/airflow/.local/lib/python3.12/site-packages/airflow/example_dags/example_branch_operator.py took 0.104 seconds
[2025-01-07T11:57:24.769+0000] {processor.py:186} INFO - Started process (PID=1253) to work on /home/airflow/.local/lib/python3.12/site-packages/airflow/example_dags/example_branch_operator.py
[2025-01-07T11:57:24.770+0000] {processor.py:914} INFO - Processing file /home/airflow/.local/lib/python3.12/site-packages/airflow/example_dags/example_branch_operator.py for tasks to queue
[2025-01-07T11:57:24.772+0000] {logging_mixin.py:190} INFO - [2025-01-07T11:57:24.772+0000] {dagbag.py:588} INFO - Filling up the DagBag from /home/airflow/.local/lib/python3.12/site-packages/airflow/example_dags/example_branch_operator.py
[2025-01-07T11:57:24.793+0000] {processor.py:925} INFO - DAG(s) 'example_branch_operator' retrieved from /home/airflow/.local/lib/python3.12/site-packages/airflow/example_dags/example_branch_operator.py
[2025-01-07T11:57:24.820+0000] {logging_mixin.py:190} INFO - [2025-01-07T11:57:24.820+0000] {dag.py:3239} INFO - Sync 1 DAGs
[2025-01-07T11:57:24.847+0000] {logging_mixin.py:190} INFO - [2025-01-07T11:57:24.847+0000] {dag.py:4180} INFO - Setting next_dagrun for example_branch_operator to 2025-01-06 00:00:00+00:00, run_after=2025-01-07 00:00:00+00:00
[2025-01-07T11:57:24.866+0000] {processor.py:208} INFO - Processing /home/airflow/.local/lib/python3.12/site-packages/airflow/example_dags/example_branch_operator.py took 0.105 seconds
[2025-01-07T11:57:57.101+0000] {processor.py:186} INFO - Started process (PID=1324) to work on /home/airflow/.local/lib/python3.12/site-packages/airflow/example_dags/example_branch_operator.py
[2025-01-07T11:57:57.104+0000] {processor.py:914} INFO - Processing file /home/airflow/.local/lib/python3.12/site-packages/airflow/example_dags/example_branch_operator.py for tasks to queue
[2025-01-07T11:57:57.109+0000] {logging_mixin.py:190} INFO - [2025-01-07T11:57:57.108+0000] {dagbag.py:588} INFO - Filling up the DagBag from /home/airflow/.local/lib/python3.12/site-packages/airflow/example_dags/example_branch_operator.py
[2025-01-07T11:57:57.131+0000] {processor.py:925} INFO - DAG(s) 'example_branch_operator' retrieved from /home/airflow/.local/lib/python3.12/site-packages/airflow/example_dags/example_branch_operator.py
[2025-01-07T11:57:57.167+0000] {logging_mixin.py:190} INFO - [2025-01-07T11:57:57.166+0000] {dag.py:3239} INFO - Sync 1 DAGs
[2025-01-07T11:57:57.198+0000] {logging_mixin.py:190} INFO - [2025-01-07T11:57:57.198+0000] {dag.py:4180} INFO - Setting next_dagrun for example_branch_operator to 2025-01-06 00:00:00+00:00, run_after=2025-01-07 00:00:00+00:00
[2025-01-07T11:57:57.226+0000] {processor.py:208} INFO - Processing /home/airflow/.local/lib/python3.12/site-packages/airflow/example_dags/example_branch_operator.py took 0.131 seconds
[2025-01-07T11:58:27.794+0000] {processor.py:186} INFO - Started process (PID=1387) to work on /home/airflow/.local/lib/python3.12/site-packages/airflow/example_dags/example_branch_operator.py
[2025-01-07T11:58:27.795+0000] {processor.py:914} INFO - Processing file /home/airflow/.local/lib/python3.12/site-packages/airflow/example_dags/example_branch_operator.py for tasks to queue
[2025-01-07T11:58:27.798+0000] {logging_mixin.py:190} INFO - [2025-01-07T11:58:27.797+0000] {dagbag.py:588} INFO - Filling up the DagBag from /home/airflow/.local/lib/python3.12/site-packages/airflow/example_dags/example_branch_operator.py
[2025-01-07T11:58:27.814+0000] {processor.py:925} INFO - DAG(s) 'example_branch_operator' retrieved from /home/airflow/.local/lib/python3.12/site-packages/airflow/example_dags/example_branch_operator.py
[2025-01-07T11:58:27.859+0000] {logging_mixin.py:190} INFO - [2025-01-07T11:58:27.859+0000] {dag.py:3239} INFO - Sync 1 DAGs
[2025-01-07T11:58:27.891+0000] {logging_mixin.py:190} INFO - [2025-01-07T11:58:27.891+0000] {dag.py:4180} INFO - Setting next_dagrun for example_branch_operator to 2025-01-06 00:00:00+00:00, run_after=2025-01-07 00:00:00+00:00
[2025-01-07T11:58:27.912+0000] {processor.py:208} INFO - Processing /home/airflow/.local/lib/python3.12/site-packages/airflow/example_dags/example_branch_operator.py took 0.124 seconds
[2025-01-07T11:58:58.441+0000] {processor.py:186} INFO - Started process (PID=1448) to work on /home/airflow/.local/lib/python3.12/site-packages/airflow/example_dags/example_branch_operator.py
[2025-01-07T11:58:58.442+0000] {processor.py:914} INFO - Processing file /home/airflow/.local/lib/python3.12/site-packages/airflow/example_dags/example_branch_operator.py for tasks to queue
[2025-01-07T11:58:58.446+0000] {logging_mixin.py:190} INFO - [2025-01-07T11:58:58.445+0000] {dagbag.py:588} INFO - Filling up the DagBag from /home/airflow/.local/lib/python3.12/site-packages/airflow/example_dags/example_branch_operator.py
[2025-01-07T11:58:58.477+0000] {processor.py:925} INFO - DAG(s) 'example_branch_operator' retrieved from /home/airflow/.local/lib/python3.12/site-packages/airflow/example_dags/example_branch_operator.py
[2025-01-07T11:58:58.509+0000] {logging_mixin.py:190} INFO - [2025-01-07T11:58:58.509+0000] {dag.py:3239} INFO - Sync 1 DAGs
[2025-01-07T11:58:58.548+0000] {logging_mixin.py:190} INFO - [2025-01-07T11:58:58.547+0000] {dag.py:4180} INFO - Setting next_dagrun for example_branch_operator to 2025-01-06 00:00:00+00:00, run_after=2025-01-07 00:00:00+00:00
[2025-01-07T11:58:58.571+0000] {processor.py:208} INFO - Processing /home/airflow/.local/lib/python3.12/site-packages/airflow/example_dags/example_branch_operator.py took 0.137 seconds
[2025-01-07T11:59:28.765+0000] {processor.py:186} INFO - Started process (PID=1512) to work on /home/airflow/.local/lib/python3.12/site-packages/airflow/example_dags/example_branch_operator.py
[2025-01-07T11:59:28.767+0000] {processor.py:914} INFO - Processing file /home/airflow/.local/lib/python3.12/site-packages/airflow/example_dags/example_branch_operator.py for tasks to queue
[2025-01-07T11:59:28.778+0000] {logging_mixin.py:190} INFO - [2025-01-07T11:59:28.778+0000] {dagbag.py:588} INFO - Filling up the DagBag from /home/airflow/.local/lib/python3.12/site-packages/airflow/example_dags/example_branch_operator.py
[2025-01-07T11:59:28.810+0000] {processor.py:925} INFO - DAG(s) 'example_branch_operator' retrieved from /home/airflow/.local/lib/python3.12/site-packages/airflow/example_dags/example_branch_operator.py
[2025-01-07T11:59:28.838+0000] {logging_mixin.py:190} INFO - [2025-01-07T11:59:28.837+0000] {dag.py:3239} INFO - Sync 1 DAGs
[2025-01-07T11:59:28.865+0000] {logging_mixin.py:190} INFO - [2025-01-07T11:59:28.865+0000] {dag.py:4180} INFO - Setting next_dagrun for example_branch_operator to 2025-01-06 00:00:00+00:00, run_after=2025-01-07 00:00:00+00:00
[2025-01-07T11:59:28.882+0000] {processor.py:208} INFO - Processing /home/airflow/.local/lib/python3.12/site-packages/airflow/example_dags/example_branch_operator.py took 0.123 seconds
[2025-01-07T11:59:59.550+0000] {processor.py:186} INFO - Started process (PID=1575) to work on /home/airflow/.local/lib/python3.12/site-packages/airflow/example_dags/example_branch_operator.py
[2025-01-07T11:59:59.551+0000] {processor.py:914} INFO - Processing file /home/airflow/.local/lib/python3.12/site-packages/airflow/example_dags/example_branch_operator.py for tasks to queue
[2025-01-07T11:59:59.554+0000] {logging_mixin.py:190} INFO - [2025-01-07T11:59:59.553+0000] {dagbag.py:588} INFO - Filling up the DagBag from /home/airflow/.local/lib/python3.12/site-packages/airflow/example_dags/example_branch_operator.py
[2025-01-07T11:59:59.571+0000] {processor.py:925} INFO - DAG(s) 'example_branch_operator' retrieved from /home/airflow/.local/lib/python3.12/site-packages/airflow/example_dags/example_branch_operator.py
[2025-01-07T11:59:59.598+0000] {logging_mixin.py:190} INFO - [2025-01-07T11:59:59.598+0000] {dag.py:3239} INFO - Sync 1 DAGs
[2025-01-07T11:59:59.627+0000] {logging_mixin.py:190} INFO - [2025-01-07T11:59:59.627+0000] {dag.py:4180} INFO - Setting next_dagrun for example_branch_operator to 2025-01-06 00:00:00+00:00, run_after=2025-01-07 00:00:00+00:00
[2025-01-07T11:59:59.652+0000] {processor.py:208} INFO - Processing /home/airflow/.local/lib/python3.12/site-packages/airflow/example_dags/example_branch_operator.py took 0.108 seconds
[2025-01-07T12:00:30.046+0000] {processor.py:186} INFO - Started process (PID=1638) to work on /home/airflow/.local/lib/python3.12/site-packages/airflow/example_dags/example_branch_operator.py
[2025-01-07T12:00:30.047+0000] {processor.py:914} INFO - Processing file /home/airflow/.local/lib/python3.12/site-packages/airflow/example_dags/example_branch_operator.py for tasks to queue
[2025-01-07T12:00:30.049+0000] {logging_mixin.py:190} INFO - [2025-01-07T12:00:30.049+0000] {dagbag.py:588} INFO - Filling up the DagBag from /home/airflow/.local/lib/python3.12/site-packages/airflow/example_dags/example_branch_operator.py
[2025-01-07T12:00:30.066+0000] {processor.py:925} INFO - DAG(s) 'example_branch_operator' retrieved from /home/airflow/.local/lib/python3.12/site-packages/airflow/example_dags/example_branch_operator.py
[2025-01-07T12:00:30.092+0000] {logging_mixin.py:190} INFO - [2025-01-07T12:00:30.092+0000] {dag.py:3239} INFO - Sync 1 DAGs
[2025-01-07T12:00:30.115+0000] {logging_mixin.py:190} INFO - [2025-01-07T12:00:30.115+0000] {dag.py:4180} INFO - Setting next_dagrun for example_branch_operator to 2025-01-06 00:00:00+00:00, run_after=2025-01-07 00:00:00+00:00
[2025-01-07T12:00:30.136+0000] {processor.py:208} INFO - Processing /home/airflow/.local/lib/python3.12/site-packages/airflow/example_dags/example_branch_operator.py took 0.096 seconds
[2025-01-07T12:01:00.219+0000] {processor.py:186} INFO - Started process (PID=1701) to work on /home/airflow/.local/lib/python3.12/site-packages/airflow/example_dags/example_branch_operator.py
[2025-01-07T12:01:00.220+0000] {processor.py:914} INFO - Processing file /home/airflow/.local/lib/python3.12/site-packages/airflow/example_dags/example_branch_operator.py for tasks to queue
[2025-01-07T12:01:00.222+0000] {logging_mixin.py:190} INFO - [2025-01-07T12:01:00.222+0000] {dagbag.py:588} INFO - Filling up the DagBag from /home/airflow/.local/lib/python3.12/site-packages/airflow/example_dags/example_branch_operator.py
[2025-01-07T12:01:00.239+0000] {processor.py:925} INFO - DAG(s) 'example_branch_operator' retrieved from /home/airflow/.local/lib/python3.12/site-packages/airflow/example_dags/example_branch_operator.py
[2025-01-07T12:01:00.265+0000] {logging_mixin.py:190} INFO - [2025-01-07T12:01:00.265+0000] {dag.py:3239} INFO - Sync 1 DAGs
[2025-01-07T12:01:00.289+0000] {logging_mixin.py:190} INFO - [2025-01-07T12:01:00.289+0000] {dag.py:4180} INFO - Setting next_dagrun for example_branch_operator to 2025-01-06 00:00:00+00:00, run_after=2025-01-07 00:00:00+00:00
[2025-01-07T12:01:00.310+0000] {processor.py:208} INFO - Processing /home/airflow/.local/lib/python3.12/site-packages/airflow/example_dags/example_branch_operator.py took 0.097 seconds
[2025-01-07T12:01:30.471+0000] {processor.py:186} INFO - Started process (PID=1764) to work on /home/airflow/.local/lib/python3.12/site-packages/airflow/example_dags/example_branch_operator.py
[2025-01-07T12:01:30.472+0000] {processor.py:914} INFO - Processing file /home/airflow/.local/lib/python3.12/site-packages/airflow/example_dags/example_branch_operator.py for tasks to queue
[2025-01-07T12:01:30.474+0000] {logging_mixin.py:190} INFO - [2025-01-07T12:01:30.474+0000] {dagbag.py:588} INFO - Filling up the DagBag from /home/airflow/.local/lib/python3.12/site-packages/airflow/example_dags/example_branch_operator.py
[2025-01-07T12:01:30.499+0000] {processor.py:925} INFO - DAG(s) 'example_branch_operator' retrieved from /home/airflow/.local/lib/python3.12/site-packages/airflow/example_dags/example_branch_operator.py
[2025-01-07T12:01:30.529+0000] {logging_mixin.py:190} INFO - [2025-01-07T12:01:30.528+0000] {dag.py:3239} INFO - Sync 1 DAGs
[2025-01-07T12:01:30.553+0000] {logging_mixin.py:190} INFO - [2025-01-07T12:01:30.553+0000] {dag.py:4180} INFO - Setting next_dagrun for example_branch_operator to 2025-01-06 00:00:00+00:00, run_after=2025-01-07 00:00:00+00:00
[2025-01-07T12:01:30.577+0000] {processor.py:208} INFO - Processing /home/airflow/.local/lib/python3.12/site-packages/airflow/example_dags/example_branch_operator.py took 0.111 seconds
[2025-01-07T12:02:00.938+0000] {processor.py:186} INFO - Started process (PID=1827) to work on /home/airflow/.local/lib/python3.12/site-packages/airflow/example_dags/example_branch_operator.py
[2025-01-07T12:02:00.939+0000] {processor.py:914} INFO - Processing file /home/airflow/.local/lib/python3.12/site-packages/airflow/example_dags/example_branch_operator.py for tasks to queue
[2025-01-07T12:02:00.942+0000] {logging_mixin.py:190} INFO - [2025-01-07T12:02:00.942+0000] {dagbag.py:588} INFO - Filling up the DagBag from /home/airflow/.local/lib/python3.12/site-packages/airflow/example_dags/example_branch_operator.py
[2025-01-07T12:02:00.967+0000] {processor.py:925} INFO - DAG(s) 'example_branch_operator' retrieved from /home/airflow/.local/lib/python3.12/site-packages/airflow/example_dags/example_branch_operator.py
[2025-01-07T12:02:01.002+0000] {logging_mixin.py:190} INFO - [2025-01-07T12:02:01.001+0000] {dag.py:3239} INFO - Sync 1 DAGs
[2025-01-07T12:02:01.033+0000] {logging_mixin.py:190} INFO - [2025-01-07T12:02:01.033+0000] {dag.py:4180} INFO - Setting next_dagrun for example_branch_operator to 2025-01-06 00:00:00+00:00, run_after=2025-01-07 00:00:00+00:00
[2025-01-07T12:02:01.060+0000] {processor.py:208} INFO - Processing /home/airflow/.local/lib/python3.12/site-packages/airflow/example_dags/example_branch_operator.py took 0.130 seconds
[2025-01-07T12:02:31.149+0000] {processor.py:186} INFO - Started process (PID=1890) to work on /home/airflow/.local/lib/python3.12/site-packages/airflow/example_dags/example_branch_operator.py
[2025-01-07T12:02:31.151+0000] {processor.py:914} INFO - Processing file /home/airflow/.local/lib/python3.12/site-packages/airflow/example_dags/example_branch_operator.py for tasks to queue
[2025-01-07T12:02:31.154+0000] {logging_mixin.py:190} INFO - [2025-01-07T12:02:31.154+0000] {dagbag.py:588} INFO - Filling up the DagBag from /home/airflow/.local/lib/python3.12/site-packages/airflow/example_dags/example_branch_operator.py
[2025-01-07T12:02:31.175+0000] {processor.py:925} INFO - DAG(s) 'example_branch_operator' retrieved from /home/airflow/.local/lib/python3.12/site-packages/airflow/example_dags/example_branch_operator.py
[2025-01-07T12:02:31.221+0000] {logging_mixin.py:190} INFO - [2025-01-07T12:02:31.221+0000] {dag.py:3239} INFO - Sync 1 DAGs
[2025-01-07T12:02:31.251+0000] {logging_mixin.py:190} INFO - [2025-01-07T12:02:31.250+0000] {dag.py:4180} INFO - Setting next_dagrun for example_branch_operator to 2025-01-06 00:00:00+00:00, run_after=2025-01-07 00:00:00+00:00
[2025-01-07T12:02:31.398+0000] {processor.py:208} INFO - Processing /home/airflow/.local/lib/python3.12/site-packages/airflow/example_dags/example_branch_operator.py took 0.256 seconds
[2025-01-07T12:03:01.817+0000] {processor.py:186} INFO - Started process (PID=1953) to work on /home/airflow/.local/lib/python3.12/site-packages/airflow/example_dags/example_branch_operator.py
[2025-01-07T12:03:01.818+0000] {processor.py:914} INFO - Processing file /home/airflow/.local/lib/python3.12/site-packages/airflow/example_dags/example_branch_operator.py for tasks to queue
[2025-01-07T12:03:01.821+0000] {logging_mixin.py:190} INFO - [2025-01-07T12:03:01.820+0000] {dagbag.py:588} INFO - Filling up the DagBag from /home/airflow/.local/lib/python3.12/site-packages/airflow/example_dags/example_branch_operator.py
[2025-01-07T12:03:01.843+0000] {processor.py:925} INFO - DAG(s) 'example_branch_operator' retrieved from /home/airflow/.local/lib/python3.12/site-packages/airflow/example_dags/example_branch_operator.py
[2025-01-07T12:03:01.880+0000] {logging_mixin.py:190} INFO - [2025-01-07T12:03:01.879+0000] {dag.py:3239} INFO - Sync 1 DAGs
[2025-01-07T12:03:01.917+0000] {logging_mixin.py:190} INFO - [2025-01-07T12:03:01.917+0000] {dag.py:4180} INFO - Setting next_dagrun for example_branch_operator to 2025-01-06 00:00:00+00:00, run_after=2025-01-07 00:00:00+00:00
[2025-01-07T12:03:01.950+0000] {processor.py:208} INFO - Processing /home/airflow/.local/lib/python3.12/site-packages/airflow/example_dags/example_branch_operator.py took 0.140 seconds
[2025-01-07T12:03:32.190+0000] {processor.py:186} INFO - Started process (PID=2016) to work on /home/airflow/.local/lib/python3.12/site-packages/airflow/example_dags/example_branch_operator.py
[2025-01-07T12:03:32.191+0000] {processor.py:914} INFO - Processing file /home/airflow/.local/lib/python3.12/site-packages/airflow/example_dags/example_branch_operator.py for tasks to queue
[2025-01-07T12:03:32.195+0000] {logging_mixin.py:190} INFO - [2025-01-07T12:03:32.194+0000] {dagbag.py:588} INFO - Filling up the DagBag from /home/airflow/.local/lib/python3.12/site-packages/airflow/example_dags/example_branch_operator.py
[2025-01-07T12:03:32.228+0000] {processor.py:925} INFO - DAG(s) 'example_branch_operator' retrieved from /home/airflow/.local/lib/python3.12/site-packages/airflow/example_dags/example_branch_operator.py
[2025-01-07T12:03:32.260+0000] {logging_mixin.py:190} INFO - [2025-01-07T12:03:32.260+0000] {dag.py:3239} INFO - Sync 1 DAGs
[2025-01-07T12:03:32.291+0000] {logging_mixin.py:190} INFO - [2025-01-07T12:03:32.290+0000] {dag.py:4180} INFO - Setting next_dagrun for example_branch_operator to 2025-01-06 00:00:00+00:00, run_after=2025-01-07 00:00:00+00:00
[2025-01-07T12:03:32.319+0000] {processor.py:208} INFO - Processing /home/airflow/.local/lib/python3.12/site-packages/airflow/example_dags/example_branch_operator.py took 0.138 seconds
[2025-01-07T12:04:02.638+0000] {processor.py:186} INFO - Started process (PID=2079) to work on /home/airflow/.local/lib/python3.12/site-packages/airflow/example_dags/example_branch_operator.py
[2025-01-07T12:04:02.640+0000] {processor.py:914} INFO - Processing file /home/airflow/.local/lib/python3.12/site-packages/airflow/example_dags/example_branch_operator.py for tasks to queue
[2025-01-07T12:04:02.643+0000] {logging_mixin.py:190} INFO - [2025-01-07T12:04:02.642+0000] {dagbag.py:588} INFO - Filling up the DagBag from /home/airflow/.local/lib/python3.12/site-packages/airflow/example_dags/example_branch_operator.py
[2025-01-07T12:04:02.667+0000] {processor.py:925} INFO - DAG(s) 'example_branch_operator' retrieved from /home/airflow/.local/lib/python3.12/site-packages/airflow/example_dags/example_branch_operator.py
[2025-01-07T12:04:02.699+0000] {logging_mixin.py:190} INFO - [2025-01-07T12:04:02.699+0000] {dag.py:3239} INFO - Sync 1 DAGs
[2025-01-07T12:04:02.726+0000] {logging_mixin.py:190} INFO - [2025-01-07T12:04:02.726+0000] {dag.py:4180} INFO - Setting next_dagrun for example_branch_operator to 2025-01-06 00:00:00+00:00, run_after=2025-01-07 00:00:00+00:00
[2025-01-07T12:04:02.748+0000] {processor.py:208} INFO - Processing /home/airflow/.local/lib/python3.12/site-packages/airflow/example_dags/example_branch_operator.py took 0.118 seconds
[2025-01-07T12:04:32.842+0000] {processor.py:186} INFO - Started process (PID=2142) to work on /home/airflow/.local/lib/python3.12/site-packages/airflow/example_dags/example_branch_operator.py
[2025-01-07T12:04:32.844+0000] {processor.py:914} INFO - Processing file /home/airflow/.local/lib/python3.12/site-packages/airflow/example_dags/example_branch_operator.py for tasks to queue
[2025-01-07T12:04:32.846+0000] {logging_mixin.py:190} INFO - [2025-01-07T12:04:32.846+0000] {dagbag.py:588} INFO - Filling up the DagBag from /home/airflow/.local/lib/python3.12/site-packages/airflow/example_dags/example_branch_operator.py
[2025-01-07T12:04:32.869+0000] {processor.py:925} INFO - DAG(s) 'example_branch_operator' retrieved from /home/airflow/.local/lib/python3.12/site-packages/airflow/example_dags/example_branch_operator.py
[2025-01-07T12:04:32.899+0000] {logging_mixin.py:190} INFO - [2025-01-07T12:04:32.899+0000] {dag.py:3239} INFO - Sync 1 DAGs
[2025-01-07T12:04:32.930+0000] {logging_mixin.py:190} INFO - [2025-01-07T12:04:32.930+0000] {dag.py:4180} INFO - Setting next_dagrun for example_branch_operator to 2025-01-06 00:00:00+00:00, run_after=2025-01-07 00:00:00+00:00
[2025-01-07T12:04:32.955+0000] {processor.py:208} INFO - Processing /home/airflow/.local/lib/python3.12/site-packages/airflow/example_dags/example_branch_operator.py took 0.119 seconds
[2025-01-07T12:05:03.253+0000] {processor.py:186} INFO - Started process (PID=2205) to work on /home/airflow/.local/lib/python3.12/site-packages/airflow/example_dags/example_branch_operator.py
[2025-01-07T12:05:03.255+0000] {processor.py:914} INFO - Processing file /home/airflow/.local/lib/python3.12/site-packages/airflow/example_dags/example_branch_operator.py for tasks to queue
[2025-01-07T12:05:03.258+0000] {logging_mixin.py:190} INFO - [2025-01-07T12:05:03.257+0000] {dagbag.py:588} INFO - Filling up the DagBag from /home/airflow/.local/lib/python3.12/site-packages/airflow/example_dags/example_branch_operator.py
[2025-01-07T12:05:03.280+0000] {processor.py:925} INFO - DAG(s) 'example_branch_operator' retrieved from /home/airflow/.local/lib/python3.12/site-packages/airflow/example_dags/example_branch_operator.py
[2025-01-07T12:05:03.308+0000] {logging_mixin.py:190} INFO - [2025-01-07T12:05:03.308+0000] {dag.py:3239} INFO - Sync 1 DAGs
[2025-01-07T12:05:03.338+0000] {logging_mixin.py:190} INFO - [2025-01-07T12:05:03.337+0000] {dag.py:4180} INFO - Setting next_dagrun for example_branch_operator to 2025-01-06 00:00:00+00:00, run_after=2025-01-07 00:00:00+00:00
[2025-01-07T12:05:03.364+0000] {processor.py:208} INFO - Processing /home/airflow/.local/lib/python3.12/site-packages/airflow/example_dags/example_branch_operator.py took 0.119 seconds
[2025-01-07T12:05:33.757+0000] {processor.py:186} INFO - Started process (PID=2268) to work on /home/airflow/.local/lib/python3.12/site-packages/airflow/example_dags/example_branch_operator.py
[2025-01-07T12:05:33.758+0000] {processor.py:914} INFO - Processing file /home/airflow/.local/lib/python3.12/site-packages/airflow/example_dags/example_branch_operator.py for tasks to queue
[2025-01-07T12:05:33.761+0000] {logging_mixin.py:190} INFO - [2025-01-07T12:05:33.760+0000] {dagbag.py:588} INFO - Filling up the DagBag from /home/airflow/.local/lib/python3.12/site-packages/airflow/example_dags/example_branch_operator.py
[2025-01-07T12:05:33.778+0000] {processor.py:925} INFO - DAG(s) 'example_branch_operator' retrieved from /home/airflow/.local/lib/python3.12/site-packages/airflow/example_dags/example_branch_operator.py
[2025-01-07T12:05:33.809+0000] {logging_mixin.py:190} INFO - [2025-01-07T12:05:33.809+0000] {dag.py:3239} INFO - Sync 1 DAGs
[2025-01-07T12:05:33.838+0000] {logging_mixin.py:190} INFO - [2025-01-07T12:05:33.837+0000] {dag.py:4180} INFO - Setting next_dagrun for example_branch_operator to 2025-01-06 00:00:00+00:00, run_after=2025-01-07 00:00:00+00:00
[2025-01-07T12:05:33.862+0000] {processor.py:208} INFO - Processing /home/airflow/.local/lib/python3.12/site-packages/airflow/example_dags/example_branch_operator.py took 0.111 seconds
[2025-01-07T12:06:04.550+0000] {processor.py:186} INFO - Started process (PID=2330) to work on /home/airflow/.local/lib/python3.12/site-packages/airflow/example_dags/example_branch_operator.py
[2025-01-07T12:06:04.551+0000] {processor.py:914} INFO - Processing file /home/airflow/.local/lib/python3.12/site-packages/airflow/example_dags/example_branch_operator.py for tasks to queue
[2025-01-07T12:06:04.554+0000] {logging_mixin.py:190} INFO - [2025-01-07T12:06:04.554+0000] {dagbag.py:588} INFO - Filling up the DagBag from /home/airflow/.local/lib/python3.12/site-packages/airflow/example_dags/example_branch_operator.py
[2025-01-07T12:06:04.576+0000] {processor.py:925} INFO - DAG(s) 'example_branch_operator' retrieved from /home/airflow/.local/lib/python3.12/site-packages/airflow/example_dags/example_branch_operator.py
[2025-01-07T12:06:04.603+0000] {logging_mixin.py:190} INFO - [2025-01-07T12:06:04.603+0000] {dag.py:3239} INFO - Sync 1 DAGs
[2025-01-07T12:06:04.628+0000] {logging_mixin.py:190} INFO - [2025-01-07T12:06:04.628+0000] {dag.py:4180} INFO - Setting next_dagrun for example_branch_operator to 2025-01-06 00:00:00+00:00, run_after=2025-01-07 00:00:00+00:00
[2025-01-07T12:06:04.647+0000] {processor.py:208} INFO - Processing /home/airflow/.local/lib/python3.12/site-packages/airflow/example_dags/example_branch_operator.py took 0.104 seconds
[2025-01-07T12:06:35.003+0000] {processor.py:186} INFO - Started process (PID=2393) to work on /home/airflow/.local/lib/python3.12/site-packages/airflow/example_dags/example_branch_operator.py
[2025-01-07T12:06:35.004+0000] {processor.py:914} INFO - Processing file /home/airflow/.local/lib/python3.12/site-packages/airflow/example_dags/example_branch_operator.py for tasks to queue
[2025-01-07T12:06:35.007+0000] {logging_mixin.py:190} INFO - [2025-01-07T12:06:35.006+0000] {dagbag.py:588} INFO - Filling up the DagBag from /home/airflow/.local/lib/python3.12/site-packages/airflow/example_dags/example_branch_operator.py
[2025-01-07T12:06:35.030+0000] {processor.py:925} INFO - DAG(s) 'example_branch_operator' retrieved from /home/airflow/.local/lib/python3.12/site-packages/airflow/example_dags/example_branch_operator.py
[2025-01-07T12:06:35.059+0000] {logging_mixin.py:190} INFO - [2025-01-07T12:06:35.059+0000] {dag.py:3239} INFO - Sync 1 DAGs
[2025-01-07T12:06:35.085+0000] {logging_mixin.py:190} INFO - [2025-01-07T12:06:35.084+0000] {dag.py:4180} INFO - Setting next_dagrun for example_branch_operator to 2025-01-06 00:00:00+00:00, run_after=2025-01-07 00:00:00+00:00
[2025-01-07T12:06:35.107+0000] {processor.py:208} INFO - Processing /home/airflow/.local/lib/python3.12/site-packages/airflow/example_dags/example_branch_operator.py took 0.112 seconds
[2025-01-07T12:07:05.670+0000] {processor.py:186} INFO - Started process (PID=2456) to work on /home/airflow/.local/lib/python3.12/site-packages/airflow/example_dags/example_branch_operator.py
[2025-01-07T12:07:05.671+0000] {processor.py:914} INFO - Processing file /home/airflow/.local/lib/python3.12/site-packages/airflow/example_dags/example_branch_operator.py for tasks to queue
[2025-01-07T12:07:05.673+0000] {logging_mixin.py:190} INFO - [2025-01-07T12:07:05.673+0000] {dagbag.py:588} INFO - Filling up the DagBag from /home/airflow/.local/lib/python3.12/site-packages/airflow/example_dags/example_branch_operator.py
[2025-01-07T12:07:05.692+0000] {processor.py:925} INFO - DAG(s) 'example_branch_operator' retrieved from /home/airflow/.local/lib/python3.12/site-packages/airflow/example_dags/example_branch_operator.py
[2025-01-07T12:07:05.721+0000] {logging_mixin.py:190} INFO - [2025-01-07T12:07:05.720+0000] {dag.py:3239} INFO - Sync 1 DAGs
[2025-01-07T12:07:05.744+0000] {logging_mixin.py:190} INFO - [2025-01-07T12:07:05.744+0000] {dag.py:4180} INFO - Setting next_dagrun for example_branch_operator to 2025-01-06 00:00:00+00:00, run_after=2025-01-07 00:00:00+00:00
[2025-01-07T12:07:05.765+0000] {processor.py:208} INFO - Processing /home/airflow/.local/lib/python3.12/site-packages/airflow/example_dags/example_branch_operator.py took 0.100 seconds
[2025-01-07T12:07:36.100+0000] {processor.py:186} INFO - Started process (PID=2519) to work on /home/airflow/.local/lib/python3.12/site-packages/airflow/example_dags/example_branch_operator.py
[2025-01-07T12:07:36.102+0000] {processor.py:914} INFO - Processing file /home/airflow/.local/lib/python3.12/site-packages/airflow/example_dags/example_branch_operator.py for tasks to queue
[2025-01-07T12:07:36.104+0000] {logging_mixin.py:190} INFO - [2025-01-07T12:07:36.104+0000] {dagbag.py:588} INFO - Filling up the DagBag from /home/airflow/.local/lib/python3.12/site-packages/airflow/example_dags/example_branch_operator.py
[2025-01-07T12:07:36.126+0000] {processor.py:925} INFO - DAG(s) 'example_branch_operator' retrieved from /home/airflow/.local/lib/python3.12/site-packages/airflow/example_dags/example_branch_operator.py
[2025-01-07T12:07:36.156+0000] {logging_mixin.py:190} INFO - [2025-01-07T12:07:36.156+0000] {dag.py:3239} INFO - Sync 1 DAGs
[2025-01-07T12:07:36.187+0000] {logging_mixin.py:190} INFO - [2025-01-07T12:07:36.187+0000] {dag.py:4180} INFO - Setting next_dagrun for example_branch_operator to 2025-01-06 00:00:00+00:00, run_after=2025-01-07 00:00:00+00:00
[2025-01-07T12:07:36.215+0000] {processor.py:208} INFO - Processing /home/airflow/.local/lib/python3.12/site-packages/airflow/example_dags/example_branch_operator.py took 0.124 seconds
[2025-01-07T12:08:07.080+0000] {processor.py:186} INFO - Started process (PID=2582) to work on /home/airflow/.local/lib/python3.12/site-packages/airflow/example_dags/example_branch_operator.py
[2025-01-07T12:08:07.082+0000] {processor.py:914} INFO - Processing file /home/airflow/.local/lib/python3.12/site-packages/airflow/example_dags/example_branch_operator.py for tasks to queue
[2025-01-07T12:08:07.087+0000] {logging_mixin.py:190} INFO - [2025-01-07T12:08:07.086+0000] {dagbag.py:588} INFO - Filling up the DagBag from /home/airflow/.local/lib/python3.12/site-packages/airflow/example_dags/example_branch_operator.py
[2025-01-07T12:08:07.122+0000] {processor.py:925} INFO - DAG(s) 'example_branch_operator' retrieved from /home/airflow/.local/lib/python3.12/site-packages/airflow/example_dags/example_branch_operator.py
[2025-01-07T12:08:07.161+0000] {logging_mixin.py:190} INFO - [2025-01-07T12:08:07.161+0000] {dag.py:3239} INFO - Sync 1 DAGs
[2025-01-07T12:08:07.194+0000] {logging_mixin.py:190} INFO - [2025-01-07T12:08:07.193+0000] {dag.py:4180} INFO - Setting next_dagrun for example_branch_operator to 2025-01-06 00:00:00+00:00, run_after=2025-01-07 00:00:00+00:00
[2025-01-07T12:08:07.221+0000] {processor.py:208} INFO - Processing /home/airflow/.local/lib/python3.12/site-packages/airflow/example_dags/example_branch_operator.py took 0.147 seconds
[2025-01-07T12:08:37.790+0000] {processor.py:186} INFO - Started process (PID=2646) to work on /home/airflow/.local/lib/python3.12/site-packages/airflow/example_dags/example_branch_operator.py
[2025-01-07T12:08:37.791+0000] {processor.py:914} INFO - Processing file /home/airflow/.local/lib/python3.12/site-packages/airflow/example_dags/example_branch_operator.py for tasks to queue
[2025-01-07T12:08:37.794+0000] {logging_mixin.py:190} INFO - [2025-01-07T12:08:37.794+0000] {dagbag.py:588} INFO - Filling up the DagBag from /home/airflow/.local/lib/python3.12/site-packages/airflow/example_dags/example_branch_operator.py
[2025-01-07T12:08:37.814+0000] {processor.py:925} INFO - DAG(s) 'example_branch_operator' retrieved from /home/airflow/.local/lib/python3.12/site-packages/airflow/example_dags/example_branch_operator.py
[2025-01-07T12:08:37.845+0000] {logging_mixin.py:190} INFO - [2025-01-07T12:08:37.844+0000] {dag.py:3239} INFO - Sync 1 DAGs
[2025-01-07T12:08:37.871+0000] {logging_mixin.py:190} INFO - [2025-01-07T12:08:37.870+0000] {dag.py:4180} INFO - Setting next_dagrun for example_branch_operator to 2025-01-06 00:00:00+00:00, run_after=2025-01-07 00:00:00+00:00
[2025-01-07T12:08:37.894+0000] {processor.py:208} INFO - Processing /home/airflow/.local/lib/python3.12/site-packages/airflow/example_dags/example_branch_operator.py took 0.113 seconds
[2025-01-07T12:09:08.170+0000] {processor.py:186} INFO - Started process (PID=2709) to work on /home/airflow/.local/lib/python3.12/site-packages/airflow/example_dags/example_branch_operator.py
[2025-01-07T12:09:08.171+0000] {processor.py:914} INFO - Processing file /home/airflow/.local/lib/python3.12/site-packages/airflow/example_dags/example_branch_operator.py for tasks to queue
[2025-01-07T12:09:08.175+0000] {logging_mixin.py:190} INFO - [2025-01-07T12:09:08.175+0000] {dagbag.py:588} INFO - Filling up the DagBag from /home/airflow/.local/lib/python3.12/site-packages/airflow/example_dags/example_branch_operator.py
[2025-01-07T12:09:08.206+0000] {processor.py:925} INFO - DAG(s) 'example_branch_operator' retrieved from /home/airflow/.local/lib/python3.12/site-packages/airflow/example_dags/example_branch_operator.py
[2025-01-07T12:09:08.256+0000] {logging_mixin.py:190} INFO - [2025-01-07T12:09:08.256+0000] {dag.py:3239} INFO - Sync 1 DAGs
[2025-01-07T12:09:08.309+0000] {logging_mixin.py:190} INFO - [2025-01-07T12:09:08.309+0000] {dag.py:4180} INFO - Setting next_dagrun for example_branch_operator to 2025-01-06 00:00:00+00:00, run_after=2025-01-07 00:00:00+00:00
[2025-01-07T12:09:08.355+0000] {processor.py:208} INFO - Processing /home/airflow/.local/lib/python3.12/site-packages/airflow/example_dags/example_branch_operator.py took 0.195 seconds
[2025-01-07T12:09:38.739+0000] {processor.py:186} INFO - Started process (PID=2772) to work on /home/airflow/.local/lib/python3.12/site-packages/airflow/example_dags/example_branch_operator.py
[2025-01-07T12:09:38.741+0000] {processor.py:914} INFO - Processing file /home/airflow/.local/lib/python3.12/site-packages/airflow/example_dags/example_branch_operator.py for tasks to queue
[2025-01-07T12:09:38.747+0000] {logging_mixin.py:190} INFO - [2025-01-07T12:09:38.746+0000] {dagbag.py:588} INFO - Filling up the DagBag from /home/airflow/.local/lib/python3.12/site-packages/airflow/example_dags/example_branch_operator.py
[2025-01-07T12:09:38.775+0000] {processor.py:925} INFO - DAG(s) 'example_branch_operator' retrieved from /home/airflow/.local/lib/python3.12/site-packages/airflow/example_dags/example_branch_operator.py
[2025-01-07T12:09:38.826+0000] {logging_mixin.py:190} INFO - [2025-01-07T12:09:38.826+0000] {dag.py:3239} INFO - Sync 1 DAGs
[2025-01-07T12:09:38.869+0000] {logging_mixin.py:190} INFO - [2025-01-07T12:09:38.868+0000] {dag.py:4180} INFO - Setting next_dagrun for example_branch_operator to 2025-01-06 00:00:00+00:00, run_after=2025-01-07 00:00:00+00:00
[2025-01-07T12:09:38.899+0000] {processor.py:208} INFO - Processing /home/airflow/.local/lib/python3.12/site-packages/airflow/example_dags/example_branch_operator.py took 0.170 seconds
[2025-01-07T12:10:09.237+0000] {processor.py:186} INFO - Started process (PID=2835) to work on /home/airflow/.local/lib/python3.12/site-packages/airflow/example_dags/example_branch_operator.py
[2025-01-07T12:10:09.239+0000] {processor.py:914} INFO - Processing file /home/airflow/.local/lib/python3.12/site-packages/airflow/example_dags/example_branch_operator.py for tasks to queue
[2025-01-07T12:10:09.244+0000] {logging_mixin.py:190} INFO - [2025-01-07T12:10:09.244+0000] {dagbag.py:588} INFO - Filling up the DagBag from /home/airflow/.local/lib/python3.12/site-packages/airflow/example_dags/example_branch_operator.py
[2025-01-07T12:10:09.280+0000] {processor.py:925} INFO - DAG(s) 'example_branch_operator' retrieved from /home/airflow/.local/lib/python3.12/site-packages/airflow/example_dags/example_branch_operator.py
[2025-01-07T12:10:09.341+0000] {logging_mixin.py:190} INFO - [2025-01-07T12:10:09.341+0000] {dag.py:3239} INFO - Sync 1 DAGs
[2025-01-07T12:10:09.386+0000] {logging_mixin.py:190} INFO - [2025-01-07T12:10:09.385+0000] {dag.py:4180} INFO - Setting next_dagrun for example_branch_operator to 2025-01-06 00:00:00+00:00, run_after=2025-01-07 00:00:00+00:00
[2025-01-07T12:10:09.415+0000] {processor.py:208} INFO - Processing /home/airflow/.local/lib/python3.12/site-packages/airflow/example_dags/example_branch_operator.py took 0.190 seconds
[2025-01-07T12:10:40.409+0000] {processor.py:186} INFO - Started process (PID=2894) to work on /home/airflow/.local/lib/python3.12/site-packages/airflow/example_dags/example_branch_operator.py
[2025-01-07T12:10:40.412+0000] {processor.py:914} INFO - Processing file /home/airflow/.local/lib/python3.12/site-packages/airflow/example_dags/example_branch_operator.py for tasks to queue
[2025-01-07T12:10:40.416+0000] {logging_mixin.py:190} INFO - [2025-01-07T12:10:40.415+0000] {dagbag.py:588} INFO - Filling up the DagBag from /home/airflow/.local/lib/python3.12/site-packages/airflow/example_dags/example_branch_operator.py
[2025-01-07T12:10:40.446+0000] {processor.py:925} INFO - DAG(s) 'example_branch_operator' retrieved from /home/airflow/.local/lib/python3.12/site-packages/airflow/example_dags/example_branch_operator.py
[2025-01-07T12:10:40.486+0000] {logging_mixin.py:190} INFO - [2025-01-07T12:10:40.485+0000] {dag.py:3239} INFO - Sync 1 DAGs
[2025-01-07T12:10:40.522+0000] {logging_mixin.py:190} INFO - [2025-01-07T12:10:40.522+0000] {dag.py:4180} INFO - Setting next_dagrun for example_branch_operator to 2025-01-06 00:00:00+00:00, run_after=2025-01-07 00:00:00+00:00
[2025-01-07T12:10:40.549+0000] {processor.py:208} INFO - Processing /home/airflow/.local/lib/python3.12/site-packages/airflow/example_dags/example_branch_operator.py took 0.148 seconds
[2025-01-07T12:11:12.730+0000] {processor.py:186} INFO - Started process (PID=2959) to work on /home/airflow/.local/lib/python3.12/site-packages/airflow/example_dags/example_branch_operator.py
[2025-01-07T12:11:12.732+0000] {processor.py:914} INFO - Processing file /home/airflow/.local/lib/python3.12/site-packages/airflow/example_dags/example_branch_operator.py for tasks to queue
[2025-01-07T12:11:12.737+0000] {logging_mixin.py:190} INFO - [2025-01-07T12:11:12.736+0000] {dagbag.py:588} INFO - Filling up the DagBag from /home/airflow/.local/lib/python3.12/site-packages/airflow/example_dags/example_branch_operator.py
[2025-01-07T12:11:12.783+0000] {processor.py:925} INFO - DAG(s) 'example_branch_operator' retrieved from /home/airflow/.local/lib/python3.12/site-packages/airflow/example_dags/example_branch_operator.py
[2025-01-07T12:11:12.840+0000] {logging_mixin.py:190} INFO - [2025-01-07T12:11:12.839+0000] {dag.py:3239} INFO - Sync 1 DAGs
[2025-01-07T12:11:12.886+0000] {logging_mixin.py:190} INFO - [2025-01-07T12:11:12.886+0000] {dag.py:4180} INFO - Setting next_dagrun for example_branch_operator to 2025-01-06 00:00:00+00:00, run_after=2025-01-07 00:00:00+00:00
[2025-01-07T12:11:12.922+0000] {processor.py:208} INFO - Processing /home/airflow/.local/lib/python3.12/site-packages/airflow/example_dags/example_branch_operator.py took 0.202 seconds
[2025-01-07T12:11:43.456+0000] {processor.py:186} INFO - Started process (PID=3017) to work on /home/airflow/.local/lib/python3.12/site-packages/airflow/example_dags/example_branch_operator.py
[2025-01-07T12:11:43.458+0000] {processor.py:914} INFO - Processing file /home/airflow/.local/lib/python3.12/site-packages/airflow/example_dags/example_branch_operator.py for tasks to queue
[2025-01-07T12:11:43.462+0000] {logging_mixin.py:190} INFO - [2025-01-07T12:11:43.462+0000] {dagbag.py:588} INFO - Filling up the DagBag from /home/airflow/.local/lib/python3.12/site-packages/airflow/example_dags/example_branch_operator.py
[2025-01-07T12:11:43.490+0000] {processor.py:925} INFO - DAG(s) 'example_branch_operator' retrieved from /home/airflow/.local/lib/python3.12/site-packages/airflow/example_dags/example_branch_operator.py
[2025-01-07T12:11:43.540+0000] {logging_mixin.py:190} INFO - [2025-01-07T12:11:43.540+0000] {dag.py:3239} INFO - Sync 1 DAGs
[2025-01-07T12:11:43.797+0000] {logging_mixin.py:190} INFO - [2025-01-07T12:11:43.796+0000] {dag.py:4180} INFO - Setting next_dagrun for example_branch_operator to 2025-01-06 00:00:00+00:00, run_after=2025-01-07 00:00:00+00:00
[2025-01-07T12:11:43.841+0000] {processor.py:208} INFO - Processing /home/airflow/.local/lib/python3.12/site-packages/airflow/example_dags/example_branch_operator.py took 0.394 seconds
[2025-01-07T12:12:14.214+0000] {processor.py:186} INFO - Started process (PID=3080) to work on /home/airflow/.local/lib/python3.12/site-packages/airflow/example_dags/example_branch_operator.py
[2025-01-07T12:12:14.215+0000] {processor.py:914} INFO - Processing file /home/airflow/.local/lib/python3.12/site-packages/airflow/example_dags/example_branch_operator.py for tasks to queue
[2025-01-07T12:12:14.219+0000] {logging_mixin.py:190} INFO - [2025-01-07T12:12:14.218+0000] {dagbag.py:588} INFO - Filling up the DagBag from /home/airflow/.local/lib/python3.12/site-packages/airflow/example_dags/example_branch_operator.py
[2025-01-07T12:12:14.245+0000] {processor.py:925} INFO - DAG(s) 'example_branch_operator' retrieved from /home/airflow/.local/lib/python3.12/site-packages/airflow/example_dags/example_branch_operator.py
[2025-01-07T12:12:14.281+0000] {logging_mixin.py:190} INFO - [2025-01-07T12:12:14.280+0000] {dag.py:3239} INFO - Sync 1 DAGs
[2025-01-07T12:12:14.313+0000] {logging_mixin.py:190} INFO - [2025-01-07T12:12:14.312+0000] {dag.py:4180} INFO - Setting next_dagrun for example_branch_operator to 2025-01-06 00:00:00+00:00, run_after=2025-01-07 00:00:00+00:00
[2025-01-07T12:12:14.336+0000] {processor.py:208} INFO - Processing /home/airflow/.local/lib/python3.12/site-packages/airflow/example_dags/example_branch_operator.py took 0.130 seconds
[2025-01-07T12:12:44.416+0000] {processor.py:186} INFO - Started process (PID=3132) to work on /home/airflow/.local/lib/python3.12/site-packages/airflow/example_dags/example_branch_operator.py
[2025-01-07T12:12:44.418+0000] {processor.py:914} INFO - Processing file /home/airflow/.local/lib/python3.12/site-packages/airflow/example_dags/example_branch_operator.py for tasks to queue
[2025-01-07T12:12:44.423+0000] {logging_mixin.py:190} INFO - [2025-01-07T12:12:44.422+0000] {dagbag.py:588} INFO - Filling up the DagBag from /home/airflow/.local/lib/python3.12/site-packages/airflow/example_dags/example_branch_operator.py
[2025-01-07T12:12:44.460+0000] {processor.py:925} INFO - DAG(s) 'example_branch_operator' retrieved from /home/airflow/.local/lib/python3.12/site-packages/airflow/example_dags/example_branch_operator.py
[2025-01-07T12:12:44.521+0000] {logging_mixin.py:190} INFO - [2025-01-07T12:12:44.521+0000] {dag.py:3239} INFO - Sync 1 DAGs
[2025-01-07T12:12:44.568+0000] {logging_mixin.py:190} INFO - [2025-01-07T12:12:44.567+0000] {dag.py:4180} INFO - Setting next_dagrun for example_branch_operator to 2025-01-06 00:00:00+00:00, run_after=2025-01-07 00:00:00+00:00
[2025-01-07T12:12:44.603+0000] {processor.py:208} INFO - Processing /home/airflow/.local/lib/python3.12/site-packages/airflow/example_dags/example_branch_operator.py took 0.198 seconds
[2025-01-07T12:43:10.209+0000] {processor.py:186} INFO - Started process (PID=3174) to work on /home/airflow/.local/lib/python3.12/site-packages/airflow/example_dags/example_branch_operator.py
[2025-01-07T12:43:10.220+0000] {processor.py:914} INFO - Processing file /home/airflow/.local/lib/python3.12/site-packages/airflow/example_dags/example_branch_operator.py for tasks to queue
[2025-01-07T12:43:10.254+0000] {logging_mixin.py:190} INFO - [2025-01-07T12:43:10.254+0000] {dagbag.py:588} INFO - Filling up the DagBag from /home/airflow/.local/lib/python3.12/site-packages/airflow/example_dags/example_branch_operator.py
[2025-01-07T12:43:10.302+0000] {processor.py:925} INFO - DAG(s) 'example_branch_operator' retrieved from /home/airflow/.local/lib/python3.12/site-packages/airflow/example_dags/example_branch_operator.py
[2025-01-07T12:43:10.369+0000] {logging_mixin.py:190} INFO - [2025-01-07T12:43:10.367+0000] {dag.py:3239} INFO - Sync 1 DAGs
[2025-01-07T12:43:10.840+0000] {logging_mixin.py:190} INFO - [2025-01-07T12:43:10.839+0000] {dag.py:4180} INFO - Setting next_dagrun for example_branch_operator to 2025-01-06 00:00:00+00:00, run_after=2025-01-07 00:00:00+00:00
[2025-01-07T12:43:10.873+0000] {processor.py:208} INFO - Processing /home/airflow/.local/lib/python3.12/site-packages/airflow/example_dags/example_branch_operator.py took 0.673 seconds
