[2025-01-07T11:47:12.254+0000] {processor.py:186} INFO - Started process (PID=42) to work on /home/airflow/.local/lib/python3.12/site-packages/airflow/example_dags/example_dag_decorator.py
[2025-01-07T11:47:12.271+0000] {processor.py:914} INFO - Processing file /home/airflow/.local/lib/python3.12/site-packages/airflow/example_dags/example_dag_decorator.py for tasks to queue
[2025-01-07T11:47:12.306+0000] {logging_mixin.py:190} INFO - [2025-01-07T11:47:12.304+0000] {dagbag.py:588} INFO - Filling up the DagBag from /home/airflow/.local/lib/python3.12/site-packages/airflow/example_dags/example_dag_decorator.py
[2025-01-07T11:47:12.627+0000] {processor.py:925} INFO - DAG(s) 'example_dag_decorator' retrieved from /home/airflow/.local/lib/python3.12/site-packages/airflow/example_dags/example_dag_decorator.py
[2025-01-07T11:47:13.847+0000] {logging_mixin.py:190} INFO - [2025-01-07T11:47:13.844+0000] {override.py:1911} INFO - Created Permission View: can read on DAG:example_dag_decorator
[2025-01-07T11:47:13.880+0000] {logging_mixin.py:190} INFO - [2025-01-07T11:47:13.879+0000] {override.py:1911} INFO - Created Permission View: can delete on DAG:example_dag_decorator
[2025-01-07T11:47:13.897+0000] {logging_mixin.py:190} INFO - [2025-01-07T11:47:13.897+0000] {override.py:1911} INFO - Created Permission View: can edit on DAG:example_dag_decorator
[2025-01-07T11:47:13.916+0000] {logging_mixin.py:190} INFO - [2025-01-07T11:47:13.916+0000] {override.py:1911} INFO - Created Permission View: menu access on DAG Run:example_dag_decorator
[2025-01-07T11:47:13.930+0000] {logging_mixin.py:190} INFO - [2025-01-07T11:47:13.929+0000] {override.py:1911} INFO - Created Permission View: can read on DAG Run:example_dag_decorator
[2025-01-07T11:47:13.946+0000] {logging_mixin.py:190} INFO - [2025-01-07T11:47:13.945+0000] {override.py:1911} INFO - Created Permission View: can delete on DAG Run:example_dag_decorator
[2025-01-07T11:47:13.963+0000] {logging_mixin.py:190} INFO - [2025-01-07T11:47:13.962+0000] {override.py:1911} INFO - Created Permission View: can create on DAG Run:example_dag_decorator
[2025-01-07T11:47:13.966+0000] {logging_mixin.py:190} INFO - [2025-01-07T11:47:13.965+0000] {dag.py:3239} INFO - Sync 1 DAGs
[2025-01-07T11:47:14.049+0000] {logging_mixin.py:190} INFO - [2025-01-07T11:47:14.049+0000] {dag.py:3262} INFO - Creating ORM DAG for example_dag_decorator
[2025-01-07T11:47:14.053+0000] {logging_mixin.py:190} INFO - [2025-01-07T11:47:14.053+0000] {dag.py:4180} INFO - Setting next_dagrun for example_dag_decorator to None, run_after=None
[2025-01-07T11:47:14.116+0000] {processor.py:208} INFO - Processing /home/airflow/.local/lib/python3.12/site-packages/airflow/example_dags/example_dag_decorator.py took 1.965 seconds
[2025-01-07T11:47:47.667+0000] {processor.py:186} INFO - Started process (PID=105) to work on /home/airflow/.local/lib/python3.12/site-packages/airflow/example_dags/example_dag_decorator.py
[2025-01-07T11:47:48.212+0000] {processor.py:914} INFO - Processing file /home/airflow/.local/lib/python3.12/site-packages/airflow/example_dags/example_dag_decorator.py for tasks to queue
[2025-01-07T11:47:48.216+0000] {logging_mixin.py:190} INFO - [2025-01-07T11:47:48.216+0000] {dagbag.py:588} INFO - Filling up the DagBag from /home/airflow/.local/lib/python3.12/site-packages/airflow/example_dags/example_dag_decorator.py
[2025-01-07T11:47:48.231+0000] {processor.py:925} INFO - DAG(s) 'example_dag_decorator' retrieved from /home/airflow/.local/lib/python3.12/site-packages/airflow/example_dags/example_dag_decorator.py
[2025-01-07T11:47:49.402+0000] {logging_mixin.py:190} INFO - [2025-01-07T11:47:49.402+0000] {dag.py:3239} INFO - Sync 1 DAGs
[2025-01-07T11:47:49.423+0000] {logging_mixin.py:190} INFO - [2025-01-07T11:47:49.423+0000] {dag.py:4180} INFO - Setting next_dagrun for example_dag_decorator to None, run_after=None
[2025-01-07T11:47:51.218+0000] {processor.py:208} INFO - Processing /home/airflow/.local/lib/python3.12/site-packages/airflow/example_dags/example_dag_decorator.py took 3.558 seconds
[2025-01-07T11:48:35.323+0000] {processor.py:186} INFO - Started process (PID=168) to work on /home/airflow/.local/lib/python3.12/site-packages/airflow/example_dags/example_dag_decorator.py
[2025-01-07T11:48:35.777+0000] {processor.py:914} INFO - Processing file /home/airflow/.local/lib/python3.12/site-packages/airflow/example_dags/example_dag_decorator.py for tasks to queue
[2025-01-07T11:48:35.780+0000] {logging_mixin.py:190} INFO - [2025-01-07T11:48:35.779+0000] {dagbag.py:588} INFO - Filling up the DagBag from /home/airflow/.local/lib/python3.12/site-packages/airflow/example_dags/example_dag_decorator.py
[2025-01-07T11:48:35.791+0000] {processor.py:925} INFO - DAG(s) 'example_dag_decorator' retrieved from /home/airflow/.local/lib/python3.12/site-packages/airflow/example_dags/example_dag_decorator.py
[2025-01-07T11:48:35.811+0000] {logging_mixin.py:190} INFO - [2025-01-07T11:48:35.811+0000] {dag.py:3239} INFO - Sync 1 DAGs
[2025-01-07T11:48:35.824+0000] {logging_mixin.py:190} INFO - [2025-01-07T11:48:35.824+0000] {dag.py:4180} INFO - Setting next_dagrun for example_dag_decorator to None, run_after=None
[2025-01-07T11:48:37.217+0000] {processor.py:208} INFO - Processing /home/airflow/.local/lib/python3.12/site-packages/airflow/example_dags/example_dag_decorator.py took 1.902 seconds
[2025-01-07T11:49:07.760+0000] {processor.py:186} INFO - Started process (PID=232) to work on /home/airflow/.local/lib/python3.12/site-packages/airflow/example_dags/example_dag_decorator.py
[2025-01-07T11:49:07.768+0000] {processor.py:914} INFO - Processing file /home/airflow/.local/lib/python3.12/site-packages/airflow/example_dags/example_dag_decorator.py for tasks to queue
[2025-01-07T11:49:07.771+0000] {logging_mixin.py:190} INFO - [2025-01-07T11:49:07.770+0000] {dagbag.py:588} INFO - Filling up the DagBag from /home/airflow/.local/lib/python3.12/site-packages/airflow/example_dags/example_dag_decorator.py
[2025-01-07T11:49:07.782+0000] {processor.py:925} INFO - DAG(s) 'example_dag_decorator' retrieved from /home/airflow/.local/lib/python3.12/site-packages/airflow/example_dags/example_dag_decorator.py
[2025-01-07T11:49:07.805+0000] {logging_mixin.py:190} INFO - [2025-01-07T11:49:07.804+0000] {dag.py:3239} INFO - Sync 1 DAGs
[2025-01-07T11:49:07.817+0000] {logging_mixin.py:190} INFO - [2025-01-07T11:49:07.817+0000] {dag.py:4180} INFO - Setting next_dagrun for example_dag_decorator to None, run_after=None
[2025-01-07T11:49:07.834+0000] {processor.py:208} INFO - Processing /home/airflow/.local/lib/python3.12/site-packages/airflow/example_dags/example_dag_decorator.py took 0.081 seconds
[2025-01-07T11:49:37.867+0000] {processor.py:186} INFO - Started process (PID=295) to work on /home/airflow/.local/lib/python3.12/site-packages/airflow/example_dags/example_dag_decorator.py
[2025-01-07T11:49:37.868+0000] {processor.py:914} INFO - Processing file /home/airflow/.local/lib/python3.12/site-packages/airflow/example_dags/example_dag_decorator.py for tasks to queue
[2025-01-07T11:49:37.873+0000] {logging_mixin.py:190} INFO - [2025-01-07T11:49:37.872+0000] {dagbag.py:588} INFO - Filling up the DagBag from /home/airflow/.local/lib/python3.12/site-packages/airflow/example_dags/example_dag_decorator.py
[2025-01-07T11:49:37.885+0000] {processor.py:925} INFO - DAG(s) 'example_dag_decorator' retrieved from /home/airflow/.local/lib/python3.12/site-packages/airflow/example_dags/example_dag_decorator.py
[2025-01-07T11:49:37.909+0000] {logging_mixin.py:190} INFO - [2025-01-07T11:49:37.909+0000] {dag.py:3239} INFO - Sync 1 DAGs
[2025-01-07T11:49:37.924+0000] {logging_mixin.py:190} INFO - [2025-01-07T11:49:37.924+0000] {dag.py:4180} INFO - Setting next_dagrun for example_dag_decorator to None, run_after=None
[2025-01-07T11:49:37.943+0000] {processor.py:208} INFO - Processing /home/airflow/.local/lib/python3.12/site-packages/airflow/example_dags/example_dag_decorator.py took 0.081 seconds
[2025-01-07T11:50:08.570+0000] {processor.py:186} INFO - Started process (PID=358) to work on /home/airflow/.local/lib/python3.12/site-packages/airflow/example_dags/example_dag_decorator.py
[2025-01-07T11:50:08.571+0000] {processor.py:914} INFO - Processing file /home/airflow/.local/lib/python3.12/site-packages/airflow/example_dags/example_dag_decorator.py for tasks to queue
[2025-01-07T11:50:08.574+0000] {logging_mixin.py:190} INFO - [2025-01-07T11:50:08.574+0000] {dagbag.py:588} INFO - Filling up the DagBag from /home/airflow/.local/lib/python3.12/site-packages/airflow/example_dags/example_dag_decorator.py
[2025-01-07T11:50:08.590+0000] {processor.py:925} INFO - DAG(s) 'example_dag_decorator' retrieved from /home/airflow/.local/lib/python3.12/site-packages/airflow/example_dags/example_dag_decorator.py
[2025-01-07T11:50:08.708+0000] {logging_mixin.py:190} INFO - [2025-01-07T11:50:08.707+0000] {dag.py:3239} INFO - Sync 1 DAGs
[2025-01-07T11:50:08.719+0000] {logging_mixin.py:190} INFO - [2025-01-07T11:50:08.718+0000] {dag.py:4180} INFO - Setting next_dagrun for example_dag_decorator to None, run_after=None
[2025-01-07T11:50:08.742+0000] {processor.py:208} INFO - Processing /home/airflow/.local/lib/python3.12/site-packages/airflow/example_dags/example_dag_decorator.py took 0.177 seconds
[2025-01-07T11:50:38.949+0000] {processor.py:186} INFO - Started process (PID=421) to work on /home/airflow/.local/lib/python3.12/site-packages/airflow/example_dags/example_dag_decorator.py
[2025-01-07T11:50:38.950+0000] {processor.py:914} INFO - Processing file /home/airflow/.local/lib/python3.12/site-packages/airflow/example_dags/example_dag_decorator.py for tasks to queue
[2025-01-07T11:50:38.952+0000] {logging_mixin.py:190} INFO - [2025-01-07T11:50:38.952+0000] {dagbag.py:588} INFO - Filling up the DagBag from /home/airflow/.local/lib/python3.12/site-packages/airflow/example_dags/example_dag_decorator.py
[2025-01-07T11:50:38.964+0000] {processor.py:925} INFO - DAG(s) 'example_dag_decorator' retrieved from /home/airflow/.local/lib/python3.12/site-packages/airflow/example_dags/example_dag_decorator.py
[2025-01-07T11:50:39.090+0000] {logging_mixin.py:190} INFO - [2025-01-07T11:50:39.089+0000] {dag.py:3239} INFO - Sync 1 DAGs
[2025-01-07T11:50:39.103+0000] {logging_mixin.py:190} INFO - [2025-01-07T11:50:39.103+0000] {dag.py:4180} INFO - Setting next_dagrun for example_dag_decorator to None, run_after=None
[2025-01-07T11:50:39.125+0000] {processor.py:208} INFO - Processing /home/airflow/.local/lib/python3.12/site-packages/airflow/example_dags/example_dag_decorator.py took 0.182 seconds
[2025-01-07T11:51:09.228+0000] {processor.py:186} INFO - Started process (PID=484) to work on /home/airflow/.local/lib/python3.12/site-packages/airflow/example_dags/example_dag_decorator.py
[2025-01-07T11:51:09.229+0000] {processor.py:914} INFO - Processing file /home/airflow/.local/lib/python3.12/site-packages/airflow/example_dags/example_dag_decorator.py for tasks to queue
[2025-01-07T11:51:09.232+0000] {logging_mixin.py:190} INFO - [2025-01-07T11:51:09.231+0000] {dagbag.py:588} INFO - Filling up the DagBag from /home/airflow/.local/lib/python3.12/site-packages/airflow/example_dags/example_dag_decorator.py
[2025-01-07T11:51:09.246+0000] {processor.py:925} INFO - DAG(s) 'example_dag_decorator' retrieved from /home/airflow/.local/lib/python3.12/site-packages/airflow/example_dags/example_dag_decorator.py
[2025-01-07T11:51:09.351+0000] {logging_mixin.py:190} INFO - [2025-01-07T11:51:09.351+0000] {dag.py:3239} INFO - Sync 1 DAGs
[2025-01-07T11:51:09.362+0000] {logging_mixin.py:190} INFO - [2025-01-07T11:51:09.362+0000] {dag.py:4180} INFO - Setting next_dagrun for example_dag_decorator to None, run_after=None
[2025-01-07T11:51:09.383+0000] {processor.py:208} INFO - Processing /home/airflow/.local/lib/python3.12/site-packages/airflow/example_dags/example_dag_decorator.py took 0.162 seconds
[2025-01-07T11:51:39.800+0000] {processor.py:186} INFO - Started process (PID=547) to work on /home/airflow/.local/lib/python3.12/site-packages/airflow/example_dags/example_dag_decorator.py
[2025-01-07T11:51:39.802+0000] {processor.py:914} INFO - Processing file /home/airflow/.local/lib/python3.12/site-packages/airflow/example_dags/example_dag_decorator.py for tasks to queue
[2025-01-07T11:51:39.804+0000] {logging_mixin.py:190} INFO - [2025-01-07T11:51:39.804+0000] {dagbag.py:588} INFO - Filling up the DagBag from /home/airflow/.local/lib/python3.12/site-packages/airflow/example_dags/example_dag_decorator.py
[2025-01-07T11:51:39.817+0000] {processor.py:925} INFO - DAG(s) 'example_dag_decorator' retrieved from /home/airflow/.local/lib/python3.12/site-packages/airflow/example_dags/example_dag_decorator.py
[2025-01-07T11:51:39.926+0000] {logging_mixin.py:190} INFO - [2025-01-07T11:51:39.925+0000] {dag.py:3239} INFO - Sync 1 DAGs
[2025-01-07T11:51:39.938+0000] {logging_mixin.py:190} INFO - [2025-01-07T11:51:39.938+0000] {dag.py:4180} INFO - Setting next_dagrun for example_dag_decorator to None, run_after=None
[2025-01-07T11:51:39.959+0000] {processor.py:208} INFO - Processing /home/airflow/.local/lib/python3.12/site-packages/airflow/example_dags/example_dag_decorator.py took 0.165 seconds
[2025-01-07T11:52:10.009+0000] {processor.py:186} INFO - Started process (PID=610) to work on /home/airflow/.local/lib/python3.12/site-packages/airflow/example_dags/example_dag_decorator.py
[2025-01-07T11:52:10.011+0000] {processor.py:914} INFO - Processing file /home/airflow/.local/lib/python3.12/site-packages/airflow/example_dags/example_dag_decorator.py for tasks to queue
[2025-01-07T11:52:10.014+0000] {logging_mixin.py:190} INFO - [2025-01-07T11:52:10.013+0000] {dagbag.py:588} INFO - Filling up the DagBag from /home/airflow/.local/lib/python3.12/site-packages/airflow/example_dags/example_dag_decorator.py
[2025-01-07T11:52:10.028+0000] {processor.py:925} INFO - DAG(s) 'example_dag_decorator' retrieved from /home/airflow/.local/lib/python3.12/site-packages/airflow/example_dags/example_dag_decorator.py
[2025-01-07T11:52:10.146+0000] {logging_mixin.py:190} INFO - [2025-01-07T11:52:10.146+0000] {dag.py:3239} INFO - Sync 1 DAGs
[2025-01-07T11:52:10.158+0000] {logging_mixin.py:190} INFO - [2025-01-07T11:52:10.157+0000] {dag.py:4180} INFO - Setting next_dagrun for example_dag_decorator to None, run_after=None
[2025-01-07T11:52:10.176+0000] {processor.py:208} INFO - Processing /home/airflow/.local/lib/python3.12/site-packages/airflow/example_dags/example_dag_decorator.py took 0.175 seconds
[2025-01-07T11:52:40.821+0000] {processor.py:186} INFO - Started process (PID=673) to work on /home/airflow/.local/lib/python3.12/site-packages/airflow/example_dags/example_dag_decorator.py
[2025-01-07T11:52:40.823+0000] {processor.py:914} INFO - Processing file /home/airflow/.local/lib/python3.12/site-packages/airflow/example_dags/example_dag_decorator.py for tasks to queue
[2025-01-07T11:52:40.825+0000] {logging_mixin.py:190} INFO - [2025-01-07T11:52:40.825+0000] {dagbag.py:588} INFO - Filling up the DagBag from /home/airflow/.local/lib/python3.12/site-packages/airflow/example_dags/example_dag_decorator.py
[2025-01-07T11:52:40.836+0000] {processor.py:925} INFO - DAG(s) 'example_dag_decorator' retrieved from /home/airflow/.local/lib/python3.12/site-packages/airflow/example_dags/example_dag_decorator.py
[2025-01-07T11:52:40.938+0000] {logging_mixin.py:190} INFO - [2025-01-07T11:52:40.938+0000] {dag.py:3239} INFO - Sync 1 DAGs
[2025-01-07T11:52:40.949+0000] {logging_mixin.py:190} INFO - [2025-01-07T11:52:40.948+0000] {dag.py:4180} INFO - Setting next_dagrun for example_dag_decorator to None, run_after=None
[2025-01-07T11:52:40.967+0000] {processor.py:208} INFO - Processing /home/airflow/.local/lib/python3.12/site-packages/airflow/example_dags/example_dag_decorator.py took 0.153 seconds
[2025-01-07T11:53:11.136+0000] {processor.py:186} INFO - Started process (PID=728) to work on /home/airflow/.local/lib/python3.12/site-packages/airflow/example_dags/example_dag_decorator.py
[2025-01-07T11:53:11.137+0000] {processor.py:914} INFO - Processing file /home/airflow/.local/lib/python3.12/site-packages/airflow/example_dags/example_dag_decorator.py for tasks to queue
[2025-01-07T11:53:11.140+0000] {logging_mixin.py:190} INFO - [2025-01-07T11:53:11.140+0000] {dagbag.py:588} INFO - Filling up the DagBag from /home/airflow/.local/lib/python3.12/site-packages/airflow/example_dags/example_dag_decorator.py
[2025-01-07T11:53:11.152+0000] {processor.py:925} INFO - DAG(s) 'example_dag_decorator' retrieved from /home/airflow/.local/lib/python3.12/site-packages/airflow/example_dags/example_dag_decorator.py
[2025-01-07T11:53:11.178+0000] {logging_mixin.py:190} INFO - [2025-01-07T11:53:11.177+0000] {dag.py:3239} INFO - Sync 1 DAGs
[2025-01-07T11:53:11.197+0000] {logging_mixin.py:190} INFO - [2025-01-07T11:53:11.197+0000] {dag.py:4180} INFO - Setting next_dagrun for example_dag_decorator to None, run_after=None
[2025-01-07T11:53:11.222+0000] {processor.py:208} INFO - Processing /home/airflow/.local/lib/python3.12/site-packages/airflow/example_dags/example_dag_decorator.py took 0.093 seconds
[2025-01-07T11:53:41.559+0000] {processor.py:186} INFO - Started process (PID=791) to work on /home/airflow/.local/lib/python3.12/site-packages/airflow/example_dags/example_dag_decorator.py
[2025-01-07T11:53:41.561+0000] {processor.py:914} INFO - Processing file /home/airflow/.local/lib/python3.12/site-packages/airflow/example_dags/example_dag_decorator.py for tasks to queue
[2025-01-07T11:53:41.563+0000] {logging_mixin.py:190} INFO - [2025-01-07T11:53:41.563+0000] {dagbag.py:588} INFO - Filling up the DagBag from /home/airflow/.local/lib/python3.12/site-packages/airflow/example_dags/example_dag_decorator.py
[2025-01-07T11:53:41.575+0000] {processor.py:925} INFO - DAG(s) 'example_dag_decorator' retrieved from /home/airflow/.local/lib/python3.12/site-packages/airflow/example_dags/example_dag_decorator.py
[2025-01-07T11:53:41.683+0000] {logging_mixin.py:190} INFO - [2025-01-07T11:53:41.682+0000] {dag.py:3239} INFO - Sync 1 DAGs
[2025-01-07T11:53:41.696+0000] {logging_mixin.py:190} INFO - [2025-01-07T11:53:41.696+0000] {dag.py:4180} INFO - Setting next_dagrun for example_dag_decorator to None, run_after=None
[2025-01-07T11:53:41.716+0000] {processor.py:208} INFO - Processing /home/airflow/.local/lib/python3.12/site-packages/airflow/example_dags/example_dag_decorator.py took 0.164 seconds
[2025-01-07T11:54:12.262+0000] {processor.py:186} INFO - Started process (PID=854) to work on /home/airflow/.local/lib/python3.12/site-packages/airflow/example_dags/example_dag_decorator.py
[2025-01-07T11:54:12.264+0000] {processor.py:914} INFO - Processing file /home/airflow/.local/lib/python3.12/site-packages/airflow/example_dags/example_dag_decorator.py for tasks to queue
[2025-01-07T11:54:12.267+0000] {logging_mixin.py:190} INFO - [2025-01-07T11:54:12.267+0000] {dagbag.py:588} INFO - Filling up the DagBag from /home/airflow/.local/lib/python3.12/site-packages/airflow/example_dags/example_dag_decorator.py
[2025-01-07T11:54:12.284+0000] {processor.py:925} INFO - DAG(s) 'example_dag_decorator' retrieved from /home/airflow/.local/lib/python3.12/site-packages/airflow/example_dags/example_dag_decorator.py
[2025-01-07T11:54:12.396+0000] {logging_mixin.py:190} INFO - [2025-01-07T11:54:12.396+0000] {dag.py:3239} INFO - Sync 1 DAGs
[2025-01-07T11:54:12.408+0000] {logging_mixin.py:190} INFO - [2025-01-07T11:54:12.408+0000] {dag.py:4180} INFO - Setting next_dagrun for example_dag_decorator to None, run_after=None
[2025-01-07T11:54:12.425+0000] {processor.py:208} INFO - Processing /home/airflow/.local/lib/python3.12/site-packages/airflow/example_dags/example_dag_decorator.py took 0.171 seconds
[2025-01-07T11:54:43.191+0000] {processor.py:186} INFO - Started process (PID=917) to work on /home/airflow/.local/lib/python3.12/site-packages/airflow/example_dags/example_dag_decorator.py
[2025-01-07T11:54:43.192+0000] {processor.py:914} INFO - Processing file /home/airflow/.local/lib/python3.12/site-packages/airflow/example_dags/example_dag_decorator.py for tasks to queue
[2025-01-07T11:54:43.195+0000] {logging_mixin.py:190} INFO - [2025-01-07T11:54:43.195+0000] {dagbag.py:588} INFO - Filling up the DagBag from /home/airflow/.local/lib/python3.12/site-packages/airflow/example_dags/example_dag_decorator.py
[2025-01-07T11:54:43.207+0000] {processor.py:925} INFO - DAG(s) 'example_dag_decorator' retrieved from /home/airflow/.local/lib/python3.12/site-packages/airflow/example_dags/example_dag_decorator.py
[2025-01-07T11:54:43.325+0000] {logging_mixin.py:190} INFO - [2025-01-07T11:54:43.325+0000] {dag.py:3239} INFO - Sync 1 DAGs
[2025-01-07T11:54:43.336+0000] {logging_mixin.py:190} INFO - [2025-01-07T11:54:43.336+0000] {dag.py:4180} INFO - Setting next_dagrun for example_dag_decorator to None, run_after=None
[2025-01-07T11:54:43.357+0000] {processor.py:208} INFO - Processing /home/airflow/.local/lib/python3.12/site-packages/airflow/example_dags/example_dag_decorator.py took 0.171 seconds
[2025-01-07T11:55:13.842+0000] {processor.py:186} INFO - Started process (PID=980) to work on /home/airflow/.local/lib/python3.12/site-packages/airflow/example_dags/example_dag_decorator.py
[2025-01-07T11:55:13.844+0000] {processor.py:914} INFO - Processing file /home/airflow/.local/lib/python3.12/site-packages/airflow/example_dags/example_dag_decorator.py for tasks to queue
[2025-01-07T11:55:13.846+0000] {logging_mixin.py:190} INFO - [2025-01-07T11:55:13.846+0000] {dagbag.py:588} INFO - Filling up the DagBag from /home/airflow/.local/lib/python3.12/site-packages/airflow/example_dags/example_dag_decorator.py
[2025-01-07T11:55:13.857+0000] {processor.py:925} INFO - DAG(s) 'example_dag_decorator' retrieved from /home/airflow/.local/lib/python3.12/site-packages/airflow/example_dags/example_dag_decorator.py
[2025-01-07T11:55:13.956+0000] {logging_mixin.py:190} INFO - [2025-01-07T11:55:13.956+0000] {dag.py:3239} INFO - Sync 1 DAGs
[2025-01-07T11:55:13.967+0000] {logging_mixin.py:190} INFO - [2025-01-07T11:55:13.966+0000] {dag.py:4180} INFO - Setting next_dagrun for example_dag_decorator to None, run_after=None
[2025-01-07T11:55:13.986+0000] {processor.py:208} INFO - Processing /home/airflow/.local/lib/python3.12/site-packages/airflow/example_dags/example_dag_decorator.py took 0.149 seconds
[2025-01-07T11:55:44.446+0000] {processor.py:186} INFO - Started process (PID=1043) to work on /home/airflow/.local/lib/python3.12/site-packages/airflow/example_dags/example_dag_decorator.py
[2025-01-07T11:55:44.447+0000] {processor.py:914} INFO - Processing file /home/airflow/.local/lib/python3.12/site-packages/airflow/example_dags/example_dag_decorator.py for tasks to queue
[2025-01-07T11:55:44.449+0000] {logging_mixin.py:190} INFO - [2025-01-07T11:55:44.449+0000] {dagbag.py:588} INFO - Filling up the DagBag from /home/airflow/.local/lib/python3.12/site-packages/airflow/example_dags/example_dag_decorator.py
[2025-01-07T11:55:44.460+0000] {processor.py:925} INFO - DAG(s) 'example_dag_decorator' retrieved from /home/airflow/.local/lib/python3.12/site-packages/airflow/example_dags/example_dag_decorator.py
[2025-01-07T11:55:44.558+0000] {logging_mixin.py:190} INFO - [2025-01-07T11:55:44.558+0000] {dag.py:3239} INFO - Sync 1 DAGs
[2025-01-07T11:55:44.569+0000] {logging_mixin.py:190} INFO - [2025-01-07T11:55:44.569+0000] {dag.py:4180} INFO - Setting next_dagrun for example_dag_decorator to None, run_after=None
[2025-01-07T11:55:44.589+0000] {processor.py:208} INFO - Processing /home/airflow/.local/lib/python3.12/site-packages/airflow/example_dags/example_dag_decorator.py took 0.149 seconds
[2025-01-07T11:56:14.837+0000] {processor.py:186} INFO - Started process (PID=1106) to work on /home/airflow/.local/lib/python3.12/site-packages/airflow/example_dags/example_dag_decorator.py
[2025-01-07T11:56:14.838+0000] {processor.py:914} INFO - Processing file /home/airflow/.local/lib/python3.12/site-packages/airflow/example_dags/example_dag_decorator.py for tasks to queue
[2025-01-07T11:56:14.841+0000] {logging_mixin.py:190} INFO - [2025-01-07T11:56:14.840+0000] {dagbag.py:588} INFO - Filling up the DagBag from /home/airflow/.local/lib/python3.12/site-packages/airflow/example_dags/example_dag_decorator.py
[2025-01-07T11:56:14.851+0000] {processor.py:925} INFO - DAG(s) 'example_dag_decorator' retrieved from /home/airflow/.local/lib/python3.12/site-packages/airflow/example_dags/example_dag_decorator.py
[2025-01-07T11:56:14.951+0000] {logging_mixin.py:190} INFO - [2025-01-07T11:56:14.950+0000] {dag.py:3239} INFO - Sync 1 DAGs
[2025-01-07T11:56:14.962+0000] {logging_mixin.py:190} INFO - [2025-01-07T11:56:14.962+0000] {dag.py:4180} INFO - Setting next_dagrun for example_dag_decorator to None, run_after=None
[2025-01-07T11:56:14.980+0000] {processor.py:208} INFO - Processing /home/airflow/.local/lib/python3.12/site-packages/airflow/example_dags/example_dag_decorator.py took 0.149 seconds
[2025-01-07T11:56:45.264+0000] {processor.py:186} INFO - Started process (PID=1169) to work on /home/airflow/.local/lib/python3.12/site-packages/airflow/example_dags/example_dag_decorator.py
[2025-01-07T11:56:45.265+0000] {processor.py:914} INFO - Processing file /home/airflow/.local/lib/python3.12/site-packages/airflow/example_dags/example_dag_decorator.py for tasks to queue
[2025-01-07T11:56:45.267+0000] {logging_mixin.py:190} INFO - [2025-01-07T11:56:45.267+0000] {dagbag.py:588} INFO - Filling up the DagBag from /home/airflow/.local/lib/python3.12/site-packages/airflow/example_dags/example_dag_decorator.py
[2025-01-07T11:56:45.278+0000] {processor.py:925} INFO - DAG(s) 'example_dag_decorator' retrieved from /home/airflow/.local/lib/python3.12/site-packages/airflow/example_dags/example_dag_decorator.py
[2025-01-07T11:56:45.372+0000] {logging_mixin.py:190} INFO - [2025-01-07T11:56:45.371+0000] {dag.py:3239} INFO - Sync 1 DAGs
[2025-01-07T11:56:45.383+0000] {logging_mixin.py:190} INFO - [2025-01-07T11:56:45.383+0000] {dag.py:4180} INFO - Setting next_dagrun for example_dag_decorator to None, run_after=None
[2025-01-07T11:56:45.404+0000] {processor.py:208} INFO - Processing /home/airflow/.local/lib/python3.12/site-packages/airflow/example_dags/example_dag_decorator.py took 0.146 seconds
[2025-01-07T11:57:15.572+0000] {processor.py:186} INFO - Started process (PID=1232) to work on /home/airflow/.local/lib/python3.12/site-packages/airflow/example_dags/example_dag_decorator.py
[2025-01-07T11:57:15.574+0000] {processor.py:914} INFO - Processing file /home/airflow/.local/lib/python3.12/site-packages/airflow/example_dags/example_dag_decorator.py for tasks to queue
[2025-01-07T11:57:15.577+0000] {logging_mixin.py:190} INFO - [2025-01-07T11:57:15.576+0000] {dagbag.py:588} INFO - Filling up the DagBag from /home/airflow/.local/lib/python3.12/site-packages/airflow/example_dags/example_dag_decorator.py
[2025-01-07T11:57:15.592+0000] {processor.py:925} INFO - DAG(s) 'example_dag_decorator' retrieved from /home/airflow/.local/lib/python3.12/site-packages/airflow/example_dags/example_dag_decorator.py
[2025-01-07T11:57:15.702+0000] {logging_mixin.py:190} INFO - [2025-01-07T11:57:15.702+0000] {dag.py:3239} INFO - Sync 1 DAGs
[2025-01-07T11:57:15.714+0000] {logging_mixin.py:190} INFO - [2025-01-07T11:57:15.714+0000] {dag.py:4180} INFO - Setting next_dagrun for example_dag_decorator to None, run_after=None
[2025-01-07T11:57:15.734+0000] {processor.py:208} INFO - Processing /home/airflow/.local/lib/python3.12/site-packages/airflow/example_dags/example_dag_decorator.py took 0.169 seconds
[2025-01-07T11:57:46.115+0000] {processor.py:186} INFO - Started process (PID=1303) to work on /home/airflow/.local/lib/python3.12/site-packages/airflow/example_dags/example_dag_decorator.py
[2025-01-07T11:57:46.118+0000] {processor.py:914} INFO - Processing file /home/airflow/.local/lib/python3.12/site-packages/airflow/example_dags/example_dag_decorator.py for tasks to queue
[2025-01-07T11:57:46.125+0000] {logging_mixin.py:190} INFO - [2025-01-07T11:57:46.125+0000] {dagbag.py:588} INFO - Filling up the DagBag from /home/airflow/.local/lib/python3.12/site-packages/airflow/example_dags/example_dag_decorator.py
[2025-01-07T11:57:46.145+0000] {processor.py:925} INFO - DAG(s) 'example_dag_decorator' retrieved from /home/airflow/.local/lib/python3.12/site-packages/airflow/example_dags/example_dag_decorator.py
[2025-01-07T11:57:46.406+0000] {logging_mixin.py:190} INFO - [2025-01-07T11:57:46.405+0000] {dag.py:3239} INFO - Sync 1 DAGs
[2025-01-07T11:57:46.434+0000] {logging_mixin.py:190} INFO - [2025-01-07T11:57:46.434+0000] {dag.py:4180} INFO - Setting next_dagrun for example_dag_decorator to None, run_after=None
[2025-01-07T11:57:46.497+0000] {processor.py:208} INFO - Processing /home/airflow/.local/lib/python3.12/site-packages/airflow/example_dags/example_dag_decorator.py took 0.391 seconds
[2025-01-07T11:58:16.625+0000] {processor.py:186} INFO - Started process (PID=1366) to work on /home/airflow/.local/lib/python3.12/site-packages/airflow/example_dags/example_dag_decorator.py
[2025-01-07T11:58:16.626+0000] {processor.py:914} INFO - Processing file /home/airflow/.local/lib/python3.12/site-packages/airflow/example_dags/example_dag_decorator.py for tasks to queue
[2025-01-07T11:58:16.629+0000] {logging_mixin.py:190} INFO - [2025-01-07T11:58:16.629+0000] {dagbag.py:588} INFO - Filling up the DagBag from /home/airflow/.local/lib/python3.12/site-packages/airflow/example_dags/example_dag_decorator.py
[2025-01-07T11:58:16.646+0000] {processor.py:925} INFO - DAG(s) 'example_dag_decorator' retrieved from /home/airflow/.local/lib/python3.12/site-packages/airflow/example_dags/example_dag_decorator.py
[2025-01-07T11:58:16.853+0000] {logging_mixin.py:190} INFO - [2025-01-07T11:58:16.852+0000] {dag.py:3239} INFO - Sync 1 DAGs
[2025-01-07T11:58:16.870+0000] {logging_mixin.py:190} INFO - [2025-01-07T11:58:16.869+0000] {dag.py:4180} INFO - Setting next_dagrun for example_dag_decorator to None, run_after=None
[2025-01-07T11:58:16.906+0000] {processor.py:208} INFO - Processing /home/airflow/.local/lib/python3.12/site-packages/airflow/example_dags/example_dag_decorator.py took 0.287 seconds
[2025-01-07T11:58:47.239+0000] {processor.py:186} INFO - Started process (PID=1428) to work on /home/airflow/.local/lib/python3.12/site-packages/airflow/example_dags/example_dag_decorator.py
[2025-01-07T11:58:47.241+0000] {processor.py:914} INFO - Processing file /home/airflow/.local/lib/python3.12/site-packages/airflow/example_dags/example_dag_decorator.py for tasks to queue
[2025-01-07T11:58:47.244+0000] {logging_mixin.py:190} INFO - [2025-01-07T11:58:47.243+0000] {dagbag.py:588} INFO - Filling up the DagBag from /home/airflow/.local/lib/python3.12/site-packages/airflow/example_dags/example_dag_decorator.py
[2025-01-07T11:58:47.256+0000] {processor.py:925} INFO - DAG(s) 'example_dag_decorator' retrieved from /home/airflow/.local/lib/python3.12/site-packages/airflow/example_dags/example_dag_decorator.py
[2025-01-07T11:58:47.358+0000] {logging_mixin.py:190} INFO - [2025-01-07T11:58:47.358+0000] {dag.py:3239} INFO - Sync 1 DAGs
[2025-01-07T11:58:47.370+0000] {logging_mixin.py:190} INFO - [2025-01-07T11:58:47.370+0000] {dag.py:4180} INFO - Setting next_dagrun for example_dag_decorator to None, run_after=None
[2025-01-07T11:58:47.388+0000] {processor.py:208} INFO - Processing /home/airflow/.local/lib/python3.12/site-packages/airflow/example_dags/example_dag_decorator.py took 0.155 seconds
[2025-01-07T11:59:17.503+0000] {processor.py:186} INFO - Started process (PID=1491) to work on /home/airflow/.local/lib/python3.12/site-packages/airflow/example_dags/example_dag_decorator.py
[2025-01-07T11:59:17.504+0000] {processor.py:914} INFO - Processing file /home/airflow/.local/lib/python3.12/site-packages/airflow/example_dags/example_dag_decorator.py for tasks to queue
[2025-01-07T11:59:17.506+0000] {logging_mixin.py:190} INFO - [2025-01-07T11:59:17.506+0000] {dagbag.py:588} INFO - Filling up the DagBag from /home/airflow/.local/lib/python3.12/site-packages/airflow/example_dags/example_dag_decorator.py
[2025-01-07T11:59:17.517+0000] {processor.py:925} INFO - DAG(s) 'example_dag_decorator' retrieved from /home/airflow/.local/lib/python3.12/site-packages/airflow/example_dags/example_dag_decorator.py
[2025-01-07T11:59:17.616+0000] {logging_mixin.py:190} INFO - [2025-01-07T11:59:17.615+0000] {dag.py:3239} INFO - Sync 1 DAGs
[2025-01-07T11:59:17.626+0000] {logging_mixin.py:190} INFO - [2025-01-07T11:59:17.626+0000] {dag.py:4180} INFO - Setting next_dagrun for example_dag_decorator to None, run_after=None
[2025-01-07T11:59:17.645+0000] {processor.py:208} INFO - Processing /home/airflow/.local/lib/python3.12/site-packages/airflow/example_dags/example_dag_decorator.py took 0.148 seconds
[2025-01-07T11:59:48.378+0000] {processor.py:186} INFO - Started process (PID=1561) to work on /home/airflow/.local/lib/python3.12/site-packages/airflow/example_dags/example_dag_decorator.py
[2025-01-07T11:59:48.379+0000] {processor.py:914} INFO - Processing file /home/airflow/.local/lib/python3.12/site-packages/airflow/example_dags/example_dag_decorator.py for tasks to queue
[2025-01-07T11:59:48.382+0000] {logging_mixin.py:190} INFO - [2025-01-07T11:59:48.381+0000] {dagbag.py:588} INFO - Filling up the DagBag from /home/airflow/.local/lib/python3.12/site-packages/airflow/example_dags/example_dag_decorator.py
[2025-01-07T11:59:48.393+0000] {processor.py:925} INFO - DAG(s) 'example_dag_decorator' retrieved from /home/airflow/.local/lib/python3.12/site-packages/airflow/example_dags/example_dag_decorator.py
[2025-01-07T11:59:48.488+0000] {logging_mixin.py:190} INFO - [2025-01-07T11:59:48.487+0000] {dag.py:3239} INFO - Sync 1 DAGs
[2025-01-07T11:59:48.499+0000] {logging_mixin.py:190} INFO - [2025-01-07T11:59:48.498+0000] {dag.py:4180} INFO - Setting next_dagrun for example_dag_decorator to None, run_after=None
[2025-01-07T11:59:48.516+0000] {processor.py:208} INFO - Processing /home/airflow/.local/lib/python3.12/site-packages/airflow/example_dags/example_dag_decorator.py took 0.143 seconds
[2025-01-07T12:00:18.871+0000] {processor.py:186} INFO - Started process (PID=1624) to work on /home/airflow/.local/lib/python3.12/site-packages/airflow/example_dags/example_dag_decorator.py
[2025-01-07T12:00:18.873+0000] {processor.py:914} INFO - Processing file /home/airflow/.local/lib/python3.12/site-packages/airflow/example_dags/example_dag_decorator.py for tasks to queue
[2025-01-07T12:00:18.875+0000] {logging_mixin.py:190} INFO - [2025-01-07T12:00:18.875+0000] {dagbag.py:588} INFO - Filling up the DagBag from /home/airflow/.local/lib/python3.12/site-packages/airflow/example_dags/example_dag_decorator.py
[2025-01-07T12:00:18.887+0000] {processor.py:925} INFO - DAG(s) 'example_dag_decorator' retrieved from /home/airflow/.local/lib/python3.12/site-packages/airflow/example_dags/example_dag_decorator.py
[2025-01-07T12:00:18.992+0000] {logging_mixin.py:190} INFO - [2025-01-07T12:00:18.991+0000] {dag.py:3239} INFO - Sync 1 DAGs
[2025-01-07T12:00:19.003+0000] {logging_mixin.py:190} INFO - [2025-01-07T12:00:19.003+0000] {dag.py:4180} INFO - Setting next_dagrun for example_dag_decorator to None, run_after=None
[2025-01-07T12:00:19.023+0000] {processor.py:208} INFO - Processing /home/airflow/.local/lib/python3.12/site-packages/airflow/example_dags/example_dag_decorator.py took 0.157 seconds
[2025-01-07T12:00:49.211+0000] {processor.py:186} INFO - Started process (PID=1687) to work on /home/airflow/.local/lib/python3.12/site-packages/airflow/example_dags/example_dag_decorator.py
[2025-01-07T12:00:49.212+0000] {processor.py:914} INFO - Processing file /home/airflow/.local/lib/python3.12/site-packages/airflow/example_dags/example_dag_decorator.py for tasks to queue
[2025-01-07T12:00:49.215+0000] {logging_mixin.py:190} INFO - [2025-01-07T12:00:49.214+0000] {dagbag.py:588} INFO - Filling up the DagBag from /home/airflow/.local/lib/python3.12/site-packages/airflow/example_dags/example_dag_decorator.py
[2025-01-07T12:00:49.227+0000] {processor.py:925} INFO - DAG(s) 'example_dag_decorator' retrieved from /home/airflow/.local/lib/python3.12/site-packages/airflow/example_dags/example_dag_decorator.py
[2025-01-07T12:00:49.337+0000] {logging_mixin.py:190} INFO - [2025-01-07T12:00:49.336+0000] {dag.py:3239} INFO - Sync 1 DAGs
[2025-01-07T12:00:49.349+0000] {logging_mixin.py:190} INFO - [2025-01-07T12:00:49.348+0000] {dag.py:4180} INFO - Setting next_dagrun for example_dag_decorator to None, run_after=None
[2025-01-07T12:00:49.371+0000] {processor.py:208} INFO - Processing /home/airflow/.local/lib/python3.12/site-packages/airflow/example_dags/example_dag_decorator.py took 0.167 seconds
[2025-01-07T12:01:20.180+0000] {processor.py:186} INFO - Started process (PID=1750) to work on /home/airflow/.local/lib/python3.12/site-packages/airflow/example_dags/example_dag_decorator.py
[2025-01-07T12:01:20.181+0000] {processor.py:914} INFO - Processing file /home/airflow/.local/lib/python3.12/site-packages/airflow/example_dags/example_dag_decorator.py for tasks to queue
[2025-01-07T12:01:20.183+0000] {logging_mixin.py:190} INFO - [2025-01-07T12:01:20.183+0000] {dagbag.py:588} INFO - Filling up the DagBag from /home/airflow/.local/lib/python3.12/site-packages/airflow/example_dags/example_dag_decorator.py
[2025-01-07T12:01:20.195+0000] {processor.py:925} INFO - DAG(s) 'example_dag_decorator' retrieved from /home/airflow/.local/lib/python3.12/site-packages/airflow/example_dags/example_dag_decorator.py
[2025-01-07T12:01:20.292+0000] {logging_mixin.py:190} INFO - [2025-01-07T12:01:20.292+0000] {dag.py:3239} INFO - Sync 1 DAGs
[2025-01-07T12:01:20.304+0000] {logging_mixin.py:190} INFO - [2025-01-07T12:01:20.304+0000] {dag.py:4180} INFO - Setting next_dagrun for example_dag_decorator to None, run_after=None
[2025-01-07T12:01:20.321+0000] {processor.py:208} INFO - Processing /home/airflow/.local/lib/python3.12/site-packages/airflow/example_dags/example_dag_decorator.py took 0.147 seconds
[2025-01-07T12:01:50.401+0000] {processor.py:186} INFO - Started process (PID=1813) to work on /home/airflow/.local/lib/python3.12/site-packages/airflow/example_dags/example_dag_decorator.py
[2025-01-07T12:01:50.402+0000] {processor.py:914} INFO - Processing file /home/airflow/.local/lib/python3.12/site-packages/airflow/example_dags/example_dag_decorator.py for tasks to queue
[2025-01-07T12:01:50.404+0000] {logging_mixin.py:190} INFO - [2025-01-07T12:01:50.404+0000] {dagbag.py:588} INFO - Filling up the DagBag from /home/airflow/.local/lib/python3.12/site-packages/airflow/example_dags/example_dag_decorator.py
[2025-01-07T12:01:50.416+0000] {processor.py:925} INFO - DAG(s) 'example_dag_decorator' retrieved from /home/airflow/.local/lib/python3.12/site-packages/airflow/example_dags/example_dag_decorator.py
[2025-01-07T12:01:50.510+0000] {logging_mixin.py:190} INFO - [2025-01-07T12:01:50.509+0000] {dag.py:3239} INFO - Sync 1 DAGs
[2025-01-07T12:01:50.521+0000] {logging_mixin.py:190} INFO - [2025-01-07T12:01:50.521+0000] {dag.py:4180} INFO - Setting next_dagrun for example_dag_decorator to None, run_after=None
[2025-01-07T12:01:50.543+0000] {processor.py:208} INFO - Processing /home/airflow/.local/lib/python3.12/site-packages/airflow/example_dags/example_dag_decorator.py took 0.148 seconds
[2025-01-07T12:02:20.918+0000] {processor.py:186} INFO - Started process (PID=1876) to work on /home/airflow/.local/lib/python3.12/site-packages/airflow/example_dags/example_dag_decorator.py
[2025-01-07T12:02:20.919+0000] {processor.py:914} INFO - Processing file /home/airflow/.local/lib/python3.12/site-packages/airflow/example_dags/example_dag_decorator.py for tasks to queue
[2025-01-07T12:02:20.922+0000] {logging_mixin.py:190} INFO - [2025-01-07T12:02:20.922+0000] {dagbag.py:588} INFO - Filling up the DagBag from /home/airflow/.local/lib/python3.12/site-packages/airflow/example_dags/example_dag_decorator.py
[2025-01-07T12:02:20.937+0000] {processor.py:925} INFO - DAG(s) 'example_dag_decorator' retrieved from /home/airflow/.local/lib/python3.12/site-packages/airflow/example_dags/example_dag_decorator.py
[2025-01-07T12:02:21.042+0000] {logging_mixin.py:190} INFO - [2025-01-07T12:02:21.042+0000] {dag.py:3239} INFO - Sync 1 DAGs
[2025-01-07T12:02:21.054+0000] {logging_mixin.py:190} INFO - [2025-01-07T12:02:21.054+0000] {dag.py:4180} INFO - Setting next_dagrun for example_dag_decorator to None, run_after=None
[2025-01-07T12:02:21.078+0000] {processor.py:208} INFO - Processing /home/airflow/.local/lib/python3.12/site-packages/airflow/example_dags/example_dag_decorator.py took 0.167 seconds
[2025-01-07T12:02:51.593+0000] {processor.py:186} INFO - Started process (PID=1939) to work on /home/airflow/.local/lib/python3.12/site-packages/airflow/example_dags/example_dag_decorator.py
[2025-01-07T12:02:51.594+0000] {processor.py:914} INFO - Processing file /home/airflow/.local/lib/python3.12/site-packages/airflow/example_dags/example_dag_decorator.py for tasks to queue
[2025-01-07T12:02:51.597+0000] {logging_mixin.py:190} INFO - [2025-01-07T12:02:51.597+0000] {dagbag.py:588} INFO - Filling up the DagBag from /home/airflow/.local/lib/python3.12/site-packages/airflow/example_dags/example_dag_decorator.py
[2025-01-07T12:02:51.608+0000] {processor.py:925} INFO - DAG(s) 'example_dag_decorator' retrieved from /home/airflow/.local/lib/python3.12/site-packages/airflow/example_dags/example_dag_decorator.py
[2025-01-07T12:02:51.710+0000] {logging_mixin.py:190} INFO - [2025-01-07T12:02:51.710+0000] {dag.py:3239} INFO - Sync 1 DAGs
[2025-01-07T12:02:51.722+0000] {logging_mixin.py:190} INFO - [2025-01-07T12:02:51.721+0000] {dag.py:4180} INFO - Setting next_dagrun for example_dag_decorator to None, run_after=None
[2025-01-07T12:02:51.745+0000] {processor.py:208} INFO - Processing /home/airflow/.local/lib/python3.12/site-packages/airflow/example_dags/example_dag_decorator.py took 0.159 seconds
[2025-01-07T12:03:22.625+0000] {processor.py:186} INFO - Started process (PID=2002) to work on /home/airflow/.local/lib/python3.12/site-packages/airflow/example_dags/example_dag_decorator.py
[2025-01-07T12:03:22.626+0000] {processor.py:914} INFO - Processing file /home/airflow/.local/lib/python3.12/site-packages/airflow/example_dags/example_dag_decorator.py for tasks to queue
[2025-01-07T12:03:22.629+0000] {logging_mixin.py:190} INFO - [2025-01-07T12:03:22.629+0000] {dagbag.py:588} INFO - Filling up the DagBag from /home/airflow/.local/lib/python3.12/site-packages/airflow/example_dags/example_dag_decorator.py
[2025-01-07T12:03:22.642+0000] {processor.py:925} INFO - DAG(s) 'example_dag_decorator' retrieved from /home/airflow/.local/lib/python3.12/site-packages/airflow/example_dags/example_dag_decorator.py
[2025-01-07T12:03:22.799+0000] {logging_mixin.py:190} INFO - [2025-01-07T12:03:22.798+0000] {dag.py:3239} INFO - Sync 1 DAGs
[2025-01-07T12:03:22.814+0000] {logging_mixin.py:190} INFO - [2025-01-07T12:03:22.813+0000] {dag.py:4180} INFO - Setting next_dagrun for example_dag_decorator to None, run_after=None
[2025-01-07T12:03:22.841+0000] {processor.py:208} INFO - Processing /home/airflow/.local/lib/python3.12/site-packages/airflow/example_dags/example_dag_decorator.py took 0.223 seconds
[2025-01-07T12:03:53.252+0000] {processor.py:186} INFO - Started process (PID=2065) to work on /home/airflow/.local/lib/python3.12/site-packages/airflow/example_dags/example_dag_decorator.py
[2025-01-07T12:03:53.253+0000] {processor.py:914} INFO - Processing file /home/airflow/.local/lib/python3.12/site-packages/airflow/example_dags/example_dag_decorator.py for tasks to queue
[2025-01-07T12:03:53.258+0000] {logging_mixin.py:190} INFO - [2025-01-07T12:03:53.258+0000] {dagbag.py:588} INFO - Filling up the DagBag from /home/airflow/.local/lib/python3.12/site-packages/airflow/example_dags/example_dag_decorator.py
[2025-01-07T12:03:53.275+0000] {processor.py:925} INFO - DAG(s) 'example_dag_decorator' retrieved from /home/airflow/.local/lib/python3.12/site-packages/airflow/example_dags/example_dag_decorator.py
[2025-01-07T12:03:53.429+0000] {logging_mixin.py:190} INFO - [2025-01-07T12:03:53.428+0000] {dag.py:3239} INFO - Sync 1 DAGs
[2025-01-07T12:03:53.450+0000] {logging_mixin.py:190} INFO - [2025-01-07T12:03:53.450+0000] {dag.py:4180} INFO - Setting next_dagrun for example_dag_decorator to None, run_after=None
[2025-01-07T12:03:53.476+0000] {processor.py:208} INFO - Processing /home/airflow/.local/lib/python3.12/site-packages/airflow/example_dags/example_dag_decorator.py took 0.232 seconds
[2025-01-07T12:04:23.585+0000] {processor.py:186} INFO - Started process (PID=2129) to work on /home/airflow/.local/lib/python3.12/site-packages/airflow/example_dags/example_dag_decorator.py
[2025-01-07T12:04:23.586+0000] {processor.py:914} INFO - Processing file /home/airflow/.local/lib/python3.12/site-packages/airflow/example_dags/example_dag_decorator.py for tasks to queue
[2025-01-07T12:04:23.590+0000] {logging_mixin.py:190} INFO - [2025-01-07T12:04:23.589+0000] {dagbag.py:588} INFO - Filling up the DagBag from /home/airflow/.local/lib/python3.12/site-packages/airflow/example_dags/example_dag_decorator.py
[2025-01-07T12:04:23.603+0000] {processor.py:925} INFO - DAG(s) 'example_dag_decorator' retrieved from /home/airflow/.local/lib/python3.12/site-packages/airflow/example_dags/example_dag_decorator.py
[2025-01-07T12:04:23.717+0000] {logging_mixin.py:190} INFO - [2025-01-07T12:04:23.717+0000] {dag.py:3239} INFO - Sync 1 DAGs
[2025-01-07T12:04:23.728+0000] {logging_mixin.py:190} INFO - [2025-01-07T12:04:23.728+0000] {dag.py:4180} INFO - Setting next_dagrun for example_dag_decorator to None, run_after=None
[2025-01-07T12:04:23.746+0000] {processor.py:208} INFO - Processing /home/airflow/.local/lib/python3.12/site-packages/airflow/example_dags/example_dag_decorator.py took 0.167 seconds
[2025-01-07T12:04:53.840+0000] {processor.py:186} INFO - Started process (PID=2191) to work on /home/airflow/.local/lib/python3.12/site-packages/airflow/example_dags/example_dag_decorator.py
[2025-01-07T12:04:53.841+0000] {processor.py:914} INFO - Processing file /home/airflow/.local/lib/python3.12/site-packages/airflow/example_dags/example_dag_decorator.py for tasks to queue
[2025-01-07T12:04:53.844+0000] {logging_mixin.py:190} INFO - [2025-01-07T12:04:53.843+0000] {dagbag.py:588} INFO - Filling up the DagBag from /home/airflow/.local/lib/python3.12/site-packages/airflow/example_dags/example_dag_decorator.py
[2025-01-07T12:04:53.855+0000] {processor.py:925} INFO - DAG(s) 'example_dag_decorator' retrieved from /home/airflow/.local/lib/python3.12/site-packages/airflow/example_dags/example_dag_decorator.py
[2025-01-07T12:04:53.978+0000] {logging_mixin.py:190} INFO - [2025-01-07T12:04:53.977+0000] {dag.py:3239} INFO - Sync 1 DAGs
[2025-01-07T12:04:53.991+0000] {logging_mixin.py:190} INFO - [2025-01-07T12:04:53.991+0000] {dag.py:4180} INFO - Setting next_dagrun for example_dag_decorator to None, run_after=None
[2025-01-07T12:04:54.012+0000] {processor.py:208} INFO - Processing /home/airflow/.local/lib/python3.12/site-packages/airflow/example_dags/example_dag_decorator.py took 0.179 seconds
[2025-01-07T12:05:24.488+0000] {processor.py:186} INFO - Started process (PID=2254) to work on /home/airflow/.local/lib/python3.12/site-packages/airflow/example_dags/example_dag_decorator.py
[2025-01-07T12:05:24.489+0000] {processor.py:914} INFO - Processing file /home/airflow/.local/lib/python3.12/site-packages/airflow/example_dags/example_dag_decorator.py for tasks to queue
[2025-01-07T12:05:24.491+0000] {logging_mixin.py:190} INFO - [2025-01-07T12:05:24.491+0000] {dagbag.py:588} INFO - Filling up the DagBag from /home/airflow/.local/lib/python3.12/site-packages/airflow/example_dags/example_dag_decorator.py
[2025-01-07T12:05:24.504+0000] {processor.py:925} INFO - DAG(s) 'example_dag_decorator' retrieved from /home/airflow/.local/lib/python3.12/site-packages/airflow/example_dags/example_dag_decorator.py
[2025-01-07T12:05:24.620+0000] {logging_mixin.py:190} INFO - [2025-01-07T12:05:24.619+0000] {dag.py:3239} INFO - Sync 1 DAGs
[2025-01-07T12:05:24.632+0000] {logging_mixin.py:190} INFO - [2025-01-07T12:05:24.632+0000] {dag.py:4180} INFO - Setting next_dagrun for example_dag_decorator to None, run_after=None
[2025-01-07T12:05:24.653+0000] {processor.py:208} INFO - Processing /home/airflow/.local/lib/python3.12/site-packages/airflow/example_dags/example_dag_decorator.py took 0.172 seconds
[2025-01-07T12:05:54.813+0000] {processor.py:186} INFO - Started process (PID=2296) to work on /home/airflow/.local/lib/python3.12/site-packages/airflow/example_dags/example_dag_decorator.py
[2025-01-07T12:05:54.815+0000] {processor.py:914} INFO - Processing file /home/airflow/.local/lib/python3.12/site-packages/airflow/example_dags/example_dag_decorator.py for tasks to queue
[2025-01-07T12:05:54.819+0000] {logging_mixin.py:190} INFO - [2025-01-07T12:05:54.818+0000] {dagbag.py:588} INFO - Filling up the DagBag from /home/airflow/.local/lib/python3.12/site-packages/airflow/example_dags/example_dag_decorator.py
[2025-01-07T12:05:54.838+0000] {processor.py:925} INFO - DAG(s) 'example_dag_decorator' retrieved from /home/airflow/.local/lib/python3.12/site-packages/airflow/example_dags/example_dag_decorator.py
[2025-01-07T12:05:55.016+0000] {logging_mixin.py:190} INFO - [2025-01-07T12:05:55.016+0000] {dag.py:3239} INFO - Sync 1 DAGs
[2025-01-07T12:05:55.037+0000] {logging_mixin.py:190} INFO - [2025-01-07T12:05:55.036+0000] {dag.py:4180} INFO - Setting next_dagrun for example_dag_decorator to None, run_after=None
[2025-01-07T12:05:55.075+0000] {processor.py:208} INFO - Processing /home/airflow/.local/lib/python3.12/site-packages/airflow/example_dags/example_dag_decorator.py took 0.276 seconds
[2025-01-07T12:06:25.670+0000] {processor.py:186} INFO - Started process (PID=2357) to work on /home/airflow/.local/lib/python3.12/site-packages/airflow/example_dags/example_dag_decorator.py
[2025-01-07T12:06:25.671+0000] {processor.py:914} INFO - Processing file /home/airflow/.local/lib/python3.12/site-packages/airflow/example_dags/example_dag_decorator.py for tasks to queue
[2025-01-07T12:06:25.674+0000] {logging_mixin.py:190} INFO - [2025-01-07T12:06:25.673+0000] {dagbag.py:588} INFO - Filling up the DagBag from /home/airflow/.local/lib/python3.12/site-packages/airflow/example_dags/example_dag_decorator.py
[2025-01-07T12:06:25.687+0000] {processor.py:925} INFO - DAG(s) 'example_dag_decorator' retrieved from /home/airflow/.local/lib/python3.12/site-packages/airflow/example_dags/example_dag_decorator.py
[2025-01-07T12:06:25.805+0000] {logging_mixin.py:190} INFO - [2025-01-07T12:06:25.804+0000] {dag.py:3239} INFO - Sync 1 DAGs
[2025-01-07T12:06:25.816+0000] {logging_mixin.py:190} INFO - [2025-01-07T12:06:25.815+0000] {dag.py:4180} INFO - Setting next_dagrun for example_dag_decorator to None, run_after=None
[2025-01-07T12:06:25.836+0000] {processor.py:208} INFO - Processing /home/airflow/.local/lib/python3.12/site-packages/airflow/example_dags/example_dag_decorator.py took 0.173 seconds
[2025-01-07T12:06:56.197+0000] {processor.py:186} INFO - Started process (PID=2415) to work on /home/airflow/.local/lib/python3.12/site-packages/airflow/example_dags/example_dag_decorator.py
[2025-01-07T12:06:56.198+0000] {processor.py:914} INFO - Processing file /home/airflow/.local/lib/python3.12/site-packages/airflow/example_dags/example_dag_decorator.py for tasks to queue
[2025-01-07T12:06:56.202+0000] {logging_mixin.py:190} INFO - [2025-01-07T12:06:56.201+0000] {dagbag.py:588} INFO - Filling up the DagBag from /home/airflow/.local/lib/python3.12/site-packages/airflow/example_dags/example_dag_decorator.py
[2025-01-07T12:06:56.218+0000] {processor.py:925} INFO - DAG(s) 'example_dag_decorator' retrieved from /home/airflow/.local/lib/python3.12/site-packages/airflow/example_dags/example_dag_decorator.py
[2025-01-07T12:06:56.367+0000] {logging_mixin.py:190} INFO - [2025-01-07T12:06:56.367+0000] {dag.py:3239} INFO - Sync 1 DAGs
[2025-01-07T12:06:56.389+0000] {logging_mixin.py:190} INFO - [2025-01-07T12:06:56.389+0000] {dag.py:4180} INFO - Setting next_dagrun for example_dag_decorator to None, run_after=None
[2025-01-07T12:06:56.414+0000] {processor.py:208} INFO - Processing /home/airflow/.local/lib/python3.12/site-packages/airflow/example_dags/example_dag_decorator.py took 0.225 seconds
[2025-01-07T12:07:26.594+0000] {processor.py:186} INFO - Started process (PID=2475) to work on /home/airflow/.local/lib/python3.12/site-packages/airflow/example_dags/example_dag_decorator.py
[2025-01-07T12:07:26.596+0000] {processor.py:914} INFO - Processing file /home/airflow/.local/lib/python3.12/site-packages/airflow/example_dags/example_dag_decorator.py for tasks to queue
[2025-01-07T12:07:26.599+0000] {logging_mixin.py:190} INFO - [2025-01-07T12:07:26.598+0000] {dagbag.py:588} INFO - Filling up the DagBag from /home/airflow/.local/lib/python3.12/site-packages/airflow/example_dags/example_dag_decorator.py
[2025-01-07T12:07:26.614+0000] {processor.py:925} INFO - DAG(s) 'example_dag_decorator' retrieved from /home/airflow/.local/lib/python3.12/site-packages/airflow/example_dags/example_dag_decorator.py
[2025-01-07T12:07:26.769+0000] {logging_mixin.py:190} INFO - [2025-01-07T12:07:26.769+0000] {dag.py:3239} INFO - Sync 1 DAGs
[2025-01-07T12:07:26.784+0000] {logging_mixin.py:190} INFO - [2025-01-07T12:07:26.784+0000] {dag.py:4180} INFO - Setting next_dagrun for example_dag_decorator to None, run_after=None
[2025-01-07T12:07:26.810+0000] {processor.py:208} INFO - Processing /home/airflow/.local/lib/python3.12/site-packages/airflow/example_dags/example_dag_decorator.py took 0.223 seconds
[2025-01-07T12:07:56.852+0000] {processor.py:186} INFO - Started process (PID=2539) to work on /home/airflow/.local/lib/python3.12/site-packages/airflow/example_dags/example_dag_decorator.py
[2025-01-07T12:07:56.853+0000] {processor.py:914} INFO - Processing file /home/airflow/.local/lib/python3.12/site-packages/airflow/example_dags/example_dag_decorator.py for tasks to queue
[2025-01-07T12:07:56.856+0000] {logging_mixin.py:190} INFO - [2025-01-07T12:07:56.855+0000] {dagbag.py:588} INFO - Filling up the DagBag from /home/airflow/.local/lib/python3.12/site-packages/airflow/example_dags/example_dag_decorator.py
[2025-01-07T12:07:56.873+0000] {processor.py:925} INFO - DAG(s) 'example_dag_decorator' retrieved from /home/airflow/.local/lib/python3.12/site-packages/airflow/example_dags/example_dag_decorator.py
[2025-01-07T12:07:57.001+0000] {logging_mixin.py:190} INFO - [2025-01-07T12:07:57.001+0000] {dag.py:3239} INFO - Sync 1 DAGs
[2025-01-07T12:07:57.016+0000] {logging_mixin.py:190} INFO - [2025-01-07T12:07:57.016+0000] {dag.py:4180} INFO - Setting next_dagrun for example_dag_decorator to None, run_after=None
[2025-01-07T12:07:57.038+0000] {processor.py:208} INFO - Processing /home/airflow/.local/lib/python3.12/site-packages/airflow/example_dags/example_dag_decorator.py took 0.192 seconds
[2025-01-07T12:08:27.940+0000] {processor.py:186} INFO - Started process (PID=2603) to work on /home/airflow/.local/lib/python3.12/site-packages/airflow/example_dags/example_dag_decorator.py
[2025-01-07T12:08:27.941+0000] {processor.py:914} INFO - Processing file /home/airflow/.local/lib/python3.12/site-packages/airflow/example_dags/example_dag_decorator.py for tasks to queue
[2025-01-07T12:08:27.945+0000] {logging_mixin.py:190} INFO - [2025-01-07T12:08:27.944+0000] {dagbag.py:588} INFO - Filling up the DagBag from /home/airflow/.local/lib/python3.12/site-packages/airflow/example_dags/example_dag_decorator.py
[2025-01-07T12:08:27.958+0000] {processor.py:925} INFO - DAG(s) 'example_dag_decorator' retrieved from /home/airflow/.local/lib/python3.12/site-packages/airflow/example_dags/example_dag_decorator.py
[2025-01-07T12:08:28.084+0000] {logging_mixin.py:190} INFO - [2025-01-07T12:08:28.083+0000] {dag.py:3239} INFO - Sync 1 DAGs
[2025-01-07T12:08:28.095+0000] {logging_mixin.py:190} INFO - [2025-01-07T12:08:28.095+0000] {dag.py:4180} INFO - Setting next_dagrun for example_dag_decorator to None, run_after=None
[2025-01-07T12:08:28.113+0000] {processor.py:208} INFO - Processing /home/airflow/.local/lib/python3.12/site-packages/airflow/example_dags/example_dag_decorator.py took 0.180 seconds
[2025-01-07T12:08:58.447+0000] {processor.py:186} INFO - Started process (PID=2666) to work on /home/airflow/.local/lib/python3.12/site-packages/airflow/example_dags/example_dag_decorator.py
[2025-01-07T12:08:58.449+0000] {processor.py:914} INFO - Processing file /home/airflow/.local/lib/python3.12/site-packages/airflow/example_dags/example_dag_decorator.py for tasks to queue
[2025-01-07T12:08:58.452+0000] {logging_mixin.py:190} INFO - [2025-01-07T12:08:58.451+0000] {dagbag.py:588} INFO - Filling up the DagBag from /home/airflow/.local/lib/python3.12/site-packages/airflow/example_dags/example_dag_decorator.py
[2025-01-07T12:08:58.465+0000] {processor.py:925} INFO - DAG(s) 'example_dag_decorator' retrieved from /home/airflow/.local/lib/python3.12/site-packages/airflow/example_dags/example_dag_decorator.py
[2025-01-07T12:08:58.593+0000] {logging_mixin.py:190} INFO - [2025-01-07T12:08:58.592+0000] {dag.py:3239} INFO - Sync 1 DAGs
[2025-01-07T12:08:58.749+0000] {logging_mixin.py:190} INFO - [2025-01-07T12:08:58.749+0000] {dag.py:4180} INFO - Setting next_dagrun for example_dag_decorator to None, run_after=None
[2025-01-07T12:08:58.769+0000] {processor.py:208} INFO - Processing /home/airflow/.local/lib/python3.12/site-packages/airflow/example_dags/example_dag_decorator.py took 0.330 seconds
[2025-01-07T12:09:28.943+0000] {processor.py:186} INFO - Started process (PID=2729) to work on /home/airflow/.local/lib/python3.12/site-packages/airflow/example_dags/example_dag_decorator.py
[2025-01-07T12:09:28.944+0000] {processor.py:914} INFO - Processing file /home/airflow/.local/lib/python3.12/site-packages/airflow/example_dags/example_dag_decorator.py for tasks to queue
[2025-01-07T12:09:28.950+0000] {logging_mixin.py:190} INFO - [2025-01-07T12:09:28.949+0000] {dagbag.py:588} INFO - Filling up the DagBag from /home/airflow/.local/lib/python3.12/site-packages/airflow/example_dags/example_dag_decorator.py
[2025-01-07T12:09:28.968+0000] {processor.py:925} INFO - DAG(s) 'example_dag_decorator' retrieved from /home/airflow/.local/lib/python3.12/site-packages/airflow/example_dags/example_dag_decorator.py
[2025-01-07T12:09:29.115+0000] {logging_mixin.py:190} INFO - [2025-01-07T12:09:29.115+0000] {dag.py:3239} INFO - Sync 1 DAGs
[2025-01-07T12:09:29.303+0000] {logging_mixin.py:190} INFO - [2025-01-07T12:09:29.302+0000] {dag.py:4180} INFO - Setting next_dagrun for example_dag_decorator to None, run_after=None
[2025-01-07T12:09:29.322+0000] {processor.py:208} INFO - Processing /home/airflow/.local/lib/python3.12/site-packages/airflow/example_dags/example_dag_decorator.py took 0.387 seconds
[2025-01-07T12:09:59.499+0000] {processor.py:186} INFO - Started process (PID=2792) to work on /home/airflow/.local/lib/python3.12/site-packages/airflow/example_dags/example_dag_decorator.py
[2025-01-07T12:09:59.501+0000] {processor.py:914} INFO - Processing file /home/airflow/.local/lib/python3.12/site-packages/airflow/example_dags/example_dag_decorator.py for tasks to queue
[2025-01-07T12:09:59.505+0000] {logging_mixin.py:190} INFO - [2025-01-07T12:09:59.505+0000] {dagbag.py:588} INFO - Filling up the DagBag from /home/airflow/.local/lib/python3.12/site-packages/airflow/example_dags/example_dag_decorator.py
[2025-01-07T12:09:59.521+0000] {processor.py:925} INFO - DAG(s) 'example_dag_decorator' retrieved from /home/airflow/.local/lib/python3.12/site-packages/airflow/example_dags/example_dag_decorator.py
[2025-01-07T12:09:59.647+0000] {logging_mixin.py:190} INFO - [2025-01-07T12:09:59.647+0000] {dag.py:3239} INFO - Sync 1 DAGs
[2025-01-07T12:09:59.666+0000] {logging_mixin.py:190} INFO - [2025-01-07T12:09:59.665+0000] {dag.py:4180} INFO - Setting next_dagrun for example_dag_decorator to None, run_after=None
[2025-01-07T12:09:59.875+0000] {processor.py:208} INFO - Processing /home/airflow/.local/lib/python3.12/site-packages/airflow/example_dags/example_dag_decorator.py took 0.386 seconds
[2025-01-07T12:10:29.960+0000] {processor.py:186} INFO - Started process (PID=2857) to work on /home/airflow/.local/lib/python3.12/site-packages/airflow/example_dags/example_dag_decorator.py
[2025-01-07T12:10:29.962+0000] {processor.py:914} INFO - Processing file /home/airflow/.local/lib/python3.12/site-packages/airflow/example_dags/example_dag_decorator.py for tasks to queue
[2025-01-07T12:10:29.966+0000] {logging_mixin.py:190} INFO - [2025-01-07T12:10:29.966+0000] {dagbag.py:588} INFO - Filling up the DagBag from /home/airflow/.local/lib/python3.12/site-packages/airflow/example_dags/example_dag_decorator.py
[2025-01-07T12:10:29.985+0000] {processor.py:925} INFO - DAG(s) 'example_dag_decorator' retrieved from /home/airflow/.local/lib/python3.12/site-packages/airflow/example_dags/example_dag_decorator.py
[2025-01-07T12:10:30.153+0000] {logging_mixin.py:190} INFO - [2025-01-07T12:10:30.153+0000] {dag.py:3239} INFO - Sync 1 DAGs
[2025-01-07T12:10:30.193+0000] {logging_mixin.py:190} INFO - [2025-01-07T12:10:30.192+0000] {dag.py:4180} INFO - Setting next_dagrun for example_dag_decorator to None, run_after=None
[2025-01-07T12:10:30.234+0000] {processor.py:208} INFO - Processing /home/airflow/.local/lib/python3.12/site-packages/airflow/example_dags/example_dag_decorator.py took 0.283 seconds
[2025-01-07T12:11:01.519+0000] {processor.py:186} INFO - Started process (PID=2921) to work on /home/airflow/.local/lib/python3.12/site-packages/airflow/example_dags/example_dag_decorator.py
[2025-01-07T12:11:01.521+0000] {processor.py:914} INFO - Processing file /home/airflow/.local/lib/python3.12/site-packages/airflow/example_dags/example_dag_decorator.py for tasks to queue
[2025-01-07T12:11:01.526+0000] {logging_mixin.py:190} INFO - [2025-01-07T12:11:01.525+0000] {dagbag.py:588} INFO - Filling up the DagBag from /home/airflow/.local/lib/python3.12/site-packages/airflow/example_dags/example_dag_decorator.py
[2025-01-07T12:11:01.546+0000] {processor.py:925} INFO - DAG(s) 'example_dag_decorator' retrieved from /home/airflow/.local/lib/python3.12/site-packages/airflow/example_dags/example_dag_decorator.py
[2025-01-07T12:11:01.754+0000] {logging_mixin.py:190} INFO - [2025-01-07T12:11:01.754+0000] {dag.py:3239} INFO - Sync 1 DAGs
[2025-01-07T12:11:01.776+0000] {logging_mixin.py:190} INFO - [2025-01-07T12:11:01.775+0000] {dag.py:4180} INFO - Setting next_dagrun for example_dag_decorator to None, run_after=None
[2025-01-07T12:11:01.811+0000] {processor.py:208} INFO - Processing /home/airflow/.local/lib/python3.12/site-packages/airflow/example_dags/example_dag_decorator.py took 0.302 seconds
[2025-01-07T12:11:32.099+0000] {processor.py:186} INFO - Started process (PID=2982) to work on /home/airflow/.local/lib/python3.12/site-packages/airflow/example_dags/example_dag_decorator.py
[2025-01-07T12:11:32.101+0000] {processor.py:914} INFO - Processing file /home/airflow/.local/lib/python3.12/site-packages/airflow/example_dags/example_dag_decorator.py for tasks to queue
[2025-01-07T12:11:32.106+0000] {logging_mixin.py:190} INFO - [2025-01-07T12:11:32.105+0000] {dagbag.py:588} INFO - Filling up the DagBag from /home/airflow/.local/lib/python3.12/site-packages/airflow/example_dags/example_dag_decorator.py
[2025-01-07T12:11:32.123+0000] {processor.py:925} INFO - DAG(s) 'example_dag_decorator' retrieved from /home/airflow/.local/lib/python3.12/site-packages/airflow/example_dags/example_dag_decorator.py
[2025-01-07T12:11:32.523+0000] {logging_mixin.py:190} INFO - [2025-01-07T12:11:32.523+0000] {dag.py:3239} INFO - Sync 1 DAGs
[2025-01-07T12:11:32.539+0000] {logging_mixin.py:190} INFO - [2025-01-07T12:11:32.539+0000] {dag.py:4180} INFO - Setting next_dagrun for example_dag_decorator to None, run_after=None
[2025-01-07T12:11:32.566+0000] {processor.py:208} INFO - Processing /home/airflow/.local/lib/python3.12/site-packages/airflow/example_dags/example_dag_decorator.py took 0.475 seconds
[2025-01-07T12:12:02.900+0000] {processor.py:186} INFO - Started process (PID=3045) to work on /home/airflow/.local/lib/python3.12/site-packages/airflow/example_dags/example_dag_decorator.py
[2025-01-07T12:12:02.901+0000] {processor.py:914} INFO - Processing file /home/airflow/.local/lib/python3.12/site-packages/airflow/example_dags/example_dag_decorator.py for tasks to queue
[2025-01-07T12:12:02.905+0000] {logging_mixin.py:190} INFO - [2025-01-07T12:12:02.904+0000] {dagbag.py:588} INFO - Filling up the DagBag from /home/airflow/.local/lib/python3.12/site-packages/airflow/example_dags/example_dag_decorator.py
[2025-01-07T12:12:02.921+0000] {processor.py:925} INFO - DAG(s) 'example_dag_decorator' retrieved from /home/airflow/.local/lib/python3.12/site-packages/airflow/example_dags/example_dag_decorator.py
[2025-01-07T12:12:03.265+0000] {logging_mixin.py:190} INFO - [2025-01-07T12:12:03.265+0000] {dag.py:3239} INFO - Sync 1 DAGs
[2025-01-07T12:12:03.279+0000] {logging_mixin.py:190} INFO - [2025-01-07T12:12:03.279+0000] {dag.py:4180} INFO - Setting next_dagrun for example_dag_decorator to None, run_after=None
[2025-01-07T12:12:03.304+0000] {processor.py:208} INFO - Processing /home/airflow/.local/lib/python3.12/site-packages/airflow/example_dags/example_dag_decorator.py took 0.412 seconds
[2025-01-07T12:12:33.775+0000] {processor.py:186} INFO - Started process (PID=3109) to work on /home/airflow/.local/lib/python3.12/site-packages/airflow/example_dags/example_dag_decorator.py
[2025-01-07T12:12:33.777+0000] {processor.py:914} INFO - Processing file /home/airflow/.local/lib/python3.12/site-packages/airflow/example_dags/example_dag_decorator.py for tasks to queue
[2025-01-07T12:12:33.791+0000] {logging_mixin.py:190} INFO - [2025-01-07T12:12:33.790+0000] {dagbag.py:588} INFO - Filling up the DagBag from /home/airflow/.local/lib/python3.12/site-packages/airflow/example_dags/example_dag_decorator.py
[2025-01-07T12:12:33.843+0000] {processor.py:925} INFO - DAG(s) 'example_dag_decorator' retrieved from /home/airflow/.local/lib/python3.12/site-packages/airflow/example_dags/example_dag_decorator.py
[2025-01-07T12:12:34.564+0000] {logging_mixin.py:190} INFO - [2025-01-07T12:12:34.564+0000] {dag.py:3239} INFO - Sync 1 DAGs
[2025-01-07T12:12:34.590+0000] {logging_mixin.py:190} INFO - [2025-01-07T12:12:34.589+0000] {dag.py:4180} INFO - Setting next_dagrun for example_dag_decorator to None, run_after=None
[2025-01-07T12:12:34.652+0000] {processor.py:208} INFO - Processing /home/airflow/.local/lib/python3.12/site-packages/airflow/example_dags/example_dag_decorator.py took 0.890 seconds
[2025-01-07T12:20:15.206+0000] {processor.py:186} INFO - Started process (PID=3159) to work on /home/airflow/.local/lib/python3.12/site-packages/airflow/example_dags/example_dag_decorator.py
[2025-01-07T12:20:15.241+0000] {processor.py:914} INFO - Processing file /home/airflow/.local/lib/python3.12/site-packages/airflow/example_dags/example_dag_decorator.py for tasks to queue
[2025-01-07T12:20:15.245+0000] {logging_mixin.py:190} INFO - [2025-01-07T12:20:15.244+0000] {dagbag.py:588} INFO - Filling up the DagBag from /home/airflow/.local/lib/python3.12/site-packages/airflow/example_dags/example_dag_decorator.py
[2025-01-07T12:20:15.296+0000] {processor.py:925} INFO - DAG(s) 'example_dag_decorator' retrieved from /home/airflow/.local/lib/python3.12/site-packages/airflow/example_dags/example_dag_decorator.py
[2025-01-07T12:20:15.840+0000] {logging_mixin.py:190} INFO - [2025-01-07T12:20:15.840+0000] {dag.py:3239} INFO - Sync 1 DAGs
[2025-01-07T12:20:15.879+0000] {logging_mixin.py:190} INFO - [2025-01-07T12:20:15.879+0000] {dag.py:4180} INFO - Setting next_dagrun for example_dag_decorator to None, run_after=None
[2025-01-07T12:20:16.103+0000] {processor.py:208} INFO - Processing /home/airflow/.local/lib/python3.12/site-packages/airflow/example_dags/example_dag_decorator.py took 0.906 seconds
[2025-01-07T12:43:19.552+0000] {processor.py:186} INFO - Started process (PID=3219) to work on /home/airflow/.local/lib/python3.12/site-packages/airflow/example_dags/example_dag_decorator.py
[2025-01-07T12:43:19.554+0000] {processor.py:914} INFO - Processing file /home/airflow/.local/lib/python3.12/site-packages/airflow/example_dags/example_dag_decorator.py for tasks to queue
[2025-01-07T12:43:19.557+0000] {logging_mixin.py:190} INFO - [2025-01-07T12:43:19.556+0000] {dagbag.py:588} INFO - Filling up the DagBag from /home/airflow/.local/lib/python3.12/site-packages/airflow/example_dags/example_dag_decorator.py
[2025-01-07T12:43:19.575+0000] {processor.py:925} INFO - DAG(s) 'example_dag_decorator' retrieved from /home/airflow/.local/lib/python3.12/site-packages/airflow/example_dags/example_dag_decorator.py
[2025-01-07T12:43:20.225+0000] {logging_mixin.py:190} INFO - [2025-01-07T12:43:20.224+0000] {dag.py:3239} INFO - Sync 1 DAGs
[2025-01-07T12:43:20.240+0000] {logging_mixin.py:190} INFO - [2025-01-07T12:43:20.240+0000] {dag.py:4180} INFO - Setting next_dagrun for example_dag_decorator to None, run_after=None
[2025-01-07T12:43:20.275+0000] {processor.py:208} INFO - Processing /home/airflow/.local/lib/python3.12/site-packages/airflow/example_dags/example_dag_decorator.py took 0.732 seconds
