[2025-01-07T11:47:24.591+0000] {processor.py:186} INFO - Started process (PID=57) to work on /home/airflow/.local/lib/python3.12/site-packages/airflow/example_dags/example_sensors.py
[2025-01-07T11:47:24.594+0000] {processor.py:914} INFO - Processing file /home/airflow/.local/lib/python3.12/site-packages/airflow/example_dags/example_sensors.py for tasks to queue
[2025-01-07T11:47:24.597+0000] {logging_mixin.py:190} INFO - [2025-01-07T11:47:24.597+0000] {dagbag.py:588} INFO - Filling up the DagBag from /home/airflow/.local/lib/python3.12/site-packages/airflow/example_dags/example_sensors.py
[2025-01-07T11:47:24.646+0000] {processor.py:925} INFO - DAG(s) 'example_sensors' retrieved from /home/airflow/.local/lib/python3.12/site-packages/airflow/example_dags/example_sensors.py
[2025-01-07T11:47:25.062+0000] {logging_mixin.py:190} INFO - [2025-01-07T11:47:25.061+0000] {override.py:1911} INFO - Created Permission View: can read on DAG:example_sensors
[2025-01-07T11:47:25.223+0000] {logging_mixin.py:190} INFO - [2025-01-07T11:47:25.223+0000] {override.py:1911} INFO - Created Permission View: can delete on DAG:example_sensors
[2025-01-07T11:47:25.303+0000] {logging_mixin.py:190} INFO - [2025-01-07T11:47:25.303+0000] {override.py:1911} INFO - Created Permission View: can edit on DAG:example_sensors
[2025-01-07T11:47:25.315+0000] {logging_mixin.py:190} INFO - [2025-01-07T11:47:25.315+0000] {override.py:1911} INFO - Created Permission View: menu access on DAG Run:example_sensors
[2025-01-07T11:47:25.325+0000] {logging_mixin.py:190} INFO - [2025-01-07T11:47:25.324+0000] {override.py:1911} INFO - Created Permission View: can read on DAG Run:example_sensors
[2025-01-07T11:47:25.334+0000] {logging_mixin.py:190} INFO - [2025-01-07T11:47:25.334+0000] {override.py:1911} INFO - Created Permission View: can delete on DAG Run:example_sensors
[2025-01-07T11:47:25.482+0000] {logging_mixin.py:190} INFO - [2025-01-07T11:47:25.481+0000] {override.py:1911} INFO - Created Permission View: can create on DAG Run:example_sensors
[2025-01-07T11:47:25.483+0000] {logging_mixin.py:190} INFO - [2025-01-07T11:47:25.483+0000] {dag.py:3239} INFO - Sync 1 DAGs
[2025-01-07T11:47:25.495+0000] {logging_mixin.py:190} INFO - [2025-01-07T11:47:25.495+0000] {dag.py:3262} INFO - Creating ORM DAG for example_sensors
[2025-01-07T11:47:25.496+0000] {logging_mixin.py:190} INFO - [2025-01-07T11:47:25.496+0000] {dag.py:4180} INFO - Setting next_dagrun for example_sensors to None, run_after=None
[2025-01-07T11:47:25.861+0000] {processor.py:208} INFO - Processing /home/airflow/.local/lib/python3.12/site-packages/airflow/example_dags/example_sensors.py took 1.279 seconds
[2025-01-07T11:48:17.405+0000] {processor.py:186} INFO - Started process (PID=126) to work on /home/airflow/.local/lib/python3.12/site-packages/airflow/example_dags/example_sensors.py
[2025-01-07T11:48:17.466+0000] {processor.py:914} INFO - Processing file /home/airflow/.local/lib/python3.12/site-packages/airflow/example_dags/example_sensors.py for tasks to queue
[2025-01-07T11:48:17.470+0000] {logging_mixin.py:190} INFO - [2025-01-07T11:48:17.470+0000] {dagbag.py:588} INFO - Filling up the DagBag from /home/airflow/.local/lib/python3.12/site-packages/airflow/example_dags/example_sensors.py
[2025-01-07T11:48:17.556+0000] {processor.py:925} INFO - DAG(s) 'example_sensors' retrieved from /home/airflow/.local/lib/python3.12/site-packages/airflow/example_dags/example_sensors.py
[2025-01-07T11:48:17.874+0000] {logging_mixin.py:190} INFO - [2025-01-07T11:48:17.874+0000] {dag.py:3239} INFO - Sync 1 DAGs
[2025-01-07T11:48:17.896+0000] {logging_mixin.py:190} INFO - [2025-01-07T11:48:17.896+0000] {dag.py:4180} INFO - Setting next_dagrun for example_sensors to None, run_after=None
[2025-01-07T11:48:18.154+0000] {processor.py:208} INFO - Processing /home/airflow/.local/lib/python3.12/site-packages/airflow/example_dags/example_sensors.py took 0.757 seconds
[2025-01-07T11:48:49.171+0000] {processor.py:186} INFO - Started process (PID=190) to work on /home/airflow/.local/lib/python3.12/site-packages/airflow/example_dags/example_sensors.py
[2025-01-07T11:48:49.172+0000] {processor.py:914} INFO - Processing file /home/airflow/.local/lib/python3.12/site-packages/airflow/example_dags/example_sensors.py for tasks to queue
[2025-01-07T11:48:49.174+0000] {logging_mixin.py:190} INFO - [2025-01-07T11:48:49.174+0000] {dagbag.py:588} INFO - Filling up the DagBag from /home/airflow/.local/lib/python3.12/site-packages/airflow/example_dags/example_sensors.py
[2025-01-07T11:48:49.185+0000] {processor.py:925} INFO - DAG(s) 'example_sensors' retrieved from /home/airflow/.local/lib/python3.12/site-packages/airflow/example_dags/example_sensors.py
[2025-01-07T11:48:49.213+0000] {logging_mixin.py:190} INFO - [2025-01-07T11:48:49.213+0000] {dag.py:3239} INFO - Sync 1 DAGs
[2025-01-07T11:48:49.230+0000] {logging_mixin.py:190} INFO - [2025-01-07T11:48:49.229+0000] {dag.py:4180} INFO - Setting next_dagrun for example_sensors to None, run_after=None
[2025-01-07T11:48:49.252+0000] {processor.py:208} INFO - Processing /home/airflow/.local/lib/python3.12/site-packages/airflow/example_dags/example_sensors.py took 0.087 seconds
[2025-01-07T11:49:19.749+0000] {processor.py:186} INFO - Started process (PID=253) to work on /home/airflow/.local/lib/python3.12/site-packages/airflow/example_dags/example_sensors.py
[2025-01-07T11:49:19.751+0000] {processor.py:914} INFO - Processing file /home/airflow/.local/lib/python3.12/site-packages/airflow/example_dags/example_sensors.py for tasks to queue
[2025-01-07T11:49:19.754+0000] {logging_mixin.py:190} INFO - [2025-01-07T11:49:19.754+0000] {dagbag.py:588} INFO - Filling up the DagBag from /home/airflow/.local/lib/python3.12/site-packages/airflow/example_dags/example_sensors.py
[2025-01-07T11:49:19.767+0000] {processor.py:925} INFO - DAG(s) 'example_sensors' retrieved from /home/airflow/.local/lib/python3.12/site-packages/airflow/example_dags/example_sensors.py
[2025-01-07T11:49:19.797+0000] {logging_mixin.py:190} INFO - [2025-01-07T11:49:19.797+0000] {dag.py:3239} INFO - Sync 1 DAGs
[2025-01-07T11:49:19.814+0000] {logging_mixin.py:190} INFO - [2025-01-07T11:49:19.813+0000] {dag.py:4180} INFO - Setting next_dagrun for example_sensors to None, run_after=None
[2025-01-07T11:49:19.837+0000] {processor.py:208} INFO - Processing /home/airflow/.local/lib/python3.12/site-packages/airflow/example_dags/example_sensors.py took 0.095 seconds
[2025-01-07T11:49:50.354+0000] {processor.py:186} INFO - Started process (PID=316) to work on /home/airflow/.local/lib/python3.12/site-packages/airflow/example_dags/example_sensors.py
[2025-01-07T11:49:50.355+0000] {processor.py:914} INFO - Processing file /home/airflow/.local/lib/python3.12/site-packages/airflow/example_dags/example_sensors.py for tasks to queue
[2025-01-07T11:49:50.358+0000] {logging_mixin.py:190} INFO - [2025-01-07T11:49:50.357+0000] {dagbag.py:588} INFO - Filling up the DagBag from /home/airflow/.local/lib/python3.12/site-packages/airflow/example_dags/example_sensors.py
[2025-01-07T11:49:50.372+0000] {processor.py:925} INFO - DAG(s) 'example_sensors' retrieved from /home/airflow/.local/lib/python3.12/site-packages/airflow/example_dags/example_sensors.py
[2025-01-07T11:49:50.402+0000] {logging_mixin.py:190} INFO - [2025-01-07T11:49:50.401+0000] {dag.py:3239} INFO - Sync 1 DAGs
[2025-01-07T11:49:50.415+0000] {logging_mixin.py:190} INFO - [2025-01-07T11:49:50.415+0000] {dag.py:4180} INFO - Setting next_dagrun for example_sensors to None, run_after=None
[2025-01-07T11:49:50.437+0000] {processor.py:208} INFO - Processing /home/airflow/.local/lib/python3.12/site-packages/airflow/example_dags/example_sensors.py took 0.091 seconds
[2025-01-07T11:50:20.503+0000] {processor.py:186} INFO - Started process (PID=379) to work on /home/airflow/.local/lib/python3.12/site-packages/airflow/example_dags/example_sensors.py
[2025-01-07T11:50:20.504+0000] {processor.py:914} INFO - Processing file /home/airflow/.local/lib/python3.12/site-packages/airflow/example_dags/example_sensors.py for tasks to queue
[2025-01-07T11:50:20.507+0000] {logging_mixin.py:190} INFO - [2025-01-07T11:50:20.507+0000] {dagbag.py:588} INFO - Filling up the DagBag from /home/airflow/.local/lib/python3.12/site-packages/airflow/example_dags/example_sensors.py
[2025-01-07T11:50:20.518+0000] {processor.py:925} INFO - DAG(s) 'example_sensors' retrieved from /home/airflow/.local/lib/python3.12/site-packages/airflow/example_dags/example_sensors.py
[2025-01-07T11:50:20.542+0000] {logging_mixin.py:190} INFO - [2025-01-07T11:50:20.542+0000] {dag.py:3239} INFO - Sync 1 DAGs
[2025-01-07T11:50:20.555+0000] {logging_mixin.py:190} INFO - [2025-01-07T11:50:20.555+0000] {dag.py:4180} INFO - Setting next_dagrun for example_sensors to None, run_after=None
[2025-01-07T11:50:20.578+0000] {processor.py:208} INFO - Processing /home/airflow/.local/lib/python3.12/site-packages/airflow/example_dags/example_sensors.py took 0.081 seconds
[2025-01-07T11:50:51.301+0000] {processor.py:186} INFO - Started process (PID=442) to work on /home/airflow/.local/lib/python3.12/site-packages/airflow/example_dags/example_sensors.py
[2025-01-07T11:50:51.302+0000] {processor.py:914} INFO - Processing file /home/airflow/.local/lib/python3.12/site-packages/airflow/example_dags/example_sensors.py for tasks to queue
[2025-01-07T11:50:51.305+0000] {logging_mixin.py:190} INFO - [2025-01-07T11:50:51.304+0000] {dagbag.py:588} INFO - Filling up the DagBag from /home/airflow/.local/lib/python3.12/site-packages/airflow/example_dags/example_sensors.py
[2025-01-07T11:50:51.315+0000] {processor.py:925} INFO - DAG(s) 'example_sensors' retrieved from /home/airflow/.local/lib/python3.12/site-packages/airflow/example_dags/example_sensors.py
[2025-01-07T11:50:51.339+0000] {logging_mixin.py:190} INFO - [2025-01-07T11:50:51.339+0000] {dag.py:3239} INFO - Sync 1 DAGs
[2025-01-07T11:50:51.351+0000] {logging_mixin.py:190} INFO - [2025-01-07T11:50:51.351+0000] {dag.py:4180} INFO - Setting next_dagrun for example_sensors to None, run_after=None
[2025-01-07T11:50:51.370+0000] {processor.py:208} INFO - Processing /home/airflow/.local/lib/python3.12/site-packages/airflow/example_dags/example_sensors.py took 0.074 seconds
[2025-01-07T11:51:21.660+0000] {processor.py:186} INFO - Started process (PID=505) to work on /home/airflow/.local/lib/python3.12/site-packages/airflow/example_dags/example_sensors.py
[2025-01-07T11:51:21.661+0000] {processor.py:914} INFO - Processing file /home/airflow/.local/lib/python3.12/site-packages/airflow/example_dags/example_sensors.py for tasks to queue
[2025-01-07T11:51:21.664+0000] {logging_mixin.py:190} INFO - [2025-01-07T11:51:21.664+0000] {dagbag.py:588} INFO - Filling up the DagBag from /home/airflow/.local/lib/python3.12/site-packages/airflow/example_dags/example_sensors.py
[2025-01-07T11:51:21.680+0000] {processor.py:925} INFO - DAG(s) 'example_sensors' retrieved from /home/airflow/.local/lib/python3.12/site-packages/airflow/example_dags/example_sensors.py
[2025-01-07T11:51:21.721+0000] {logging_mixin.py:190} INFO - [2025-01-07T11:51:21.721+0000] {dag.py:3239} INFO - Sync 1 DAGs
[2025-01-07T11:51:21.744+0000] {logging_mixin.py:190} INFO - [2025-01-07T11:51:21.744+0000] {dag.py:4180} INFO - Setting next_dagrun for example_sensors to None, run_after=None
[2025-01-07T11:51:21.771+0000] {processor.py:208} INFO - Processing /home/airflow/.local/lib/python3.12/site-packages/airflow/example_dags/example_sensors.py took 0.120 seconds
[2025-01-07T11:51:52.430+0000] {processor.py:186} INFO - Started process (PID=568) to work on /home/airflow/.local/lib/python3.12/site-packages/airflow/example_dags/example_sensors.py
[2025-01-07T11:51:52.431+0000] {processor.py:914} INFO - Processing file /home/airflow/.local/lib/python3.12/site-packages/airflow/example_dags/example_sensors.py for tasks to queue
[2025-01-07T11:51:52.435+0000] {logging_mixin.py:190} INFO - [2025-01-07T11:51:52.435+0000] {dagbag.py:588} INFO - Filling up the DagBag from /home/airflow/.local/lib/python3.12/site-packages/airflow/example_dags/example_sensors.py
[2025-01-07T11:51:52.450+0000] {processor.py:925} INFO - DAG(s) 'example_sensors' retrieved from /home/airflow/.local/lib/python3.12/site-packages/airflow/example_dags/example_sensors.py
[2025-01-07T11:51:52.482+0000] {logging_mixin.py:190} INFO - [2025-01-07T11:51:52.481+0000] {dag.py:3239} INFO - Sync 1 DAGs
[2025-01-07T11:51:52.500+0000] {logging_mixin.py:190} INFO - [2025-01-07T11:51:52.500+0000] {dag.py:4180} INFO - Setting next_dagrun for example_sensors to None, run_after=None
[2025-01-07T11:51:52.527+0000] {processor.py:208} INFO - Processing /home/airflow/.local/lib/python3.12/site-packages/airflow/example_dags/example_sensors.py took 0.105 seconds
[2025-01-07T11:52:22.847+0000] {processor.py:186} INFO - Started process (PID=630) to work on /home/airflow/.local/lib/python3.12/site-packages/airflow/example_dags/example_sensors.py
[2025-01-07T11:52:22.848+0000] {processor.py:914} INFO - Processing file /home/airflow/.local/lib/python3.12/site-packages/airflow/example_dags/example_sensors.py for tasks to queue
[2025-01-07T11:52:22.851+0000] {logging_mixin.py:190} INFO - [2025-01-07T11:52:22.850+0000] {dagbag.py:588} INFO - Filling up the DagBag from /home/airflow/.local/lib/python3.12/site-packages/airflow/example_dags/example_sensors.py
[2025-01-07T11:52:22.860+0000] {processor.py:925} INFO - DAG(s) 'example_sensors' retrieved from /home/airflow/.local/lib/python3.12/site-packages/airflow/example_dags/example_sensors.py
[2025-01-07T11:52:22.886+0000] {logging_mixin.py:190} INFO - [2025-01-07T11:52:22.885+0000] {dag.py:3239} INFO - Sync 1 DAGs
[2025-01-07T11:52:22.903+0000] {logging_mixin.py:190} INFO - [2025-01-07T11:52:22.903+0000] {dag.py:4180} INFO - Setting next_dagrun for example_sensors to None, run_after=None
[2025-01-07T11:52:22.923+0000] {processor.py:208} INFO - Processing /home/airflow/.local/lib/python3.12/site-packages/airflow/example_dags/example_sensors.py took 0.082 seconds
[2025-01-07T11:52:53.634+0000] {processor.py:186} INFO - Started process (PID=693) to work on /home/airflow/.local/lib/python3.12/site-packages/airflow/example_dags/example_sensors.py
[2025-01-07T11:52:53.635+0000] {processor.py:914} INFO - Processing file /home/airflow/.local/lib/python3.12/site-packages/airflow/example_dags/example_sensors.py for tasks to queue
[2025-01-07T11:52:53.638+0000] {logging_mixin.py:190} INFO - [2025-01-07T11:52:53.637+0000] {dagbag.py:588} INFO - Filling up the DagBag from /home/airflow/.local/lib/python3.12/site-packages/airflow/example_dags/example_sensors.py
[2025-01-07T11:52:53.649+0000] {processor.py:925} INFO - DAG(s) 'example_sensors' retrieved from /home/airflow/.local/lib/python3.12/site-packages/airflow/example_dags/example_sensors.py
[2025-01-07T11:52:53.678+0000] {logging_mixin.py:190} INFO - [2025-01-07T11:52:53.678+0000] {dag.py:3239} INFO - Sync 1 DAGs
[2025-01-07T11:52:53.691+0000] {logging_mixin.py:190} INFO - [2025-01-07T11:52:53.691+0000] {dag.py:4180} INFO - Setting next_dagrun for example_sensors to None, run_after=None
[2025-01-07T11:52:53.712+0000] {processor.py:208} INFO - Processing /home/airflow/.local/lib/python3.12/site-packages/airflow/example_dags/example_sensors.py took 0.084 seconds
[2025-01-07T11:53:23.924+0000] {processor.py:186} INFO - Started process (PID=755) to work on /home/airflow/.local/lib/python3.12/site-packages/airflow/example_dags/example_sensors.py
[2025-01-07T11:53:23.925+0000] {processor.py:914} INFO - Processing file /home/airflow/.local/lib/python3.12/site-packages/airflow/example_dags/example_sensors.py for tasks to queue
[2025-01-07T11:53:23.927+0000] {logging_mixin.py:190} INFO - [2025-01-07T11:53:23.927+0000] {dagbag.py:588} INFO - Filling up the DagBag from /home/airflow/.local/lib/python3.12/site-packages/airflow/example_dags/example_sensors.py
[2025-01-07T11:53:23.938+0000] {processor.py:925} INFO - DAG(s) 'example_sensors' retrieved from /home/airflow/.local/lib/python3.12/site-packages/airflow/example_dags/example_sensors.py
[2025-01-07T11:53:23.963+0000] {logging_mixin.py:190} INFO - [2025-01-07T11:53:23.963+0000] {dag.py:3239} INFO - Sync 1 DAGs
[2025-01-07T11:53:23.976+0000] {logging_mixin.py:190} INFO - [2025-01-07T11:53:23.976+0000] {dag.py:4180} INFO - Setting next_dagrun for example_sensors to None, run_after=None
[2025-01-07T11:53:23.996+0000] {processor.py:208} INFO - Processing /home/airflow/.local/lib/python3.12/site-packages/airflow/example_dags/example_sensors.py took 0.080 seconds
[2025-01-07T11:53:54.404+0000] {processor.py:186} INFO - Started process (PID=818) to work on /home/airflow/.local/lib/python3.12/site-packages/airflow/example_dags/example_sensors.py
[2025-01-07T11:53:54.405+0000] {processor.py:914} INFO - Processing file /home/airflow/.local/lib/python3.12/site-packages/airflow/example_dags/example_sensors.py for tasks to queue
[2025-01-07T11:53:54.407+0000] {logging_mixin.py:190} INFO - [2025-01-07T11:53:54.407+0000] {dagbag.py:588} INFO - Filling up the DagBag from /home/airflow/.local/lib/python3.12/site-packages/airflow/example_dags/example_sensors.py
[2025-01-07T11:53:54.417+0000] {processor.py:925} INFO - DAG(s) 'example_sensors' retrieved from /home/airflow/.local/lib/python3.12/site-packages/airflow/example_dags/example_sensors.py
[2025-01-07T11:53:54.440+0000] {logging_mixin.py:190} INFO - [2025-01-07T11:53:54.440+0000] {dag.py:3239} INFO - Sync 1 DAGs
[2025-01-07T11:53:54.453+0000] {logging_mixin.py:190} INFO - [2025-01-07T11:53:54.453+0000] {dag.py:4180} INFO - Setting next_dagrun for example_sensors to None, run_after=None
[2025-01-07T11:53:54.471+0000] {processor.py:208} INFO - Processing /home/airflow/.local/lib/python3.12/site-packages/airflow/example_dags/example_sensors.py took 0.073 seconds
[2025-01-07T11:54:25.047+0000] {processor.py:186} INFO - Started process (PID=881) to work on /home/airflow/.local/lib/python3.12/site-packages/airflow/example_dags/example_sensors.py
[2025-01-07T11:54:25.048+0000] {processor.py:914} INFO - Processing file /home/airflow/.local/lib/python3.12/site-packages/airflow/example_dags/example_sensors.py for tasks to queue
[2025-01-07T11:54:25.051+0000] {logging_mixin.py:190} INFO - [2025-01-07T11:54:25.050+0000] {dagbag.py:588} INFO - Filling up the DagBag from /home/airflow/.local/lib/python3.12/site-packages/airflow/example_dags/example_sensors.py
[2025-01-07T11:54:25.062+0000] {processor.py:925} INFO - DAG(s) 'example_sensors' retrieved from /home/airflow/.local/lib/python3.12/site-packages/airflow/example_dags/example_sensors.py
[2025-01-07T11:54:25.087+0000] {logging_mixin.py:190} INFO - [2025-01-07T11:54:25.087+0000] {dag.py:3239} INFO - Sync 1 DAGs
[2025-01-07T11:54:25.101+0000] {logging_mixin.py:190} INFO - [2025-01-07T11:54:25.100+0000] {dag.py:4180} INFO - Setting next_dagrun for example_sensors to None, run_after=None
[2025-01-07T11:54:25.119+0000] {processor.py:208} INFO - Processing /home/airflow/.local/lib/python3.12/site-packages/airflow/example_dags/example_sensors.py took 0.077 seconds
[2025-01-07T11:54:55.425+0000] {processor.py:186} INFO - Started process (PID=944) to work on /home/airflow/.local/lib/python3.12/site-packages/airflow/example_dags/example_sensors.py
[2025-01-07T11:54:55.426+0000] {processor.py:914} INFO - Processing file /home/airflow/.local/lib/python3.12/site-packages/airflow/example_dags/example_sensors.py for tasks to queue
[2025-01-07T11:54:55.429+0000] {logging_mixin.py:190} INFO - [2025-01-07T11:54:55.428+0000] {dagbag.py:588} INFO - Filling up the DagBag from /home/airflow/.local/lib/python3.12/site-packages/airflow/example_dags/example_sensors.py
[2025-01-07T11:54:55.438+0000] {processor.py:925} INFO - DAG(s) 'example_sensors' retrieved from /home/airflow/.local/lib/python3.12/site-packages/airflow/example_dags/example_sensors.py
[2025-01-07T11:54:55.461+0000] {logging_mixin.py:190} INFO - [2025-01-07T11:54:55.461+0000] {dag.py:3239} INFO - Sync 1 DAGs
[2025-01-07T11:54:55.473+0000] {logging_mixin.py:190} INFO - [2025-01-07T11:54:55.473+0000] {dag.py:4180} INFO - Setting next_dagrun for example_sensors to None, run_after=None
[2025-01-07T11:54:55.493+0000] {processor.py:208} INFO - Processing /home/airflow/.local/lib/python3.12/site-packages/airflow/example_dags/example_sensors.py took 0.073 seconds
[2025-01-07T11:55:26.266+0000] {processor.py:186} INFO - Started process (PID=1007) to work on /home/airflow/.local/lib/python3.12/site-packages/airflow/example_dags/example_sensors.py
[2025-01-07T11:55:26.267+0000] {processor.py:914} INFO - Processing file /home/airflow/.local/lib/python3.12/site-packages/airflow/example_dags/example_sensors.py for tasks to queue
[2025-01-07T11:55:26.269+0000] {logging_mixin.py:190} INFO - [2025-01-07T11:55:26.269+0000] {dagbag.py:588} INFO - Filling up the DagBag from /home/airflow/.local/lib/python3.12/site-packages/airflow/example_dags/example_sensors.py
[2025-01-07T11:55:26.280+0000] {processor.py:925} INFO - DAG(s) 'example_sensors' retrieved from /home/airflow/.local/lib/python3.12/site-packages/airflow/example_dags/example_sensors.py
[2025-01-07T11:55:26.302+0000] {logging_mixin.py:190} INFO - [2025-01-07T11:55:26.302+0000] {dag.py:3239} INFO - Sync 1 DAGs
[2025-01-07T11:55:26.315+0000] {logging_mixin.py:190} INFO - [2025-01-07T11:55:26.315+0000] {dag.py:4180} INFO - Setting next_dagrun for example_sensors to None, run_after=None
[2025-01-07T11:55:26.333+0000] {processor.py:208} INFO - Processing /home/airflow/.local/lib/python3.12/site-packages/airflow/example_dags/example_sensors.py took 0.073 seconds
[2025-01-07T11:55:56.608+0000] {processor.py:186} INFO - Started process (PID=1070) to work on /home/airflow/.local/lib/python3.12/site-packages/airflow/example_dags/example_sensors.py
[2025-01-07T11:55:56.609+0000] {processor.py:914} INFO - Processing file /home/airflow/.local/lib/python3.12/site-packages/airflow/example_dags/example_sensors.py for tasks to queue
[2025-01-07T11:55:56.611+0000] {logging_mixin.py:190} INFO - [2025-01-07T11:55:56.611+0000] {dagbag.py:588} INFO - Filling up the DagBag from /home/airflow/.local/lib/python3.12/site-packages/airflow/example_dags/example_sensors.py
[2025-01-07T11:55:56.621+0000] {processor.py:925} INFO - DAG(s) 'example_sensors' retrieved from /home/airflow/.local/lib/python3.12/site-packages/airflow/example_dags/example_sensors.py
[2025-01-07T11:55:56.648+0000] {logging_mixin.py:190} INFO - [2025-01-07T11:55:56.647+0000] {dag.py:3239} INFO - Sync 1 DAGs
[2025-01-07T11:55:56.662+0000] {logging_mixin.py:190} INFO - [2025-01-07T11:55:56.662+0000] {dag.py:4180} INFO - Setting next_dagrun for example_sensors to None, run_after=None
[2025-01-07T11:55:56.681+0000] {processor.py:208} INFO - Processing /home/airflow/.local/lib/python3.12/site-packages/airflow/example_dags/example_sensors.py took 0.080 seconds
[2025-01-07T11:56:27.534+0000] {processor.py:186} INFO - Started process (PID=1133) to work on /home/airflow/.local/lib/python3.12/site-packages/airflow/example_dags/example_sensors.py
[2025-01-07T11:56:27.536+0000] {processor.py:914} INFO - Processing file /home/airflow/.local/lib/python3.12/site-packages/airflow/example_dags/example_sensors.py for tasks to queue
[2025-01-07T11:56:27.538+0000] {logging_mixin.py:190} INFO - [2025-01-07T11:56:27.538+0000] {dagbag.py:588} INFO - Filling up the DagBag from /home/airflow/.local/lib/python3.12/site-packages/airflow/example_dags/example_sensors.py
[2025-01-07T11:56:27.553+0000] {processor.py:925} INFO - DAG(s) 'example_sensors' retrieved from /home/airflow/.local/lib/python3.12/site-packages/airflow/example_dags/example_sensors.py
[2025-01-07T11:56:27.592+0000] {logging_mixin.py:190} INFO - [2025-01-07T11:56:27.592+0000] {dag.py:3239} INFO - Sync 1 DAGs
[2025-01-07T11:56:27.619+0000] {logging_mixin.py:190} INFO - [2025-01-07T11:56:27.618+0000] {dag.py:4180} INFO - Setting next_dagrun for example_sensors to None, run_after=None
[2025-01-07T11:56:27.656+0000] {processor.py:208} INFO - Processing /home/airflow/.local/lib/python3.12/site-packages/airflow/example_dags/example_sensors.py took 0.130 seconds
[2025-01-07T11:56:57.845+0000] {processor.py:186} INFO - Started process (PID=1196) to work on /home/airflow/.local/lib/python3.12/site-packages/airflow/example_dags/example_sensors.py
[2025-01-07T11:56:57.847+0000] {processor.py:914} INFO - Processing file /home/airflow/.local/lib/python3.12/site-packages/airflow/example_dags/example_sensors.py for tasks to queue
[2025-01-07T11:56:57.850+0000] {logging_mixin.py:190} INFO - [2025-01-07T11:56:57.850+0000] {dagbag.py:588} INFO - Filling up the DagBag from /home/airflow/.local/lib/python3.12/site-packages/airflow/example_dags/example_sensors.py
[2025-01-07T11:56:57.861+0000] {processor.py:925} INFO - DAG(s) 'example_sensors' retrieved from /home/airflow/.local/lib/python3.12/site-packages/airflow/example_dags/example_sensors.py
[2025-01-07T11:56:57.889+0000] {logging_mixin.py:190} INFO - [2025-01-07T11:56:57.888+0000] {dag.py:3239} INFO - Sync 1 DAGs
[2025-01-07T11:56:57.904+0000] {logging_mixin.py:190} INFO - [2025-01-07T11:56:57.904+0000] {dag.py:4180} INFO - Setting next_dagrun for example_sensors to None, run_after=None
[2025-01-07T11:56:57.927+0000] {processor.py:208} INFO - Processing /home/airflow/.local/lib/python3.12/site-packages/airflow/example_dags/example_sensors.py took 0.089 seconds
[2025-01-07T11:57:28.137+0000] {processor.py:186} INFO - Started process (PID=1259) to work on /home/airflow/.local/lib/python3.12/site-packages/airflow/example_dags/example_sensors.py
[2025-01-07T11:57:28.138+0000] {processor.py:914} INFO - Processing file /home/airflow/.local/lib/python3.12/site-packages/airflow/example_dags/example_sensors.py for tasks to queue
[2025-01-07T11:57:28.140+0000] {logging_mixin.py:190} INFO - [2025-01-07T11:57:28.140+0000] {dagbag.py:588} INFO - Filling up the DagBag from /home/airflow/.local/lib/python3.12/site-packages/airflow/example_dags/example_sensors.py
[2025-01-07T11:57:28.150+0000] {processor.py:925} INFO - DAG(s) 'example_sensors' retrieved from /home/airflow/.local/lib/python3.12/site-packages/airflow/example_dags/example_sensors.py
[2025-01-07T11:57:28.174+0000] {logging_mixin.py:190} INFO - [2025-01-07T11:57:28.173+0000] {dag.py:3239} INFO - Sync 1 DAGs
[2025-01-07T11:57:28.186+0000] {logging_mixin.py:190} INFO - [2025-01-07T11:57:28.185+0000] {dag.py:4180} INFO - Setting next_dagrun for example_sensors to None, run_after=None
[2025-01-07T11:57:28.202+0000] {processor.py:208} INFO - Processing /home/airflow/.local/lib/python3.12/site-packages/airflow/example_dags/example_sensors.py took 0.071 seconds
[2025-01-07T11:57:58.577+0000] {processor.py:186} INFO - Started process (PID=1329) to work on /home/airflow/.local/lib/python3.12/site-packages/airflow/example_dags/example_sensors.py
[2025-01-07T11:57:58.579+0000] {processor.py:914} INFO - Processing file /home/airflow/.local/lib/python3.12/site-packages/airflow/example_dags/example_sensors.py for tasks to queue
[2025-01-07T11:57:58.582+0000] {logging_mixin.py:190} INFO - [2025-01-07T11:57:58.582+0000] {dagbag.py:588} INFO - Filling up the DagBag from /home/airflow/.local/lib/python3.12/site-packages/airflow/example_dags/example_sensors.py
[2025-01-07T11:57:58.598+0000] {processor.py:925} INFO - DAG(s) 'example_sensors' retrieved from /home/airflow/.local/lib/python3.12/site-packages/airflow/example_dags/example_sensors.py
[2025-01-07T11:57:58.628+0000] {logging_mixin.py:190} INFO - [2025-01-07T11:57:58.628+0000] {dag.py:3239} INFO - Sync 1 DAGs
[2025-01-07T11:57:58.647+0000] {logging_mixin.py:190} INFO - [2025-01-07T11:57:58.647+0000] {dag.py:4180} INFO - Setting next_dagrun for example_sensors to None, run_after=None
[2025-01-07T11:57:58.672+0000] {processor.py:208} INFO - Processing /home/airflow/.local/lib/python3.12/site-packages/airflow/example_dags/example_sensors.py took 0.102 seconds
[2025-01-07T11:58:29.208+0000] {processor.py:186} INFO - Started process (PID=1392) to work on /home/airflow/.local/lib/python3.12/site-packages/airflow/example_dags/example_sensors.py
[2025-01-07T11:58:29.209+0000] {processor.py:914} INFO - Processing file /home/airflow/.local/lib/python3.12/site-packages/airflow/example_dags/example_sensors.py for tasks to queue
[2025-01-07T11:58:29.211+0000] {logging_mixin.py:190} INFO - [2025-01-07T11:58:29.211+0000] {dagbag.py:588} INFO - Filling up the DagBag from /home/airflow/.local/lib/python3.12/site-packages/airflow/example_dags/example_sensors.py
[2025-01-07T11:58:29.222+0000] {processor.py:925} INFO - DAG(s) 'example_sensors' retrieved from /home/airflow/.local/lib/python3.12/site-packages/airflow/example_dags/example_sensors.py
[2025-01-07T11:58:29.246+0000] {logging_mixin.py:190} INFO - [2025-01-07T11:58:29.246+0000] {dag.py:3239} INFO - Sync 1 DAGs
[2025-01-07T11:58:29.259+0000] {logging_mixin.py:190} INFO - [2025-01-07T11:58:29.258+0000] {dag.py:4180} INFO - Setting next_dagrun for example_sensors to None, run_after=None
[2025-01-07T11:58:29.284+0000] {processor.py:208} INFO - Processing /home/airflow/.local/lib/python3.12/site-packages/airflow/example_dags/example_sensors.py took 0.083 seconds
[2025-01-07T11:58:59.558+0000] {processor.py:186} INFO - Started process (PID=1455) to work on /home/airflow/.local/lib/python3.12/site-packages/airflow/example_dags/example_sensors.py
[2025-01-07T11:58:59.559+0000] {processor.py:914} INFO - Processing file /home/airflow/.local/lib/python3.12/site-packages/airflow/example_dags/example_sensors.py for tasks to queue
[2025-01-07T11:58:59.561+0000] {logging_mixin.py:190} INFO - [2025-01-07T11:58:59.561+0000] {dagbag.py:588} INFO - Filling up the DagBag from /home/airflow/.local/lib/python3.12/site-packages/airflow/example_dags/example_sensors.py
[2025-01-07T11:58:59.574+0000] {processor.py:925} INFO - DAG(s) 'example_sensors' retrieved from /home/airflow/.local/lib/python3.12/site-packages/airflow/example_dags/example_sensors.py
[2025-01-07T11:58:59.614+0000] {logging_mixin.py:190} INFO - [2025-01-07T11:58:59.614+0000] {dag.py:3239} INFO - Sync 1 DAGs
[2025-01-07T11:58:59.633+0000] {logging_mixin.py:190} INFO - [2025-01-07T11:58:59.633+0000] {dag.py:4180} INFO - Setting next_dagrun for example_sensors to None, run_after=None
[2025-01-07T11:58:59.652+0000] {processor.py:208} INFO - Processing /home/airflow/.local/lib/python3.12/site-packages/airflow/example_dags/example_sensors.py took 0.101 seconds
[2025-01-07T11:59:30.054+0000] {processor.py:186} INFO - Started process (PID=1517) to work on /home/airflow/.local/lib/python3.12/site-packages/airflow/example_dags/example_sensors.py
[2025-01-07T11:59:30.056+0000] {processor.py:914} INFO - Processing file /home/airflow/.local/lib/python3.12/site-packages/airflow/example_dags/example_sensors.py for tasks to queue
[2025-01-07T11:59:30.058+0000] {logging_mixin.py:190} INFO - [2025-01-07T11:59:30.058+0000] {dagbag.py:588} INFO - Filling up the DagBag from /home/airflow/.local/lib/python3.12/site-packages/airflow/example_dags/example_sensors.py
[2025-01-07T11:59:30.068+0000] {processor.py:925} INFO - DAG(s) 'example_sensors' retrieved from /home/airflow/.local/lib/python3.12/site-packages/airflow/example_dags/example_sensors.py
[2025-01-07T11:59:30.096+0000] {logging_mixin.py:190} INFO - [2025-01-07T11:59:30.095+0000] {dag.py:3239} INFO - Sync 1 DAGs
[2025-01-07T11:59:30.115+0000] {logging_mixin.py:190} INFO - [2025-01-07T11:59:30.115+0000] {dag.py:4180} INFO - Setting next_dagrun for example_sensors to None, run_after=None
[2025-01-07T11:59:30.146+0000] {processor.py:208} INFO - Processing /home/airflow/.local/lib/python3.12/site-packages/airflow/example_dags/example_sensors.py took 0.098 seconds
[2025-01-07T12:00:00.833+0000] {processor.py:186} INFO - Started process (PID=1580) to work on /home/airflow/.local/lib/python3.12/site-packages/airflow/example_dags/example_sensors.py
[2025-01-07T12:00:00.834+0000] {processor.py:914} INFO - Processing file /home/airflow/.local/lib/python3.12/site-packages/airflow/example_dags/example_sensors.py for tasks to queue
[2025-01-07T12:00:00.836+0000] {logging_mixin.py:190} INFO - [2025-01-07T12:00:00.836+0000] {dagbag.py:588} INFO - Filling up the DagBag from /home/airflow/.local/lib/python3.12/site-packages/airflow/example_dags/example_sensors.py
[2025-01-07T12:00:00.847+0000] {processor.py:925} INFO - DAG(s) 'example_sensors' retrieved from /home/airflow/.local/lib/python3.12/site-packages/airflow/example_dags/example_sensors.py
[2025-01-07T12:00:00.892+0000] {logging_mixin.py:190} INFO - [2025-01-07T12:00:00.892+0000] {dag.py:3239} INFO - Sync 1 DAGs
[2025-01-07T12:00:00.907+0000] {logging_mixin.py:190} INFO - [2025-01-07T12:00:00.907+0000] {dag.py:4180} INFO - Setting next_dagrun for example_sensors to None, run_after=None
[2025-01-07T12:00:00.926+0000] {processor.py:208} INFO - Processing /home/airflow/.local/lib/python3.12/site-packages/airflow/example_dags/example_sensors.py took 0.099 seconds
[2025-01-07T12:00:31.283+0000] {processor.py:186} INFO - Started process (PID=1643) to work on /home/airflow/.local/lib/python3.12/site-packages/airflow/example_dags/example_sensors.py
[2025-01-07T12:00:31.284+0000] {processor.py:914} INFO - Processing file /home/airflow/.local/lib/python3.12/site-packages/airflow/example_dags/example_sensors.py for tasks to queue
[2025-01-07T12:00:31.286+0000] {logging_mixin.py:190} INFO - [2025-01-07T12:00:31.286+0000] {dagbag.py:588} INFO - Filling up the DagBag from /home/airflow/.local/lib/python3.12/site-packages/airflow/example_dags/example_sensors.py
[2025-01-07T12:00:31.297+0000] {processor.py:925} INFO - DAG(s) 'example_sensors' retrieved from /home/airflow/.local/lib/python3.12/site-packages/airflow/example_dags/example_sensors.py
[2025-01-07T12:00:31.324+0000] {logging_mixin.py:190} INFO - [2025-01-07T12:00:31.324+0000] {dag.py:3239} INFO - Sync 1 DAGs
[2025-01-07T12:00:31.338+0000] {logging_mixin.py:190} INFO - [2025-01-07T12:00:31.338+0000] {dag.py:4180} INFO - Setting next_dagrun for example_sensors to None, run_after=None
[2025-01-07T12:00:31.357+0000] {processor.py:208} INFO - Processing /home/airflow/.local/lib/python3.12/site-packages/airflow/example_dags/example_sensors.py took 0.080 seconds
[2025-01-07T12:01:01.473+0000] {processor.py:186} INFO - Started process (PID=1706) to work on /home/airflow/.local/lib/python3.12/site-packages/airflow/example_dags/example_sensors.py
[2025-01-07T12:01:01.474+0000] {processor.py:914} INFO - Processing file /home/airflow/.local/lib/python3.12/site-packages/airflow/example_dags/example_sensors.py for tasks to queue
[2025-01-07T12:01:01.476+0000] {logging_mixin.py:190} INFO - [2025-01-07T12:01:01.476+0000] {dagbag.py:588} INFO - Filling up the DagBag from /home/airflow/.local/lib/python3.12/site-packages/airflow/example_dags/example_sensors.py
[2025-01-07T12:01:01.486+0000] {processor.py:925} INFO - DAG(s) 'example_sensors' retrieved from /home/airflow/.local/lib/python3.12/site-packages/airflow/example_dags/example_sensors.py
[2025-01-07T12:01:01.510+0000] {logging_mixin.py:190} INFO - [2025-01-07T12:01:01.510+0000] {dag.py:3239} INFO - Sync 1 DAGs
[2025-01-07T12:01:01.525+0000] {logging_mixin.py:190} INFO - [2025-01-07T12:01:01.524+0000] {dag.py:4180} INFO - Setting next_dagrun for example_sensors to None, run_after=None
[2025-01-07T12:01:01.544+0000] {processor.py:208} INFO - Processing /home/airflow/.local/lib/python3.12/site-packages/airflow/example_dags/example_sensors.py took 0.076 seconds
[2025-01-07T12:01:31.751+0000] {processor.py:186} INFO - Started process (PID=1769) to work on /home/airflow/.local/lib/python3.12/site-packages/airflow/example_dags/example_sensors.py
[2025-01-07T12:01:31.752+0000] {processor.py:914} INFO - Processing file /home/airflow/.local/lib/python3.12/site-packages/airflow/example_dags/example_sensors.py for tasks to queue
[2025-01-07T12:01:31.755+0000] {logging_mixin.py:190} INFO - [2025-01-07T12:01:31.755+0000] {dagbag.py:588} INFO - Filling up the DagBag from /home/airflow/.local/lib/python3.12/site-packages/airflow/example_dags/example_sensors.py
[2025-01-07T12:01:31.768+0000] {processor.py:925} INFO - DAG(s) 'example_sensors' retrieved from /home/airflow/.local/lib/python3.12/site-packages/airflow/example_dags/example_sensors.py
[2025-01-07T12:01:31.795+0000] {logging_mixin.py:190} INFO - [2025-01-07T12:01:31.795+0000] {dag.py:3239} INFO - Sync 1 DAGs
[2025-01-07T12:01:31.808+0000] {logging_mixin.py:190} INFO - [2025-01-07T12:01:31.808+0000] {dag.py:4180} INFO - Setting next_dagrun for example_sensors to None, run_after=None
[2025-01-07T12:01:31.829+0000] {processor.py:208} INFO - Processing /home/airflow/.local/lib/python3.12/site-packages/airflow/example_dags/example_sensors.py took 0.086 seconds
[2025-01-07T12:02:02.292+0000] {processor.py:186} INFO - Started process (PID=1832) to work on /home/airflow/.local/lib/python3.12/site-packages/airflow/example_dags/example_sensors.py
[2025-01-07T12:02:02.294+0000] {processor.py:914} INFO - Processing file /home/airflow/.local/lib/python3.12/site-packages/airflow/example_dags/example_sensors.py for tasks to queue
[2025-01-07T12:02:02.297+0000] {logging_mixin.py:190} INFO - [2025-01-07T12:02:02.297+0000] {dagbag.py:588} INFO - Filling up the DagBag from /home/airflow/.local/lib/python3.12/site-packages/airflow/example_dags/example_sensors.py
[2025-01-07T12:02:02.312+0000] {processor.py:925} INFO - DAG(s) 'example_sensors' retrieved from /home/airflow/.local/lib/python3.12/site-packages/airflow/example_dags/example_sensors.py
[2025-01-07T12:02:02.350+0000] {logging_mixin.py:190} INFO - [2025-01-07T12:02:02.350+0000] {dag.py:3239} INFO - Sync 1 DAGs
[2025-01-07T12:02:02.372+0000] {logging_mixin.py:190} INFO - [2025-01-07T12:02:02.372+0000] {dag.py:4180} INFO - Setting next_dagrun for example_sensors to None, run_after=None
[2025-01-07T12:02:02.399+0000] {processor.py:208} INFO - Processing /home/airflow/.local/lib/python3.12/site-packages/airflow/example_dags/example_sensors.py took 0.114 seconds
[2025-01-07T12:02:32.680+0000] {processor.py:186} INFO - Started process (PID=1895) to work on /home/airflow/.local/lib/python3.12/site-packages/airflow/example_dags/example_sensors.py
[2025-01-07T12:02:32.682+0000] {processor.py:914} INFO - Processing file /home/airflow/.local/lib/python3.12/site-packages/airflow/example_dags/example_sensors.py for tasks to queue
[2025-01-07T12:02:32.684+0000] {logging_mixin.py:190} INFO - [2025-01-07T12:02:32.684+0000] {dagbag.py:588} INFO - Filling up the DagBag from /home/airflow/.local/lib/python3.12/site-packages/airflow/example_dags/example_sensors.py
[2025-01-07T12:02:32.695+0000] {processor.py:925} INFO - DAG(s) 'example_sensors' retrieved from /home/airflow/.local/lib/python3.12/site-packages/airflow/example_dags/example_sensors.py
[2025-01-07T12:02:32.719+0000] {logging_mixin.py:190} INFO - [2025-01-07T12:02:32.719+0000] {dag.py:3239} INFO - Sync 1 DAGs
[2025-01-07T12:02:32.732+0000] {logging_mixin.py:190} INFO - [2025-01-07T12:02:32.732+0000] {dag.py:4180} INFO - Setting next_dagrun for example_sensors to None, run_after=None
[2025-01-07T12:02:32.766+0000] {processor.py:208} INFO - Processing /home/airflow/.local/lib/python3.12/site-packages/airflow/example_dags/example_sensors.py took 0.091 seconds
[2025-01-07T12:03:03.139+0000] {processor.py:186} INFO - Started process (PID=1958) to work on /home/airflow/.local/lib/python3.12/site-packages/airflow/example_dags/example_sensors.py
[2025-01-07T12:03:03.140+0000] {processor.py:914} INFO - Processing file /home/airflow/.local/lib/python3.12/site-packages/airflow/example_dags/example_sensors.py for tasks to queue
[2025-01-07T12:03:03.143+0000] {logging_mixin.py:190} INFO - [2025-01-07T12:03:03.142+0000] {dagbag.py:588} INFO - Filling up the DagBag from /home/airflow/.local/lib/python3.12/site-packages/airflow/example_dags/example_sensors.py
[2025-01-07T12:03:03.154+0000] {processor.py:925} INFO - DAG(s) 'example_sensors' retrieved from /home/airflow/.local/lib/python3.12/site-packages/airflow/example_dags/example_sensors.py
[2025-01-07T12:03:03.183+0000] {logging_mixin.py:190} INFO - [2025-01-07T12:03:03.182+0000] {dag.py:3239} INFO - Sync 1 DAGs
[2025-01-07T12:03:03.201+0000] {logging_mixin.py:190} INFO - [2025-01-07T12:03:03.200+0000] {dag.py:4180} INFO - Setting next_dagrun for example_sensors to None, run_after=None
[2025-01-07T12:03:03.223+0000] {processor.py:208} INFO - Processing /home/airflow/.local/lib/python3.12/site-packages/airflow/example_dags/example_sensors.py took 0.091 seconds
[2025-01-07T12:03:33.492+0000] {processor.py:186} INFO - Started process (PID=2021) to work on /home/airflow/.local/lib/python3.12/site-packages/airflow/example_dags/example_sensors.py
[2025-01-07T12:03:33.493+0000] {processor.py:914} INFO - Processing file /home/airflow/.local/lib/python3.12/site-packages/airflow/example_dags/example_sensors.py for tasks to queue
[2025-01-07T12:03:33.496+0000] {logging_mixin.py:190} INFO - [2025-01-07T12:03:33.495+0000] {dagbag.py:588} INFO - Filling up the DagBag from /home/airflow/.local/lib/python3.12/site-packages/airflow/example_dags/example_sensors.py
[2025-01-07T12:03:33.506+0000] {processor.py:925} INFO - DAG(s) 'example_sensors' retrieved from /home/airflow/.local/lib/python3.12/site-packages/airflow/example_dags/example_sensors.py
[2025-01-07T12:03:33.535+0000] {logging_mixin.py:190} INFO - [2025-01-07T12:03:33.535+0000] {dag.py:3239} INFO - Sync 1 DAGs
[2025-01-07T12:03:33.550+0000] {logging_mixin.py:190} INFO - [2025-01-07T12:03:33.550+0000] {dag.py:4180} INFO - Setting next_dagrun for example_sensors to None, run_after=None
[2025-01-07T12:03:33.567+0000] {processor.py:208} INFO - Processing /home/airflow/.local/lib/python3.12/site-packages/airflow/example_dags/example_sensors.py took 0.084 seconds
[2025-01-07T12:04:03.916+0000] {processor.py:186} INFO - Started process (PID=2084) to work on /home/airflow/.local/lib/python3.12/site-packages/airflow/example_dags/example_sensors.py
[2025-01-07T12:04:03.917+0000] {processor.py:914} INFO - Processing file /home/airflow/.local/lib/python3.12/site-packages/airflow/example_dags/example_sensors.py for tasks to queue
[2025-01-07T12:04:03.919+0000] {logging_mixin.py:190} INFO - [2025-01-07T12:04:03.919+0000] {dagbag.py:588} INFO - Filling up the DagBag from /home/airflow/.local/lib/python3.12/site-packages/airflow/example_dags/example_sensors.py
[2025-01-07T12:04:03.930+0000] {processor.py:925} INFO - DAG(s) 'example_sensors' retrieved from /home/airflow/.local/lib/python3.12/site-packages/airflow/example_dags/example_sensors.py
[2025-01-07T12:04:03.954+0000] {logging_mixin.py:190} INFO - [2025-01-07T12:04:03.954+0000] {dag.py:3239} INFO - Sync 1 DAGs
[2025-01-07T12:04:03.967+0000] {logging_mixin.py:190} INFO - [2025-01-07T12:04:03.967+0000] {dag.py:4180} INFO - Setting next_dagrun for example_sensors to None, run_after=None
[2025-01-07T12:04:03.985+0000] {processor.py:208} INFO - Processing /home/airflow/.local/lib/python3.12/site-packages/airflow/example_dags/example_sensors.py took 0.076 seconds
[2025-01-07T12:04:34.115+0000] {processor.py:186} INFO - Started process (PID=2147) to work on /home/airflow/.local/lib/python3.12/site-packages/airflow/example_dags/example_sensors.py
[2025-01-07T12:04:34.116+0000] {processor.py:914} INFO - Processing file /home/airflow/.local/lib/python3.12/site-packages/airflow/example_dags/example_sensors.py for tasks to queue
[2025-01-07T12:04:34.118+0000] {logging_mixin.py:190} INFO - [2025-01-07T12:04:34.118+0000] {dagbag.py:588} INFO - Filling up the DagBag from /home/airflow/.local/lib/python3.12/site-packages/airflow/example_dags/example_sensors.py
[2025-01-07T12:04:34.130+0000] {processor.py:925} INFO - DAG(s) 'example_sensors' retrieved from /home/airflow/.local/lib/python3.12/site-packages/airflow/example_dags/example_sensors.py
[2025-01-07T12:04:34.156+0000] {logging_mixin.py:190} INFO - [2025-01-07T12:04:34.156+0000] {dag.py:3239} INFO - Sync 1 DAGs
[2025-01-07T12:04:34.172+0000] {logging_mixin.py:190} INFO - [2025-01-07T12:04:34.172+0000] {dag.py:4180} INFO - Setting next_dagrun for example_sensors to None, run_after=None
[2025-01-07T12:04:34.193+0000] {processor.py:208} INFO - Processing /home/airflow/.local/lib/python3.12/site-packages/airflow/example_dags/example_sensors.py took 0.083 seconds
[2025-01-07T12:05:04.569+0000] {processor.py:186} INFO - Started process (PID=2210) to work on /home/airflow/.local/lib/python3.12/site-packages/airflow/example_dags/example_sensors.py
[2025-01-07T12:05:04.570+0000] {processor.py:914} INFO - Processing file /home/airflow/.local/lib/python3.12/site-packages/airflow/example_dags/example_sensors.py for tasks to queue
[2025-01-07T12:05:04.573+0000] {logging_mixin.py:190} INFO - [2025-01-07T12:05:04.572+0000] {dagbag.py:588} INFO - Filling up the DagBag from /home/airflow/.local/lib/python3.12/site-packages/airflow/example_dags/example_sensors.py
[2025-01-07T12:05:04.587+0000] {processor.py:925} INFO - DAG(s) 'example_sensors' retrieved from /home/airflow/.local/lib/python3.12/site-packages/airflow/example_dags/example_sensors.py
[2025-01-07T12:05:04.618+0000] {logging_mixin.py:190} INFO - [2025-01-07T12:05:04.618+0000] {dag.py:3239} INFO - Sync 1 DAGs
[2025-01-07T12:05:04.634+0000] {logging_mixin.py:190} INFO - [2025-01-07T12:05:04.634+0000] {dag.py:4180} INFO - Setting next_dagrun for example_sensors to None, run_after=None
[2025-01-07T12:05:04.660+0000] {processor.py:208} INFO - Processing /home/airflow/.local/lib/python3.12/site-packages/airflow/example_dags/example_sensors.py took 0.099 seconds
[2025-01-07T12:05:35.025+0000] {processor.py:186} INFO - Started process (PID=2273) to work on /home/airflow/.local/lib/python3.12/site-packages/airflow/example_dags/example_sensors.py
[2025-01-07T12:05:35.026+0000] {processor.py:914} INFO - Processing file /home/airflow/.local/lib/python3.12/site-packages/airflow/example_dags/example_sensors.py for tasks to queue
[2025-01-07T12:05:35.028+0000] {logging_mixin.py:190} INFO - [2025-01-07T12:05:35.028+0000] {dagbag.py:588} INFO - Filling up the DagBag from /home/airflow/.local/lib/python3.12/site-packages/airflow/example_dags/example_sensors.py
[2025-01-07T12:05:35.039+0000] {processor.py:925} INFO - DAG(s) 'example_sensors' retrieved from /home/airflow/.local/lib/python3.12/site-packages/airflow/example_dags/example_sensors.py
[2025-01-07T12:05:35.063+0000] {logging_mixin.py:190} INFO - [2025-01-07T12:05:35.062+0000] {dag.py:3239} INFO - Sync 1 DAGs
[2025-01-07T12:05:35.075+0000] {logging_mixin.py:190} INFO - [2025-01-07T12:05:35.075+0000] {dag.py:4180} INFO - Setting next_dagrun for example_sensors to None, run_after=None
[2025-01-07T12:05:35.094+0000] {processor.py:208} INFO - Processing /home/airflow/.local/lib/python3.12/site-packages/airflow/example_dags/example_sensors.py took 0.075 seconds
[2025-01-07T12:06:05.420+0000] {processor.py:186} INFO - Started process (PID=2336) to work on /home/airflow/.local/lib/python3.12/site-packages/airflow/example_dags/example_sensors.py
[2025-01-07T12:06:05.421+0000] {processor.py:914} INFO - Processing file /home/airflow/.local/lib/python3.12/site-packages/airflow/example_dags/example_sensors.py for tasks to queue
[2025-01-07T12:06:05.423+0000] {logging_mixin.py:190} INFO - [2025-01-07T12:06:05.423+0000] {dagbag.py:588} INFO - Filling up the DagBag from /home/airflow/.local/lib/python3.12/site-packages/airflow/example_dags/example_sensors.py
[2025-01-07T12:06:05.438+0000] {processor.py:925} INFO - DAG(s) 'example_sensors' retrieved from /home/airflow/.local/lib/python3.12/site-packages/airflow/example_dags/example_sensors.py
[2025-01-07T12:06:05.464+0000] {logging_mixin.py:190} INFO - [2025-01-07T12:06:05.464+0000] {dag.py:3239} INFO - Sync 1 DAGs
[2025-01-07T12:06:05.478+0000] {logging_mixin.py:190} INFO - [2025-01-07T12:06:05.478+0000] {dag.py:4180} INFO - Setting next_dagrun for example_sensors to None, run_after=None
[2025-01-07T12:06:05.497+0000] {processor.py:208} INFO - Processing /home/airflow/.local/lib/python3.12/site-packages/airflow/example_dags/example_sensors.py took 0.082 seconds
[2025-01-07T12:06:36.294+0000] {processor.py:186} INFO - Started process (PID=2398) to work on /home/airflow/.local/lib/python3.12/site-packages/airflow/example_dags/example_sensors.py
[2025-01-07T12:06:36.295+0000] {processor.py:914} INFO - Processing file /home/airflow/.local/lib/python3.12/site-packages/airflow/example_dags/example_sensors.py for tasks to queue
[2025-01-07T12:06:36.297+0000] {logging_mixin.py:190} INFO - [2025-01-07T12:06:36.297+0000] {dagbag.py:588} INFO - Filling up the DagBag from /home/airflow/.local/lib/python3.12/site-packages/airflow/example_dags/example_sensors.py
[2025-01-07T12:06:36.308+0000] {processor.py:925} INFO - DAG(s) 'example_sensors' retrieved from /home/airflow/.local/lib/python3.12/site-packages/airflow/example_dags/example_sensors.py
[2025-01-07T12:06:36.334+0000] {logging_mixin.py:190} INFO - [2025-01-07T12:06:36.334+0000] {dag.py:3239} INFO - Sync 1 DAGs
[2025-01-07T12:06:36.348+0000] {logging_mixin.py:190} INFO - [2025-01-07T12:06:36.348+0000] {dag.py:4180} INFO - Setting next_dagrun for example_sensors to None, run_after=None
[2025-01-07T12:06:36.367+0000] {processor.py:208} INFO - Processing /home/airflow/.local/lib/python3.12/site-packages/airflow/example_dags/example_sensors.py took 0.079 seconds
[2025-01-07T12:07:06.917+0000] {processor.py:186} INFO - Started process (PID=2461) to work on /home/airflow/.local/lib/python3.12/site-packages/airflow/example_dags/example_sensors.py
[2025-01-07T12:07:06.918+0000] {processor.py:914} INFO - Processing file /home/airflow/.local/lib/python3.12/site-packages/airflow/example_dags/example_sensors.py for tasks to queue
[2025-01-07T12:07:06.921+0000] {logging_mixin.py:190} INFO - [2025-01-07T12:07:06.920+0000] {dagbag.py:588} INFO - Filling up the DagBag from /home/airflow/.local/lib/python3.12/site-packages/airflow/example_dags/example_sensors.py
[2025-01-07T12:07:06.937+0000] {processor.py:925} INFO - DAG(s) 'example_sensors' retrieved from /home/airflow/.local/lib/python3.12/site-packages/airflow/example_dags/example_sensors.py
[2025-01-07T12:07:06.966+0000] {logging_mixin.py:190} INFO - [2025-01-07T12:07:06.966+0000] {dag.py:3239} INFO - Sync 1 DAGs
[2025-01-07T12:07:06.980+0000] {logging_mixin.py:190} INFO - [2025-01-07T12:07:06.979+0000] {dag.py:4180} INFO - Setting next_dagrun for example_sensors to None, run_after=None
[2025-01-07T12:07:06.999+0000] {processor.py:208} INFO - Processing /home/airflow/.local/lib/python3.12/site-packages/airflow/example_dags/example_sensors.py took 0.089 seconds
[2025-01-07T12:07:37.410+0000] {processor.py:186} INFO - Started process (PID=2524) to work on /home/airflow/.local/lib/python3.12/site-packages/airflow/example_dags/example_sensors.py
[2025-01-07T12:07:37.411+0000] {processor.py:914} INFO - Processing file /home/airflow/.local/lib/python3.12/site-packages/airflow/example_dags/example_sensors.py for tasks to queue
[2025-01-07T12:07:37.414+0000] {logging_mixin.py:190} INFO - [2025-01-07T12:07:37.414+0000] {dagbag.py:588} INFO - Filling up the DagBag from /home/airflow/.local/lib/python3.12/site-packages/airflow/example_dags/example_sensors.py
[2025-01-07T12:07:37.426+0000] {processor.py:925} INFO - DAG(s) 'example_sensors' retrieved from /home/airflow/.local/lib/python3.12/site-packages/airflow/example_dags/example_sensors.py
[2025-01-07T12:07:37.458+0000] {logging_mixin.py:190} INFO - [2025-01-07T12:07:37.457+0000] {dag.py:3239} INFO - Sync 1 DAGs
[2025-01-07T12:07:37.473+0000] {logging_mixin.py:190} INFO - [2025-01-07T12:07:37.473+0000] {dag.py:4180} INFO - Setting next_dagrun for example_sensors to None, run_after=None
[2025-01-07T12:07:37.491+0000] {processor.py:208} INFO - Processing /home/airflow/.local/lib/python3.12/site-packages/airflow/example_dags/example_sensors.py took 0.089 seconds
[2025-01-07T12:08:08.477+0000] {processor.py:186} INFO - Started process (PID=2587) to work on /home/airflow/.local/lib/python3.12/site-packages/airflow/example_dags/example_sensors.py
[2025-01-07T12:08:08.479+0000] {processor.py:914} INFO - Processing file /home/airflow/.local/lib/python3.12/site-packages/airflow/example_dags/example_sensors.py for tasks to queue
[2025-01-07T12:08:08.485+0000] {logging_mixin.py:190} INFO - [2025-01-07T12:08:08.484+0000] {dagbag.py:588} INFO - Filling up the DagBag from /home/airflow/.local/lib/python3.12/site-packages/airflow/example_dags/example_sensors.py
[2025-01-07T12:08:08.503+0000] {processor.py:925} INFO - DAG(s) 'example_sensors' retrieved from /home/airflow/.local/lib/python3.12/site-packages/airflow/example_dags/example_sensors.py
[2025-01-07T12:08:08.540+0000] {logging_mixin.py:190} INFO - [2025-01-07T12:08:08.540+0000] {dag.py:3239} INFO - Sync 1 DAGs
[2025-01-07T12:08:08.561+0000] {logging_mixin.py:190} INFO - [2025-01-07T12:08:08.561+0000] {dag.py:4180} INFO - Setting next_dagrun for example_sensors to None, run_after=None
[2025-01-07T12:08:08.597+0000] {processor.py:208} INFO - Processing /home/airflow/.local/lib/python3.12/site-packages/airflow/example_dags/example_sensors.py took 0.133 seconds
[2025-01-07T12:08:39.083+0000] {processor.py:186} INFO - Started process (PID=2651) to work on /home/airflow/.local/lib/python3.12/site-packages/airflow/example_dags/example_sensors.py
[2025-01-07T12:08:39.084+0000] {processor.py:914} INFO - Processing file /home/airflow/.local/lib/python3.12/site-packages/airflow/example_dags/example_sensors.py for tasks to queue
[2025-01-07T12:08:39.087+0000] {logging_mixin.py:190} INFO - [2025-01-07T12:08:39.087+0000] {dagbag.py:588} INFO - Filling up the DagBag from /home/airflow/.local/lib/python3.12/site-packages/airflow/example_dags/example_sensors.py
[2025-01-07T12:08:39.099+0000] {processor.py:925} INFO - DAG(s) 'example_sensors' retrieved from /home/airflow/.local/lib/python3.12/site-packages/airflow/example_dags/example_sensors.py
[2025-01-07T12:08:39.124+0000] {logging_mixin.py:190} INFO - [2025-01-07T12:08:39.124+0000] {dag.py:3239} INFO - Sync 1 DAGs
[2025-01-07T12:08:39.140+0000] {logging_mixin.py:190} INFO - [2025-01-07T12:08:39.140+0000] {dag.py:4180} INFO - Setting next_dagrun for example_sensors to None, run_after=None
[2025-01-07T12:08:39.158+0000] {processor.py:208} INFO - Processing /home/airflow/.local/lib/python3.12/site-packages/airflow/example_dags/example_sensors.py took 0.082 seconds
[2025-01-07T12:09:09.636+0000] {processor.py:186} INFO - Started process (PID=2714) to work on /home/airflow/.local/lib/python3.12/site-packages/airflow/example_dags/example_sensors.py
[2025-01-07T12:09:09.638+0000] {processor.py:914} INFO - Processing file /home/airflow/.local/lib/python3.12/site-packages/airflow/example_dags/example_sensors.py for tasks to queue
[2025-01-07T12:09:09.643+0000] {logging_mixin.py:190} INFO - [2025-01-07T12:09:09.642+0000] {dagbag.py:588} INFO - Filling up the DagBag from /home/airflow/.local/lib/python3.12/site-packages/airflow/example_dags/example_sensors.py
[2025-01-07T12:09:09.670+0000] {processor.py:925} INFO - DAG(s) 'example_sensors' retrieved from /home/airflow/.local/lib/python3.12/site-packages/airflow/example_dags/example_sensors.py
[2025-01-07T12:09:09.726+0000] {logging_mixin.py:190} INFO - [2025-01-07T12:09:09.725+0000] {dag.py:3239} INFO - Sync 1 DAGs
[2025-01-07T12:09:09.763+0000] {logging_mixin.py:190} INFO - [2025-01-07T12:09:09.762+0000] {dag.py:4180} INFO - Setting next_dagrun for example_sensors to None, run_after=None
[2025-01-07T12:09:09.811+0000] {processor.py:208} INFO - Processing /home/airflow/.local/lib/python3.12/site-packages/airflow/example_dags/example_sensors.py took 0.189 seconds
[2025-01-07T12:09:40.087+0000] {processor.py:186} INFO - Started process (PID=2777) to work on /home/airflow/.local/lib/python3.12/site-packages/airflow/example_dags/example_sensors.py
[2025-01-07T12:09:40.089+0000] {processor.py:914} INFO - Processing file /home/airflow/.local/lib/python3.12/site-packages/airflow/example_dags/example_sensors.py for tasks to queue
[2025-01-07T12:09:40.092+0000] {logging_mixin.py:190} INFO - [2025-01-07T12:09:40.091+0000] {dagbag.py:588} INFO - Filling up the DagBag from /home/airflow/.local/lib/python3.12/site-packages/airflow/example_dags/example_sensors.py
[2025-01-07T12:09:40.105+0000] {processor.py:925} INFO - DAG(s) 'example_sensors' retrieved from /home/airflow/.local/lib/python3.12/site-packages/airflow/example_dags/example_sensors.py
[2025-01-07T12:09:40.134+0000] {logging_mixin.py:190} INFO - [2025-01-07T12:09:40.134+0000] {dag.py:3239} INFO - Sync 1 DAGs
[2025-01-07T12:09:40.153+0000] {logging_mixin.py:190} INFO - [2025-01-07T12:09:40.153+0000] {dag.py:4180} INFO - Setting next_dagrun for example_sensors to None, run_after=None
[2025-01-07T12:09:40.173+0000] {processor.py:208} INFO - Processing /home/airflow/.local/lib/python3.12/site-packages/airflow/example_dags/example_sensors.py took 0.092 seconds
[2025-01-07T12:10:10.624+0000] {processor.py:186} INFO - Started process (PID=2840) to work on /home/airflow/.local/lib/python3.12/site-packages/airflow/example_dags/example_sensors.py
[2025-01-07T12:10:10.625+0000] {processor.py:914} INFO - Processing file /home/airflow/.local/lib/python3.12/site-packages/airflow/example_dags/example_sensors.py for tasks to queue
[2025-01-07T12:10:10.629+0000] {logging_mixin.py:190} INFO - [2025-01-07T12:10:10.628+0000] {dagbag.py:588} INFO - Filling up the DagBag from /home/airflow/.local/lib/python3.12/site-packages/airflow/example_dags/example_sensors.py
[2025-01-07T12:10:10.644+0000] {processor.py:925} INFO - DAG(s) 'example_sensors' retrieved from /home/airflow/.local/lib/python3.12/site-packages/airflow/example_dags/example_sensors.py
[2025-01-07T12:10:10.681+0000] {logging_mixin.py:190} INFO - [2025-01-07T12:10:10.680+0000] {dag.py:3239} INFO - Sync 1 DAGs
[2025-01-07T12:10:10.699+0000] {logging_mixin.py:190} INFO - [2025-01-07T12:10:10.699+0000] {dag.py:4180} INFO - Setting next_dagrun for example_sensors to None, run_after=None
[2025-01-07T12:10:10.731+0000] {processor.py:208} INFO - Processing /home/airflow/.local/lib/python3.12/site-packages/airflow/example_dags/example_sensors.py took 0.115 seconds
[2025-01-07T12:10:41.106+0000] {processor.py:186} INFO - Started process (PID=2904) to work on /home/airflow/.local/lib/python3.12/site-packages/airflow/example_dags/example_sensors.py
[2025-01-07T12:10:41.108+0000] {processor.py:914} INFO - Processing file /home/airflow/.local/lib/python3.12/site-packages/airflow/example_dags/example_sensors.py for tasks to queue
[2025-01-07T12:10:41.112+0000] {logging_mixin.py:190} INFO - [2025-01-07T12:10:41.112+0000] {dagbag.py:588} INFO - Filling up the DagBag from /home/airflow/.local/lib/python3.12/site-packages/airflow/example_dags/example_sensors.py
[2025-01-07T12:10:41.130+0000] {processor.py:925} INFO - DAG(s) 'example_sensors' retrieved from /home/airflow/.local/lib/python3.12/site-packages/airflow/example_dags/example_sensors.py
[2025-01-07T12:10:41.179+0000] {logging_mixin.py:190} INFO - [2025-01-07T12:10:41.179+0000] {dag.py:3239} INFO - Sync 1 DAGs
[2025-01-07T12:10:41.200+0000] {logging_mixin.py:190} INFO - [2025-01-07T12:10:41.200+0000] {dag.py:4180} INFO - Setting next_dagrun for example_sensors to None, run_after=None
[2025-01-07T12:10:41.228+0000] {processor.py:208} INFO - Processing /home/airflow/.local/lib/python3.12/site-packages/airflow/example_dags/example_sensors.py took 0.132 seconds
[2025-01-07T12:11:13.186+0000] {processor.py:186} INFO - Started process (PID=2963) to work on /home/airflow/.local/lib/python3.12/site-packages/airflow/example_dags/example_sensors.py
[2025-01-07T12:11:13.188+0000] {processor.py:914} INFO - Processing file /home/airflow/.local/lib/python3.12/site-packages/airflow/example_dags/example_sensors.py for tasks to queue
[2025-01-07T12:11:13.195+0000] {logging_mixin.py:190} INFO - [2025-01-07T12:11:13.195+0000] {dagbag.py:588} INFO - Filling up the DagBag from /home/airflow/.local/lib/python3.12/site-packages/airflow/example_dags/example_sensors.py
[2025-01-07T12:11:13.225+0000] {processor.py:925} INFO - DAG(s) 'example_sensors' retrieved from /home/airflow/.local/lib/python3.12/site-packages/airflow/example_dags/example_sensors.py
[2025-01-07T12:11:13.287+0000] {logging_mixin.py:190} INFO - [2025-01-07T12:11:13.287+0000] {dag.py:3239} INFO - Sync 1 DAGs
[2025-01-07T12:11:13.319+0000] {logging_mixin.py:190} INFO - [2025-01-07T12:11:13.319+0000] {dag.py:4180} INFO - Setting next_dagrun for example_sensors to None, run_after=None
[2025-01-07T12:11:13.356+0000] {processor.py:208} INFO - Processing /home/airflow/.local/lib/python3.12/site-packages/airflow/example_dags/example_sensors.py took 0.181 seconds
[2025-01-07T12:11:44.367+0000] {processor.py:186} INFO - Started process (PID=3021) to work on /home/airflow/.local/lib/python3.12/site-packages/airflow/example_dags/example_sensors.py
[2025-01-07T12:11:44.369+0000] {processor.py:914} INFO - Processing file /home/airflow/.local/lib/python3.12/site-packages/airflow/example_dags/example_sensors.py for tasks to queue
[2025-01-07T12:11:44.375+0000] {logging_mixin.py:190} INFO - [2025-01-07T12:11:44.375+0000] {dagbag.py:588} INFO - Filling up the DagBag from /home/airflow/.local/lib/python3.12/site-packages/airflow/example_dags/example_sensors.py
[2025-01-07T12:11:44.407+0000] {processor.py:925} INFO - DAG(s) 'example_sensors' retrieved from /home/airflow/.local/lib/python3.12/site-packages/airflow/example_dags/example_sensors.py
[2025-01-07T12:11:44.473+0000] {logging_mixin.py:190} INFO - [2025-01-07T12:11:44.473+0000] {dag.py:3239} INFO - Sync 1 DAGs
[2025-01-07T12:11:44.539+0000] {logging_mixin.py:190} INFO - [2025-01-07T12:11:44.539+0000] {dag.py:4180} INFO - Setting next_dagrun for example_sensors to None, run_after=None
[2025-01-07T12:11:44.793+0000] {processor.py:208} INFO - Processing /home/airflow/.local/lib/python3.12/site-packages/airflow/example_dags/example_sensors.py took 0.442 seconds
[2025-01-07T12:12:14.932+0000] {processor.py:186} INFO - Started process (PID=3085) to work on /home/airflow/.local/lib/python3.12/site-packages/airflow/example_dags/example_sensors.py
[2025-01-07T12:12:14.933+0000] {processor.py:914} INFO - Processing file /home/airflow/.local/lib/python3.12/site-packages/airflow/example_dags/example_sensors.py for tasks to queue
[2025-01-07T12:12:14.937+0000] {logging_mixin.py:190} INFO - [2025-01-07T12:12:14.936+0000] {dagbag.py:588} INFO - Filling up the DagBag from /home/airflow/.local/lib/python3.12/site-packages/airflow/example_dags/example_sensors.py
[2025-01-07T12:12:14.952+0000] {processor.py:925} INFO - DAG(s) 'example_sensors' retrieved from /home/airflow/.local/lib/python3.12/site-packages/airflow/example_dags/example_sensors.py
[2025-01-07T12:12:14.987+0000] {logging_mixin.py:190} INFO - [2025-01-07T12:12:14.987+0000] {dag.py:3239} INFO - Sync 1 DAGs
[2025-01-07T12:12:15.005+0000] {logging_mixin.py:190} INFO - [2025-01-07T12:12:15.005+0000] {dag.py:4180} INFO - Setting next_dagrun for example_sensors to None, run_after=None
[2025-01-07T12:12:15.032+0000] {processor.py:208} INFO - Processing /home/airflow/.local/lib/python3.12/site-packages/airflow/example_dags/example_sensors.py took 0.109 seconds
[2025-01-07T12:12:46.088+0000] {processor.py:186} INFO - Started process (PID=3147) to work on /home/airflow/.local/lib/python3.12/site-packages/airflow/example_dags/example_sensors.py
[2025-01-07T12:12:46.090+0000] {processor.py:914} INFO - Processing file /home/airflow/.local/lib/python3.12/site-packages/airflow/example_dags/example_sensors.py for tasks to queue
[2025-01-07T12:12:46.095+0000] {logging_mixin.py:190} INFO - [2025-01-07T12:12:46.094+0000] {dagbag.py:588} INFO - Filling up the DagBag from /home/airflow/.local/lib/python3.12/site-packages/airflow/example_dags/example_sensors.py
[2025-01-07T12:12:46.118+0000] {processor.py:925} INFO - DAG(s) 'example_sensors' retrieved from /home/airflow/.local/lib/python3.12/site-packages/airflow/example_dags/example_sensors.py
[2025-01-07T12:12:46.168+0000] {logging_mixin.py:190} INFO - [2025-01-07T12:12:46.167+0000] {dag.py:3239} INFO - Sync 1 DAGs
[2025-01-07T12:12:46.195+0000] {logging_mixin.py:190} INFO - [2025-01-07T12:12:46.194+0000] {dag.py:4180} INFO - Setting next_dagrun for example_sensors to None, run_after=None
[2025-01-07T12:12:46.246+0000] {processor.py:208} INFO - Processing /home/airflow/.local/lib/python3.12/site-packages/airflow/example_dags/example_sensors.py took 0.168 seconds
[2025-01-07T12:43:12.725+0000] {processor.py:186} INFO - Started process (PID=3180) to work on /home/airflow/.local/lib/python3.12/site-packages/airflow/example_dags/example_sensors.py
[2025-01-07T12:43:12.727+0000] {processor.py:914} INFO - Processing file /home/airflow/.local/lib/python3.12/site-packages/airflow/example_dags/example_sensors.py for tasks to queue
[2025-01-07T12:43:12.732+0000] {logging_mixin.py:190} INFO - [2025-01-07T12:43:12.731+0000] {dagbag.py:588} INFO - Filling up the DagBag from /home/airflow/.local/lib/python3.12/site-packages/airflow/example_dags/example_sensors.py
[2025-01-07T12:43:12.756+0000] {processor.py:925} INFO - DAG(s) 'example_sensors' retrieved from /home/airflow/.local/lib/python3.12/site-packages/airflow/example_dags/example_sensors.py
[2025-01-07T12:43:12.802+0000] {logging_mixin.py:190} INFO - [2025-01-07T12:43:12.802+0000] {dag.py:3239} INFO - Sync 1 DAGs
[2025-01-07T12:43:13.126+0000] {logging_mixin.py:190} INFO - [2025-01-07T12:43:13.126+0000] {dag.py:4180} INFO - Setting next_dagrun for example_sensors to None, run_after=None
[2025-01-07T12:43:13.174+0000] {processor.py:208} INFO - Processing /home/airflow/.local/lib/python3.12/site-packages/airflow/example_dags/example_sensors.py took 0.457 seconds
