[2025-01-07T11:47:34.066+0000] {processor.py:186} INFO - Started process (PID=85) to work on /home/airflow/.local/lib/python3.12/site-packages/airflow/example_dags/example_display_name.py
[2025-01-07T11:47:34.067+0000] {processor.py:914} INFO - Processing file /home/airflow/.local/lib/python3.12/site-packages/airflow/example_dags/example_display_name.py for tasks to queue
[2025-01-07T11:47:34.070+0000] {logging_mixin.py:190} INFO - [2025-01-07T11:47:34.069+0000] {dagbag.py:588} INFO - Filling up the DagBag from /home/airflow/.local/lib/python3.12/site-packages/airflow/example_dags/example_display_name.py
[2025-01-07T11:47:34.087+0000] {processor.py:925} INFO - DAG(s) 'example_display_name' retrieved from /home/airflow/.local/lib/python3.12/site-packages/airflow/example_dags/example_display_name.py
[2025-01-07T11:47:34.203+0000] {logging_mixin.py:190} INFO - [2025-01-07T11:47:34.202+0000] {override.py:1911} INFO - Created Permission View: can read on DAG:example_display_name
[2025-01-07T11:47:34.215+0000] {logging_mixin.py:190} INFO - [2025-01-07T11:47:34.215+0000] {override.py:1911} INFO - Created Permission View: can delete on DAG:example_display_name
[2025-01-07T11:47:34.230+0000] {logging_mixin.py:190} INFO - [2025-01-07T11:47:34.229+0000] {override.py:1911} INFO - Created Permission View: can edit on DAG:example_display_name
[2025-01-07T11:47:34.253+0000] {logging_mixin.py:190} INFO - [2025-01-07T11:47:34.252+0000] {override.py:1911} INFO - Created Permission View: menu access on DAG Run:example_display_name
[2025-01-07T11:47:34.262+0000] {logging_mixin.py:190} INFO - [2025-01-07T11:47:34.262+0000] {override.py:1911} INFO - Created Permission View: can read on DAG Run:example_display_name
[2025-01-07T11:47:34.272+0000] {logging_mixin.py:190} INFO - [2025-01-07T11:47:34.272+0000] {override.py:1911} INFO - Created Permission View: can delete on DAG Run:example_display_name
[2025-01-07T11:47:34.281+0000] {logging_mixin.py:190} INFO - [2025-01-07T11:47:34.280+0000] {override.py:1911} INFO - Created Permission View: can create on DAG Run:example_display_name
[2025-01-07T11:47:34.281+0000] {logging_mixin.py:190} INFO - [2025-01-07T11:47:34.281+0000] {dag.py:3239} INFO - Sync 1 DAGs
[2025-01-07T11:47:34.297+0000] {logging_mixin.py:190} INFO - [2025-01-07T11:47:34.297+0000] {dag.py:3262} INFO - Creating ORM DAG for example_display_name
[2025-01-07T11:47:34.298+0000] {logging_mixin.py:190} INFO - [2025-01-07T11:47:34.298+0000] {dag.py:4180} INFO - Setting next_dagrun for example_display_name to None, run_after=None
[2025-01-07T11:47:34.325+0000] {processor.py:208} INFO - Processing /home/airflow/.local/lib/python3.12/site-packages/airflow/example_dags/example_display_name.py took 0.266 seconds
[2025-01-07T11:48:29.227+0000] {processor.py:186} INFO - Started process (PID=154) to work on /home/airflow/.local/lib/python3.12/site-packages/airflow/example_dags/example_display_name.py
[2025-01-07T11:48:29.228+0000] {processor.py:914} INFO - Processing file /home/airflow/.local/lib/python3.12/site-packages/airflow/example_dags/example_display_name.py for tasks to queue
[2025-01-07T11:48:29.231+0000] {logging_mixin.py:190} INFO - [2025-01-07T11:48:29.231+0000] {dagbag.py:588} INFO - Filling up the DagBag from /home/airflow/.local/lib/python3.12/site-packages/airflow/example_dags/example_display_name.py
[2025-01-07T11:48:29.240+0000] {processor.py:925} INFO - DAG(s) 'example_display_name' retrieved from /home/airflow/.local/lib/python3.12/site-packages/airflow/example_dags/example_display_name.py
[2025-01-07T11:48:29.264+0000] {logging_mixin.py:190} INFO - [2025-01-07T11:48:29.264+0000] {dag.py:3239} INFO - Sync 1 DAGs
[2025-01-07T11:48:29.281+0000] {logging_mixin.py:190} INFO - [2025-01-07T11:48:29.281+0000] {dag.py:4180} INFO - Setting next_dagrun for example_display_name to None, run_after=None
[2025-01-07T11:48:29.300+0000] {processor.py:208} INFO - Processing /home/airflow/.local/lib/python3.12/site-packages/airflow/example_dags/example_display_name.py took 0.080 seconds
[2025-01-07T11:49:00.228+0000] {processor.py:186} INFO - Started process (PID=218) to work on /home/airflow/.local/lib/python3.12/site-packages/airflow/example_dags/example_display_name.py
[2025-01-07T11:49:00.229+0000] {processor.py:914} INFO - Processing file /home/airflow/.local/lib/python3.12/site-packages/airflow/example_dags/example_display_name.py for tasks to queue
[2025-01-07T11:49:00.232+0000] {logging_mixin.py:190} INFO - [2025-01-07T11:49:00.232+0000] {dagbag.py:588} INFO - Filling up the DagBag from /home/airflow/.local/lib/python3.12/site-packages/airflow/example_dags/example_display_name.py
[2025-01-07T11:49:00.239+0000] {processor.py:925} INFO - DAG(s) 'example_display_name' retrieved from /home/airflow/.local/lib/python3.12/site-packages/airflow/example_dags/example_display_name.py
[2025-01-07T11:49:00.257+0000] {logging_mixin.py:190} INFO - [2025-01-07T11:49:00.257+0000] {dag.py:3239} INFO - Sync 1 DAGs
[2025-01-07T11:49:00.271+0000] {logging_mixin.py:190} INFO - [2025-01-07T11:49:00.270+0000] {dag.py:4180} INFO - Setting next_dagrun for example_display_name to None, run_after=None
[2025-01-07T11:49:00.290+0000] {processor.py:208} INFO - Processing /home/airflow/.local/lib/python3.12/site-packages/airflow/example_dags/example_display_name.py took 0.066 seconds
[2025-01-07T11:49:31.044+0000] {processor.py:186} INFO - Started process (PID=281) to work on /home/airflow/.local/lib/python3.12/site-packages/airflow/example_dags/example_display_name.py
[2025-01-07T11:49:31.045+0000] {processor.py:914} INFO - Processing file /home/airflow/.local/lib/python3.12/site-packages/airflow/example_dags/example_display_name.py for tasks to queue
[2025-01-07T11:49:31.048+0000] {logging_mixin.py:190} INFO - [2025-01-07T11:49:31.047+0000] {dagbag.py:588} INFO - Filling up the DagBag from /home/airflow/.local/lib/python3.12/site-packages/airflow/example_dags/example_display_name.py
[2025-01-07T11:49:31.055+0000] {processor.py:925} INFO - DAG(s) 'example_display_name' retrieved from /home/airflow/.local/lib/python3.12/site-packages/airflow/example_dags/example_display_name.py
[2025-01-07T11:49:31.073+0000] {logging_mixin.py:190} INFO - [2025-01-07T11:49:31.073+0000] {dag.py:3239} INFO - Sync 1 DAGs
[2025-01-07T11:49:31.086+0000] {logging_mixin.py:190} INFO - [2025-01-07T11:49:31.086+0000] {dag.py:4180} INFO - Setting next_dagrun for example_display_name to None, run_after=None
[2025-01-07T11:49:31.106+0000] {processor.py:208} INFO - Processing /home/airflow/.local/lib/python3.12/site-packages/airflow/example_dags/example_display_name.py took 0.068 seconds
[2025-01-07T11:50:01.412+0000] {processor.py:186} INFO - Started process (PID=344) to work on /home/airflow/.local/lib/python3.12/site-packages/airflow/example_dags/example_display_name.py
[2025-01-07T11:50:01.413+0000] {processor.py:914} INFO - Processing file /home/airflow/.local/lib/python3.12/site-packages/airflow/example_dags/example_display_name.py for tasks to queue
[2025-01-07T11:50:01.416+0000] {logging_mixin.py:190} INFO - [2025-01-07T11:50:01.416+0000] {dagbag.py:588} INFO - Filling up the DagBag from /home/airflow/.local/lib/python3.12/site-packages/airflow/example_dags/example_display_name.py
[2025-01-07T11:50:01.425+0000] {processor.py:925} INFO - DAG(s) 'example_display_name' retrieved from /home/airflow/.local/lib/python3.12/site-packages/airflow/example_dags/example_display_name.py
[2025-01-07T11:50:01.446+0000] {logging_mixin.py:190} INFO - [2025-01-07T11:50:01.446+0000] {dag.py:3239} INFO - Sync 1 DAGs
[2025-01-07T11:50:01.460+0000] {logging_mixin.py:190} INFO - [2025-01-07T11:50:01.460+0000] {dag.py:4180} INFO - Setting next_dagrun for example_display_name to None, run_after=None
[2025-01-07T11:50:01.480+0000] {processor.py:208} INFO - Processing /home/airflow/.local/lib/python3.12/site-packages/airflow/example_dags/example_display_name.py took 0.074 seconds
[2025-01-07T11:50:31.660+0000] {processor.py:186} INFO - Started process (PID=407) to work on /home/airflow/.local/lib/python3.12/site-packages/airflow/example_dags/example_display_name.py
[2025-01-07T11:50:31.661+0000] {processor.py:914} INFO - Processing file /home/airflow/.local/lib/python3.12/site-packages/airflow/example_dags/example_display_name.py for tasks to queue
[2025-01-07T11:50:31.664+0000] {logging_mixin.py:190} INFO - [2025-01-07T11:50:31.664+0000] {dagbag.py:588} INFO - Filling up the DagBag from /home/airflow/.local/lib/python3.12/site-packages/airflow/example_dags/example_display_name.py
[2025-01-07T11:50:31.674+0000] {processor.py:925} INFO - DAG(s) 'example_display_name' retrieved from /home/airflow/.local/lib/python3.12/site-packages/airflow/example_dags/example_display_name.py
[2025-01-07T11:50:31.695+0000] {logging_mixin.py:190} INFO - [2025-01-07T11:50:31.695+0000] {dag.py:3239} INFO - Sync 1 DAGs
[2025-01-07T11:50:31.712+0000] {logging_mixin.py:190} INFO - [2025-01-07T11:50:31.711+0000] {dag.py:4180} INFO - Setting next_dagrun for example_display_name to None, run_after=None
[2025-01-07T11:50:31.730+0000] {processor.py:208} INFO - Processing /home/airflow/.local/lib/python3.12/site-packages/airflow/example_dags/example_display_name.py took 0.078 seconds
[2025-01-07T11:51:02.890+0000] {processor.py:186} INFO - Started process (PID=470) to work on /home/airflow/.local/lib/python3.12/site-packages/airflow/example_dags/example_display_name.py
[2025-01-07T11:51:02.891+0000] {processor.py:914} INFO - Processing file /home/airflow/.local/lib/python3.12/site-packages/airflow/example_dags/example_display_name.py for tasks to queue
[2025-01-07T11:51:02.893+0000] {logging_mixin.py:190} INFO - [2025-01-07T11:51:02.893+0000] {dagbag.py:588} INFO - Filling up the DagBag from /home/airflow/.local/lib/python3.12/site-packages/airflow/example_dags/example_display_name.py
[2025-01-07T11:51:02.901+0000] {processor.py:925} INFO - DAG(s) 'example_display_name' retrieved from /home/airflow/.local/lib/python3.12/site-packages/airflow/example_dags/example_display_name.py
[2025-01-07T11:51:02.921+0000] {logging_mixin.py:190} INFO - [2025-01-07T11:51:02.921+0000] {dag.py:3239} INFO - Sync 1 DAGs
[2025-01-07T11:51:02.935+0000] {logging_mixin.py:190} INFO - [2025-01-07T11:51:02.935+0000] {dag.py:4180} INFO - Setting next_dagrun for example_display_name to None, run_after=None
[2025-01-07T11:51:02.953+0000] {processor.py:208} INFO - Processing /home/airflow/.local/lib/python3.12/site-packages/airflow/example_dags/example_display_name.py took 0.070 seconds
[2025-01-07T11:51:34.377+0000] {processor.py:186} INFO - Started process (PID=533) to work on /home/airflow/.local/lib/python3.12/site-packages/airflow/example_dags/example_display_name.py
[2025-01-07T11:51:34.379+0000] {processor.py:914} INFO - Processing file /home/airflow/.local/lib/python3.12/site-packages/airflow/example_dags/example_display_name.py for tasks to queue
[2025-01-07T11:51:34.386+0000] {logging_mixin.py:190} INFO - [2025-01-07T11:51:34.385+0000] {dagbag.py:588} INFO - Filling up the DagBag from /home/airflow/.local/lib/python3.12/site-packages/airflow/example_dags/example_display_name.py
[2025-01-07T11:51:34.399+0000] {processor.py:925} INFO - DAG(s) 'example_display_name' retrieved from /home/airflow/.local/lib/python3.12/site-packages/airflow/example_dags/example_display_name.py
[2025-01-07T11:51:34.432+0000] {logging_mixin.py:190} INFO - [2025-01-07T11:51:34.431+0000] {dag.py:3239} INFO - Sync 1 DAGs
[2025-01-07T11:51:34.450+0000] {logging_mixin.py:190} INFO - [2025-01-07T11:51:34.450+0000] {dag.py:4180} INFO - Setting next_dagrun for example_display_name to None, run_after=None
[2025-01-07T11:51:34.476+0000] {processor.py:208} INFO - Processing /home/airflow/.local/lib/python3.12/site-packages/airflow/example_dags/example_display_name.py took 0.111 seconds
[2025-01-07T11:52:04.526+0000] {processor.py:186} INFO - Started process (PID=596) to work on /home/airflow/.local/lib/python3.12/site-packages/airflow/example_dags/example_display_name.py
[2025-01-07T11:52:04.527+0000] {processor.py:914} INFO - Processing file /home/airflow/.local/lib/python3.12/site-packages/airflow/example_dags/example_display_name.py for tasks to queue
[2025-01-07T11:52:04.530+0000] {logging_mixin.py:190} INFO - [2025-01-07T11:52:04.529+0000] {dagbag.py:588} INFO - Filling up the DagBag from /home/airflow/.local/lib/python3.12/site-packages/airflow/example_dags/example_display_name.py
[2025-01-07T11:52:04.539+0000] {processor.py:925} INFO - DAG(s) 'example_display_name' retrieved from /home/airflow/.local/lib/python3.12/site-packages/airflow/example_dags/example_display_name.py
[2025-01-07T11:52:04.561+0000] {logging_mixin.py:190} INFO - [2025-01-07T11:52:04.561+0000] {dag.py:3239} INFO - Sync 1 DAGs
[2025-01-07T11:52:04.577+0000] {logging_mixin.py:190} INFO - [2025-01-07T11:52:04.577+0000] {dag.py:4180} INFO - Setting next_dagrun for example_display_name to None, run_after=None
[2025-01-07T11:52:04.607+0000] {processor.py:208} INFO - Processing /home/airflow/.local/lib/python3.12/site-packages/airflow/example_dags/example_display_name.py took 0.090 seconds
[2025-01-07T11:52:35.182+0000] {processor.py:186} INFO - Started process (PID=659) to work on /home/airflow/.local/lib/python3.12/site-packages/airflow/example_dags/example_display_name.py
[2025-01-07T11:52:35.183+0000] {processor.py:914} INFO - Processing file /home/airflow/.local/lib/python3.12/site-packages/airflow/example_dags/example_display_name.py for tasks to queue
[2025-01-07T11:52:35.185+0000] {logging_mixin.py:190} INFO - [2025-01-07T11:52:35.184+0000] {dagbag.py:588} INFO - Filling up the DagBag from /home/airflow/.local/lib/python3.12/site-packages/airflow/example_dags/example_display_name.py
[2025-01-07T11:52:35.194+0000] {processor.py:925} INFO - DAG(s) 'example_display_name' retrieved from /home/airflow/.local/lib/python3.12/site-packages/airflow/example_dags/example_display_name.py
[2025-01-07T11:52:35.214+0000] {logging_mixin.py:190} INFO - [2025-01-07T11:52:35.213+0000] {dag.py:3239} INFO - Sync 1 DAGs
[2025-01-07T11:52:35.233+0000] {logging_mixin.py:190} INFO - [2025-01-07T11:52:35.233+0000] {dag.py:4180} INFO - Setting next_dagrun for example_display_name to None, run_after=None
[2025-01-07T11:52:35.253+0000] {processor.py:208} INFO - Processing /home/airflow/.local/lib/python3.12/site-packages/airflow/example_dags/example_display_name.py took 0.077 seconds
[2025-01-07T11:53:05.771+0000] {processor.py:186} INFO - Started process (PID=722) to work on /home/airflow/.local/lib/python3.12/site-packages/airflow/example_dags/example_display_name.py
[2025-01-07T11:53:05.772+0000] {processor.py:914} INFO - Processing file /home/airflow/.local/lib/python3.12/site-packages/airflow/example_dags/example_display_name.py for tasks to queue
[2025-01-07T11:53:05.776+0000] {logging_mixin.py:190} INFO - [2025-01-07T11:53:05.775+0000] {dagbag.py:588} INFO - Filling up the DagBag from /home/airflow/.local/lib/python3.12/site-packages/airflow/example_dags/example_display_name.py
[2025-01-07T11:53:05.785+0000] {processor.py:925} INFO - DAG(s) 'example_display_name' retrieved from /home/airflow/.local/lib/python3.12/site-packages/airflow/example_dags/example_display_name.py
[2025-01-07T11:53:05.806+0000] {logging_mixin.py:190} INFO - [2025-01-07T11:53:05.805+0000] {dag.py:3239} INFO - Sync 1 DAGs
[2025-01-07T11:53:05.821+0000] {logging_mixin.py:190} INFO - [2025-01-07T11:53:05.821+0000] {dag.py:4180} INFO - Setting next_dagrun for example_display_name to None, run_after=None
[2025-01-07T11:53:05.839+0000] {processor.py:208} INFO - Processing /home/airflow/.local/lib/python3.12/site-packages/airflow/example_dags/example_display_name.py took 0.075 seconds
[2025-01-07T11:53:35.922+0000] {processor.py:186} INFO - Started process (PID=785) to work on /home/airflow/.local/lib/python3.12/site-packages/airflow/example_dags/example_display_name.py
[2025-01-07T11:53:35.923+0000] {processor.py:914} INFO - Processing file /home/airflow/.local/lib/python3.12/site-packages/airflow/example_dags/example_display_name.py for tasks to queue
[2025-01-07T11:53:35.926+0000] {logging_mixin.py:190} INFO - [2025-01-07T11:53:35.925+0000] {dagbag.py:588} INFO - Filling up the DagBag from /home/airflow/.local/lib/python3.12/site-packages/airflow/example_dags/example_display_name.py
[2025-01-07T11:53:35.933+0000] {processor.py:925} INFO - DAG(s) 'example_display_name' retrieved from /home/airflow/.local/lib/python3.12/site-packages/airflow/example_dags/example_display_name.py
[2025-01-07T11:53:35.950+0000] {logging_mixin.py:190} INFO - [2025-01-07T11:53:35.950+0000] {dag.py:3239} INFO - Sync 1 DAGs
[2025-01-07T11:53:35.963+0000] {logging_mixin.py:190} INFO - [2025-01-07T11:53:35.963+0000] {dag.py:4180} INFO - Setting next_dagrun for example_display_name to None, run_after=None
[2025-01-07T11:53:35.983+0000] {processor.py:208} INFO - Processing /home/airflow/.local/lib/python3.12/site-packages/airflow/example_dags/example_display_name.py took 0.066 seconds
[2025-01-07T11:54:06.643+0000] {processor.py:186} INFO - Started process (PID=848) to work on /home/airflow/.local/lib/python3.12/site-packages/airflow/example_dags/example_display_name.py
[2025-01-07T11:54:06.644+0000] {processor.py:914} INFO - Processing file /home/airflow/.local/lib/python3.12/site-packages/airflow/example_dags/example_display_name.py for tasks to queue
[2025-01-07T11:54:06.647+0000] {logging_mixin.py:190} INFO - [2025-01-07T11:54:06.646+0000] {dagbag.py:588} INFO - Filling up the DagBag from /home/airflow/.local/lib/python3.12/site-packages/airflow/example_dags/example_display_name.py
[2025-01-07T11:54:06.654+0000] {processor.py:925} INFO - DAG(s) 'example_display_name' retrieved from /home/airflow/.local/lib/python3.12/site-packages/airflow/example_dags/example_display_name.py
[2025-01-07T11:54:06.671+0000] {logging_mixin.py:190} INFO - [2025-01-07T11:54:06.671+0000] {dag.py:3239} INFO - Sync 1 DAGs
[2025-01-07T11:54:06.685+0000] {logging_mixin.py:190} INFO - [2025-01-07T11:54:06.685+0000] {dag.py:4180} INFO - Setting next_dagrun for example_display_name to None, run_after=None
[2025-01-07T11:54:06.703+0000] {processor.py:208} INFO - Processing /home/airflow/.local/lib/python3.12/site-packages/airflow/example_dags/example_display_name.py took 0.065 seconds
[2025-01-07T11:54:37.496+0000] {processor.py:186} INFO - Started process (PID=911) to work on /home/airflow/.local/lib/python3.12/site-packages/airflow/example_dags/example_display_name.py
[2025-01-07T11:54:37.497+0000] {processor.py:914} INFO - Processing file /home/airflow/.local/lib/python3.12/site-packages/airflow/example_dags/example_display_name.py for tasks to queue
[2025-01-07T11:54:37.500+0000] {logging_mixin.py:190} INFO - [2025-01-07T11:54:37.499+0000] {dagbag.py:588} INFO - Filling up the DagBag from /home/airflow/.local/lib/python3.12/site-packages/airflow/example_dags/example_display_name.py
[2025-01-07T11:54:37.507+0000] {processor.py:925} INFO - DAG(s) 'example_display_name' retrieved from /home/airflow/.local/lib/python3.12/site-packages/airflow/example_dags/example_display_name.py
[2025-01-07T11:54:37.525+0000] {logging_mixin.py:190} INFO - [2025-01-07T11:54:37.525+0000] {dag.py:3239} INFO - Sync 1 DAGs
[2025-01-07T11:54:37.539+0000] {logging_mixin.py:190} INFO - [2025-01-07T11:54:37.538+0000] {dag.py:4180} INFO - Setting next_dagrun for example_display_name to None, run_after=None
[2025-01-07T11:54:37.556+0000] {processor.py:208} INFO - Processing /home/airflow/.local/lib/python3.12/site-packages/airflow/example_dags/example_display_name.py took 0.066 seconds
[2025-01-07T11:55:07.763+0000] {processor.py:186} INFO - Started process (PID=973) to work on /home/airflow/.local/lib/python3.12/site-packages/airflow/example_dags/example_display_name.py
[2025-01-07T11:55:07.764+0000] {processor.py:914} INFO - Processing file /home/airflow/.local/lib/python3.12/site-packages/airflow/example_dags/example_display_name.py for tasks to queue
[2025-01-07T11:55:07.768+0000] {logging_mixin.py:190} INFO - [2025-01-07T11:55:07.768+0000] {dagbag.py:588} INFO - Filling up the DagBag from /home/airflow/.local/lib/python3.12/site-packages/airflow/example_dags/example_display_name.py
[2025-01-07T11:55:07.779+0000] {processor.py:925} INFO - DAG(s) 'example_display_name' retrieved from /home/airflow/.local/lib/python3.12/site-packages/airflow/example_dags/example_display_name.py
[2025-01-07T11:55:07.801+0000] {logging_mixin.py:190} INFO - [2025-01-07T11:55:07.801+0000] {dag.py:3239} INFO - Sync 1 DAGs
[2025-01-07T11:55:07.816+0000] {logging_mixin.py:190} INFO - [2025-01-07T11:55:07.816+0000] {dag.py:4180} INFO - Setting next_dagrun for example_display_name to None, run_after=None
[2025-01-07T11:55:07.837+0000] {processor.py:208} INFO - Processing /home/airflow/.local/lib/python3.12/site-packages/airflow/example_dags/example_display_name.py took 0.081 seconds
[2025-01-07T11:55:38.464+0000] {processor.py:186} INFO - Started process (PID=1036) to work on /home/airflow/.local/lib/python3.12/site-packages/airflow/example_dags/example_display_name.py
[2025-01-07T11:55:38.465+0000] {processor.py:914} INFO - Processing file /home/airflow/.local/lib/python3.12/site-packages/airflow/example_dags/example_display_name.py for tasks to queue
[2025-01-07T11:55:38.468+0000] {logging_mixin.py:190} INFO - [2025-01-07T11:55:38.467+0000] {dagbag.py:588} INFO - Filling up the DagBag from /home/airflow/.local/lib/python3.12/site-packages/airflow/example_dags/example_display_name.py
[2025-01-07T11:55:38.476+0000] {processor.py:925} INFO - DAG(s) 'example_display_name' retrieved from /home/airflow/.local/lib/python3.12/site-packages/airflow/example_dags/example_display_name.py
[2025-01-07T11:55:38.494+0000] {logging_mixin.py:190} INFO - [2025-01-07T11:55:38.493+0000] {dag.py:3239} INFO - Sync 1 DAGs
[2025-01-07T11:55:38.507+0000] {logging_mixin.py:190} INFO - [2025-01-07T11:55:38.507+0000] {dag.py:4180} INFO - Setting next_dagrun for example_display_name to None, run_after=None
[2025-01-07T11:55:38.528+0000] {processor.py:208} INFO - Processing /home/airflow/.local/lib/python3.12/site-packages/airflow/example_dags/example_display_name.py took 0.069 seconds
[2025-01-07T11:56:09.139+0000] {processor.py:186} INFO - Started process (PID=1099) to work on /home/airflow/.local/lib/python3.12/site-packages/airflow/example_dags/example_display_name.py
[2025-01-07T11:56:09.142+0000] {processor.py:914} INFO - Processing file /home/airflow/.local/lib/python3.12/site-packages/airflow/example_dags/example_display_name.py for tasks to queue
[2025-01-07T11:56:09.147+0000] {logging_mixin.py:190} INFO - [2025-01-07T11:56:09.146+0000] {dagbag.py:588} INFO - Filling up the DagBag from /home/airflow/.local/lib/python3.12/site-packages/airflow/example_dags/example_display_name.py
[2025-01-07T11:56:09.163+0000] {processor.py:925} INFO - DAG(s) 'example_display_name' retrieved from /home/airflow/.local/lib/python3.12/site-packages/airflow/example_dags/example_display_name.py
[2025-01-07T11:56:09.209+0000] {logging_mixin.py:190} INFO - [2025-01-07T11:56:09.208+0000] {dag.py:3239} INFO - Sync 1 DAGs
[2025-01-07T11:56:09.225+0000] {logging_mixin.py:190} INFO - [2025-01-07T11:56:09.225+0000] {dag.py:4180} INFO - Setting next_dagrun for example_display_name to None, run_after=None
[2025-01-07T11:56:09.269+0000] {processor.py:208} INFO - Processing /home/airflow/.local/lib/python3.12/site-packages/airflow/example_dags/example_display_name.py took 0.147 seconds
[2025-01-07T11:56:39.876+0000] {processor.py:186} INFO - Started process (PID=1162) to work on /home/airflow/.local/lib/python3.12/site-packages/airflow/example_dags/example_display_name.py
[2025-01-07T11:56:39.876+0000] {processor.py:914} INFO - Processing file /home/airflow/.local/lib/python3.12/site-packages/airflow/example_dags/example_display_name.py for tasks to queue
[2025-01-07T11:56:39.879+0000] {logging_mixin.py:190} INFO - [2025-01-07T11:56:39.878+0000] {dagbag.py:588} INFO - Filling up the DagBag from /home/airflow/.local/lib/python3.12/site-packages/airflow/example_dags/example_display_name.py
[2025-01-07T11:56:39.886+0000] {processor.py:925} INFO - DAG(s) 'example_display_name' retrieved from /home/airflow/.local/lib/python3.12/site-packages/airflow/example_dags/example_display_name.py
[2025-01-07T11:56:39.905+0000] {logging_mixin.py:190} INFO - [2025-01-07T11:56:39.905+0000] {dag.py:3239} INFO - Sync 1 DAGs
[2025-01-07T11:56:39.918+0000] {logging_mixin.py:190} INFO - [2025-01-07T11:56:39.918+0000] {dag.py:4180} INFO - Setting next_dagrun for example_display_name to None, run_after=None
[2025-01-07T11:56:39.938+0000] {processor.py:208} INFO - Processing /home/airflow/.local/lib/python3.12/site-packages/airflow/example_dags/example_display_name.py took 0.068 seconds
[2025-01-07T11:57:10.164+0000] {processor.py:186} INFO - Started process (PID=1225) to work on /home/airflow/.local/lib/python3.12/site-packages/airflow/example_dags/example_display_name.py
[2025-01-07T11:57:10.165+0000] {processor.py:914} INFO - Processing file /home/airflow/.local/lib/python3.12/site-packages/airflow/example_dags/example_display_name.py for tasks to queue
[2025-01-07T11:57:10.167+0000] {logging_mixin.py:190} INFO - [2025-01-07T11:57:10.167+0000] {dagbag.py:588} INFO - Filling up the DagBag from /home/airflow/.local/lib/python3.12/site-packages/airflow/example_dags/example_display_name.py
[2025-01-07T11:57:10.174+0000] {processor.py:925} INFO - DAG(s) 'example_display_name' retrieved from /home/airflow/.local/lib/python3.12/site-packages/airflow/example_dags/example_display_name.py
[2025-01-07T11:57:10.192+0000] {logging_mixin.py:190} INFO - [2025-01-07T11:57:10.192+0000] {dag.py:3239} INFO - Sync 1 DAGs
[2025-01-07T11:57:10.207+0000] {logging_mixin.py:190} INFO - [2025-01-07T11:57:10.206+0000] {dag.py:4180} INFO - Setting next_dagrun for example_display_name to None, run_after=None
[2025-01-07T11:57:10.225+0000] {processor.py:208} INFO - Processing /home/airflow/.local/lib/python3.12/site-packages/airflow/example_dags/example_display_name.py took 0.067 seconds
[2025-01-07T11:57:41.603+0000] {processor.py:186} INFO - Started process (PID=1296) to work on /home/airflow/.local/lib/python3.12/site-packages/airflow/example_dags/example_display_name.py
[2025-01-07T11:57:41.608+0000] {processor.py:914} INFO - Processing file /home/airflow/.local/lib/python3.12/site-packages/airflow/example_dags/example_display_name.py for tasks to queue
[2025-01-07T11:57:41.613+0000] {logging_mixin.py:190} INFO - [2025-01-07T11:57:41.612+0000] {dagbag.py:588} INFO - Filling up the DagBag from /home/airflow/.local/lib/python3.12/site-packages/airflow/example_dags/example_display_name.py
[2025-01-07T11:57:41.628+0000] {processor.py:925} INFO - DAG(s) 'example_display_name' retrieved from /home/airflow/.local/lib/python3.12/site-packages/airflow/example_dags/example_display_name.py
[2025-01-07T11:57:41.675+0000] {logging_mixin.py:190} INFO - [2025-01-07T11:57:41.675+0000] {dag.py:3239} INFO - Sync 1 DAGs
[2025-01-07T11:57:41.712+0000] {logging_mixin.py:190} INFO - [2025-01-07T11:57:41.711+0000] {dag.py:4180} INFO - Setting next_dagrun for example_display_name to None, run_after=None
[2025-01-07T11:57:41.769+0000] {processor.py:208} INFO - Processing /home/airflow/.local/lib/python3.12/site-packages/airflow/example_dags/example_display_name.py took 0.176 seconds
[2025-01-07T11:58:12.472+0000] {processor.py:186} INFO - Started process (PID=1359) to work on /home/airflow/.local/lib/python3.12/site-packages/airflow/example_dags/example_display_name.py
[2025-01-07T11:58:12.473+0000] {processor.py:914} INFO - Processing file /home/airflow/.local/lib/python3.12/site-packages/airflow/example_dags/example_display_name.py for tasks to queue
[2025-01-07T11:58:12.475+0000] {logging_mixin.py:190} INFO - [2025-01-07T11:58:12.475+0000] {dagbag.py:588} INFO - Filling up the DagBag from /home/airflow/.local/lib/python3.12/site-packages/airflow/example_dags/example_display_name.py
[2025-01-07T11:58:12.484+0000] {processor.py:925} INFO - DAG(s) 'example_display_name' retrieved from /home/airflow/.local/lib/python3.12/site-packages/airflow/example_dags/example_display_name.py
[2025-01-07T11:58:12.506+0000] {logging_mixin.py:190} INFO - [2025-01-07T11:58:12.506+0000] {dag.py:3239} INFO - Sync 1 DAGs
[2025-01-07T11:58:12.520+0000] {logging_mixin.py:190} INFO - [2025-01-07T11:58:12.520+0000] {dag.py:4180} INFO - Setting next_dagrun for example_display_name to None, run_after=None
[2025-01-07T11:58:12.540+0000] {processor.py:208} INFO - Processing /home/airflow/.local/lib/python3.12/site-packages/airflow/example_dags/example_display_name.py took 0.074 seconds
[2025-01-07T11:58:42.861+0000] {processor.py:186} INFO - Started process (PID=1422) to work on /home/airflow/.local/lib/python3.12/site-packages/airflow/example_dags/example_display_name.py
[2025-01-07T11:58:42.863+0000] {processor.py:914} INFO - Processing file /home/airflow/.local/lib/python3.12/site-packages/airflow/example_dags/example_display_name.py for tasks to queue
[2025-01-07T11:58:42.865+0000] {logging_mixin.py:190} INFO - [2025-01-07T11:58:42.865+0000] {dagbag.py:588} INFO - Filling up the DagBag from /home/airflow/.local/lib/python3.12/site-packages/airflow/example_dags/example_display_name.py
[2025-01-07T11:58:42.873+0000] {processor.py:925} INFO - DAG(s) 'example_display_name' retrieved from /home/airflow/.local/lib/python3.12/site-packages/airflow/example_dags/example_display_name.py
[2025-01-07T11:58:42.891+0000] {logging_mixin.py:190} INFO - [2025-01-07T11:58:42.891+0000] {dag.py:3239} INFO - Sync 1 DAGs
[2025-01-07T11:58:42.905+0000] {logging_mixin.py:190} INFO - [2025-01-07T11:58:42.904+0000] {dag.py:4180} INFO - Setting next_dagrun for example_display_name to None, run_after=None
[2025-01-07T11:58:42.924+0000] {processor.py:208} INFO - Processing /home/airflow/.local/lib/python3.12/site-packages/airflow/example_dags/example_display_name.py took 0.069 seconds
[2025-01-07T11:59:13.113+0000] {processor.py:186} INFO - Started process (PID=1485) to work on /home/airflow/.local/lib/python3.12/site-packages/airflow/example_dags/example_display_name.py
[2025-01-07T11:59:13.114+0000] {processor.py:914} INFO - Processing file /home/airflow/.local/lib/python3.12/site-packages/airflow/example_dags/example_display_name.py for tasks to queue
[2025-01-07T11:59:13.117+0000] {logging_mixin.py:190} INFO - [2025-01-07T11:59:13.116+0000] {dagbag.py:588} INFO - Filling up the DagBag from /home/airflow/.local/lib/python3.12/site-packages/airflow/example_dags/example_display_name.py
[2025-01-07T11:59:13.124+0000] {processor.py:925} INFO - DAG(s) 'example_display_name' retrieved from /home/airflow/.local/lib/python3.12/site-packages/airflow/example_dags/example_display_name.py
[2025-01-07T11:59:13.146+0000] {logging_mixin.py:190} INFO - [2025-01-07T11:59:13.146+0000] {dag.py:3239} INFO - Sync 1 DAGs
[2025-01-07T11:59:13.159+0000] {logging_mixin.py:190} INFO - [2025-01-07T11:59:13.159+0000] {dag.py:4180} INFO - Setting next_dagrun for example_display_name to None, run_after=None
[2025-01-07T11:59:13.179+0000] {processor.py:208} INFO - Processing /home/airflow/.local/lib/python3.12/site-packages/airflow/example_dags/example_display_name.py took 0.073 seconds
[2025-01-07T11:59:44.007+0000] {processor.py:186} INFO - Started process (PID=1549) to work on /home/airflow/.local/lib/python3.12/site-packages/airflow/example_dags/example_display_name.py
[2025-01-07T11:59:44.009+0000] {processor.py:914} INFO - Processing file /home/airflow/.local/lib/python3.12/site-packages/airflow/example_dags/example_display_name.py for tasks to queue
[2025-01-07T11:59:44.011+0000] {logging_mixin.py:190} INFO - [2025-01-07T11:59:44.011+0000] {dagbag.py:588} INFO - Filling up the DagBag from /home/airflow/.local/lib/python3.12/site-packages/airflow/example_dags/example_display_name.py
[2025-01-07T11:59:44.019+0000] {processor.py:925} INFO - DAG(s) 'example_display_name' retrieved from /home/airflow/.local/lib/python3.12/site-packages/airflow/example_dags/example_display_name.py
[2025-01-07T11:59:44.037+0000] {logging_mixin.py:190} INFO - [2025-01-07T11:59:44.036+0000] {dag.py:3239} INFO - Sync 1 DAGs
[2025-01-07T11:59:44.050+0000] {logging_mixin.py:190} INFO - [2025-01-07T11:59:44.050+0000] {dag.py:4180} INFO - Setting next_dagrun for example_display_name to None, run_after=None
[2025-01-07T11:59:44.070+0000] {processor.py:208} INFO - Processing /home/airflow/.local/lib/python3.12/site-packages/airflow/example_dags/example_display_name.py took 0.069 seconds
[2025-01-07T12:00:14.500+0000] {processor.py:186} INFO - Started process (PID=1612) to work on /home/airflow/.local/lib/python3.12/site-packages/airflow/example_dags/example_display_name.py
[2025-01-07T12:00:14.501+0000] {processor.py:914} INFO - Processing file /home/airflow/.local/lib/python3.12/site-packages/airflow/example_dags/example_display_name.py for tasks to queue
[2025-01-07T12:00:14.504+0000] {logging_mixin.py:190} INFO - [2025-01-07T12:00:14.504+0000] {dagbag.py:588} INFO - Filling up the DagBag from /home/airflow/.local/lib/python3.12/site-packages/airflow/example_dags/example_display_name.py
[2025-01-07T12:00:14.511+0000] {processor.py:925} INFO - DAG(s) 'example_display_name' retrieved from /home/airflow/.local/lib/python3.12/site-packages/airflow/example_dags/example_display_name.py
[2025-01-07T12:00:14.531+0000] {logging_mixin.py:190} INFO - [2025-01-07T12:00:14.531+0000] {dag.py:3239} INFO - Sync 1 DAGs
[2025-01-07T12:00:14.544+0000] {logging_mixin.py:190} INFO - [2025-01-07T12:00:14.544+0000] {dag.py:4180} INFO - Setting next_dagrun for example_display_name to None, run_after=None
[2025-01-07T12:00:14.563+0000] {processor.py:208} INFO - Processing /home/airflow/.local/lib/python3.12/site-packages/airflow/example_dags/example_display_name.py took 0.069 seconds
[2025-01-07T12:00:44.769+0000] {processor.py:186} INFO - Started process (PID=1675) to work on /home/airflow/.local/lib/python3.12/site-packages/airflow/example_dags/example_display_name.py
[2025-01-07T12:00:44.771+0000] {processor.py:914} INFO - Processing file /home/airflow/.local/lib/python3.12/site-packages/airflow/example_dags/example_display_name.py for tasks to queue
[2025-01-07T12:00:44.774+0000] {logging_mixin.py:190} INFO - [2025-01-07T12:00:44.774+0000] {dagbag.py:588} INFO - Filling up the DagBag from /home/airflow/.local/lib/python3.12/site-packages/airflow/example_dags/example_display_name.py
[2025-01-07T12:00:44.785+0000] {processor.py:925} INFO - DAG(s) 'example_display_name' retrieved from /home/airflow/.local/lib/python3.12/site-packages/airflow/example_dags/example_display_name.py
[2025-01-07T12:00:44.809+0000] {logging_mixin.py:190} INFO - [2025-01-07T12:00:44.808+0000] {dag.py:3239} INFO - Sync 1 DAGs
[2025-01-07T12:00:44.828+0000] {logging_mixin.py:190} INFO - [2025-01-07T12:00:44.828+0000] {dag.py:4180} INFO - Setting next_dagrun for example_display_name to None, run_after=None
[2025-01-07T12:00:44.851+0000] {processor.py:208} INFO - Processing /home/airflow/.local/lib/python3.12/site-packages/airflow/example_dags/example_display_name.py took 0.091 seconds
[2025-01-07T12:01:14.925+0000] {processor.py:186} INFO - Started process (PID=1738) to work on /home/airflow/.local/lib/python3.12/site-packages/airflow/example_dags/example_display_name.py
[2025-01-07T12:01:14.926+0000] {processor.py:914} INFO - Processing file /home/airflow/.local/lib/python3.12/site-packages/airflow/example_dags/example_display_name.py for tasks to queue
[2025-01-07T12:01:14.930+0000] {logging_mixin.py:190} INFO - [2025-01-07T12:01:14.930+0000] {dagbag.py:588} INFO - Filling up the DagBag from /home/airflow/.local/lib/python3.12/site-packages/airflow/example_dags/example_display_name.py
[2025-01-07T12:01:14.940+0000] {processor.py:925} INFO - DAG(s) 'example_display_name' retrieved from /home/airflow/.local/lib/python3.12/site-packages/airflow/example_dags/example_display_name.py
[2025-01-07T12:01:14.962+0000] {logging_mixin.py:190} INFO - [2025-01-07T12:01:14.962+0000] {dag.py:3239} INFO - Sync 1 DAGs
[2025-01-07T12:01:14.982+0000] {logging_mixin.py:190} INFO - [2025-01-07T12:01:14.982+0000] {dag.py:4180} INFO - Setting next_dagrun for example_display_name to None, run_after=None
[2025-01-07T12:01:15.003+0000] {processor.py:208} INFO - Processing /home/airflow/.local/lib/python3.12/site-packages/airflow/example_dags/example_display_name.py took 0.085 seconds
[2025-01-07T12:01:45.929+0000] {processor.py:186} INFO - Started process (PID=1801) to work on /home/airflow/.local/lib/python3.12/site-packages/airflow/example_dags/example_display_name.py
[2025-01-07T12:01:45.930+0000] {processor.py:914} INFO - Processing file /home/airflow/.local/lib/python3.12/site-packages/airflow/example_dags/example_display_name.py for tasks to queue
[2025-01-07T12:01:45.933+0000] {logging_mixin.py:190} INFO - [2025-01-07T12:01:45.933+0000] {dagbag.py:588} INFO - Filling up the DagBag from /home/airflow/.local/lib/python3.12/site-packages/airflow/example_dags/example_display_name.py
[2025-01-07T12:01:45.942+0000] {processor.py:925} INFO - DAG(s) 'example_display_name' retrieved from /home/airflow/.local/lib/python3.12/site-packages/airflow/example_dags/example_display_name.py
[2025-01-07T12:01:45.964+0000] {logging_mixin.py:190} INFO - [2025-01-07T12:01:45.963+0000] {dag.py:3239} INFO - Sync 1 DAGs
[2025-01-07T12:01:45.980+0000] {logging_mixin.py:190} INFO - [2025-01-07T12:01:45.980+0000] {dag.py:4180} INFO - Setting next_dagrun for example_display_name to None, run_after=None
[2025-01-07T12:01:46.003+0000] {processor.py:208} INFO - Processing /home/airflow/.local/lib/python3.12/site-packages/airflow/example_dags/example_display_name.py took 0.080 seconds
[2025-01-07T12:02:17.432+0000] {processor.py:186} INFO - Started process (PID=1864) to work on /home/airflow/.local/lib/python3.12/site-packages/airflow/example_dags/example_display_name.py
[2025-01-07T12:02:17.433+0000] {processor.py:914} INFO - Processing file /home/airflow/.local/lib/python3.12/site-packages/airflow/example_dags/example_display_name.py for tasks to queue
[2025-01-07T12:02:17.436+0000] {logging_mixin.py:190} INFO - [2025-01-07T12:02:17.435+0000] {dagbag.py:588} INFO - Filling up the DagBag from /home/airflow/.local/lib/python3.12/site-packages/airflow/example_dags/example_display_name.py
[2025-01-07T12:02:17.445+0000] {processor.py:925} INFO - DAG(s) 'example_display_name' retrieved from /home/airflow/.local/lib/python3.12/site-packages/airflow/example_dags/example_display_name.py
[2025-01-07T12:02:17.466+0000] {logging_mixin.py:190} INFO - [2025-01-07T12:02:17.465+0000] {dag.py:3239} INFO - Sync 1 DAGs
[2025-01-07T12:02:17.482+0000] {logging_mixin.py:190} INFO - [2025-01-07T12:02:17.481+0000] {dag.py:4180} INFO - Setting next_dagrun for example_display_name to None, run_after=None
[2025-01-07T12:02:17.517+0000] {processor.py:208} INFO - Processing /home/airflow/.local/lib/python3.12/site-packages/airflow/example_dags/example_display_name.py took 0.092 seconds
[2025-01-07T12:02:48.135+0000] {processor.py:186} INFO - Started process (PID=1927) to work on /home/airflow/.local/lib/python3.12/site-packages/airflow/example_dags/example_display_name.py
[2025-01-07T12:02:48.137+0000] {processor.py:914} INFO - Processing file /home/airflow/.local/lib/python3.12/site-packages/airflow/example_dags/example_display_name.py for tasks to queue
[2025-01-07T12:02:48.141+0000] {logging_mixin.py:190} INFO - [2025-01-07T12:02:48.140+0000] {dagbag.py:588} INFO - Filling up the DagBag from /home/airflow/.local/lib/python3.12/site-packages/airflow/example_dags/example_display_name.py
[2025-01-07T12:02:48.151+0000] {processor.py:925} INFO - DAG(s) 'example_display_name' retrieved from /home/airflow/.local/lib/python3.12/site-packages/airflow/example_dags/example_display_name.py
[2025-01-07T12:02:48.181+0000] {logging_mixin.py:190} INFO - [2025-01-07T12:02:48.180+0000] {dag.py:3239} INFO - Sync 1 DAGs
[2025-01-07T12:02:48.196+0000] {logging_mixin.py:190} INFO - [2025-01-07T12:02:48.196+0000] {dag.py:4180} INFO - Setting next_dagrun for example_display_name to None, run_after=None
[2025-01-07T12:02:48.216+0000] {processor.py:208} INFO - Processing /home/airflow/.local/lib/python3.12/site-packages/airflow/example_dags/example_display_name.py took 0.088 seconds
[2025-01-07T12:03:19.230+0000] {processor.py:186} INFO - Started process (PID=1996) to work on /home/airflow/.local/lib/python3.12/site-packages/airflow/example_dags/example_display_name.py
[2025-01-07T12:03:19.231+0000] {processor.py:914} INFO - Processing file /home/airflow/.local/lib/python3.12/site-packages/airflow/example_dags/example_display_name.py for tasks to queue
[2025-01-07T12:03:19.233+0000] {logging_mixin.py:190} INFO - [2025-01-07T12:03:19.233+0000] {dagbag.py:588} INFO - Filling up the DagBag from /home/airflow/.local/lib/python3.12/site-packages/airflow/example_dags/example_display_name.py
[2025-01-07T12:03:19.241+0000] {processor.py:925} INFO - DAG(s) 'example_display_name' retrieved from /home/airflow/.local/lib/python3.12/site-packages/airflow/example_dags/example_display_name.py
[2025-01-07T12:03:19.262+0000] {logging_mixin.py:190} INFO - [2025-01-07T12:03:19.262+0000] {dag.py:3239} INFO - Sync 1 DAGs
[2025-01-07T12:03:19.277+0000] {logging_mixin.py:190} INFO - [2025-01-07T12:03:19.277+0000] {dag.py:4180} INFO - Setting next_dagrun for example_display_name to None, run_after=None
[2025-01-07T12:03:19.299+0000] {processor.py:208} INFO - Processing /home/airflow/.local/lib/python3.12/site-packages/airflow/example_dags/example_display_name.py took 0.075 seconds
[2025-01-07T12:03:49.867+0000] {processor.py:186} INFO - Started process (PID=2059) to work on /home/airflow/.local/lib/python3.12/site-packages/airflow/example_dags/example_display_name.py
[2025-01-07T12:03:49.869+0000] {processor.py:914} INFO - Processing file /home/airflow/.local/lib/python3.12/site-packages/airflow/example_dags/example_display_name.py for tasks to queue
[2025-01-07T12:03:49.872+0000] {logging_mixin.py:190} INFO - [2025-01-07T12:03:49.871+0000] {dagbag.py:588} INFO - Filling up the DagBag from /home/airflow/.local/lib/python3.12/site-packages/airflow/example_dags/example_display_name.py
[2025-01-07T12:03:49.882+0000] {processor.py:925} INFO - DAG(s) 'example_display_name' retrieved from /home/airflow/.local/lib/python3.12/site-packages/airflow/example_dags/example_display_name.py
[2025-01-07T12:03:49.900+0000] {logging_mixin.py:190} INFO - [2025-01-07T12:03:49.900+0000] {dag.py:3239} INFO - Sync 1 DAGs
[2025-01-07T12:03:49.916+0000] {logging_mixin.py:190} INFO - [2025-01-07T12:03:49.916+0000] {dag.py:4180} INFO - Setting next_dagrun for example_display_name to None, run_after=None
[2025-01-07T12:03:49.937+0000] {processor.py:208} INFO - Processing /home/airflow/.local/lib/python3.12/site-packages/airflow/example_dags/example_display_name.py took 0.077 seconds
[2025-01-07T12:04:21.115+0000] {processor.py:186} INFO - Started process (PID=2122) to work on /home/airflow/.local/lib/python3.12/site-packages/airflow/example_dags/example_display_name.py
[2025-01-07T12:04:21.117+0000] {processor.py:914} INFO - Processing file /home/airflow/.local/lib/python3.12/site-packages/airflow/example_dags/example_display_name.py for tasks to queue
[2025-01-07T12:04:21.121+0000] {logging_mixin.py:190} INFO - [2025-01-07T12:04:21.120+0000] {dagbag.py:588} INFO - Filling up the DagBag from /home/airflow/.local/lib/python3.12/site-packages/airflow/example_dags/example_display_name.py
[2025-01-07T12:04:21.130+0000] {processor.py:925} INFO - DAG(s) 'example_display_name' retrieved from /home/airflow/.local/lib/python3.12/site-packages/airflow/example_dags/example_display_name.py
[2025-01-07T12:04:21.151+0000] {logging_mixin.py:190} INFO - [2025-01-07T12:04:21.151+0000] {dag.py:3239} INFO - Sync 1 DAGs
[2025-01-07T12:04:21.165+0000] {logging_mixin.py:190} INFO - [2025-01-07T12:04:21.164+0000] {dag.py:4180} INFO - Setting next_dagrun for example_display_name to None, run_after=None
[2025-01-07T12:04:21.186+0000] {processor.py:208} INFO - Processing /home/airflow/.local/lib/python3.12/site-packages/airflow/example_dags/example_display_name.py took 0.077 seconds
[2025-01-07T12:04:52.396+0000] {processor.py:186} INFO - Started process (PID=2185) to work on /home/airflow/.local/lib/python3.12/site-packages/airflow/example_dags/example_display_name.py
[2025-01-07T12:04:52.397+0000] {processor.py:914} INFO - Processing file /home/airflow/.local/lib/python3.12/site-packages/airflow/example_dags/example_display_name.py for tasks to queue
[2025-01-07T12:04:52.399+0000] {logging_mixin.py:190} INFO - [2025-01-07T12:04:52.399+0000] {dagbag.py:588} INFO - Filling up the DagBag from /home/airflow/.local/lib/python3.12/site-packages/airflow/example_dags/example_display_name.py
[2025-01-07T12:04:52.407+0000] {processor.py:925} INFO - DAG(s) 'example_display_name' retrieved from /home/airflow/.local/lib/python3.12/site-packages/airflow/example_dags/example_display_name.py
[2025-01-07T12:04:52.427+0000] {logging_mixin.py:190} INFO - [2025-01-07T12:04:52.427+0000] {dag.py:3239} INFO - Sync 1 DAGs
[2025-01-07T12:04:52.442+0000] {logging_mixin.py:190} INFO - [2025-01-07T12:04:52.442+0000] {dag.py:4180} INFO - Setting next_dagrun for example_display_name to None, run_after=None
[2025-01-07T12:04:52.462+0000] {processor.py:208} INFO - Processing /home/airflow/.local/lib/python3.12/site-packages/airflow/example_dags/example_display_name.py took 0.074 seconds
[2025-01-07T12:05:24.113+0000] {processor.py:186} INFO - Started process (PID=2248) to work on /home/airflow/.local/lib/python3.12/site-packages/airflow/example_dags/example_display_name.py
[2025-01-07T12:05:24.114+0000] {processor.py:914} INFO - Processing file /home/airflow/.local/lib/python3.12/site-packages/airflow/example_dags/example_display_name.py for tasks to queue
[2025-01-07T12:05:24.117+0000] {logging_mixin.py:190} INFO - [2025-01-07T12:05:24.116+0000] {dagbag.py:588} INFO - Filling up the DagBag from /home/airflow/.local/lib/python3.12/site-packages/airflow/example_dags/example_display_name.py
[2025-01-07T12:05:24.125+0000] {processor.py:925} INFO - DAG(s) 'example_display_name' retrieved from /home/airflow/.local/lib/python3.12/site-packages/airflow/example_dags/example_display_name.py
[2025-01-07T12:05:24.149+0000] {logging_mixin.py:190} INFO - [2025-01-07T12:05:24.148+0000] {dag.py:3239} INFO - Sync 1 DAGs
[2025-01-07T12:05:24.166+0000] {logging_mixin.py:190} INFO - [2025-01-07T12:05:24.166+0000] {dag.py:4180} INFO - Setting next_dagrun for example_display_name to None, run_after=None
[2025-01-07T12:05:24.191+0000] {processor.py:208} INFO - Processing /home/airflow/.local/lib/python3.12/site-packages/airflow/example_dags/example_display_name.py took 0.091 seconds
[2025-01-07T12:05:56.445+0000] {processor.py:186} INFO - Started process (PID=2314) to work on /home/airflow/.local/lib/python3.12/site-packages/airflow/example_dags/example_display_name.py
[2025-01-07T12:05:56.446+0000] {processor.py:914} INFO - Processing file /home/airflow/.local/lib/python3.12/site-packages/airflow/example_dags/example_display_name.py for tasks to queue
[2025-01-07T12:05:56.450+0000] {logging_mixin.py:190} INFO - [2025-01-07T12:05:56.449+0000] {dagbag.py:588} INFO - Filling up the DagBag from /home/airflow/.local/lib/python3.12/site-packages/airflow/example_dags/example_display_name.py
[2025-01-07T12:05:56.461+0000] {processor.py:925} INFO - DAG(s) 'example_display_name' retrieved from /home/airflow/.local/lib/python3.12/site-packages/airflow/example_dags/example_display_name.py
[2025-01-07T12:05:56.490+0000] {logging_mixin.py:190} INFO - [2025-01-07T12:05:56.490+0000] {dag.py:3239} INFO - Sync 1 DAGs
[2025-01-07T12:05:56.513+0000] {logging_mixin.py:190} INFO - [2025-01-07T12:05:56.513+0000] {dag.py:4180} INFO - Setting next_dagrun for example_display_name to None, run_after=None
[2025-01-07T12:05:56.540+0000] {processor.py:208} INFO - Processing /home/airflow/.local/lib/python3.12/site-packages/airflow/example_dags/example_display_name.py took 0.104 seconds
[2025-01-07T12:06:27.086+0000] {processor.py:186} INFO - Started process (PID=2377) to work on /home/airflow/.local/lib/python3.12/site-packages/airflow/example_dags/example_display_name.py
[2025-01-07T12:06:27.087+0000] {processor.py:914} INFO - Processing file /home/airflow/.local/lib/python3.12/site-packages/airflow/example_dags/example_display_name.py for tasks to queue
[2025-01-07T12:06:27.090+0000] {logging_mixin.py:190} INFO - [2025-01-07T12:06:27.089+0000] {dagbag.py:588} INFO - Filling up the DagBag from /home/airflow/.local/lib/python3.12/site-packages/airflow/example_dags/example_display_name.py
[2025-01-07T12:06:27.098+0000] {processor.py:925} INFO - DAG(s) 'example_display_name' retrieved from /home/airflow/.local/lib/python3.12/site-packages/airflow/example_dags/example_display_name.py
[2025-01-07T12:06:27.118+0000] {logging_mixin.py:190} INFO - [2025-01-07T12:06:27.118+0000] {dag.py:3239} INFO - Sync 1 DAGs
[2025-01-07T12:06:27.133+0000] {logging_mixin.py:190} INFO - [2025-01-07T12:06:27.132+0000] {dag.py:4180} INFO - Setting next_dagrun for example_display_name to None, run_after=None
[2025-01-07T12:06:27.152+0000] {processor.py:208} INFO - Processing /home/airflow/.local/lib/python3.12/site-packages/airflow/example_dags/example_display_name.py took 0.072 seconds
[2025-01-07T12:06:57.809+0000] {processor.py:186} INFO - Started process (PID=2441) to work on /home/airflow/.local/lib/python3.12/site-packages/airflow/example_dags/example_display_name.py
[2025-01-07T12:06:57.810+0000] {processor.py:914} INFO - Processing file /home/airflow/.local/lib/python3.12/site-packages/airflow/example_dags/example_display_name.py for tasks to queue
[2025-01-07T12:06:57.812+0000] {logging_mixin.py:190} INFO - [2025-01-07T12:06:57.812+0000] {dagbag.py:588} INFO - Filling up the DagBag from /home/airflow/.local/lib/python3.12/site-packages/airflow/example_dags/example_display_name.py
[2025-01-07T12:06:57.822+0000] {processor.py:925} INFO - DAG(s) 'example_display_name' retrieved from /home/airflow/.local/lib/python3.12/site-packages/airflow/example_dags/example_display_name.py
[2025-01-07T12:06:57.842+0000] {logging_mixin.py:190} INFO - [2025-01-07T12:06:57.841+0000] {dag.py:3239} INFO - Sync 1 DAGs
[2025-01-07T12:06:57.858+0000] {logging_mixin.py:190} INFO - [2025-01-07T12:06:57.858+0000] {dag.py:4180} INFO - Setting next_dagrun for example_display_name to None, run_after=None
[2025-01-07T12:06:57.877+0000] {processor.py:208} INFO - Processing /home/airflow/.local/lib/python3.12/site-packages/airflow/example_dags/example_display_name.py took 0.074 seconds
[2025-01-07T12:07:29.165+0000] {processor.py:186} INFO - Started process (PID=2504) to work on /home/airflow/.local/lib/python3.12/site-packages/airflow/example_dags/example_display_name.py
[2025-01-07T12:07:29.166+0000] {processor.py:914} INFO - Processing file /home/airflow/.local/lib/python3.12/site-packages/airflow/example_dags/example_display_name.py for tasks to queue
[2025-01-07T12:07:29.168+0000] {logging_mixin.py:190} INFO - [2025-01-07T12:07:29.168+0000] {dagbag.py:588} INFO - Filling up the DagBag from /home/airflow/.local/lib/python3.12/site-packages/airflow/example_dags/example_display_name.py
[2025-01-07T12:07:29.176+0000] {processor.py:925} INFO - DAG(s) 'example_display_name' retrieved from /home/airflow/.local/lib/python3.12/site-packages/airflow/example_dags/example_display_name.py
[2025-01-07T12:07:29.197+0000] {logging_mixin.py:190} INFO - [2025-01-07T12:07:29.196+0000] {dag.py:3239} INFO - Sync 1 DAGs
[2025-01-07T12:07:29.211+0000] {logging_mixin.py:190} INFO - [2025-01-07T12:07:29.210+0000] {dag.py:4180} INFO - Setting next_dagrun for example_display_name to None, run_after=None
[2025-01-07T12:07:29.229+0000] {processor.py:208} INFO - Processing /home/airflow/.local/lib/python3.12/site-packages/airflow/example_dags/example_display_name.py took 0.070 seconds
[2025-01-07T12:08:02.356+0000] {processor.py:186} INFO - Started process (PID=2569) to work on /home/airflow/.local/lib/python3.12/site-packages/airflow/example_dags/example_display_name.py
[2025-01-07T12:08:02.358+0000] {processor.py:914} INFO - Processing file /home/airflow/.local/lib/python3.12/site-packages/airflow/example_dags/example_display_name.py for tasks to queue
[2025-01-07T12:08:02.361+0000] {logging_mixin.py:190} INFO - [2025-01-07T12:08:02.360+0000] {dagbag.py:588} INFO - Filling up the DagBag from /home/airflow/.local/lib/python3.12/site-packages/airflow/example_dags/example_display_name.py
[2025-01-07T12:08:02.371+0000] {processor.py:925} INFO - DAG(s) 'example_display_name' retrieved from /home/airflow/.local/lib/python3.12/site-packages/airflow/example_dags/example_display_name.py
[2025-01-07T12:08:02.399+0000] {logging_mixin.py:190} INFO - [2025-01-07T12:08:02.399+0000] {dag.py:3239} INFO - Sync 1 DAGs
[2025-01-07T12:08:02.416+0000] {logging_mixin.py:190} INFO - [2025-01-07T12:08:02.416+0000] {dag.py:4180} INFO - Setting next_dagrun for example_display_name to None, run_after=None
[2025-01-07T12:08:02.453+0000] {processor.py:208} INFO - Processing /home/airflow/.local/lib/python3.12/site-packages/airflow/example_dags/example_display_name.py took 0.107 seconds
[2025-01-07T12:08:32.851+0000] {processor.py:186} INFO - Started process (PID=2633) to work on /home/airflow/.local/lib/python3.12/site-packages/airflow/example_dags/example_display_name.py
[2025-01-07T12:08:32.853+0000] {processor.py:914} INFO - Processing file /home/airflow/.local/lib/python3.12/site-packages/airflow/example_dags/example_display_name.py for tasks to queue
[2025-01-07T12:08:32.856+0000] {logging_mixin.py:190} INFO - [2025-01-07T12:08:32.856+0000] {dagbag.py:588} INFO - Filling up the DagBag from /home/airflow/.local/lib/python3.12/site-packages/airflow/example_dags/example_display_name.py
[2025-01-07T12:08:32.867+0000] {processor.py:925} INFO - DAG(s) 'example_display_name' retrieved from /home/airflow/.local/lib/python3.12/site-packages/airflow/example_dags/example_display_name.py
[2025-01-07T12:08:32.894+0000] {logging_mixin.py:190} INFO - [2025-01-07T12:08:32.894+0000] {dag.py:3239} INFO - Sync 1 DAGs
[2025-01-07T12:08:32.921+0000] {logging_mixin.py:190} INFO - [2025-01-07T12:08:32.921+0000] {dag.py:4180} INFO - Setting next_dagrun for example_display_name to None, run_after=None
[2025-01-07T12:08:32.949+0000] {processor.py:208} INFO - Processing /home/airflow/.local/lib/python3.12/site-packages/airflow/example_dags/example_display_name.py took 0.108 seconds
[2025-01-07T12:09:05.750+0000] {processor.py:186} INFO - Started process (PID=2696) to work on /home/airflow/.local/lib/python3.12/site-packages/airflow/example_dags/example_display_name.py
[2025-01-07T12:09:05.752+0000] {processor.py:914} INFO - Processing file /home/airflow/.local/lib/python3.12/site-packages/airflow/example_dags/example_display_name.py for tasks to queue
[2025-01-07T12:09:05.757+0000] {logging_mixin.py:190} INFO - [2025-01-07T12:09:05.756+0000] {dagbag.py:588} INFO - Filling up the DagBag from /home/airflow/.local/lib/python3.12/site-packages/airflow/example_dags/example_display_name.py
[2025-01-07T12:09:05.785+0000] {processor.py:925} INFO - DAG(s) 'example_display_name' retrieved from /home/airflow/.local/lib/python3.12/site-packages/airflow/example_dags/example_display_name.py
[2025-01-07T12:09:05.830+0000] {logging_mixin.py:190} INFO - [2025-01-07T12:09:05.829+0000] {dag.py:3239} INFO - Sync 1 DAGs
[2025-01-07T12:09:05.860+0000] {logging_mixin.py:190} INFO - [2025-01-07T12:09:05.859+0000] {dag.py:4180} INFO - Setting next_dagrun for example_display_name to None, run_after=None
[2025-01-07T12:09:05.902+0000] {processor.py:208} INFO - Processing /home/airflow/.local/lib/python3.12/site-packages/airflow/example_dags/example_display_name.py took 0.163 seconds
[2025-01-07T12:09:36.718+0000] {processor.py:186} INFO - Started process (PID=2759) to work on /home/airflow/.local/lib/python3.12/site-packages/airflow/example_dags/example_display_name.py
[2025-01-07T12:09:36.720+0000] {processor.py:914} INFO - Processing file /home/airflow/.local/lib/python3.12/site-packages/airflow/example_dags/example_display_name.py for tasks to queue
[2025-01-07T12:09:36.724+0000] {logging_mixin.py:190} INFO - [2025-01-07T12:09:36.724+0000] {dagbag.py:588} INFO - Filling up the DagBag from /home/airflow/.local/lib/python3.12/site-packages/airflow/example_dags/example_display_name.py
[2025-01-07T12:09:36.738+0000] {processor.py:925} INFO - DAG(s) 'example_display_name' retrieved from /home/airflow/.local/lib/python3.12/site-packages/airflow/example_dags/example_display_name.py
[2025-01-07T12:09:36.768+0000] {logging_mixin.py:190} INFO - [2025-01-07T12:09:36.767+0000] {dag.py:3239} INFO - Sync 1 DAGs
[2025-01-07T12:09:36.792+0000] {logging_mixin.py:190} INFO - [2025-01-07T12:09:36.792+0000] {dag.py:4180} INFO - Setting next_dagrun for example_display_name to None, run_after=None
[2025-01-07T12:09:36.822+0000] {processor.py:208} INFO - Processing /home/airflow/.local/lib/python3.12/site-packages/airflow/example_dags/example_display_name.py took 0.113 seconds
[2025-01-07T12:10:07.911+0000] {processor.py:186} INFO - Started process (PID=2822) to work on /home/airflow/.local/lib/python3.12/site-packages/airflow/example_dags/example_display_name.py
[2025-01-07T12:10:07.914+0000] {processor.py:914} INFO - Processing file /home/airflow/.local/lib/python3.12/site-packages/airflow/example_dags/example_display_name.py for tasks to queue
[2025-01-07T12:10:07.921+0000] {logging_mixin.py:190} INFO - [2025-01-07T12:10:07.920+0000] {dagbag.py:588} INFO - Filling up the DagBag from /home/airflow/.local/lib/python3.12/site-packages/airflow/example_dags/example_display_name.py
[2025-01-07T12:10:07.937+0000] {processor.py:925} INFO - DAG(s) 'example_display_name' retrieved from /home/airflow/.local/lib/python3.12/site-packages/airflow/example_dags/example_display_name.py
[2025-01-07T12:10:07.974+0000] {logging_mixin.py:190} INFO - [2025-01-07T12:10:07.973+0000] {dag.py:3239} INFO - Sync 1 DAGs
[2025-01-07T12:10:08.008+0000] {logging_mixin.py:190} INFO - [2025-01-07T12:10:08.008+0000] {dag.py:4180} INFO - Setting next_dagrun for example_display_name to None, run_after=None
[2025-01-07T12:10:08.042+0000] {processor.py:208} INFO - Processing /home/airflow/.local/lib/python3.12/site-packages/airflow/example_dags/example_display_name.py took 0.146 seconds
[2025-01-07T12:10:39.560+0000] {processor.py:186} INFO - Started process (PID=2887) to work on /home/airflow/.local/lib/python3.12/site-packages/airflow/example_dags/example_display_name.py
[2025-01-07T12:10:39.562+0000] {processor.py:914} INFO - Processing file /home/airflow/.local/lib/python3.12/site-packages/airflow/example_dags/example_display_name.py for tasks to queue
[2025-01-07T12:10:39.567+0000] {logging_mixin.py:190} INFO - [2025-01-07T12:10:39.566+0000] {dagbag.py:588} INFO - Filling up the DagBag from /home/airflow/.local/lib/python3.12/site-packages/airflow/example_dags/example_display_name.py
[2025-01-07T12:10:39.581+0000] {processor.py:925} INFO - DAG(s) 'example_display_name' retrieved from /home/airflow/.local/lib/python3.12/site-packages/airflow/example_dags/example_display_name.py
[2025-01-07T12:10:39.615+0000] {logging_mixin.py:190} INFO - [2025-01-07T12:10:39.614+0000] {dag.py:3239} INFO - Sync 1 DAGs
[2025-01-07T12:10:39.638+0000] {logging_mixin.py:190} INFO - [2025-01-07T12:10:39.637+0000] {dag.py:4180} INFO - Setting next_dagrun for example_display_name to None, run_after=None
[2025-01-07T12:10:39.670+0000] {processor.py:208} INFO - Processing /home/airflow/.local/lib/python3.12/site-packages/airflow/example_dags/example_display_name.py took 0.121 seconds
[2025-01-07T12:11:12.120+0000] {processor.py:186} INFO - Started process (PID=2952) to work on /home/airflow/.local/lib/python3.12/site-packages/airflow/example_dags/example_display_name.py
[2025-01-07T12:11:12.121+0000] {processor.py:914} INFO - Processing file /home/airflow/.local/lib/python3.12/site-packages/airflow/example_dags/example_display_name.py for tasks to queue
[2025-01-07T12:11:12.125+0000] {logging_mixin.py:190} INFO - [2025-01-07T12:11:12.125+0000] {dagbag.py:588} INFO - Filling up the DagBag from /home/airflow/.local/lib/python3.12/site-packages/airflow/example_dags/example_display_name.py
[2025-01-07T12:11:12.137+0000] {processor.py:925} INFO - DAG(s) 'example_display_name' retrieved from /home/airflow/.local/lib/python3.12/site-packages/airflow/example_dags/example_display_name.py
[2025-01-07T12:11:12.173+0000] {logging_mixin.py:190} INFO - [2025-01-07T12:11:12.173+0000] {dag.py:3239} INFO - Sync 1 DAGs
[2025-01-07T12:11:12.195+0000] {logging_mixin.py:190} INFO - [2025-01-07T12:11:12.195+0000] {dag.py:4180} INFO - Setting next_dagrun for example_display_name to None, run_after=None
[2025-01-07T12:11:12.226+0000] {processor.py:208} INFO - Processing /home/airflow/.local/lib/python3.12/site-packages/airflow/example_dags/example_display_name.py took 0.118 seconds
[2025-01-07T12:11:43.156+0000] {processor.py:186} INFO - Started process (PID=3015) to work on /home/airflow/.local/lib/python3.12/site-packages/airflow/example_dags/example_display_name.py
[2025-01-07T12:11:43.158+0000] {processor.py:914} INFO - Processing file /home/airflow/.local/lib/python3.12/site-packages/airflow/example_dags/example_display_name.py for tasks to queue
[2025-01-07T12:11:43.162+0000] {logging_mixin.py:190} INFO - [2025-01-07T12:11:43.161+0000] {dagbag.py:588} INFO - Filling up the DagBag from /home/airflow/.local/lib/python3.12/site-packages/airflow/example_dags/example_display_name.py
[2025-01-07T12:11:43.177+0000] {processor.py:925} INFO - DAG(s) 'example_display_name' retrieved from /home/airflow/.local/lib/python3.12/site-packages/airflow/example_dags/example_display_name.py
[2025-01-07T12:11:43.209+0000] {logging_mixin.py:190} INFO - [2025-01-07T12:11:43.208+0000] {dag.py:3239} INFO - Sync 1 DAGs
[2025-01-07T12:11:43.236+0000] {logging_mixin.py:190} INFO - [2025-01-07T12:11:43.235+0000] {dag.py:4180} INFO - Setting next_dagrun for example_display_name to None, run_after=None
[2025-01-07T12:11:43.274+0000] {processor.py:208} INFO - Processing /home/airflow/.local/lib/python3.12/site-packages/airflow/example_dags/example_display_name.py took 0.127 seconds
[2025-01-07T12:12:14.061+0000] {processor.py:186} INFO - Started process (PID=3078) to work on /home/airflow/.local/lib/python3.12/site-packages/airflow/example_dags/example_display_name.py
[2025-01-07T12:12:14.063+0000] {processor.py:914} INFO - Processing file /home/airflow/.local/lib/python3.12/site-packages/airflow/example_dags/example_display_name.py for tasks to queue
[2025-01-07T12:12:14.066+0000] {logging_mixin.py:190} INFO - [2025-01-07T12:12:14.066+0000] {dagbag.py:588} INFO - Filling up the DagBag from /home/airflow/.local/lib/python3.12/site-packages/airflow/example_dags/example_display_name.py
[2025-01-07T12:12:14.078+0000] {processor.py:925} INFO - DAG(s) 'example_display_name' retrieved from /home/airflow/.local/lib/python3.12/site-packages/airflow/example_dags/example_display_name.py
[2025-01-07T12:12:14.106+0000] {logging_mixin.py:190} INFO - [2025-01-07T12:12:14.105+0000] {dag.py:3239} INFO - Sync 1 DAGs
[2025-01-07T12:12:14.125+0000] {logging_mixin.py:190} INFO - [2025-01-07T12:12:14.125+0000] {dag.py:4180} INFO - Setting next_dagrun for example_display_name to None, run_after=None
[2025-01-07T12:12:14.151+0000] {processor.py:208} INFO - Processing /home/airflow/.local/lib/python3.12/site-packages/airflow/example_dags/example_display_name.py took 0.097 seconds
[2025-01-07T12:12:45.664+0000] {processor.py:186} INFO - Started process (PID=3142) to work on /home/airflow/.local/lib/python3.12/site-packages/airflow/example_dags/example_display_name.py
[2025-01-07T12:12:45.666+0000] {processor.py:914} INFO - Processing file /home/airflow/.local/lib/python3.12/site-packages/airflow/example_dags/example_display_name.py for tasks to queue
[2025-01-07T12:12:45.671+0000] {logging_mixin.py:190} INFO - [2025-01-07T12:12:45.670+0000] {dagbag.py:588} INFO - Filling up the DagBag from /home/airflow/.local/lib/python3.12/site-packages/airflow/example_dags/example_display_name.py
[2025-01-07T12:12:45.687+0000] {processor.py:925} INFO - DAG(s) 'example_display_name' retrieved from /home/airflow/.local/lib/python3.12/site-packages/airflow/example_dags/example_display_name.py
[2025-01-07T12:12:45.722+0000] {logging_mixin.py:190} INFO - [2025-01-07T12:12:45.722+0000] {dag.py:3239} INFO - Sync 1 DAGs
[2025-01-07T12:12:45.748+0000] {logging_mixin.py:190} INFO - [2025-01-07T12:12:45.748+0000] {dag.py:4180} INFO - Setting next_dagrun for example_display_name to None, run_after=None
[2025-01-07T12:12:45.784+0000] {processor.py:208} INFO - Processing /home/airflow/.local/lib/python3.12/site-packages/airflow/example_dags/example_display_name.py took 0.134 seconds
[2025-01-07T12:43:17.032+0000] {processor.py:186} INFO - Started process (PID=3208) to work on /home/airflow/.local/lib/python3.12/site-packages/airflow/example_dags/example_display_name.py
[2025-01-07T12:43:17.034+0000] {processor.py:914} INFO - Processing file /home/airflow/.local/lib/python3.12/site-packages/airflow/example_dags/example_display_name.py for tasks to queue
[2025-01-07T12:43:17.043+0000] {logging_mixin.py:190} INFO - [2025-01-07T12:43:17.040+0000] {dagbag.py:588} INFO - Filling up the DagBag from /home/airflow/.local/lib/python3.12/site-packages/airflow/example_dags/example_display_name.py
[2025-01-07T12:43:17.057+0000] {processor.py:925} INFO - DAG(s) 'example_display_name' retrieved from /home/airflow/.local/lib/python3.12/site-packages/airflow/example_dags/example_display_name.py
[2025-01-07T12:43:17.118+0000] {logging_mixin.py:190} INFO - [2025-01-07T12:43:17.118+0000] {dag.py:3239} INFO - Sync 1 DAGs
[2025-01-07T12:43:17.157+0000] {logging_mixin.py:190} INFO - [2025-01-07T12:43:17.156+0000] {dag.py:4180} INFO - Setting next_dagrun for example_display_name to None, run_after=None
[2025-01-07T12:43:17.215+0000] {processor.py:208} INFO - Processing /home/airflow/.local/lib/python3.12/site-packages/airflow/example_dags/example_display_name.py took 0.191 seconds
