[2025-01-07T11:47:23.870+0000] {processor.py:186} INFO - Started process (PID=54) to work on /home/airflow/.local/lib/python3.12/site-packages/airflow/example_dags/example_latest_only.py
[2025-01-07T11:47:23.872+0000] {processor.py:914} INFO - Processing file /home/airflow/.local/lib/python3.12/site-packages/airflow/example_dags/example_latest_only.py for tasks to queue
[2025-01-07T11:47:23.874+0000] {logging_mixin.py:190} INFO - [2025-01-07T11:47:23.874+0000] {dagbag.py:588} INFO - Filling up the DagBag from /home/airflow/.local/lib/python3.12/site-packages/airflow/example_dags/example_latest_only.py
[2025-01-07T11:47:23.897+0000] {processor.py:925} INFO - DAG(s) 'latest_only' retrieved from /home/airflow/.local/lib/python3.12/site-packages/airflow/example_dags/example_latest_only.py
[2025-01-07T11:47:24.034+0000] {logging_mixin.py:190} INFO - [2025-01-07T11:47:24.032+0000] {override.py:1911} INFO - Created Permission View: can read on DAG:latest_only
[2025-01-07T11:47:24.049+0000] {logging_mixin.py:190} INFO - [2025-01-07T11:47:24.049+0000] {override.py:1911} INFO - Created Permission View: can delete on DAG:latest_only
[2025-01-07T11:47:24.061+0000] {logging_mixin.py:190} INFO - [2025-01-07T11:47:24.060+0000] {override.py:1911} INFO - Created Permission View: can edit on DAG:latest_only
[2025-01-07T11:47:24.072+0000] {logging_mixin.py:190} INFO - [2025-01-07T11:47:24.072+0000] {override.py:1911} INFO - Created Permission View: menu access on DAG Run:latest_only
[2025-01-07T11:47:24.080+0000] {logging_mixin.py:190} INFO - [2025-01-07T11:47:24.079+0000] {override.py:1911} INFO - Created Permission View: can read on DAG Run:latest_only
[2025-01-07T11:47:24.089+0000] {logging_mixin.py:190} INFO - [2025-01-07T11:47:24.089+0000] {override.py:1911} INFO - Created Permission View: can delete on DAG Run:latest_only
[2025-01-07T11:47:24.097+0000] {logging_mixin.py:190} INFO - [2025-01-07T11:47:24.097+0000] {override.py:1911} INFO - Created Permission View: can create on DAG Run:latest_only
[2025-01-07T11:47:24.098+0000] {logging_mixin.py:190} INFO - [2025-01-07T11:47:24.098+0000] {dag.py:3239} INFO - Sync 1 DAGs
[2025-01-07T11:47:24.111+0000] {logging_mixin.py:190} INFO - [2025-01-07T11:47:24.111+0000] {dag.py:3262} INFO - Creating ORM DAG for latest_only
[2025-01-07T11:47:24.123+0000] {logging_mixin.py:190} INFO - [2025-01-07T11:47:24.123+0000] {dag.py:4180} INFO - Setting next_dagrun for latest_only to 2025-01-07 04:00:00+00:00, run_after=2025-01-07 08:00:00+00:00
[2025-01-07T11:47:24.145+0000] {processor.py:208} INFO - Processing /home/airflow/.local/lib/python3.12/site-packages/airflow/example_dags/example_latest_only.py took 0.283 seconds
[2025-01-07T11:48:16.561+0000] {processor.py:186} INFO - Started process (PID=123) to work on /home/airflow/.local/lib/python3.12/site-packages/airflow/example_dags/example_latest_only.py
[2025-01-07T11:48:16.601+0000] {processor.py:914} INFO - Processing file /home/airflow/.local/lib/python3.12/site-packages/airflow/example_dags/example_latest_only.py for tasks to queue
[2025-01-07T11:48:16.605+0000] {logging_mixin.py:190} INFO - [2025-01-07T11:48:16.604+0000] {dagbag.py:588} INFO - Filling up the DagBag from /home/airflow/.local/lib/python3.12/site-packages/airflow/example_dags/example_latest_only.py
[2025-01-07T11:48:16.626+0000] {processor.py:925} INFO - DAG(s) 'latest_only' retrieved from /home/airflow/.local/lib/python3.12/site-packages/airflow/example_dags/example_latest_only.py
[2025-01-07T11:48:16.658+0000] {logging_mixin.py:190} INFO - [2025-01-07T11:48:16.658+0000] {dag.py:3239} INFO - Sync 1 DAGs
[2025-01-07T11:48:16.699+0000] {logging_mixin.py:190} INFO - [2025-01-07T11:48:16.699+0000] {dag.py:4180} INFO - Setting next_dagrun for latest_only to 2025-01-07 04:00:00+00:00, run_after=2025-01-07 08:00:00+00:00
[2025-01-07T11:48:16.894+0000] {processor.py:208} INFO - Processing /home/airflow/.local/lib/python3.12/site-packages/airflow/example_dags/example_latest_only.py took 0.340 seconds
[2025-01-07T11:48:47.041+0000] {processor.py:186} INFO - Started process (PID=187) to work on /home/airflow/.local/lib/python3.12/site-packages/airflow/example_dags/example_latest_only.py
[2025-01-07T11:48:47.042+0000] {processor.py:914} INFO - Processing file /home/airflow/.local/lib/python3.12/site-packages/airflow/example_dags/example_latest_only.py for tasks to queue
[2025-01-07T11:48:47.045+0000] {logging_mixin.py:190} INFO - [2025-01-07T11:48:47.045+0000] {dagbag.py:588} INFO - Filling up the DagBag from /home/airflow/.local/lib/python3.12/site-packages/airflow/example_dags/example_latest_only.py
[2025-01-07T11:48:47.053+0000] {processor.py:925} INFO - DAG(s) 'latest_only' retrieved from /home/airflow/.local/lib/python3.12/site-packages/airflow/example_dags/example_latest_only.py
[2025-01-07T11:48:47.076+0000] {logging_mixin.py:190} INFO - [2025-01-07T11:48:47.076+0000] {dag.py:3239} INFO - Sync 1 DAGs
[2025-01-07T11:48:47.103+0000] {logging_mixin.py:190} INFO - [2025-01-07T11:48:47.102+0000] {dag.py:4180} INFO - Setting next_dagrun for latest_only to 2025-01-07 04:00:00+00:00, run_after=2025-01-07 08:00:00+00:00
[2025-01-07T11:48:47.120+0000] {processor.py:208} INFO - Processing /home/airflow/.local/lib/python3.12/site-packages/airflow/example_dags/example_latest_only.py took 0.085 seconds
[2025-01-07T11:49:17.534+0000] {processor.py:186} INFO - Started process (PID=250) to work on /home/airflow/.local/lib/python3.12/site-packages/airflow/example_dags/example_latest_only.py
[2025-01-07T11:49:17.535+0000] {processor.py:914} INFO - Processing file /home/airflow/.local/lib/python3.12/site-packages/airflow/example_dags/example_latest_only.py for tasks to queue
[2025-01-07T11:49:17.538+0000] {logging_mixin.py:190} INFO - [2025-01-07T11:49:17.538+0000] {dagbag.py:588} INFO - Filling up the DagBag from /home/airflow/.local/lib/python3.12/site-packages/airflow/example_dags/example_latest_only.py
[2025-01-07T11:49:17.545+0000] {processor.py:925} INFO - DAG(s) 'latest_only' retrieved from /home/airflow/.local/lib/python3.12/site-packages/airflow/example_dags/example_latest_only.py
[2025-01-07T11:49:17.564+0000] {logging_mixin.py:190} INFO - [2025-01-07T11:49:17.564+0000] {dag.py:3239} INFO - Sync 1 DAGs
[2025-01-07T11:49:17.587+0000] {logging_mixin.py:190} INFO - [2025-01-07T11:49:17.587+0000] {dag.py:4180} INFO - Setting next_dagrun for latest_only to 2025-01-07 04:00:00+00:00, run_after=2025-01-07 08:00:00+00:00
[2025-01-07T11:49:17.604+0000] {processor.py:208} INFO - Processing /home/airflow/.local/lib/python3.12/site-packages/airflow/example_dags/example_latest_only.py took 0.077 seconds
[2025-01-07T11:49:48.240+0000] {processor.py:186} INFO - Started process (PID=313) to work on /home/airflow/.local/lib/python3.12/site-packages/airflow/example_dags/example_latest_only.py
[2025-01-07T11:49:48.241+0000] {processor.py:914} INFO - Processing file /home/airflow/.local/lib/python3.12/site-packages/airflow/example_dags/example_latest_only.py for tasks to queue
[2025-01-07T11:49:48.244+0000] {logging_mixin.py:190} INFO - [2025-01-07T11:49:48.243+0000] {dagbag.py:588} INFO - Filling up the DagBag from /home/airflow/.local/lib/python3.12/site-packages/airflow/example_dags/example_latest_only.py
[2025-01-07T11:49:48.250+0000] {processor.py:925} INFO - DAG(s) 'latest_only' retrieved from /home/airflow/.local/lib/python3.12/site-packages/airflow/example_dags/example_latest_only.py
[2025-01-07T11:49:48.269+0000] {logging_mixin.py:190} INFO - [2025-01-07T11:49:48.269+0000] {dag.py:3239} INFO - Sync 1 DAGs
[2025-01-07T11:49:48.290+0000] {logging_mixin.py:190} INFO - [2025-01-07T11:49:48.290+0000] {dag.py:4180} INFO - Setting next_dagrun for latest_only to 2025-01-07 04:00:00+00:00, run_after=2025-01-07 08:00:00+00:00
[2025-01-07T11:49:48.308+0000] {processor.py:208} INFO - Processing /home/airflow/.local/lib/python3.12/site-packages/airflow/example_dags/example_latest_only.py took 0.074 seconds
[2025-01-07T11:50:18.961+0000] {processor.py:186} INFO - Started process (PID=376) to work on /home/airflow/.local/lib/python3.12/site-packages/airflow/example_dags/example_latest_only.py
[2025-01-07T11:50:18.962+0000] {processor.py:914} INFO - Processing file /home/airflow/.local/lib/python3.12/site-packages/airflow/example_dags/example_latest_only.py for tasks to queue
[2025-01-07T11:50:18.965+0000] {logging_mixin.py:190} INFO - [2025-01-07T11:50:18.965+0000] {dagbag.py:588} INFO - Filling up the DagBag from /home/airflow/.local/lib/python3.12/site-packages/airflow/example_dags/example_latest_only.py
[2025-01-07T11:50:18.972+0000] {processor.py:925} INFO - DAG(s) 'latest_only' retrieved from /home/airflow/.local/lib/python3.12/site-packages/airflow/example_dags/example_latest_only.py
[2025-01-07T11:50:18.991+0000] {logging_mixin.py:190} INFO - [2025-01-07T11:50:18.990+0000] {dag.py:3239} INFO - Sync 1 DAGs
[2025-01-07T11:50:19.018+0000] {logging_mixin.py:190} INFO - [2025-01-07T11:50:19.018+0000] {dag.py:4180} INFO - Setting next_dagrun for latest_only to 2025-01-07 04:00:00+00:00, run_after=2025-01-07 08:00:00+00:00
[2025-01-07T11:50:19.037+0000] {processor.py:208} INFO - Processing /home/airflow/.local/lib/python3.12/site-packages/airflow/example_dags/example_latest_only.py took 0.084 seconds
[2025-01-07T11:50:49.590+0000] {processor.py:186} INFO - Started process (PID=438) to work on /home/airflow/.local/lib/python3.12/site-packages/airflow/example_dags/example_latest_only.py
[2025-01-07T11:50:49.592+0000] {processor.py:914} INFO - Processing file /home/airflow/.local/lib/python3.12/site-packages/airflow/example_dags/example_latest_only.py for tasks to queue
[2025-01-07T11:50:49.595+0000] {logging_mixin.py:190} INFO - [2025-01-07T11:50:49.594+0000] {dagbag.py:588} INFO - Filling up the DagBag from /home/airflow/.local/lib/python3.12/site-packages/airflow/example_dags/example_latest_only.py
[2025-01-07T11:50:49.604+0000] {processor.py:925} INFO - DAG(s) 'latest_only' retrieved from /home/airflow/.local/lib/python3.12/site-packages/airflow/example_dags/example_latest_only.py
[2025-01-07T11:50:49.628+0000] {logging_mixin.py:190} INFO - [2025-01-07T11:50:49.627+0000] {dag.py:3239} INFO - Sync 1 DAGs
[2025-01-07T11:50:49.660+0000] {logging_mixin.py:190} INFO - [2025-01-07T11:50:49.660+0000] {dag.py:4180} INFO - Setting next_dagrun for latest_only to 2025-01-07 04:00:00+00:00, run_after=2025-01-07 08:00:00+00:00
[2025-01-07T11:50:49.686+0000] {processor.py:208} INFO - Processing /home/airflow/.local/lib/python3.12/site-packages/airflow/example_dags/example_latest_only.py took 0.101 seconds
[2025-01-07T11:51:19.780+0000] {processor.py:186} INFO - Started process (PID=500) to work on /home/airflow/.local/lib/python3.12/site-packages/airflow/example_dags/example_latest_only.py
[2025-01-07T11:51:19.781+0000] {processor.py:914} INFO - Processing file /home/airflow/.local/lib/python3.12/site-packages/airflow/example_dags/example_latest_only.py for tasks to queue
[2025-01-07T11:51:19.783+0000] {logging_mixin.py:190} INFO - [2025-01-07T11:51:19.783+0000] {dagbag.py:588} INFO - Filling up the DagBag from /home/airflow/.local/lib/python3.12/site-packages/airflow/example_dags/example_latest_only.py
[2025-01-07T11:51:19.790+0000] {processor.py:925} INFO - DAG(s) 'latest_only' retrieved from /home/airflow/.local/lib/python3.12/site-packages/airflow/example_dags/example_latest_only.py
[2025-01-07T11:51:19.810+0000] {logging_mixin.py:190} INFO - [2025-01-07T11:51:19.809+0000] {dag.py:3239} INFO - Sync 1 DAGs
[2025-01-07T11:51:19.832+0000] {logging_mixin.py:190} INFO - [2025-01-07T11:51:19.832+0000] {dag.py:4180} INFO - Setting next_dagrun for latest_only to 2025-01-07 04:00:00+00:00, run_after=2025-01-07 08:00:00+00:00
[2025-01-07T11:51:19.851+0000] {processor.py:208} INFO - Processing /home/airflow/.local/lib/python3.12/site-packages/airflow/example_dags/example_latest_only.py took 0.076 seconds
[2025-01-07T11:51:50.376+0000] {processor.py:186} INFO - Started process (PID=563) to work on /home/airflow/.local/lib/python3.12/site-packages/airflow/example_dags/example_latest_only.py
[2025-01-07T11:51:50.377+0000] {processor.py:914} INFO - Processing file /home/airflow/.local/lib/python3.12/site-packages/airflow/example_dags/example_latest_only.py for tasks to queue
[2025-01-07T11:51:50.381+0000] {logging_mixin.py:190} INFO - [2025-01-07T11:51:50.380+0000] {dagbag.py:588} INFO - Filling up the DagBag from /home/airflow/.local/lib/python3.12/site-packages/airflow/example_dags/example_latest_only.py
[2025-01-07T11:51:50.395+0000] {processor.py:925} INFO - DAG(s) 'latest_only' retrieved from /home/airflow/.local/lib/python3.12/site-packages/airflow/example_dags/example_latest_only.py
[2025-01-07T11:51:50.436+0000] {logging_mixin.py:190} INFO - [2025-01-07T11:51:50.435+0000] {dag.py:3239} INFO - Sync 1 DAGs
[2025-01-07T11:51:50.465+0000] {logging_mixin.py:190} INFO - [2025-01-07T11:51:50.465+0000] {dag.py:4180} INFO - Setting next_dagrun for latest_only to 2025-01-07 04:00:00+00:00, run_after=2025-01-07 08:00:00+00:00
[2025-01-07T11:51:50.493+0000] {processor.py:208} INFO - Processing /home/airflow/.local/lib/python3.12/site-packages/airflow/example_dags/example_latest_only.py took 0.134 seconds
[2025-01-07T11:52:20.610+0000] {processor.py:186} INFO - Started process (PID=626) to work on /home/airflow/.local/lib/python3.12/site-packages/airflow/example_dags/example_latest_only.py
[2025-01-07T11:52:20.611+0000] {processor.py:914} INFO - Processing file /home/airflow/.local/lib/python3.12/site-packages/airflow/example_dags/example_latest_only.py for tasks to queue
[2025-01-07T11:52:20.614+0000] {logging_mixin.py:190} INFO - [2025-01-07T11:52:20.614+0000] {dagbag.py:588} INFO - Filling up the DagBag from /home/airflow/.local/lib/python3.12/site-packages/airflow/example_dags/example_latest_only.py
[2025-01-07T11:52:20.621+0000] {processor.py:925} INFO - DAG(s) 'latest_only' retrieved from /home/airflow/.local/lib/python3.12/site-packages/airflow/example_dags/example_latest_only.py
[2025-01-07T11:52:20.641+0000] {logging_mixin.py:190} INFO - [2025-01-07T11:52:20.640+0000] {dag.py:3239} INFO - Sync 1 DAGs
[2025-01-07T11:52:20.663+0000] {logging_mixin.py:190} INFO - [2025-01-07T11:52:20.663+0000] {dag.py:4180} INFO - Setting next_dagrun for latest_only to 2025-01-07 04:00:00+00:00, run_after=2025-01-07 08:00:00+00:00
[2025-01-07T11:52:20.682+0000] {processor.py:208} INFO - Processing /home/airflow/.local/lib/python3.12/site-packages/airflow/example_dags/example_latest_only.py took 0.078 seconds
[2025-01-07T11:52:51.387+0000] {processor.py:186} INFO - Started process (PID=689) to work on /home/airflow/.local/lib/python3.12/site-packages/airflow/example_dags/example_latest_only.py
[2025-01-07T11:52:51.388+0000] {processor.py:914} INFO - Processing file /home/airflow/.local/lib/python3.12/site-packages/airflow/example_dags/example_latest_only.py for tasks to queue
[2025-01-07T11:52:51.391+0000] {logging_mixin.py:190} INFO - [2025-01-07T11:52:51.390+0000] {dagbag.py:588} INFO - Filling up the DagBag from /home/airflow/.local/lib/python3.12/site-packages/airflow/example_dags/example_latest_only.py
[2025-01-07T11:52:51.398+0000] {processor.py:925} INFO - DAG(s) 'latest_only' retrieved from /home/airflow/.local/lib/python3.12/site-packages/airflow/example_dags/example_latest_only.py
[2025-01-07T11:52:51.415+0000] {logging_mixin.py:190} INFO - [2025-01-07T11:52:51.415+0000] {dag.py:3239} INFO - Sync 1 DAGs
[2025-01-07T11:52:51.437+0000] {logging_mixin.py:190} INFO - [2025-01-07T11:52:51.436+0000] {dag.py:4180} INFO - Setting next_dagrun for latest_only to 2025-01-07 04:00:00+00:00, run_after=2025-01-07 08:00:00+00:00
[2025-01-07T11:52:51.454+0000] {processor.py:208} INFO - Processing /home/airflow/.local/lib/python3.12/site-packages/airflow/example_dags/example_latest_only.py took 0.072 seconds
[2025-01-07T11:53:21.768+0000] {processor.py:186} INFO - Started process (PID=752) to work on /home/airflow/.local/lib/python3.12/site-packages/airflow/example_dags/example_latest_only.py
[2025-01-07T11:53:21.769+0000] {processor.py:914} INFO - Processing file /home/airflow/.local/lib/python3.12/site-packages/airflow/example_dags/example_latest_only.py for tasks to queue
[2025-01-07T11:53:21.772+0000] {logging_mixin.py:190} INFO - [2025-01-07T11:53:21.772+0000] {dagbag.py:588} INFO - Filling up the DagBag from /home/airflow/.local/lib/python3.12/site-packages/airflow/example_dags/example_latest_only.py
[2025-01-07T11:53:21.780+0000] {processor.py:925} INFO - DAG(s) 'latest_only' retrieved from /home/airflow/.local/lib/python3.12/site-packages/airflow/example_dags/example_latest_only.py
[2025-01-07T11:53:21.798+0000] {logging_mixin.py:190} INFO - [2025-01-07T11:53:21.798+0000] {dag.py:3239} INFO - Sync 1 DAGs
[2025-01-07T11:53:21.819+0000] {logging_mixin.py:190} INFO - [2025-01-07T11:53:21.819+0000] {dag.py:4180} INFO - Setting next_dagrun for latest_only to 2025-01-07 04:00:00+00:00, run_after=2025-01-07 08:00:00+00:00
[2025-01-07T11:53:21.836+0000] {processor.py:208} INFO - Processing /home/airflow/.local/lib/python3.12/site-packages/airflow/example_dags/example_latest_only.py took 0.074 seconds
[2025-01-07T11:53:52.256+0000] {processor.py:186} INFO - Started process (PID=815) to work on /home/airflow/.local/lib/python3.12/site-packages/airflow/example_dags/example_latest_only.py
[2025-01-07T11:53:52.257+0000] {processor.py:914} INFO - Processing file /home/airflow/.local/lib/python3.12/site-packages/airflow/example_dags/example_latest_only.py for tasks to queue
[2025-01-07T11:53:52.259+0000] {logging_mixin.py:190} INFO - [2025-01-07T11:53:52.259+0000] {dagbag.py:588} INFO - Filling up the DagBag from /home/airflow/.local/lib/python3.12/site-packages/airflow/example_dags/example_latest_only.py
[2025-01-07T11:53:52.267+0000] {processor.py:925} INFO - DAG(s) 'latest_only' retrieved from /home/airflow/.local/lib/python3.12/site-packages/airflow/example_dags/example_latest_only.py
[2025-01-07T11:53:52.284+0000] {logging_mixin.py:190} INFO - [2025-01-07T11:53:52.284+0000] {dag.py:3239} INFO - Sync 1 DAGs
[2025-01-07T11:53:52.306+0000] {logging_mixin.py:190} INFO - [2025-01-07T11:53:52.306+0000] {dag.py:4180} INFO - Setting next_dagrun for latest_only to 2025-01-07 04:00:00+00:00, run_after=2025-01-07 08:00:00+00:00
[2025-01-07T11:53:52.327+0000] {processor.py:208} INFO - Processing /home/airflow/.local/lib/python3.12/site-packages/airflow/example_dags/example_latest_only.py took 0.077 seconds
[2025-01-07T11:54:22.902+0000] {processor.py:186} INFO - Started process (PID=878) to work on /home/airflow/.local/lib/python3.12/site-packages/airflow/example_dags/example_latest_only.py
[2025-01-07T11:54:22.904+0000] {processor.py:914} INFO - Processing file /home/airflow/.local/lib/python3.12/site-packages/airflow/example_dags/example_latest_only.py for tasks to queue
[2025-01-07T11:54:22.907+0000] {logging_mixin.py:190} INFO - [2025-01-07T11:54:22.906+0000] {dagbag.py:588} INFO - Filling up the DagBag from /home/airflow/.local/lib/python3.12/site-packages/airflow/example_dags/example_latest_only.py
[2025-01-07T11:54:22.914+0000] {processor.py:925} INFO - DAG(s) 'latest_only' retrieved from /home/airflow/.local/lib/python3.12/site-packages/airflow/example_dags/example_latest_only.py
[2025-01-07T11:54:22.932+0000] {logging_mixin.py:190} INFO - [2025-01-07T11:54:22.932+0000] {dag.py:3239} INFO - Sync 1 DAGs
[2025-01-07T11:54:22.951+0000] {logging_mixin.py:190} INFO - [2025-01-07T11:54:22.951+0000] {dag.py:4180} INFO - Setting next_dagrun for latest_only to 2025-01-07 04:00:00+00:00, run_after=2025-01-07 08:00:00+00:00
[2025-01-07T11:54:22.974+0000] {processor.py:208} INFO - Processing /home/airflow/.local/lib/python3.12/site-packages/airflow/example_dags/example_latest_only.py took 0.079 seconds
[2025-01-07T11:54:53.282+0000] {processor.py:186} INFO - Started process (PID=941) to work on /home/airflow/.local/lib/python3.12/site-packages/airflow/example_dags/example_latest_only.py
[2025-01-07T11:54:53.283+0000] {processor.py:914} INFO - Processing file /home/airflow/.local/lib/python3.12/site-packages/airflow/example_dags/example_latest_only.py for tasks to queue
[2025-01-07T11:54:53.286+0000] {logging_mixin.py:190} INFO - [2025-01-07T11:54:53.286+0000] {dagbag.py:588} INFO - Filling up the DagBag from /home/airflow/.local/lib/python3.12/site-packages/airflow/example_dags/example_latest_only.py
[2025-01-07T11:54:53.293+0000] {processor.py:925} INFO - DAG(s) 'latest_only' retrieved from /home/airflow/.local/lib/python3.12/site-packages/airflow/example_dags/example_latest_only.py
[2025-01-07T11:54:53.311+0000] {logging_mixin.py:190} INFO - [2025-01-07T11:54:53.311+0000] {dag.py:3239} INFO - Sync 1 DAGs
[2025-01-07T11:54:53.331+0000] {logging_mixin.py:190} INFO - [2025-01-07T11:54:53.331+0000] {dag.py:4180} INFO - Setting next_dagrun for latest_only to 2025-01-07 04:00:00+00:00, run_after=2025-01-07 08:00:00+00:00
[2025-01-07T11:54:53.350+0000] {processor.py:208} INFO - Processing /home/airflow/.local/lib/python3.12/site-packages/airflow/example_dags/example_latest_only.py took 0.075 seconds
[2025-01-07T11:55:24.099+0000] {processor.py:186} INFO - Started process (PID=1004) to work on /home/airflow/.local/lib/python3.12/site-packages/airflow/example_dags/example_latest_only.py
[2025-01-07T11:55:24.101+0000] {processor.py:914} INFO - Processing file /home/airflow/.local/lib/python3.12/site-packages/airflow/example_dags/example_latest_only.py for tasks to queue
[2025-01-07T11:55:24.104+0000] {logging_mixin.py:190} INFO - [2025-01-07T11:55:24.104+0000] {dagbag.py:588} INFO - Filling up the DagBag from /home/airflow/.local/lib/python3.12/site-packages/airflow/example_dags/example_latest_only.py
[2025-01-07T11:55:24.117+0000] {processor.py:925} INFO - DAG(s) 'latest_only' retrieved from /home/airflow/.local/lib/python3.12/site-packages/airflow/example_dags/example_latest_only.py
[2025-01-07T11:55:24.138+0000] {logging_mixin.py:190} INFO - [2025-01-07T11:55:24.138+0000] {dag.py:3239} INFO - Sync 1 DAGs
[2025-01-07T11:55:24.168+0000] {logging_mixin.py:190} INFO - [2025-01-07T11:55:24.167+0000] {dag.py:4180} INFO - Setting next_dagrun for latest_only to 2025-01-07 04:00:00+00:00, run_after=2025-01-07 08:00:00+00:00
[2025-01-07T11:55:24.190+0000] {processor.py:208} INFO - Processing /home/airflow/.local/lib/python3.12/site-packages/airflow/example_dags/example_latest_only.py took 0.100 seconds
[2025-01-07T11:55:54.449+0000] {processor.py:186} INFO - Started process (PID=1067) to work on /home/airflow/.local/lib/python3.12/site-packages/airflow/example_dags/example_latest_only.py
[2025-01-07T11:55:54.450+0000] {processor.py:914} INFO - Processing file /home/airflow/.local/lib/python3.12/site-packages/airflow/example_dags/example_latest_only.py for tasks to queue
[2025-01-07T11:55:54.452+0000] {logging_mixin.py:190} INFO - [2025-01-07T11:55:54.452+0000] {dagbag.py:588} INFO - Filling up the DagBag from /home/airflow/.local/lib/python3.12/site-packages/airflow/example_dags/example_latest_only.py
[2025-01-07T11:55:54.460+0000] {processor.py:925} INFO - DAG(s) 'latest_only' retrieved from /home/airflow/.local/lib/python3.12/site-packages/airflow/example_dags/example_latest_only.py
[2025-01-07T11:55:54.478+0000] {logging_mixin.py:190} INFO - [2025-01-07T11:55:54.478+0000] {dag.py:3239} INFO - Sync 1 DAGs
[2025-01-07T11:55:54.499+0000] {logging_mixin.py:190} INFO - [2025-01-07T11:55:54.499+0000] {dag.py:4180} INFO - Setting next_dagrun for latest_only to 2025-01-07 04:00:00+00:00, run_after=2025-01-07 08:00:00+00:00
[2025-01-07T11:55:54.525+0000] {processor.py:208} INFO - Processing /home/airflow/.local/lib/python3.12/site-packages/airflow/example_dags/example_latest_only.py took 0.083 seconds
[2025-01-07T11:56:25.323+0000] {processor.py:186} INFO - Started process (PID=1130) to work on /home/airflow/.local/lib/python3.12/site-packages/airflow/example_dags/example_latest_only.py
[2025-01-07T11:56:25.324+0000] {processor.py:914} INFO - Processing file /home/airflow/.local/lib/python3.12/site-packages/airflow/example_dags/example_latest_only.py for tasks to queue
[2025-01-07T11:56:25.328+0000] {logging_mixin.py:190} INFO - [2025-01-07T11:56:25.327+0000] {dagbag.py:588} INFO - Filling up the DagBag from /home/airflow/.local/lib/python3.12/site-packages/airflow/example_dags/example_latest_only.py
[2025-01-07T11:56:25.338+0000] {processor.py:925} INFO - DAG(s) 'latest_only' retrieved from /home/airflow/.local/lib/python3.12/site-packages/airflow/example_dags/example_latest_only.py
[2025-01-07T11:56:25.363+0000] {logging_mixin.py:190} INFO - [2025-01-07T11:56:25.362+0000] {dag.py:3239} INFO - Sync 1 DAGs
[2025-01-07T11:56:25.410+0000] {logging_mixin.py:190} INFO - [2025-01-07T11:56:25.410+0000] {dag.py:4180} INFO - Setting next_dagrun for latest_only to 2025-01-07 04:00:00+00:00, run_after=2025-01-07 08:00:00+00:00
[2025-01-07T11:56:25.440+0000] {processor.py:208} INFO - Processing /home/airflow/.local/lib/python3.12/site-packages/airflow/example_dags/example_latest_only.py took 0.126 seconds
[2025-01-07T11:56:55.645+0000] {processor.py:186} INFO - Started process (PID=1193) to work on /home/airflow/.local/lib/python3.12/site-packages/airflow/example_dags/example_latest_only.py
[2025-01-07T11:56:55.646+0000] {processor.py:914} INFO - Processing file /home/airflow/.local/lib/python3.12/site-packages/airflow/example_dags/example_latest_only.py for tasks to queue
[2025-01-07T11:56:55.649+0000] {logging_mixin.py:190} INFO - [2025-01-07T11:56:55.649+0000] {dagbag.py:588} INFO - Filling up the DagBag from /home/airflow/.local/lib/python3.12/site-packages/airflow/example_dags/example_latest_only.py
[2025-01-07T11:56:55.660+0000] {processor.py:925} INFO - DAG(s) 'latest_only' retrieved from /home/airflow/.local/lib/python3.12/site-packages/airflow/example_dags/example_latest_only.py
[2025-01-07T11:56:55.681+0000] {logging_mixin.py:190} INFO - [2025-01-07T11:56:55.681+0000] {dag.py:3239} INFO - Sync 1 DAGs
[2025-01-07T11:56:55.706+0000] {logging_mixin.py:190} INFO - [2025-01-07T11:56:55.706+0000] {dag.py:4180} INFO - Setting next_dagrun for latest_only to 2025-01-07 04:00:00+00:00, run_after=2025-01-07 08:00:00+00:00
[2025-01-07T11:56:55.723+0000] {processor.py:208} INFO - Processing /home/airflow/.local/lib/python3.12/site-packages/airflow/example_dags/example_latest_only.py took 0.086 seconds
[2025-01-07T11:57:25.989+0000] {processor.py:186} INFO - Started process (PID=1256) to work on /home/airflow/.local/lib/python3.12/site-packages/airflow/example_dags/example_latest_only.py
[2025-01-07T11:57:25.991+0000] {processor.py:914} INFO - Processing file /home/airflow/.local/lib/python3.12/site-packages/airflow/example_dags/example_latest_only.py for tasks to queue
[2025-01-07T11:57:25.993+0000] {logging_mixin.py:190} INFO - [2025-01-07T11:57:25.993+0000] {dagbag.py:588} INFO - Filling up the DagBag from /home/airflow/.local/lib/python3.12/site-packages/airflow/example_dags/example_latest_only.py
[2025-01-07T11:57:26.000+0000] {processor.py:925} INFO - DAG(s) 'latest_only' retrieved from /home/airflow/.local/lib/python3.12/site-packages/airflow/example_dags/example_latest_only.py
[2025-01-07T11:57:26.018+0000] {logging_mixin.py:190} INFO - [2025-01-07T11:57:26.018+0000] {dag.py:3239} INFO - Sync 1 DAGs
[2025-01-07T11:57:26.038+0000] {logging_mixin.py:190} INFO - [2025-01-07T11:57:26.038+0000] {dag.py:4180} INFO - Setting next_dagrun for latest_only to 2025-01-07 04:00:00+00:00, run_after=2025-01-07 08:00:00+00:00
[2025-01-07T11:57:26.054+0000] {processor.py:208} INFO - Processing /home/airflow/.local/lib/python3.12/site-packages/airflow/example_dags/example_latest_only.py took 0.072 seconds
[2025-01-07T11:57:57.274+0000] {processor.py:186} INFO - Started process (PID=1326) to work on /home/airflow/.local/lib/python3.12/site-packages/airflow/example_dags/example_latest_only.py
[2025-01-07T11:57:57.275+0000] {processor.py:914} INFO - Processing file /home/airflow/.local/lib/python3.12/site-packages/airflow/example_dags/example_latest_only.py for tasks to queue
[2025-01-07T11:57:57.278+0000] {logging_mixin.py:190} INFO - [2025-01-07T11:57:57.278+0000] {dagbag.py:588} INFO - Filling up the DagBag from /home/airflow/.local/lib/python3.12/site-packages/airflow/example_dags/example_latest_only.py
[2025-01-07T11:57:57.286+0000] {processor.py:925} INFO - DAG(s) 'latest_only' retrieved from /home/airflow/.local/lib/python3.12/site-packages/airflow/example_dags/example_latest_only.py
[2025-01-07T11:57:57.310+0000] {logging_mixin.py:190} INFO - [2025-01-07T11:57:57.310+0000] {dag.py:3239} INFO - Sync 1 DAGs
[2025-01-07T11:57:57.337+0000] {logging_mixin.py:190} INFO - [2025-01-07T11:57:57.337+0000] {dag.py:4180} INFO - Setting next_dagrun for latest_only to 2025-01-07 04:00:00+00:00, run_after=2025-01-07 08:00:00+00:00
[2025-01-07T11:57:57.364+0000] {processor.py:208} INFO - Processing /home/airflow/.local/lib/python3.12/site-packages/airflow/example_dags/example_latest_only.py took 0.097 seconds
[2025-01-07T11:58:27.955+0000] {processor.py:186} INFO - Started process (PID=1389) to work on /home/airflow/.local/lib/python3.12/site-packages/airflow/example_dags/example_latest_only.py
[2025-01-07T11:58:27.956+0000] {processor.py:914} INFO - Processing file /home/airflow/.local/lib/python3.12/site-packages/airflow/example_dags/example_latest_only.py for tasks to queue
[2025-01-07T11:58:27.958+0000] {logging_mixin.py:190} INFO - [2025-01-07T11:58:27.958+0000] {dagbag.py:588} INFO - Filling up the DagBag from /home/airflow/.local/lib/python3.12/site-packages/airflow/example_dags/example_latest_only.py
[2025-01-07T11:58:27.965+0000] {processor.py:925} INFO - DAG(s) 'latest_only' retrieved from /home/airflow/.local/lib/python3.12/site-packages/airflow/example_dags/example_latest_only.py
[2025-01-07T11:58:27.987+0000] {logging_mixin.py:190} INFO - [2025-01-07T11:58:27.987+0000] {dag.py:3239} INFO - Sync 1 DAGs
[2025-01-07T11:58:28.013+0000] {logging_mixin.py:190} INFO - [2025-01-07T11:58:28.013+0000] {dag.py:4180} INFO - Setting next_dagrun for latest_only to 2025-01-07 04:00:00+00:00, run_after=2025-01-07 08:00:00+00:00
[2025-01-07T11:58:28.038+0000] {processor.py:208} INFO - Processing /home/airflow/.local/lib/python3.12/site-packages/airflow/example_dags/example_latest_only.py took 0.091 seconds
[2025-01-07T11:58:58.583+0000] {processor.py:186} INFO - Started process (PID=1450) to work on /home/airflow/.local/lib/python3.12/site-packages/airflow/example_dags/example_latest_only.py
[2025-01-07T11:58:58.585+0000] {processor.py:914} INFO - Processing file /home/airflow/.local/lib/python3.12/site-packages/airflow/example_dags/example_latest_only.py for tasks to queue
[2025-01-07T11:58:58.588+0000] {logging_mixin.py:190} INFO - [2025-01-07T11:58:58.587+0000] {dagbag.py:588} INFO - Filling up the DagBag from /home/airflow/.local/lib/python3.12/site-packages/airflow/example_dags/example_latest_only.py
[2025-01-07T11:58:58.595+0000] {processor.py:925} INFO - DAG(s) 'latest_only' retrieved from /home/airflow/.local/lib/python3.12/site-packages/airflow/example_dags/example_latest_only.py
[2025-01-07T11:58:58.614+0000] {logging_mixin.py:190} INFO - [2025-01-07T11:58:58.614+0000] {dag.py:3239} INFO - Sync 1 DAGs
[2025-01-07T11:58:58.638+0000] {logging_mixin.py:190} INFO - [2025-01-07T11:58:58.638+0000] {dag.py:4180} INFO - Setting next_dagrun for latest_only to 2025-01-07 04:00:00+00:00, run_after=2025-01-07 08:00:00+00:00
[2025-01-07T11:58:58.662+0000] {processor.py:208} INFO - Processing /home/airflow/.local/lib/python3.12/site-packages/airflow/example_dags/example_latest_only.py took 0.086 seconds
[2025-01-07T11:59:28.875+0000] {processor.py:186} INFO - Started process (PID=1514) to work on /home/airflow/.local/lib/python3.12/site-packages/airflow/example_dags/example_latest_only.py
[2025-01-07T11:59:28.876+0000] {processor.py:914} INFO - Processing file /home/airflow/.local/lib/python3.12/site-packages/airflow/example_dags/example_latest_only.py for tasks to queue
[2025-01-07T11:59:28.878+0000] {logging_mixin.py:190} INFO - [2025-01-07T11:59:28.878+0000] {dagbag.py:588} INFO - Filling up the DagBag from /home/airflow/.local/lib/python3.12/site-packages/airflow/example_dags/example_latest_only.py
[2025-01-07T11:59:28.885+0000] {processor.py:925} INFO - DAG(s) 'latest_only' retrieved from /home/airflow/.local/lib/python3.12/site-packages/airflow/example_dags/example_latest_only.py
[2025-01-07T11:59:28.904+0000] {logging_mixin.py:190} INFO - [2025-01-07T11:59:28.904+0000] {dag.py:3239} INFO - Sync 1 DAGs
[2025-01-07T11:59:28.926+0000] {logging_mixin.py:190} INFO - [2025-01-07T11:59:28.925+0000] {dag.py:4180} INFO - Setting next_dagrun for latest_only to 2025-01-07 04:00:00+00:00, run_after=2025-01-07 08:00:00+00:00
[2025-01-07T11:59:28.943+0000] {processor.py:208} INFO - Processing /home/airflow/.local/lib/python3.12/site-packages/airflow/example_dags/example_latest_only.py took 0.074 seconds
[2025-01-07T11:59:59.658+0000] {processor.py:186} INFO - Started process (PID=1577) to work on /home/airflow/.local/lib/python3.12/site-packages/airflow/example_dags/example_latest_only.py
[2025-01-07T11:59:59.659+0000] {processor.py:914} INFO - Processing file /home/airflow/.local/lib/python3.12/site-packages/airflow/example_dags/example_latest_only.py for tasks to queue
[2025-01-07T11:59:59.663+0000] {logging_mixin.py:190} INFO - [2025-01-07T11:59:59.663+0000] {dagbag.py:588} INFO - Filling up the DagBag from /home/airflow/.local/lib/python3.12/site-packages/airflow/example_dags/example_latest_only.py
[2025-01-07T11:59:59.674+0000] {processor.py:925} INFO - DAG(s) 'latest_only' retrieved from /home/airflow/.local/lib/python3.12/site-packages/airflow/example_dags/example_latest_only.py
[2025-01-07T11:59:59.696+0000] {logging_mixin.py:190} INFO - [2025-01-07T11:59:59.696+0000] {dag.py:3239} INFO - Sync 1 DAGs
[2025-01-07T11:59:59.718+0000] {logging_mixin.py:190} INFO - [2025-01-07T11:59:59.718+0000] {dag.py:4180} INFO - Setting next_dagrun for latest_only to 2025-01-07 04:00:00+00:00, run_after=2025-01-07 08:00:00+00:00
[2025-01-07T11:59:59.743+0000] {processor.py:208} INFO - Processing /home/airflow/.local/lib/python3.12/site-packages/airflow/example_dags/example_latest_only.py took 0.092 seconds
[2025-01-07T12:00:30.139+0000] {processor.py:186} INFO - Started process (PID=1640) to work on /home/airflow/.local/lib/python3.12/site-packages/airflow/example_dags/example_latest_only.py
[2025-01-07T12:00:30.140+0000] {processor.py:914} INFO - Processing file /home/airflow/.local/lib/python3.12/site-packages/airflow/example_dags/example_latest_only.py for tasks to queue
[2025-01-07T12:00:30.143+0000] {logging_mixin.py:190} INFO - [2025-01-07T12:00:30.142+0000] {dagbag.py:588} INFO - Filling up the DagBag from /home/airflow/.local/lib/python3.12/site-packages/airflow/example_dags/example_latest_only.py
[2025-01-07T12:00:30.152+0000] {processor.py:925} INFO - DAG(s) 'latest_only' retrieved from /home/airflow/.local/lib/python3.12/site-packages/airflow/example_dags/example_latest_only.py
[2025-01-07T12:00:30.169+0000] {logging_mixin.py:190} INFO - [2025-01-07T12:00:30.168+0000] {dag.py:3239} INFO - Sync 1 DAGs
[2025-01-07T12:00:30.189+0000] {logging_mixin.py:190} INFO - [2025-01-07T12:00:30.189+0000] {dag.py:4180} INFO - Setting next_dagrun for latest_only to 2025-01-07 08:00:00+00:00, run_after=2025-01-07 12:00:00+00:00
[2025-01-07T12:00:30.209+0000] {processor.py:208} INFO - Processing /home/airflow/.local/lib/python3.12/site-packages/airflow/example_dags/example_latest_only.py took 0.076 seconds
[2025-01-07T12:01:00.316+0000] {processor.py:186} INFO - Started process (PID=1703) to work on /home/airflow/.local/lib/python3.12/site-packages/airflow/example_dags/example_latest_only.py
[2025-01-07T12:01:00.317+0000] {processor.py:914} INFO - Processing file /home/airflow/.local/lib/python3.12/site-packages/airflow/example_dags/example_latest_only.py for tasks to queue
[2025-01-07T12:01:00.321+0000] {logging_mixin.py:190} INFO - [2025-01-07T12:01:00.320+0000] {dagbag.py:588} INFO - Filling up the DagBag from /home/airflow/.local/lib/python3.12/site-packages/airflow/example_dags/example_latest_only.py
[2025-01-07T12:01:00.328+0000] {processor.py:925} INFO - DAG(s) 'latest_only' retrieved from /home/airflow/.local/lib/python3.12/site-packages/airflow/example_dags/example_latest_only.py
[2025-01-07T12:01:00.347+0000] {logging_mixin.py:190} INFO - [2025-01-07T12:01:00.347+0000] {dag.py:3239} INFO - Sync 1 DAGs
[2025-01-07T12:01:00.369+0000] {logging_mixin.py:190} INFO - [2025-01-07T12:01:00.369+0000] {dag.py:4180} INFO - Setting next_dagrun for latest_only to 2025-01-07 08:00:00+00:00, run_after=2025-01-07 12:00:00+00:00
[2025-01-07T12:01:00.388+0000] {processor.py:208} INFO - Processing /home/airflow/.local/lib/python3.12/site-packages/airflow/example_dags/example_latest_only.py took 0.078 seconds
[2025-01-07T12:01:30.589+0000] {processor.py:186} INFO - Started process (PID=1766) to work on /home/airflow/.local/lib/python3.12/site-packages/airflow/example_dags/example_latest_only.py
[2025-01-07T12:01:30.590+0000] {processor.py:914} INFO - Processing file /home/airflow/.local/lib/python3.12/site-packages/airflow/example_dags/example_latest_only.py for tasks to queue
[2025-01-07T12:01:30.593+0000] {logging_mixin.py:190} INFO - [2025-01-07T12:01:30.593+0000] {dagbag.py:588} INFO - Filling up the DagBag from /home/airflow/.local/lib/python3.12/site-packages/airflow/example_dags/example_latest_only.py
[2025-01-07T12:01:30.601+0000] {processor.py:925} INFO - DAG(s) 'latest_only' retrieved from /home/airflow/.local/lib/python3.12/site-packages/airflow/example_dags/example_latest_only.py
[2025-01-07T12:01:30.620+0000] {logging_mixin.py:190} INFO - [2025-01-07T12:01:30.620+0000] {dag.py:3239} INFO - Sync 1 DAGs
[2025-01-07T12:01:30.642+0000] {logging_mixin.py:190} INFO - [2025-01-07T12:01:30.642+0000] {dag.py:4180} INFO - Setting next_dagrun for latest_only to 2025-01-07 08:00:00+00:00, run_after=2025-01-07 12:00:00+00:00
[2025-01-07T12:01:30.660+0000] {processor.py:208} INFO - Processing /home/airflow/.local/lib/python3.12/site-packages/airflow/example_dags/example_latest_only.py took 0.078 seconds
[2025-01-07T12:02:01.066+0000] {processor.py:186} INFO - Started process (PID=1829) to work on /home/airflow/.local/lib/python3.12/site-packages/airflow/example_dags/example_latest_only.py
[2025-01-07T12:02:01.067+0000] {processor.py:914} INFO - Processing file /home/airflow/.local/lib/python3.12/site-packages/airflow/example_dags/example_latest_only.py for tasks to queue
[2025-01-07T12:02:01.072+0000] {logging_mixin.py:190} INFO - [2025-01-07T12:02:01.071+0000] {dagbag.py:588} INFO - Filling up the DagBag from /home/airflow/.local/lib/python3.12/site-packages/airflow/example_dags/example_latest_only.py
[2025-01-07T12:02:01.088+0000] {processor.py:925} INFO - DAG(s) 'latest_only' retrieved from /home/airflow/.local/lib/python3.12/site-packages/airflow/example_dags/example_latest_only.py
[2025-01-07T12:02:01.130+0000] {logging_mixin.py:190} INFO - [2025-01-07T12:02:01.129+0000] {dag.py:3239} INFO - Sync 1 DAGs
[2025-01-07T12:02:01.181+0000] {logging_mixin.py:190} INFO - [2025-01-07T12:02:01.181+0000] {dag.py:4180} INFO - Setting next_dagrun for latest_only to 2025-01-07 08:00:00+00:00, run_after=2025-01-07 12:00:00+00:00
[2025-01-07T12:02:01.216+0000] {processor.py:208} INFO - Processing /home/airflow/.local/lib/python3.12/site-packages/airflow/example_dags/example_latest_only.py took 0.162 seconds
[2025-01-07T12:02:31.378+0000] {processor.py:186} INFO - Started process (PID=1892) to work on /home/airflow/.local/lib/python3.12/site-packages/airflow/example_dags/example_latest_only.py
[2025-01-07T12:02:31.379+0000] {processor.py:914} INFO - Processing file /home/airflow/.local/lib/python3.12/site-packages/airflow/example_dags/example_latest_only.py for tasks to queue
[2025-01-07T12:02:31.382+0000] {logging_mixin.py:190} INFO - [2025-01-07T12:02:31.381+0000] {dagbag.py:588} INFO - Filling up the DagBag from /home/airflow/.local/lib/python3.12/site-packages/airflow/example_dags/example_latest_only.py
[2025-01-07T12:02:31.390+0000] {processor.py:925} INFO - DAG(s) 'latest_only' retrieved from /home/airflow/.local/lib/python3.12/site-packages/airflow/example_dags/example_latest_only.py
[2025-01-07T12:02:31.414+0000] {logging_mixin.py:190} INFO - [2025-01-07T12:02:31.414+0000] {dag.py:3239} INFO - Sync 1 DAGs
[2025-01-07T12:02:31.435+0000] {logging_mixin.py:190} INFO - [2025-01-07T12:02:31.435+0000] {dag.py:4180} INFO - Setting next_dagrun for latest_only to 2025-01-07 08:00:00+00:00, run_after=2025-01-07 12:00:00+00:00
[2025-01-07T12:02:31.468+0000] {processor.py:208} INFO - Processing /home/airflow/.local/lib/python3.12/site-packages/airflow/example_dags/example_latest_only.py took 0.096 seconds
[2025-01-07T12:03:01.947+0000] {processor.py:186} INFO - Started process (PID=1955) to work on /home/airflow/.local/lib/python3.12/site-packages/airflow/example_dags/example_latest_only.py
[2025-01-07T12:03:01.949+0000] {processor.py:914} INFO - Processing file /home/airflow/.local/lib/python3.12/site-packages/airflow/example_dags/example_latest_only.py for tasks to queue
[2025-01-07T12:03:01.952+0000] {logging_mixin.py:190} INFO - [2025-01-07T12:03:01.951+0000] {dagbag.py:588} INFO - Filling up the DagBag from /home/airflow/.local/lib/python3.12/site-packages/airflow/example_dags/example_latest_only.py
[2025-01-07T12:03:01.964+0000] {processor.py:925} INFO - DAG(s) 'latest_only' retrieved from /home/airflow/.local/lib/python3.12/site-packages/airflow/example_dags/example_latest_only.py
[2025-01-07T12:03:01.993+0000] {logging_mixin.py:190} INFO - [2025-01-07T12:03:01.993+0000] {dag.py:3239} INFO - Sync 1 DAGs
[2025-01-07T12:03:02.034+0000] {logging_mixin.py:190} INFO - [2025-01-07T12:03:02.033+0000] {dag.py:4180} INFO - Setting next_dagrun for latest_only to 2025-01-07 08:00:00+00:00, run_after=2025-01-07 12:00:00+00:00
[2025-01-07T12:03:02.067+0000] {processor.py:208} INFO - Processing /home/airflow/.local/lib/python3.12/site-packages/airflow/example_dags/example_latest_only.py took 0.127 seconds
[2025-01-07T12:03:32.319+0000] {processor.py:186} INFO - Started process (PID=2018) to work on /home/airflow/.local/lib/python3.12/site-packages/airflow/example_dags/example_latest_only.py
[2025-01-07T12:03:32.321+0000] {processor.py:914} INFO - Processing file /home/airflow/.local/lib/python3.12/site-packages/airflow/example_dags/example_latest_only.py for tasks to queue
[2025-01-07T12:03:32.325+0000] {logging_mixin.py:190} INFO - [2025-01-07T12:03:32.324+0000] {dagbag.py:588} INFO - Filling up the DagBag from /home/airflow/.local/lib/python3.12/site-packages/airflow/example_dags/example_latest_only.py
[2025-01-07T12:03:32.336+0000] {processor.py:925} INFO - DAG(s) 'latest_only' retrieved from /home/airflow/.local/lib/python3.12/site-packages/airflow/example_dags/example_latest_only.py
[2025-01-07T12:03:32.362+0000] {logging_mixin.py:190} INFO - [2025-01-07T12:03:32.361+0000] {dag.py:3239} INFO - Sync 1 DAGs
[2025-01-07T12:03:32.398+0000] {logging_mixin.py:190} INFO - [2025-01-07T12:03:32.398+0000] {dag.py:4180} INFO - Setting next_dagrun for latest_only to 2025-01-07 08:00:00+00:00, run_after=2025-01-07 12:00:00+00:00
[2025-01-07T12:03:32.427+0000] {processor.py:208} INFO - Processing /home/airflow/.local/lib/python3.12/site-packages/airflow/example_dags/example_latest_only.py took 0.118 seconds
[2025-01-07T12:04:02.752+0000] {processor.py:186} INFO - Started process (PID=2081) to work on /home/airflow/.local/lib/python3.12/site-packages/airflow/example_dags/example_latest_only.py
[2025-01-07T12:04:02.753+0000] {processor.py:914} INFO - Processing file /home/airflow/.local/lib/python3.12/site-packages/airflow/example_dags/example_latest_only.py for tasks to queue
[2025-01-07T12:04:02.757+0000] {logging_mixin.py:190} INFO - [2025-01-07T12:04:02.757+0000] {dagbag.py:588} INFO - Filling up the DagBag from /home/airflow/.local/lib/python3.12/site-packages/airflow/example_dags/example_latest_only.py
[2025-01-07T12:04:02.765+0000] {processor.py:925} INFO - DAG(s) 'latest_only' retrieved from /home/airflow/.local/lib/python3.12/site-packages/airflow/example_dags/example_latest_only.py
[2025-01-07T12:04:02.784+0000] {logging_mixin.py:190} INFO - [2025-01-07T12:04:02.783+0000] {dag.py:3239} INFO - Sync 1 DAGs
[2025-01-07T12:04:02.804+0000] {logging_mixin.py:190} INFO - [2025-01-07T12:04:02.804+0000] {dag.py:4180} INFO - Setting next_dagrun for latest_only to 2025-01-07 08:00:00+00:00, run_after=2025-01-07 12:00:00+00:00
[2025-01-07T12:04:02.821+0000] {processor.py:208} INFO - Processing /home/airflow/.local/lib/python3.12/site-packages/airflow/example_dags/example_latest_only.py took 0.076 seconds
[2025-01-07T12:04:32.961+0000] {processor.py:186} INFO - Started process (PID=2144) to work on /home/airflow/.local/lib/python3.12/site-packages/airflow/example_dags/example_latest_only.py
[2025-01-07T12:04:32.963+0000] {processor.py:914} INFO - Processing file /home/airflow/.local/lib/python3.12/site-packages/airflow/example_dags/example_latest_only.py for tasks to queue
[2025-01-07T12:04:32.966+0000] {logging_mixin.py:190} INFO - [2025-01-07T12:04:32.966+0000] {dagbag.py:588} INFO - Filling up the DagBag from /home/airflow/.local/lib/python3.12/site-packages/airflow/example_dags/example_latest_only.py
[2025-01-07T12:04:32.974+0000] {processor.py:925} INFO - DAG(s) 'latest_only' retrieved from /home/airflow/.local/lib/python3.12/site-packages/airflow/example_dags/example_latest_only.py
[2025-01-07T12:04:32.993+0000] {logging_mixin.py:190} INFO - [2025-01-07T12:04:32.993+0000] {dag.py:3239} INFO - Sync 1 DAGs
[2025-01-07T12:04:33.018+0000] {logging_mixin.py:190} INFO - [2025-01-07T12:04:33.017+0000] {dag.py:4180} INFO - Setting next_dagrun for latest_only to 2025-01-07 08:00:00+00:00, run_after=2025-01-07 12:00:00+00:00
[2025-01-07T12:04:33.036+0000] {processor.py:208} INFO - Processing /home/airflow/.local/lib/python3.12/site-packages/airflow/example_dags/example_latest_only.py took 0.082 seconds
[2025-01-07T12:05:03.373+0000] {processor.py:186} INFO - Started process (PID=2207) to work on /home/airflow/.local/lib/python3.12/site-packages/airflow/example_dags/example_latest_only.py
[2025-01-07T12:05:03.374+0000] {processor.py:914} INFO - Processing file /home/airflow/.local/lib/python3.12/site-packages/airflow/example_dags/example_latest_only.py for tasks to queue
[2025-01-07T12:05:03.378+0000] {logging_mixin.py:190} INFO - [2025-01-07T12:05:03.378+0000] {dagbag.py:588} INFO - Filling up the DagBag from /home/airflow/.local/lib/python3.12/site-packages/airflow/example_dags/example_latest_only.py
[2025-01-07T12:05:03.387+0000] {processor.py:925} INFO - DAG(s) 'latest_only' retrieved from /home/airflow/.local/lib/python3.12/site-packages/airflow/example_dags/example_latest_only.py
[2025-01-07T12:05:03.406+0000] {logging_mixin.py:190} INFO - [2025-01-07T12:05:03.406+0000] {dag.py:3239} INFO - Sync 1 DAGs
[2025-01-07T12:05:03.428+0000] {logging_mixin.py:190} INFO - [2025-01-07T12:05:03.428+0000] {dag.py:4180} INFO - Setting next_dagrun for latest_only to 2025-01-07 08:00:00+00:00, run_after=2025-01-07 12:00:00+00:00
[2025-01-07T12:05:03.447+0000] {processor.py:208} INFO - Processing /home/airflow/.local/lib/python3.12/site-packages/airflow/example_dags/example_latest_only.py took 0.082 seconds
[2025-01-07T12:05:33.863+0000] {processor.py:186} INFO - Started process (PID=2270) to work on /home/airflow/.local/lib/python3.12/site-packages/airflow/example_dags/example_latest_only.py
[2025-01-07T12:05:33.865+0000] {processor.py:914} INFO - Processing file /home/airflow/.local/lib/python3.12/site-packages/airflow/example_dags/example_latest_only.py for tasks to queue
[2025-01-07T12:05:33.868+0000] {logging_mixin.py:190} INFO - [2025-01-07T12:05:33.868+0000] {dagbag.py:588} INFO - Filling up the DagBag from /home/airflow/.local/lib/python3.12/site-packages/airflow/example_dags/example_latest_only.py
[2025-01-07T12:05:33.879+0000] {processor.py:925} INFO - DAG(s) 'latest_only' retrieved from /home/airflow/.local/lib/python3.12/site-packages/airflow/example_dags/example_latest_only.py
[2025-01-07T12:05:33.899+0000] {logging_mixin.py:190} INFO - [2025-01-07T12:05:33.899+0000] {dag.py:3239} INFO - Sync 1 DAGs
[2025-01-07T12:05:33.926+0000] {logging_mixin.py:190} INFO - [2025-01-07T12:05:33.926+0000] {dag.py:4180} INFO - Setting next_dagrun for latest_only to 2025-01-07 08:00:00+00:00, run_after=2025-01-07 12:00:00+00:00
[2025-01-07T12:05:33.948+0000] {processor.py:208} INFO - Processing /home/airflow/.local/lib/python3.12/site-packages/airflow/example_dags/example_latest_only.py took 0.093 seconds
[2025-01-07T12:06:04.685+0000] {processor.py:186} INFO - Started process (PID=2332) to work on /home/airflow/.local/lib/python3.12/site-packages/airflow/example_dags/example_latest_only.py
[2025-01-07T12:06:04.686+0000] {processor.py:914} INFO - Processing file /home/airflow/.local/lib/python3.12/site-packages/airflow/example_dags/example_latest_only.py for tasks to queue
[2025-01-07T12:06:04.688+0000] {logging_mixin.py:190} INFO - [2025-01-07T12:06:04.688+0000] {dagbag.py:588} INFO - Filling up the DagBag from /home/airflow/.local/lib/python3.12/site-packages/airflow/example_dags/example_latest_only.py
[2025-01-07T12:06:04.696+0000] {processor.py:925} INFO - DAG(s) 'latest_only' retrieved from /home/airflow/.local/lib/python3.12/site-packages/airflow/example_dags/example_latest_only.py
[2025-01-07T12:06:04.716+0000] {logging_mixin.py:190} INFO - [2025-01-07T12:06:04.716+0000] {dag.py:3239} INFO - Sync 1 DAGs
[2025-01-07T12:06:04.744+0000] {logging_mixin.py:190} INFO - [2025-01-07T12:06:04.744+0000] {dag.py:4180} INFO - Setting next_dagrun for latest_only to 2025-01-07 08:00:00+00:00, run_after=2025-01-07 12:00:00+00:00
[2025-01-07T12:06:04.764+0000] {processor.py:208} INFO - Processing /home/airflow/.local/lib/python3.12/site-packages/airflow/example_dags/example_latest_only.py took 0.086 seconds
[2025-01-07T12:06:35.111+0000] {processor.py:186} INFO - Started process (PID=2395) to work on /home/airflow/.local/lib/python3.12/site-packages/airflow/example_dags/example_latest_only.py
[2025-01-07T12:06:35.112+0000] {processor.py:914} INFO - Processing file /home/airflow/.local/lib/python3.12/site-packages/airflow/example_dags/example_latest_only.py for tasks to queue
[2025-01-07T12:06:35.115+0000] {logging_mixin.py:190} INFO - [2025-01-07T12:06:35.115+0000] {dagbag.py:588} INFO - Filling up the DagBag from /home/airflow/.local/lib/python3.12/site-packages/airflow/example_dags/example_latest_only.py
[2025-01-07T12:06:35.125+0000] {processor.py:925} INFO - DAG(s) 'latest_only' retrieved from /home/airflow/.local/lib/python3.12/site-packages/airflow/example_dags/example_latest_only.py
[2025-01-07T12:06:35.143+0000] {logging_mixin.py:190} INFO - [2025-01-07T12:06:35.143+0000] {dag.py:3239} INFO - Sync 1 DAGs
[2025-01-07T12:06:35.165+0000] {logging_mixin.py:190} INFO - [2025-01-07T12:06:35.165+0000] {dag.py:4180} INFO - Setting next_dagrun for latest_only to 2025-01-07 08:00:00+00:00, run_after=2025-01-07 12:00:00+00:00
[2025-01-07T12:06:35.185+0000] {processor.py:208} INFO - Processing /home/airflow/.local/lib/python3.12/site-packages/airflow/example_dags/example_latest_only.py took 0.083 seconds
[2025-01-07T12:07:05.768+0000] {processor.py:186} INFO - Started process (PID=2458) to work on /home/airflow/.local/lib/python3.12/site-packages/airflow/example_dags/example_latest_only.py
[2025-01-07T12:07:05.769+0000] {processor.py:914} INFO - Processing file /home/airflow/.local/lib/python3.12/site-packages/airflow/example_dags/example_latest_only.py for tasks to queue
[2025-01-07T12:07:05.772+0000] {logging_mixin.py:190} INFO - [2025-01-07T12:07:05.772+0000] {dagbag.py:588} INFO - Filling up the DagBag from /home/airflow/.local/lib/python3.12/site-packages/airflow/example_dags/example_latest_only.py
[2025-01-07T12:07:05.780+0000] {processor.py:925} INFO - DAG(s) 'latest_only' retrieved from /home/airflow/.local/lib/python3.12/site-packages/airflow/example_dags/example_latest_only.py
[2025-01-07T12:07:05.801+0000] {logging_mixin.py:190} INFO - [2025-01-07T12:07:05.800+0000] {dag.py:3239} INFO - Sync 1 DAGs
[2025-01-07T12:07:05.827+0000] {logging_mixin.py:190} INFO - [2025-01-07T12:07:05.827+0000] {dag.py:4180} INFO - Setting next_dagrun for latest_only to 2025-01-07 08:00:00+00:00, run_after=2025-01-07 12:00:00+00:00
[2025-01-07T12:07:05.848+0000] {processor.py:208} INFO - Processing /home/airflow/.local/lib/python3.12/site-packages/airflow/example_dags/example_latest_only.py took 0.086 seconds
[2025-01-07T12:07:36.222+0000] {processor.py:186} INFO - Started process (PID=2521) to work on /home/airflow/.local/lib/python3.12/site-packages/airflow/example_dags/example_latest_only.py
[2025-01-07T12:07:36.224+0000] {processor.py:914} INFO - Processing file /home/airflow/.local/lib/python3.12/site-packages/airflow/example_dags/example_latest_only.py for tasks to queue
[2025-01-07T12:07:36.227+0000] {logging_mixin.py:190} INFO - [2025-01-07T12:07:36.227+0000] {dagbag.py:588} INFO - Filling up the DagBag from /home/airflow/.local/lib/python3.12/site-packages/airflow/example_dags/example_latest_only.py
[2025-01-07T12:07:36.238+0000] {processor.py:925} INFO - DAG(s) 'latest_only' retrieved from /home/airflow/.local/lib/python3.12/site-packages/airflow/example_dags/example_latest_only.py
[2025-01-07T12:07:36.259+0000] {logging_mixin.py:190} INFO - [2025-01-07T12:07:36.259+0000] {dag.py:3239} INFO - Sync 1 DAGs
[2025-01-07T12:07:36.288+0000] {logging_mixin.py:190} INFO - [2025-01-07T12:07:36.288+0000] {dag.py:4180} INFO - Setting next_dagrun for latest_only to 2025-01-07 08:00:00+00:00, run_after=2025-01-07 12:00:00+00:00
[2025-01-07T12:07:36.310+0000] {processor.py:208} INFO - Processing /home/airflow/.local/lib/python3.12/site-packages/airflow/example_dags/example_latest_only.py took 0.097 seconds
[2025-01-07T12:08:07.223+0000] {processor.py:186} INFO - Started process (PID=2584) to work on /home/airflow/.local/lib/python3.12/site-packages/airflow/example_dags/example_latest_only.py
[2025-01-07T12:08:07.224+0000] {processor.py:914} INFO - Processing file /home/airflow/.local/lib/python3.12/site-packages/airflow/example_dags/example_latest_only.py for tasks to queue
[2025-01-07T12:08:07.227+0000] {logging_mixin.py:190} INFO - [2025-01-07T12:08:07.227+0000] {dagbag.py:588} INFO - Filling up the DagBag from /home/airflow/.local/lib/python3.12/site-packages/airflow/example_dags/example_latest_only.py
[2025-01-07T12:08:07.238+0000] {processor.py:925} INFO - DAG(s) 'latest_only' retrieved from /home/airflow/.local/lib/python3.12/site-packages/airflow/example_dags/example_latest_only.py
[2025-01-07T12:08:07.262+0000] {logging_mixin.py:190} INFO - [2025-01-07T12:08:07.262+0000] {dag.py:3239} INFO - Sync 1 DAGs
[2025-01-07T12:08:07.295+0000] {logging_mixin.py:190} INFO - [2025-01-07T12:08:07.294+0000] {dag.py:4180} INFO - Setting next_dagrun for latest_only to 2025-01-07 08:00:00+00:00, run_after=2025-01-07 12:00:00+00:00
[2025-01-07T12:08:07.319+0000] {processor.py:208} INFO - Processing /home/airflow/.local/lib/python3.12/site-packages/airflow/example_dags/example_latest_only.py took 0.104 seconds
[2025-01-07T12:08:37.900+0000] {processor.py:186} INFO - Started process (PID=2648) to work on /home/airflow/.local/lib/python3.12/site-packages/airflow/example_dags/example_latest_only.py
[2025-01-07T12:08:37.901+0000] {processor.py:914} INFO - Processing file /home/airflow/.local/lib/python3.12/site-packages/airflow/example_dags/example_latest_only.py for tasks to queue
[2025-01-07T12:08:37.905+0000] {logging_mixin.py:190} INFO - [2025-01-07T12:08:37.904+0000] {dagbag.py:588} INFO - Filling up the DagBag from /home/airflow/.local/lib/python3.12/site-packages/airflow/example_dags/example_latest_only.py
[2025-01-07T12:08:37.917+0000] {processor.py:925} INFO - DAG(s) 'latest_only' retrieved from /home/airflow/.local/lib/python3.12/site-packages/airflow/example_dags/example_latest_only.py
[2025-01-07T12:08:37.938+0000] {logging_mixin.py:190} INFO - [2025-01-07T12:08:37.937+0000] {dag.py:3239} INFO - Sync 1 DAGs
[2025-01-07T12:08:37.960+0000] {logging_mixin.py:190} INFO - [2025-01-07T12:08:37.960+0000] {dag.py:4180} INFO - Setting next_dagrun for latest_only to 2025-01-07 08:00:00+00:00, run_after=2025-01-07 12:00:00+00:00
[2025-01-07T12:08:37.983+0000] {processor.py:208} INFO - Processing /home/airflow/.local/lib/python3.12/site-packages/airflow/example_dags/example_latest_only.py took 0.091 seconds
[2025-01-07T12:09:08.352+0000] {processor.py:186} INFO - Started process (PID=2711) to work on /home/airflow/.local/lib/python3.12/site-packages/airflow/example_dags/example_latest_only.py
[2025-01-07T12:09:08.354+0000] {processor.py:914} INFO - Processing file /home/airflow/.local/lib/python3.12/site-packages/airflow/example_dags/example_latest_only.py for tasks to queue
[2025-01-07T12:09:08.361+0000] {logging_mixin.py:190} INFO - [2025-01-07T12:09:08.360+0000] {dagbag.py:588} INFO - Filling up the DagBag from /home/airflow/.local/lib/python3.12/site-packages/airflow/example_dags/example_latest_only.py
[2025-01-07T12:09:08.382+0000] {processor.py:925} INFO - DAG(s) 'latest_only' retrieved from /home/airflow/.local/lib/python3.12/site-packages/airflow/example_dags/example_latest_only.py
[2025-01-07T12:09:08.418+0000] {logging_mixin.py:190} INFO - [2025-01-07T12:09:08.418+0000] {dag.py:3239} INFO - Sync 1 DAGs
[2025-01-07T12:09:08.462+0000] {logging_mixin.py:190} INFO - [2025-01-07T12:09:08.462+0000] {dag.py:4180} INFO - Setting next_dagrun for latest_only to 2025-01-07 08:00:00+00:00, run_after=2025-01-07 12:00:00+00:00
[2025-01-07T12:09:08.496+0000] {processor.py:208} INFO - Processing /home/airflow/.local/lib/python3.12/site-packages/airflow/example_dags/example_latest_only.py took 0.155 seconds
[2025-01-07T12:09:38.896+0000] {processor.py:186} INFO - Started process (PID=2774) to work on /home/airflow/.local/lib/python3.12/site-packages/airflow/example_dags/example_latest_only.py
[2025-01-07T12:09:38.897+0000] {processor.py:914} INFO - Processing file /home/airflow/.local/lib/python3.12/site-packages/airflow/example_dags/example_latest_only.py for tasks to queue
[2025-01-07T12:09:38.901+0000] {logging_mixin.py:190} INFO - [2025-01-07T12:09:38.900+0000] {dagbag.py:588} INFO - Filling up the DagBag from /home/airflow/.local/lib/python3.12/site-packages/airflow/example_dags/example_latest_only.py
[2025-01-07T12:09:38.913+0000] {processor.py:925} INFO - DAG(s) 'latest_only' retrieved from /home/airflow/.local/lib/python3.12/site-packages/airflow/example_dags/example_latest_only.py
[2025-01-07T12:09:38.939+0000] {logging_mixin.py:190} INFO - [2025-01-07T12:09:38.939+0000] {dag.py:3239} INFO - Sync 1 DAGs
[2025-01-07T12:09:38.971+0000] {logging_mixin.py:190} INFO - [2025-01-07T12:09:38.970+0000] {dag.py:4180} INFO - Setting next_dagrun for latest_only to 2025-01-07 08:00:00+00:00, run_after=2025-01-07 12:00:00+00:00
[2025-01-07T12:09:38.999+0000] {processor.py:208} INFO - Processing /home/airflow/.local/lib/python3.12/site-packages/airflow/example_dags/example_latest_only.py took 0.113 seconds
[2025-01-07T12:10:09.389+0000] {processor.py:186} INFO - Started process (PID=2837) to work on /home/airflow/.local/lib/python3.12/site-packages/airflow/example_dags/example_latest_only.py
[2025-01-07T12:10:09.391+0000] {processor.py:914} INFO - Processing file /home/airflow/.local/lib/python3.12/site-packages/airflow/example_dags/example_latest_only.py for tasks to queue
[2025-01-07T12:10:09.395+0000] {logging_mixin.py:190} INFO - [2025-01-07T12:10:09.394+0000] {dagbag.py:588} INFO - Filling up the DagBag from /home/airflow/.local/lib/python3.12/site-packages/airflow/example_dags/example_latest_only.py
[2025-01-07T12:10:09.406+0000] {processor.py:925} INFO - DAG(s) 'latest_only' retrieved from /home/airflow/.local/lib/python3.12/site-packages/airflow/example_dags/example_latest_only.py
[2025-01-07T12:10:09.435+0000] {logging_mixin.py:190} INFO - [2025-01-07T12:10:09.435+0000] {dag.py:3239} INFO - Sync 1 DAGs
[2025-01-07T12:10:09.467+0000] {logging_mixin.py:190} INFO - [2025-01-07T12:10:09.467+0000] {dag.py:4180} INFO - Setting next_dagrun for latest_only to 2025-01-07 08:00:00+00:00, run_after=2025-01-07 12:00:00+00:00
[2025-01-07T12:10:09.496+0000] {processor.py:208} INFO - Processing /home/airflow/.local/lib/python3.12/site-packages/airflow/example_dags/example_latest_only.py took 0.115 seconds
[2025-01-07T12:10:40.552+0000] {processor.py:186} INFO - Started process (PID=2896) to work on /home/airflow/.local/lib/python3.12/site-packages/airflow/example_dags/example_latest_only.py
[2025-01-07T12:10:40.554+0000] {processor.py:914} INFO - Processing file /home/airflow/.local/lib/python3.12/site-packages/airflow/example_dags/example_latest_only.py for tasks to queue
[2025-01-07T12:10:40.559+0000] {logging_mixin.py:190} INFO - [2025-01-07T12:10:40.558+0000] {dagbag.py:588} INFO - Filling up the DagBag from /home/airflow/.local/lib/python3.12/site-packages/airflow/example_dags/example_latest_only.py
[2025-01-07T12:10:40.569+0000] {processor.py:925} INFO - DAG(s) 'latest_only' retrieved from /home/airflow/.local/lib/python3.12/site-packages/airflow/example_dags/example_latest_only.py
[2025-01-07T12:10:40.601+0000] {logging_mixin.py:190} INFO - [2025-01-07T12:10:40.601+0000] {dag.py:3239} INFO - Sync 1 DAGs
[2025-01-07T12:10:40.655+0000] {logging_mixin.py:190} INFO - [2025-01-07T12:10:40.655+0000] {dag.py:4180} INFO - Setting next_dagrun for latest_only to 2025-01-07 08:00:00+00:00, run_after=2025-01-07 12:00:00+00:00
[2025-01-07T12:10:40.697+0000] {processor.py:208} INFO - Processing /home/airflow/.local/lib/python3.12/site-packages/airflow/example_dags/example_latest_only.py took 0.153 seconds
[2025-01-07T12:11:12.807+0000] {processor.py:186} INFO - Started process (PID=2960) to work on /home/airflow/.local/lib/python3.12/site-packages/airflow/example_dags/example_latest_only.py
[2025-01-07T12:11:12.809+0000] {processor.py:914} INFO - Processing file /home/airflow/.local/lib/python3.12/site-packages/airflow/example_dags/example_latest_only.py for tasks to queue
[2025-01-07T12:11:12.815+0000] {logging_mixin.py:190} INFO - [2025-01-07T12:11:12.814+0000] {dagbag.py:588} INFO - Filling up the DagBag from /home/airflow/.local/lib/python3.12/site-packages/airflow/example_dags/example_latest_only.py
[2025-01-07T12:11:12.829+0000] {processor.py:925} INFO - DAG(s) 'latest_only' retrieved from /home/airflow/.local/lib/python3.12/site-packages/airflow/example_dags/example_latest_only.py
[2025-01-07T12:11:12.871+0000] {logging_mixin.py:190} INFO - [2025-01-07T12:11:12.870+0000] {dag.py:3239} INFO - Sync 1 DAGs
[2025-01-07T12:11:12.921+0000] {logging_mixin.py:190} INFO - [2025-01-07T12:11:12.920+0000] {dag.py:4180} INFO - Setting next_dagrun for latest_only to 2025-01-07 08:00:00+00:00, run_after=2025-01-07 12:00:00+00:00
[2025-01-07T12:11:12.957+0000] {processor.py:208} INFO - Processing /home/airflow/.local/lib/python3.12/site-packages/airflow/example_dags/example_latest_only.py took 0.160 seconds
[2025-01-07T12:11:43.488+0000] {processor.py:186} INFO - Started process (PID=3018) to work on /home/airflow/.local/lib/python3.12/site-packages/airflow/example_dags/example_latest_only.py
[2025-01-07T12:11:43.490+0000] {processor.py:914} INFO - Processing file /home/airflow/.local/lib/python3.12/site-packages/airflow/example_dags/example_latest_only.py for tasks to queue
[2025-01-07T12:11:43.495+0000] {logging_mixin.py:190} INFO - [2025-01-07T12:11:43.494+0000] {dagbag.py:588} INFO - Filling up the DagBag from /home/airflow/.local/lib/python3.12/site-packages/airflow/example_dags/example_latest_only.py
[2025-01-07T12:11:43.508+0000] {processor.py:925} INFO - DAG(s) 'latest_only' retrieved from /home/airflow/.local/lib/python3.12/site-packages/airflow/example_dags/example_latest_only.py
[2025-01-07T12:11:43.544+0000] {logging_mixin.py:190} INFO - [2025-01-07T12:11:43.544+0000] {dag.py:3239} INFO - Sync 1 DAGs
[2025-01-07T12:11:43.593+0000] {logging_mixin.py:190} INFO - [2025-01-07T12:11:43.592+0000] {dag.py:4180} INFO - Setting next_dagrun for latest_only to 2025-01-07 08:00:00+00:00, run_after=2025-01-07 12:00:00+00:00
[2025-01-07T12:11:43.883+0000] {processor.py:208} INFO - Processing /home/airflow/.local/lib/python3.12/site-packages/airflow/example_dags/example_latest_only.py took 0.404 seconds
[2025-01-07T12:12:14.395+0000] {processor.py:186} INFO - Started process (PID=3081) to work on /home/airflow/.local/lib/python3.12/site-packages/airflow/example_dags/example_latest_only.py
[2025-01-07T12:12:14.397+0000] {processor.py:914} INFO - Processing file /home/airflow/.local/lib/python3.12/site-packages/airflow/example_dags/example_latest_only.py for tasks to queue
[2025-01-07T12:12:14.400+0000] {logging_mixin.py:190} INFO - [2025-01-07T12:12:14.400+0000] {dagbag.py:588} INFO - Filling up the DagBag from /home/airflow/.local/lib/python3.12/site-packages/airflow/example_dags/example_latest_only.py
[2025-01-07T12:12:14.410+0000] {processor.py:925} INFO - DAG(s) 'latest_only' retrieved from /home/airflow/.local/lib/python3.12/site-packages/airflow/example_dags/example_latest_only.py
[2025-01-07T12:12:14.438+0000] {logging_mixin.py:190} INFO - [2025-01-07T12:12:14.437+0000] {dag.py:3239} INFO - Sync 1 DAGs
[2025-01-07T12:12:14.468+0000] {logging_mixin.py:190} INFO - [2025-01-07T12:12:14.468+0000] {dag.py:4180} INFO - Setting next_dagrun for latest_only to 2025-01-07 08:00:00+00:00, run_after=2025-01-07 12:00:00+00:00
[2025-01-07T12:12:14.495+0000] {processor.py:208} INFO - Processing /home/airflow/.local/lib/python3.12/site-packages/airflow/example_dags/example_latest_only.py took 0.108 seconds
[2025-01-07T12:12:45.838+0000] {processor.py:186} INFO - Started process (PID=3144) to work on /home/airflow/.local/lib/python3.12/site-packages/airflow/example_dags/example_latest_only.py
[2025-01-07T12:12:45.839+0000] {processor.py:914} INFO - Processing file /home/airflow/.local/lib/python3.12/site-packages/airflow/example_dags/example_latest_only.py for tasks to queue
[2025-01-07T12:12:45.844+0000] {logging_mixin.py:190} INFO - [2025-01-07T12:12:45.843+0000] {dagbag.py:588} INFO - Filling up the DagBag from /home/airflow/.local/lib/python3.12/site-packages/airflow/example_dags/example_latest_only.py
[2025-01-07T12:12:45.857+0000] {processor.py:925} INFO - DAG(s) 'latest_only' retrieved from /home/airflow/.local/lib/python3.12/site-packages/airflow/example_dags/example_latest_only.py
[2025-01-07T12:12:45.894+0000] {logging_mixin.py:190} INFO - [2025-01-07T12:12:45.894+0000] {dag.py:3239} INFO - Sync 1 DAGs
[2025-01-07T12:12:45.946+0000] {logging_mixin.py:190} INFO - [2025-01-07T12:12:45.946+0000] {dag.py:4180} INFO - Setting next_dagrun for latest_only to 2025-01-07 08:00:00+00:00, run_after=2025-01-07 12:00:00+00:00
[2025-01-07T12:12:45.981+0000] {processor.py:208} INFO - Processing /home/airflow/.local/lib/python3.12/site-packages/airflow/example_dags/example_latest_only.py took 0.154 seconds
[2025-01-07T12:43:11.840+0000] {processor.py:186} INFO - Started process (PID=3177) to work on /home/airflow/.local/lib/python3.12/site-packages/airflow/example_dags/example_latest_only.py
[2025-01-07T12:43:11.844+0000] {processor.py:914} INFO - Processing file /home/airflow/.local/lib/python3.12/site-packages/airflow/example_dags/example_latest_only.py for tasks to queue
[2025-01-07T12:43:11.852+0000] {logging_mixin.py:190} INFO - [2025-01-07T12:43:11.851+0000] {dagbag.py:588} INFO - Filling up the DagBag from /home/airflow/.local/lib/python3.12/site-packages/airflow/example_dags/example_latest_only.py
[2025-01-07T12:43:11.873+0000] {processor.py:925} INFO - DAG(s) 'latest_only' retrieved from /home/airflow/.local/lib/python3.12/site-packages/airflow/example_dags/example_latest_only.py
[2025-01-07T12:43:11.923+0000] {logging_mixin.py:190} INFO - [2025-01-07T12:43:11.923+0000] {dag.py:3239} INFO - Sync 1 DAGs
[2025-01-07T12:43:11.977+0000] {logging_mixin.py:190} INFO - [2025-01-07T12:43:11.976+0000] {dag.py:4180} INFO - Setting next_dagrun for latest_only to 2025-01-07 08:00:00+00:00, run_after=2025-01-07 12:00:00+00:00
[2025-01-07T12:43:12.465+0000] {processor.py:208} INFO - Processing /home/airflow/.local/lib/python3.12/site-packages/airflow/example_dags/example_latest_only.py took 0.646 seconds
