[2025-01-07T11:47:17.370+0000] {processor.py:186} INFO - Started process (PID=48) to work on /home/airflow/.local/lib/python3.12/site-packages/airflow/example_dags/example_branch_labels.py
[2025-01-07T11:47:17.374+0000] {processor.py:914} INFO - Processing file /home/airflow/.local/lib/python3.12/site-packages/airflow/example_dags/example_branch_labels.py for tasks to queue
[2025-01-07T11:47:17.380+0000] {logging_mixin.py:190} INFO - [2025-01-07T11:47:17.379+0000] {dagbag.py:588} INFO - Filling up the DagBag from /home/airflow/.local/lib/python3.12/site-packages/airflow/example_dags/example_branch_labels.py
[2025-01-07T11:47:17.404+0000] {processor.py:925} INFO - DAG(s) 'example_branch_labels' retrieved from /home/airflow/.local/lib/python3.12/site-packages/airflow/example_dags/example_branch_labels.py
[2025-01-07T11:47:17.689+0000] {logging_mixin.py:190} INFO - [2025-01-07T11:47:17.688+0000] {override.py:1911} INFO - Created Permission View: can read on DAG:example_branch_labels
[2025-01-07T11:47:17.713+0000] {logging_mixin.py:190} INFO - [2025-01-07T11:47:17.712+0000] {override.py:1911} INFO - Created Permission View: can delete on DAG:example_branch_labels
[2025-01-07T11:47:17.727+0000] {logging_mixin.py:190} INFO - [2025-01-07T11:47:17.726+0000] {override.py:1911} INFO - Created Permission View: can edit on DAG:example_branch_labels
[2025-01-07T11:47:17.742+0000] {logging_mixin.py:190} INFO - [2025-01-07T11:47:17.741+0000] {override.py:1911} INFO - Created Permission View: menu access on DAG Run:example_branch_labels
[2025-01-07T11:47:17.753+0000] {logging_mixin.py:190} INFO - [2025-01-07T11:47:17.753+0000] {override.py:1911} INFO - Created Permission View: can read on DAG Run:example_branch_labels
[2025-01-07T11:47:17.784+0000] {logging_mixin.py:190} INFO - [2025-01-07T11:47:17.784+0000] {override.py:1911} INFO - Created Permission View: can delete on DAG Run:example_branch_labels
[2025-01-07T11:47:17.802+0000] {logging_mixin.py:190} INFO - [2025-01-07T11:47:17.802+0000] {override.py:1911} INFO - Created Permission View: can create on DAG Run:example_branch_labels
[2025-01-07T11:47:17.803+0000] {logging_mixin.py:190} INFO - [2025-01-07T11:47:17.803+0000] {dag.py:3239} INFO - Sync 1 DAGs
[2025-01-07T11:47:17.833+0000] {logging_mixin.py:190} INFO - [2025-01-07T11:47:17.833+0000] {dag.py:3262} INFO - Creating ORM DAG for example_branch_labels
[2025-01-07T11:47:17.856+0000] {logging_mixin.py:190} INFO - [2025-01-07T11:47:17.856+0000] {dag.py:4180} INFO - Setting next_dagrun for example_branch_labels to 2025-01-06 00:00:00+00:00, run_after=2025-01-07 00:00:00+00:00
[2025-01-07T11:47:17.897+0000] {processor.py:208} INFO - Processing /home/airflow/.local/lib/python3.12/site-packages/airflow/example_dags/example_branch_labels.py took 0.536 seconds
[2025-01-07T11:47:55.662+0000] {processor.py:186} INFO - Started process (PID=110) to work on /home/airflow/.local/lib/python3.12/site-packages/airflow/example_dags/example_branch_labels.py
[2025-01-07T11:47:55.663+0000] {processor.py:914} INFO - Processing file /home/airflow/.local/lib/python3.12/site-packages/airflow/example_dags/example_branch_labels.py for tasks to queue
[2025-01-07T11:47:55.666+0000] {logging_mixin.py:190} INFO - [2025-01-07T11:47:55.665+0000] {dagbag.py:588} INFO - Filling up the DagBag from /home/airflow/.local/lib/python3.12/site-packages/airflow/example_dags/example_branch_labels.py
[2025-01-07T11:47:55.674+0000] {processor.py:925} INFO - DAG(s) 'example_branch_labels' retrieved from /home/airflow/.local/lib/python3.12/site-packages/airflow/example_dags/example_branch_labels.py
[2025-01-07T11:47:55.694+0000] {logging_mixin.py:190} INFO - [2025-01-07T11:47:55.694+0000] {dag.py:3239} INFO - Sync 1 DAGs
[2025-01-07T11:47:55.718+0000] {logging_mixin.py:190} INFO - [2025-01-07T11:47:55.718+0000] {dag.py:4180} INFO - Setting next_dagrun for example_branch_labels to 2025-01-06 00:00:00+00:00, run_after=2025-01-07 00:00:00+00:00
[2025-01-07T11:47:57.954+0000] {processor.py:208} INFO - Processing /home/airflow/.local/lib/python3.12/site-packages/airflow/example_dags/example_branch_labels.py took 2.298 seconds
[2025-01-07T11:48:40.469+0000] {processor.py:186} INFO - Started process (PID=173) to work on /home/airflow/.local/lib/python3.12/site-packages/airflow/example_dags/example_branch_labels.py
[2025-01-07T11:48:40.470+0000] {processor.py:914} INFO - Processing file /home/airflow/.local/lib/python3.12/site-packages/airflow/example_dags/example_branch_labels.py for tasks to queue
[2025-01-07T11:48:40.473+0000] {logging_mixin.py:190} INFO - [2025-01-07T11:48:40.472+0000] {dagbag.py:588} INFO - Filling up the DagBag from /home/airflow/.local/lib/python3.12/site-packages/airflow/example_dags/example_branch_labels.py
[2025-01-07T11:48:40.482+0000] {processor.py:925} INFO - DAG(s) 'example_branch_labels' retrieved from /home/airflow/.local/lib/python3.12/site-packages/airflow/example_dags/example_branch_labels.py
[2025-01-07T11:48:40.500+0000] {logging_mixin.py:190} INFO - [2025-01-07T11:48:40.500+0000] {dag.py:3239} INFO - Sync 1 DAGs
[2025-01-07T11:48:40.897+0000] {logging_mixin.py:190} INFO - [2025-01-07T11:48:40.897+0000] {dag.py:4180} INFO - Setting next_dagrun for example_branch_labels to 2025-01-06 00:00:00+00:00, run_after=2025-01-07 00:00:00+00:00
[2025-01-07T11:48:42.497+0000] {processor.py:208} INFO - Processing /home/airflow/.local/lib/python3.12/site-packages/airflow/example_dags/example_branch_labels.py took 2.035 seconds
[2025-01-07T11:49:13.035+0000] {processor.py:186} INFO - Started process (PID=237) to work on /home/airflow/.local/lib/python3.12/site-packages/airflow/example_dags/example_branch_labels.py
[2025-01-07T11:49:13.037+0000] {processor.py:914} INFO - Processing file /home/airflow/.local/lib/python3.12/site-packages/airflow/example_dags/example_branch_labels.py for tasks to queue
[2025-01-07T11:49:13.040+0000] {logging_mixin.py:190} INFO - [2025-01-07T11:49:13.039+0000] {dagbag.py:588} INFO - Filling up the DagBag from /home/airflow/.local/lib/python3.12/site-packages/airflow/example_dags/example_branch_labels.py
[2025-01-07T11:49:13.048+0000] {processor.py:925} INFO - DAG(s) 'example_branch_labels' retrieved from /home/airflow/.local/lib/python3.12/site-packages/airflow/example_dags/example_branch_labels.py
[2025-01-07T11:49:13.070+0000] {logging_mixin.py:190} INFO - [2025-01-07T11:49:13.069+0000] {dag.py:3239} INFO - Sync 1 DAGs
[2025-01-07T11:49:13.092+0000] {logging_mixin.py:190} INFO - [2025-01-07T11:49:13.091+0000] {dag.py:4180} INFO - Setting next_dagrun for example_branch_labels to 2025-01-06 00:00:00+00:00, run_after=2025-01-07 00:00:00+00:00
[2025-01-07T11:49:13.111+0000] {processor.py:208} INFO - Processing /home/airflow/.local/lib/python3.12/site-packages/airflow/example_dags/example_branch_labels.py took 0.082 seconds
[2025-01-07T11:49:43.281+0000] {processor.py:186} INFO - Started process (PID=300) to work on /home/airflow/.local/lib/python3.12/site-packages/airflow/example_dags/example_branch_labels.py
[2025-01-07T11:49:43.282+0000] {processor.py:914} INFO - Processing file /home/airflow/.local/lib/python3.12/site-packages/airflow/example_dags/example_branch_labels.py for tasks to queue
[2025-01-07T11:49:43.284+0000] {logging_mixin.py:190} INFO - [2025-01-07T11:49:43.284+0000] {dagbag.py:588} INFO - Filling up the DagBag from /home/airflow/.local/lib/python3.12/site-packages/airflow/example_dags/example_branch_labels.py
[2025-01-07T11:49:43.294+0000] {processor.py:925} INFO - DAG(s) 'example_branch_labels' retrieved from /home/airflow/.local/lib/python3.12/site-packages/airflow/example_dags/example_branch_labels.py
[2025-01-07T11:49:43.313+0000] {logging_mixin.py:190} INFO - [2025-01-07T11:49:43.312+0000] {dag.py:3239} INFO - Sync 1 DAGs
[2025-01-07T11:49:43.339+0000] {logging_mixin.py:190} INFO - [2025-01-07T11:49:43.339+0000] {dag.py:4180} INFO - Setting next_dagrun for example_branch_labels to 2025-01-06 00:00:00+00:00, run_after=2025-01-07 00:00:00+00:00
[2025-01-07T11:49:43.362+0000] {processor.py:208} INFO - Processing /home/airflow/.local/lib/python3.12/site-packages/airflow/example_dags/example_branch_labels.py took 0.088 seconds
[2025-01-07T11:50:13.756+0000] {processor.py:186} INFO - Started process (PID=363) to work on /home/airflow/.local/lib/python3.12/site-packages/airflow/example_dags/example_branch_labels.py
[2025-01-07T11:50:13.757+0000] {processor.py:914} INFO - Processing file /home/airflow/.local/lib/python3.12/site-packages/airflow/example_dags/example_branch_labels.py for tasks to queue
[2025-01-07T11:50:13.760+0000] {logging_mixin.py:190} INFO - [2025-01-07T11:50:13.760+0000] {dagbag.py:588} INFO - Filling up the DagBag from /home/airflow/.local/lib/python3.12/site-packages/airflow/example_dags/example_branch_labels.py
[2025-01-07T11:50:13.770+0000] {processor.py:925} INFO - DAG(s) 'example_branch_labels' retrieved from /home/airflow/.local/lib/python3.12/site-packages/airflow/example_dags/example_branch_labels.py
[2025-01-07T11:50:13.792+0000] {logging_mixin.py:190} INFO - [2025-01-07T11:50:13.792+0000] {dag.py:3239} INFO - Sync 1 DAGs
[2025-01-07T11:50:13.816+0000] {logging_mixin.py:190} INFO - [2025-01-07T11:50:13.816+0000] {dag.py:4180} INFO - Setting next_dagrun for example_branch_labels to 2025-01-06 00:00:00+00:00, run_after=2025-01-07 00:00:00+00:00
[2025-01-07T11:50:13.837+0000] {processor.py:208} INFO - Processing /home/airflow/.local/lib/python3.12/site-packages/airflow/example_dags/example_branch_labels.py took 0.087 seconds
[2025-01-07T11:50:44.171+0000] {processor.py:186} INFO - Started process (PID=426) to work on /home/airflow/.local/lib/python3.12/site-packages/airflow/example_dags/example_branch_labels.py
[2025-01-07T11:50:44.172+0000] {processor.py:914} INFO - Processing file /home/airflow/.local/lib/python3.12/site-packages/airflow/example_dags/example_branch_labels.py for tasks to queue
[2025-01-07T11:50:44.175+0000] {logging_mixin.py:190} INFO - [2025-01-07T11:50:44.174+0000] {dagbag.py:588} INFO - Filling up the DagBag from /home/airflow/.local/lib/python3.12/site-packages/airflow/example_dags/example_branch_labels.py
[2025-01-07T11:50:44.187+0000] {processor.py:925} INFO - DAG(s) 'example_branch_labels' retrieved from /home/airflow/.local/lib/python3.12/site-packages/airflow/example_dags/example_branch_labels.py
[2025-01-07T11:50:44.210+0000] {logging_mixin.py:190} INFO - [2025-01-07T11:50:44.209+0000] {dag.py:3239} INFO - Sync 1 DAGs
[2025-01-07T11:50:44.236+0000] {logging_mixin.py:190} INFO - [2025-01-07T11:50:44.236+0000] {dag.py:4180} INFO - Setting next_dagrun for example_branch_labels to 2025-01-06 00:00:00+00:00, run_after=2025-01-07 00:00:00+00:00
[2025-01-07T11:50:44.258+0000] {processor.py:208} INFO - Processing /home/airflow/.local/lib/python3.12/site-packages/airflow/example_dags/example_branch_labels.py took 0.092 seconds
[2025-01-07T11:51:14.403+0000] {processor.py:186} INFO - Started process (PID=489) to work on /home/airflow/.local/lib/python3.12/site-packages/airflow/example_dags/example_branch_labels.py
[2025-01-07T11:51:14.404+0000] {processor.py:914} INFO - Processing file /home/airflow/.local/lib/python3.12/site-packages/airflow/example_dags/example_branch_labels.py for tasks to queue
[2025-01-07T11:51:14.407+0000] {logging_mixin.py:190} INFO - [2025-01-07T11:51:14.406+0000] {dagbag.py:588} INFO - Filling up the DagBag from /home/airflow/.local/lib/python3.12/site-packages/airflow/example_dags/example_branch_labels.py
[2025-01-07T11:51:14.416+0000] {processor.py:925} INFO - DAG(s) 'example_branch_labels' retrieved from /home/airflow/.local/lib/python3.12/site-packages/airflow/example_dags/example_branch_labels.py
[2025-01-07T11:51:14.435+0000] {logging_mixin.py:190} INFO - [2025-01-07T11:51:14.434+0000] {dag.py:3239} INFO - Sync 1 DAGs
[2025-01-07T11:51:14.455+0000] {logging_mixin.py:190} INFO - [2025-01-07T11:51:14.455+0000] {dag.py:4180} INFO - Setting next_dagrun for example_branch_labels to 2025-01-06 00:00:00+00:00, run_after=2025-01-07 00:00:00+00:00
[2025-01-07T11:51:14.472+0000] {processor.py:208} INFO - Processing /home/airflow/.local/lib/python3.12/site-packages/airflow/example_dags/example_branch_labels.py took 0.074 seconds
[2025-01-07T11:51:45.083+0000] {processor.py:186} INFO - Started process (PID=552) to work on /home/airflow/.local/lib/python3.12/site-packages/airflow/example_dags/example_branch_labels.py
[2025-01-07T11:51:45.095+0000] {processor.py:914} INFO - Processing file /home/airflow/.local/lib/python3.12/site-packages/airflow/example_dags/example_branch_labels.py for tasks to queue
[2025-01-07T11:51:45.099+0000] {logging_mixin.py:190} INFO - [2025-01-07T11:51:45.098+0000] {dagbag.py:588} INFO - Filling up the DagBag from /home/airflow/.local/lib/python3.12/site-packages/airflow/example_dags/example_branch_labels.py
[2025-01-07T11:51:45.125+0000] {processor.py:925} INFO - DAG(s) 'example_branch_labels' retrieved from /home/airflow/.local/lib/python3.12/site-packages/airflow/example_dags/example_branch_labels.py
[2025-01-07T11:51:45.172+0000] {logging_mixin.py:190} INFO - [2025-01-07T11:51:45.172+0000] {dag.py:3239} INFO - Sync 1 DAGs
[2025-01-07T11:51:45.222+0000] {logging_mixin.py:190} INFO - [2025-01-07T11:51:45.220+0000] {dag.py:4180} INFO - Setting next_dagrun for example_branch_labels to 2025-01-06 00:00:00+00:00, run_after=2025-01-07 00:00:00+00:00
[2025-01-07T11:51:45.269+0000] {processor.py:208} INFO - Processing /home/airflow/.local/lib/python3.12/site-packages/airflow/example_dags/example_branch_labels.py took 0.199 seconds
[2025-01-07T11:52:15.340+0000] {processor.py:186} INFO - Started process (PID=615) to work on /home/airflow/.local/lib/python3.12/site-packages/airflow/example_dags/example_branch_labels.py
[2025-01-07T11:52:15.341+0000] {processor.py:914} INFO - Processing file /home/airflow/.local/lib/python3.12/site-packages/airflow/example_dags/example_branch_labels.py for tasks to queue
[2025-01-07T11:52:15.344+0000] {logging_mixin.py:190} INFO - [2025-01-07T11:52:15.343+0000] {dagbag.py:588} INFO - Filling up the DagBag from /home/airflow/.local/lib/python3.12/site-packages/airflow/example_dags/example_branch_labels.py
[2025-01-07T11:52:15.353+0000] {processor.py:925} INFO - DAG(s) 'example_branch_labels' retrieved from /home/airflow/.local/lib/python3.12/site-packages/airflow/example_dags/example_branch_labels.py
[2025-01-07T11:52:15.373+0000] {logging_mixin.py:190} INFO - [2025-01-07T11:52:15.373+0000] {dag.py:3239} INFO - Sync 1 DAGs
[2025-01-07T11:52:15.395+0000] {logging_mixin.py:190} INFO - [2025-01-07T11:52:15.395+0000] {dag.py:4180} INFO - Setting next_dagrun for example_branch_labels to 2025-01-06 00:00:00+00:00, run_after=2025-01-07 00:00:00+00:00
[2025-01-07T11:52:15.411+0000] {processor.py:208} INFO - Processing /home/airflow/.local/lib/python3.12/site-packages/airflow/example_dags/example_branch_labels.py took 0.077 seconds
[2025-01-07T11:52:45.988+0000] {processor.py:186} INFO - Started process (PID=678) to work on /home/airflow/.local/lib/python3.12/site-packages/airflow/example_dags/example_branch_labels.py
[2025-01-07T11:52:45.989+0000] {processor.py:914} INFO - Processing file /home/airflow/.local/lib/python3.12/site-packages/airflow/example_dags/example_branch_labels.py for tasks to queue
[2025-01-07T11:52:45.992+0000] {logging_mixin.py:190} INFO - [2025-01-07T11:52:45.992+0000] {dagbag.py:588} INFO - Filling up the DagBag from /home/airflow/.local/lib/python3.12/site-packages/airflow/example_dags/example_branch_labels.py
[2025-01-07T11:52:46.003+0000] {processor.py:925} INFO - DAG(s) 'example_branch_labels' retrieved from /home/airflow/.local/lib/python3.12/site-packages/airflow/example_dags/example_branch_labels.py
[2025-01-07T11:52:46.026+0000] {logging_mixin.py:190} INFO - [2025-01-07T11:52:46.026+0000] {dag.py:3239} INFO - Sync 1 DAGs
[2025-01-07T11:52:46.053+0000] {logging_mixin.py:190} INFO - [2025-01-07T11:52:46.052+0000] {dag.py:4180} INFO - Setting next_dagrun for example_branch_labels to 2025-01-06 00:00:00+00:00, run_after=2025-01-07 00:00:00+00:00
[2025-01-07T11:52:46.073+0000] {processor.py:208} INFO - Processing /home/airflow/.local/lib/python3.12/site-packages/airflow/example_dags/example_branch_labels.py took 0.091 seconds
[2025-01-07T11:53:16.392+0000] {processor.py:186} INFO - Started process (PID=741) to work on /home/airflow/.local/lib/python3.12/site-packages/airflow/example_dags/example_branch_labels.py
[2025-01-07T11:53:16.393+0000] {processor.py:914} INFO - Processing file /home/airflow/.local/lib/python3.12/site-packages/airflow/example_dags/example_branch_labels.py for tasks to queue
[2025-01-07T11:53:16.395+0000] {logging_mixin.py:190} INFO - [2025-01-07T11:53:16.395+0000] {dagbag.py:588} INFO - Filling up the DagBag from /home/airflow/.local/lib/python3.12/site-packages/airflow/example_dags/example_branch_labels.py
[2025-01-07T11:53:16.404+0000] {processor.py:925} INFO - DAG(s) 'example_branch_labels' retrieved from /home/airflow/.local/lib/python3.12/site-packages/airflow/example_dags/example_branch_labels.py
[2025-01-07T11:53:16.426+0000] {logging_mixin.py:190} INFO - [2025-01-07T11:53:16.425+0000] {dag.py:3239} INFO - Sync 1 DAGs
[2025-01-07T11:53:16.450+0000] {logging_mixin.py:190} INFO - [2025-01-07T11:53:16.450+0000] {dag.py:4180} INFO - Setting next_dagrun for example_branch_labels to 2025-01-06 00:00:00+00:00, run_after=2025-01-07 00:00:00+00:00
[2025-01-07T11:53:16.470+0000] {processor.py:208} INFO - Processing /home/airflow/.local/lib/python3.12/site-packages/airflow/example_dags/example_branch_labels.py took 0.085 seconds
[2025-01-07T11:53:46.888+0000] {processor.py:186} INFO - Started process (PID=810) to work on /home/airflow/.local/lib/python3.12/site-packages/airflow/example_dags/example_branch_labels.py
[2025-01-07T11:53:46.889+0000] {processor.py:914} INFO - Processing file /home/airflow/.local/lib/python3.12/site-packages/airflow/example_dags/example_branch_labels.py for tasks to queue
[2025-01-07T11:53:46.891+0000] {logging_mixin.py:190} INFO - [2025-01-07T11:53:46.891+0000] {dagbag.py:588} INFO - Filling up the DagBag from /home/airflow/.local/lib/python3.12/site-packages/airflow/example_dags/example_branch_labels.py
[2025-01-07T11:53:46.902+0000] {processor.py:925} INFO - DAG(s) 'example_branch_labels' retrieved from /home/airflow/.local/lib/python3.12/site-packages/airflow/example_dags/example_branch_labels.py
[2025-01-07T11:53:46.926+0000] {logging_mixin.py:190} INFO - [2025-01-07T11:53:46.926+0000] {dag.py:3239} INFO - Sync 1 DAGs
[2025-01-07T11:53:46.953+0000] {logging_mixin.py:190} INFO - [2025-01-07T11:53:46.953+0000] {dag.py:4180} INFO - Setting next_dagrun for example_branch_labels to 2025-01-06 00:00:00+00:00, run_after=2025-01-07 00:00:00+00:00
[2025-01-07T11:53:46.973+0000] {processor.py:208} INFO - Processing /home/airflow/.local/lib/python3.12/site-packages/airflow/example_dags/example_branch_labels.py took 0.091 seconds
[2025-01-07T11:54:17.557+0000] {processor.py:186} INFO - Started process (PID=873) to work on /home/airflow/.local/lib/python3.12/site-packages/airflow/example_dags/example_branch_labels.py
[2025-01-07T11:54:17.558+0000] {processor.py:914} INFO - Processing file /home/airflow/.local/lib/python3.12/site-packages/airflow/example_dags/example_branch_labels.py for tasks to queue
[2025-01-07T11:54:17.560+0000] {logging_mixin.py:190} INFO - [2025-01-07T11:54:17.560+0000] {dagbag.py:588} INFO - Filling up the DagBag from /home/airflow/.local/lib/python3.12/site-packages/airflow/example_dags/example_branch_labels.py
[2025-01-07T11:54:17.573+0000] {processor.py:925} INFO - DAG(s) 'example_branch_labels' retrieved from /home/airflow/.local/lib/python3.12/site-packages/airflow/example_dags/example_branch_labels.py
[2025-01-07T11:54:17.596+0000] {logging_mixin.py:190} INFO - [2025-01-07T11:54:17.596+0000] {dag.py:3239} INFO - Sync 1 DAGs
[2025-01-07T11:54:17.621+0000] {logging_mixin.py:190} INFO - [2025-01-07T11:54:17.621+0000] {dag.py:4180} INFO - Setting next_dagrun for example_branch_labels to 2025-01-06 00:00:00+00:00, run_after=2025-01-07 00:00:00+00:00
[2025-01-07T11:54:17.640+0000] {processor.py:208} INFO - Processing /home/airflow/.local/lib/python3.12/site-packages/airflow/example_dags/example_branch_labels.py took 0.089 seconds
[2025-01-07T11:54:47.867+0000] {processor.py:186} INFO - Started process (PID=936) to work on /home/airflow/.local/lib/python3.12/site-packages/airflow/example_dags/example_branch_labels.py
[2025-01-07T11:54:47.868+0000] {processor.py:914} INFO - Processing file /home/airflow/.local/lib/python3.12/site-packages/airflow/example_dags/example_branch_labels.py for tasks to queue
[2025-01-07T11:54:47.871+0000] {logging_mixin.py:190} INFO - [2025-01-07T11:54:47.871+0000] {dagbag.py:588} INFO - Filling up the DagBag from /home/airflow/.local/lib/python3.12/site-packages/airflow/example_dags/example_branch_labels.py
[2025-01-07T11:54:47.881+0000] {processor.py:925} INFO - DAG(s) 'example_branch_labels' retrieved from /home/airflow/.local/lib/python3.12/site-packages/airflow/example_dags/example_branch_labels.py
[2025-01-07T11:54:47.904+0000] {logging_mixin.py:190} INFO - [2025-01-07T11:54:47.904+0000] {dag.py:3239} INFO - Sync 1 DAGs
[2025-01-07T11:54:47.930+0000] {logging_mixin.py:190} INFO - [2025-01-07T11:54:47.930+0000] {dag.py:4180} INFO - Setting next_dagrun for example_branch_labels to 2025-01-06 00:00:00+00:00, run_after=2025-01-07 00:00:00+00:00
[2025-01-07T11:54:47.964+0000] {processor.py:208} INFO - Processing /home/airflow/.local/lib/python3.12/site-packages/airflow/example_dags/example_branch_labels.py took 0.102 seconds
[2025-01-07T11:55:18.705+0000] {processor.py:186} INFO - Started process (PID=999) to work on /home/airflow/.local/lib/python3.12/site-packages/airflow/example_dags/example_branch_labels.py
[2025-01-07T11:55:18.708+0000] {processor.py:914} INFO - Processing file /home/airflow/.local/lib/python3.12/site-packages/airflow/example_dags/example_branch_labels.py for tasks to queue
[2025-01-07T11:55:18.712+0000] {logging_mixin.py:190} INFO - [2025-01-07T11:55:18.712+0000] {dagbag.py:588} INFO - Filling up the DagBag from /home/airflow/.local/lib/python3.12/site-packages/airflow/example_dags/example_branch_labels.py
[2025-01-07T11:55:18.727+0000] {processor.py:925} INFO - DAG(s) 'example_branch_labels' retrieved from /home/airflow/.local/lib/python3.12/site-packages/airflow/example_dags/example_branch_labels.py
[2025-01-07T11:55:18.751+0000] {logging_mixin.py:190} INFO - [2025-01-07T11:55:18.751+0000] {dag.py:3239} INFO - Sync 1 DAGs
[2025-01-07T11:55:18.774+0000] {logging_mixin.py:190} INFO - [2025-01-07T11:55:18.773+0000] {dag.py:4180} INFO - Setting next_dagrun for example_branch_labels to 2025-01-06 00:00:00+00:00, run_after=2025-01-07 00:00:00+00:00
[2025-01-07T11:55:18.791+0000] {processor.py:208} INFO - Processing /home/airflow/.local/lib/python3.12/site-packages/airflow/example_dags/example_branch_labels.py took 0.101 seconds
[2025-01-07T11:55:49.030+0000] {processor.py:186} INFO - Started process (PID=1062) to work on /home/airflow/.local/lib/python3.12/site-packages/airflow/example_dags/example_branch_labels.py
[2025-01-07T11:55:49.031+0000] {processor.py:914} INFO - Processing file /home/airflow/.local/lib/python3.12/site-packages/airflow/example_dags/example_branch_labels.py for tasks to queue
[2025-01-07T11:55:49.034+0000] {logging_mixin.py:190} INFO - [2025-01-07T11:55:49.033+0000] {dagbag.py:588} INFO - Filling up the DagBag from /home/airflow/.local/lib/python3.12/site-packages/airflow/example_dags/example_branch_labels.py
[2025-01-07T11:55:49.043+0000] {processor.py:925} INFO - DAG(s) 'example_branch_labels' retrieved from /home/airflow/.local/lib/python3.12/site-packages/airflow/example_dags/example_branch_labels.py
[2025-01-07T11:55:49.064+0000] {logging_mixin.py:190} INFO - [2025-01-07T11:55:49.063+0000] {dag.py:3239} INFO - Sync 1 DAGs
[2025-01-07T11:55:49.092+0000] {logging_mixin.py:190} INFO - [2025-01-07T11:55:49.092+0000] {dag.py:4180} INFO - Setting next_dagrun for example_branch_labels to 2025-01-06 00:00:00+00:00, run_after=2025-01-07 00:00:00+00:00
[2025-01-07T11:55:49.126+0000] {processor.py:208} INFO - Processing /home/airflow/.local/lib/python3.12/site-packages/airflow/example_dags/example_branch_labels.py took 0.101 seconds
[2025-01-07T11:56:19.234+0000] {processor.py:186} INFO - Started process (PID=1123) to work on /home/airflow/.local/lib/python3.12/site-packages/airflow/example_dags/example_branch_labels.py
[2025-01-07T11:56:19.235+0000] {processor.py:914} INFO - Processing file /home/airflow/.local/lib/python3.12/site-packages/airflow/example_dags/example_branch_labels.py for tasks to queue
[2025-01-07T11:56:19.239+0000] {logging_mixin.py:190} INFO - [2025-01-07T11:56:19.238+0000] {dagbag.py:588} INFO - Filling up the DagBag from /home/airflow/.local/lib/python3.12/site-packages/airflow/example_dags/example_branch_labels.py
[2025-01-07T11:56:19.266+0000] {processor.py:925} INFO - DAG(s) 'example_branch_labels' retrieved from /home/airflow/.local/lib/python3.12/site-packages/airflow/example_dags/example_branch_labels.py
[2025-01-07T11:56:19.286+0000] {logging_mixin.py:190} INFO - [2025-01-07T11:56:19.286+0000] {dag.py:3239} INFO - Sync 1 DAGs
[2025-01-07T11:56:19.308+0000] {logging_mixin.py:190} INFO - [2025-01-07T11:56:19.308+0000] {dag.py:4180} INFO - Setting next_dagrun for example_branch_labels to 2025-01-06 00:00:00+00:00, run_after=2025-01-07 00:00:00+00:00
[2025-01-07T11:56:19.326+0000] {processor.py:208} INFO - Processing /home/airflow/.local/lib/python3.12/site-packages/airflow/example_dags/example_branch_labels.py took 0.103 seconds
[2025-01-07T11:56:49.604+0000] {processor.py:186} INFO - Started process (PID=1186) to work on /home/airflow/.local/lib/python3.12/site-packages/airflow/example_dags/example_branch_labels.py
[2025-01-07T11:56:49.605+0000] {processor.py:914} INFO - Processing file /home/airflow/.local/lib/python3.12/site-packages/airflow/example_dags/example_branch_labels.py for tasks to queue
[2025-01-07T11:56:49.607+0000] {logging_mixin.py:190} INFO - [2025-01-07T11:56:49.607+0000] {dagbag.py:588} INFO - Filling up the DagBag from /home/airflow/.local/lib/python3.12/site-packages/airflow/example_dags/example_branch_labels.py
[2025-01-07T11:56:49.617+0000] {processor.py:925} INFO - DAG(s) 'example_branch_labels' retrieved from /home/airflow/.local/lib/python3.12/site-packages/airflow/example_dags/example_branch_labels.py
[2025-01-07T11:56:49.637+0000] {logging_mixin.py:190} INFO - [2025-01-07T11:56:49.636+0000] {dag.py:3239} INFO - Sync 1 DAGs
[2025-01-07T11:56:49.660+0000] {logging_mixin.py:190} INFO - [2025-01-07T11:56:49.660+0000] {dag.py:4180} INFO - Setting next_dagrun for example_branch_labels to 2025-01-06 00:00:00+00:00, run_after=2025-01-07 00:00:00+00:00
[2025-01-07T11:56:49.678+0000] {processor.py:208} INFO - Processing /home/airflow/.local/lib/python3.12/site-packages/airflow/example_dags/example_branch_labels.py took 0.080 seconds
[2025-01-07T11:57:19.921+0000] {processor.py:186} INFO - Started process (PID=1249) to work on /home/airflow/.local/lib/python3.12/site-packages/airflow/example_dags/example_branch_labels.py
[2025-01-07T11:57:19.922+0000] {processor.py:914} INFO - Processing file /home/airflow/.local/lib/python3.12/site-packages/airflow/example_dags/example_branch_labels.py for tasks to queue
[2025-01-07T11:57:19.924+0000] {logging_mixin.py:190} INFO - [2025-01-07T11:57:19.924+0000] {dagbag.py:588} INFO - Filling up the DagBag from /home/airflow/.local/lib/python3.12/site-packages/airflow/example_dags/example_branch_labels.py
[2025-01-07T11:57:19.935+0000] {processor.py:925} INFO - DAG(s) 'example_branch_labels' retrieved from /home/airflow/.local/lib/python3.12/site-packages/airflow/example_dags/example_branch_labels.py
[2025-01-07T11:57:19.956+0000] {logging_mixin.py:190} INFO - [2025-01-07T11:57:19.956+0000] {dag.py:3239} INFO - Sync 1 DAGs
[2025-01-07T11:57:19.983+0000] {logging_mixin.py:190} INFO - [2025-01-07T11:57:19.982+0000] {dag.py:4180} INFO - Setting next_dagrun for example_branch_labels to 2025-01-06 00:00:00+00:00, run_after=2025-01-07 00:00:00+00:00
[2025-01-07T11:57:20.001+0000] {processor.py:208} INFO - Processing /home/airflow/.local/lib/python3.12/site-packages/airflow/example_dags/example_branch_labels.py took 0.085 seconds
[2025-01-07T11:57:50.374+0000] {processor.py:186} INFO - Started process (PID=1320) to work on /home/airflow/.local/lib/python3.12/site-packages/airflow/example_dags/example_branch_labels.py
[2025-01-07T11:57:50.376+0000] {processor.py:914} INFO - Processing file /home/airflow/.local/lib/python3.12/site-packages/airflow/example_dags/example_branch_labels.py for tasks to queue
[2025-01-07T11:57:50.379+0000] {logging_mixin.py:190} INFO - [2025-01-07T11:57:50.378+0000] {dagbag.py:588} INFO - Filling up the DagBag from /home/airflow/.local/lib/python3.12/site-packages/airflow/example_dags/example_branch_labels.py
[2025-01-07T11:57:50.477+0000] {processor.py:925} INFO - DAG(s) 'example_branch_labels' retrieved from /home/airflow/.local/lib/python3.12/site-packages/airflow/example_dags/example_branch_labels.py
[2025-01-07T11:57:50.817+0000] {logging_mixin.py:190} INFO - [2025-01-07T11:57:50.816+0000] {dag.py:3239} INFO - Sync 1 DAGs
[2025-01-07T11:57:51.096+0000] {logging_mixin.py:190} INFO - [2025-01-07T11:57:51.095+0000] {dag.py:4180} INFO - Setting next_dagrun for example_branch_labels to 2025-01-06 00:00:00+00:00, run_after=2025-01-07 00:00:00+00:00
[2025-01-07T11:57:51.242+0000] {processor.py:208} INFO - Processing /home/airflow/.local/lib/python3.12/site-packages/airflow/example_dags/example_branch_labels.py took 0.883 seconds
[2025-01-07T11:58:21.969+0000] {processor.py:186} INFO - Started process (PID=1383) to work on /home/airflow/.local/lib/python3.12/site-packages/airflow/example_dags/example_branch_labels.py
[2025-01-07T11:58:21.970+0000] {processor.py:914} INFO - Processing file /home/airflow/.local/lib/python3.12/site-packages/airflow/example_dags/example_branch_labels.py for tasks to queue
[2025-01-07T11:58:21.972+0000] {logging_mixin.py:190} INFO - [2025-01-07T11:58:21.972+0000] {dagbag.py:588} INFO - Filling up the DagBag from /home/airflow/.local/lib/python3.12/site-packages/airflow/example_dags/example_branch_labels.py
[2025-01-07T11:58:21.982+0000] {processor.py:925} INFO - DAG(s) 'example_branch_labels' retrieved from /home/airflow/.local/lib/python3.12/site-packages/airflow/example_dags/example_branch_labels.py
[2025-01-07T11:58:22.004+0000] {logging_mixin.py:190} INFO - [2025-01-07T11:58:22.004+0000] {dag.py:3239} INFO - Sync 1 DAGs
[2025-01-07T11:58:22.028+0000] {logging_mixin.py:190} INFO - [2025-01-07T11:58:22.028+0000] {dag.py:4180} INFO - Setting next_dagrun for example_branch_labels to 2025-01-06 00:00:00+00:00, run_after=2025-01-07 00:00:00+00:00
[2025-01-07T11:58:22.052+0000] {processor.py:208} INFO - Processing /home/airflow/.local/lib/python3.12/site-packages/airflow/example_dags/example_branch_labels.py took 0.088 seconds
[2025-01-07T11:58:52.229+0000] {processor.py:186} INFO - Started process (PID=1446) to work on /home/airflow/.local/lib/python3.12/site-packages/airflow/example_dags/example_branch_labels.py
[2025-01-07T11:58:52.230+0000] {processor.py:914} INFO - Processing file /home/airflow/.local/lib/python3.12/site-packages/airflow/example_dags/example_branch_labels.py for tasks to queue
[2025-01-07T11:58:52.232+0000] {logging_mixin.py:190} INFO - [2025-01-07T11:58:52.232+0000] {dagbag.py:588} INFO - Filling up the DagBag from /home/airflow/.local/lib/python3.12/site-packages/airflow/example_dags/example_branch_labels.py
[2025-01-07T11:58:52.242+0000] {processor.py:925} INFO - DAG(s) 'example_branch_labels' retrieved from /home/airflow/.local/lib/python3.12/site-packages/airflow/example_dags/example_branch_labels.py
[2025-01-07T11:58:52.271+0000] {logging_mixin.py:190} INFO - [2025-01-07T11:58:52.270+0000] {dag.py:3239} INFO - Sync 1 DAGs
[2025-01-07T11:58:52.296+0000] {logging_mixin.py:190} INFO - [2025-01-07T11:58:52.296+0000] {dag.py:4180} INFO - Setting next_dagrun for example_branch_labels to 2025-01-06 00:00:00+00:00, run_after=2025-01-07 00:00:00+00:00
[2025-01-07T11:58:52.317+0000] {processor.py:208} INFO - Processing /home/airflow/.local/lib/python3.12/site-packages/airflow/example_dags/example_branch_labels.py took 0.094 seconds
[2025-01-07T11:59:22.596+0000] {processor.py:186} INFO - Started process (PID=1510) to work on /home/airflow/.local/lib/python3.12/site-packages/airflow/example_dags/example_branch_labels.py
[2025-01-07T11:59:22.597+0000] {processor.py:914} INFO - Processing file /home/airflow/.local/lib/python3.12/site-packages/airflow/example_dags/example_branch_labels.py for tasks to queue
[2025-01-07T11:59:22.599+0000] {logging_mixin.py:190} INFO - [2025-01-07T11:59:22.599+0000] {dagbag.py:588} INFO - Filling up the DagBag from /home/airflow/.local/lib/python3.12/site-packages/airflow/example_dags/example_branch_labels.py
[2025-01-07T11:59:22.608+0000] {processor.py:925} INFO - DAG(s) 'example_branch_labels' retrieved from /home/airflow/.local/lib/python3.12/site-packages/airflow/example_dags/example_branch_labels.py
[2025-01-07T11:59:22.628+0000] {logging_mixin.py:190} INFO - [2025-01-07T11:59:22.628+0000] {dag.py:3239} INFO - Sync 1 DAGs
[2025-01-07T11:59:22.650+0000] {logging_mixin.py:190} INFO - [2025-01-07T11:59:22.650+0000] {dag.py:4180} INFO - Setting next_dagrun for example_branch_labels to 2025-01-06 00:00:00+00:00, run_after=2025-01-07 00:00:00+00:00
[2025-01-07T11:59:22.669+0000] {processor.py:208} INFO - Processing /home/airflow/.local/lib/python3.12/site-packages/airflow/example_dags/example_branch_labels.py took 0.078 seconds
[2025-01-07T11:59:53.384+0000] {processor.py:186} INFO - Started process (PID=1573) to work on /home/airflow/.local/lib/python3.12/site-packages/airflow/example_dags/example_branch_labels.py
[2025-01-07T11:59:53.385+0000] {processor.py:914} INFO - Processing file /home/airflow/.local/lib/python3.12/site-packages/airflow/example_dags/example_branch_labels.py for tasks to queue
[2025-01-07T11:59:53.387+0000] {logging_mixin.py:190} INFO - [2025-01-07T11:59:53.387+0000] {dagbag.py:588} INFO - Filling up the DagBag from /home/airflow/.local/lib/python3.12/site-packages/airflow/example_dags/example_branch_labels.py
[2025-01-07T11:59:53.396+0000] {processor.py:925} INFO - DAG(s) 'example_branch_labels' retrieved from /home/airflow/.local/lib/python3.12/site-packages/airflow/example_dags/example_branch_labels.py
[2025-01-07T11:59:53.416+0000] {logging_mixin.py:190} INFO - [2025-01-07T11:59:53.416+0000] {dag.py:3239} INFO - Sync 1 DAGs
[2025-01-07T11:59:53.438+0000] {logging_mixin.py:190} INFO - [2025-01-07T11:59:53.438+0000] {dag.py:4180} INFO - Setting next_dagrun for example_branch_labels to 2025-01-06 00:00:00+00:00, run_after=2025-01-07 00:00:00+00:00
[2025-01-07T11:59:53.457+0000] {processor.py:208} INFO - Processing /home/airflow/.local/lib/python3.12/site-packages/airflow/example_dags/example_branch_labels.py took 0.079 seconds
[2025-01-07T12:00:23.863+0000] {processor.py:186} INFO - Started process (PID=1636) to work on /home/airflow/.local/lib/python3.12/site-packages/airflow/example_dags/example_branch_labels.py
[2025-01-07T12:00:23.864+0000] {processor.py:914} INFO - Processing file /home/airflow/.local/lib/python3.12/site-packages/airflow/example_dags/example_branch_labels.py for tasks to queue
[2025-01-07T12:00:23.866+0000] {logging_mixin.py:190} INFO - [2025-01-07T12:00:23.866+0000] {dagbag.py:588} INFO - Filling up the DagBag from /home/airflow/.local/lib/python3.12/site-packages/airflow/example_dags/example_branch_labels.py
[2025-01-07T12:00:23.877+0000] {processor.py:925} INFO - DAG(s) 'example_branch_labels' retrieved from /home/airflow/.local/lib/python3.12/site-packages/airflow/example_dags/example_branch_labels.py
[2025-01-07T12:00:23.900+0000] {logging_mixin.py:190} INFO - [2025-01-07T12:00:23.900+0000] {dag.py:3239} INFO - Sync 1 DAGs
[2025-01-07T12:00:23.926+0000] {logging_mixin.py:190} INFO - [2025-01-07T12:00:23.926+0000] {dag.py:4180} INFO - Setting next_dagrun for example_branch_labels to 2025-01-06 00:00:00+00:00, run_after=2025-01-07 00:00:00+00:00
[2025-01-07T12:00:23.948+0000] {processor.py:208} INFO - Processing /home/airflow/.local/lib/python3.12/site-packages/airflow/example_dags/example_branch_labels.py took 0.091 seconds
[2025-01-07T12:00:54.019+0000] {processor.py:186} INFO - Started process (PID=1699) to work on /home/airflow/.local/lib/python3.12/site-packages/airflow/example_dags/example_branch_labels.py
[2025-01-07T12:00:54.020+0000] {processor.py:914} INFO - Processing file /home/airflow/.local/lib/python3.12/site-packages/airflow/example_dags/example_branch_labels.py for tasks to queue
[2025-01-07T12:00:54.023+0000] {logging_mixin.py:190} INFO - [2025-01-07T12:00:54.023+0000] {dagbag.py:588} INFO - Filling up the DagBag from /home/airflow/.local/lib/python3.12/site-packages/airflow/example_dags/example_branch_labels.py
[2025-01-07T12:00:54.037+0000] {processor.py:925} INFO - DAG(s) 'example_branch_labels' retrieved from /home/airflow/.local/lib/python3.12/site-packages/airflow/example_dags/example_branch_labels.py
[2025-01-07T12:00:54.065+0000] {logging_mixin.py:190} INFO - [2025-01-07T12:00:54.064+0000] {dag.py:3239} INFO - Sync 1 DAGs
[2025-01-07T12:00:54.116+0000] {logging_mixin.py:190} INFO - [2025-01-07T12:00:54.115+0000] {dag.py:4180} INFO - Setting next_dagrun for example_branch_labels to 2025-01-06 00:00:00+00:00, run_after=2025-01-07 00:00:00+00:00
[2025-01-07T12:00:54.145+0000] {processor.py:208} INFO - Processing /home/airflow/.local/lib/python3.12/site-packages/airflow/example_dags/example_branch_labels.py took 0.134 seconds
[2025-01-07T12:01:24.289+0000] {processor.py:186} INFO - Started process (PID=1762) to work on /home/airflow/.local/lib/python3.12/site-packages/airflow/example_dags/example_branch_labels.py
[2025-01-07T12:01:24.290+0000] {processor.py:914} INFO - Processing file /home/airflow/.local/lib/python3.12/site-packages/airflow/example_dags/example_branch_labels.py for tasks to queue
[2025-01-07T12:01:24.293+0000] {logging_mixin.py:190} INFO - [2025-01-07T12:01:24.293+0000] {dagbag.py:588} INFO - Filling up the DagBag from /home/airflow/.local/lib/python3.12/site-packages/airflow/example_dags/example_branch_labels.py
[2025-01-07T12:01:24.305+0000] {processor.py:925} INFO - DAG(s) 'example_branch_labels' retrieved from /home/airflow/.local/lib/python3.12/site-packages/airflow/example_dags/example_branch_labels.py
[2025-01-07T12:01:24.327+0000] {logging_mixin.py:190} INFO - [2025-01-07T12:01:24.327+0000] {dag.py:3239} INFO - Sync 1 DAGs
[2025-01-07T12:01:24.353+0000] {logging_mixin.py:190} INFO - [2025-01-07T12:01:24.352+0000] {dag.py:4180} INFO - Setting next_dagrun for example_branch_labels to 2025-01-06 00:00:00+00:00, run_after=2025-01-07 00:00:00+00:00
[2025-01-07T12:01:24.374+0000] {processor.py:208} INFO - Processing /home/airflow/.local/lib/python3.12/site-packages/airflow/example_dags/example_branch_labels.py took 0.092 seconds
[2025-01-07T12:01:54.759+0000] {processor.py:186} INFO - Started process (PID=1824) to work on /home/airflow/.local/lib/python3.12/site-packages/airflow/example_dags/example_branch_labels.py
[2025-01-07T12:01:54.760+0000] {processor.py:914} INFO - Processing file /home/airflow/.local/lib/python3.12/site-packages/airflow/example_dags/example_branch_labels.py for tasks to queue
[2025-01-07T12:01:54.763+0000] {logging_mixin.py:190} INFO - [2025-01-07T12:01:54.762+0000] {dagbag.py:588} INFO - Filling up the DagBag from /home/airflow/.local/lib/python3.12/site-packages/airflow/example_dags/example_branch_labels.py
[2025-01-07T12:01:54.772+0000] {processor.py:925} INFO - DAG(s) 'example_branch_labels' retrieved from /home/airflow/.local/lib/python3.12/site-packages/airflow/example_dags/example_branch_labels.py
[2025-01-07T12:01:54.791+0000] {logging_mixin.py:190} INFO - [2025-01-07T12:01:54.791+0000] {dag.py:3239} INFO - Sync 1 DAGs
[2025-01-07T12:01:54.814+0000] {logging_mixin.py:190} INFO - [2025-01-07T12:01:54.814+0000] {dag.py:4180} INFO - Setting next_dagrun for example_branch_labels to 2025-01-06 00:00:00+00:00, run_after=2025-01-07 00:00:00+00:00
[2025-01-07T12:01:54.832+0000] {processor.py:208} INFO - Processing /home/airflow/.local/lib/python3.12/site-packages/airflow/example_dags/example_branch_labels.py took 0.079 seconds
[2025-01-07T12:02:25.333+0000] {processor.py:186} INFO - Started process (PID=1887) to work on /home/airflow/.local/lib/python3.12/site-packages/airflow/example_dags/example_branch_labels.py
[2025-01-07T12:02:25.334+0000] {processor.py:914} INFO - Processing file /home/airflow/.local/lib/python3.12/site-packages/airflow/example_dags/example_branch_labels.py for tasks to queue
[2025-01-07T12:02:25.337+0000] {logging_mixin.py:190} INFO - [2025-01-07T12:02:25.337+0000] {dagbag.py:588} INFO - Filling up the DagBag from /home/airflow/.local/lib/python3.12/site-packages/airflow/example_dags/example_branch_labels.py
[2025-01-07T12:02:25.348+0000] {processor.py:925} INFO - DAG(s) 'example_branch_labels' retrieved from /home/airflow/.local/lib/python3.12/site-packages/airflow/example_dags/example_branch_labels.py
[2025-01-07T12:02:25.374+0000] {logging_mixin.py:190} INFO - [2025-01-07T12:02:25.374+0000] {dag.py:3239} INFO - Sync 1 DAGs
[2025-01-07T12:02:25.400+0000] {logging_mixin.py:190} INFO - [2025-01-07T12:02:25.399+0000] {dag.py:4180} INFO - Setting next_dagrun for example_branch_labels to 2025-01-06 00:00:00+00:00, run_after=2025-01-07 00:00:00+00:00
[2025-01-07T12:02:25.421+0000] {processor.py:208} INFO - Processing /home/airflow/.local/lib/python3.12/site-packages/airflow/example_dags/example_branch_labels.py took 0.096 seconds
[2025-01-07T12:02:56.020+0000] {processor.py:186} INFO - Started process (PID=1950) to work on /home/airflow/.local/lib/python3.12/site-packages/airflow/example_dags/example_branch_labels.py
[2025-01-07T12:02:56.021+0000] {processor.py:914} INFO - Processing file /home/airflow/.local/lib/python3.12/site-packages/airflow/example_dags/example_branch_labels.py for tasks to queue
[2025-01-07T12:02:56.024+0000] {logging_mixin.py:190} INFO - [2025-01-07T12:02:56.023+0000] {dagbag.py:588} INFO - Filling up the DagBag from /home/airflow/.local/lib/python3.12/site-packages/airflow/example_dags/example_branch_labels.py
[2025-01-07T12:02:56.034+0000] {processor.py:925} INFO - DAG(s) 'example_branch_labels' retrieved from /home/airflow/.local/lib/python3.12/site-packages/airflow/example_dags/example_branch_labels.py
[2025-01-07T12:02:56.056+0000] {logging_mixin.py:190} INFO - [2025-01-07T12:02:56.056+0000] {dag.py:3239} INFO - Sync 1 DAGs
[2025-01-07T12:02:56.079+0000] {logging_mixin.py:190} INFO - [2025-01-07T12:02:56.079+0000] {dag.py:4180} INFO - Setting next_dagrun for example_branch_labels to 2025-01-06 00:00:00+00:00, run_after=2025-01-07 00:00:00+00:00
[2025-01-07T12:02:56.098+0000] {processor.py:208} INFO - Processing /home/airflow/.local/lib/python3.12/site-packages/airflow/example_dags/example_branch_labels.py took 0.084 seconds
[2025-01-07T12:03:26.268+0000] {processor.py:186} INFO - Started process (PID=2013) to work on /home/airflow/.local/lib/python3.12/site-packages/airflow/example_dags/example_branch_labels.py
[2025-01-07T12:03:26.269+0000] {processor.py:914} INFO - Processing file /home/airflow/.local/lib/python3.12/site-packages/airflow/example_dags/example_branch_labels.py for tasks to queue
[2025-01-07T12:03:26.272+0000] {logging_mixin.py:190} INFO - [2025-01-07T12:03:26.271+0000] {dagbag.py:588} INFO - Filling up the DagBag from /home/airflow/.local/lib/python3.12/site-packages/airflow/example_dags/example_branch_labels.py
[2025-01-07T12:03:26.284+0000] {processor.py:925} INFO - DAG(s) 'example_branch_labels' retrieved from /home/airflow/.local/lib/python3.12/site-packages/airflow/example_dags/example_branch_labels.py
[2025-01-07T12:03:26.315+0000] {logging_mixin.py:190} INFO - [2025-01-07T12:03:26.315+0000] {dag.py:3239} INFO - Sync 1 DAGs
[2025-01-07T12:03:26.345+0000] {logging_mixin.py:190} INFO - [2025-01-07T12:03:26.345+0000] {dag.py:4180} INFO - Setting next_dagrun for example_branch_labels to 2025-01-06 00:00:00+00:00, run_after=2025-01-07 00:00:00+00:00
[2025-01-07T12:03:26.370+0000] {processor.py:208} INFO - Processing /home/airflow/.local/lib/python3.12/site-packages/airflow/example_dags/example_branch_labels.py took 0.108 seconds
[2025-01-07T12:03:56.759+0000] {processor.py:186} INFO - Started process (PID=2076) to work on /home/airflow/.local/lib/python3.12/site-packages/airflow/example_dags/example_branch_labels.py
[2025-01-07T12:03:56.761+0000] {processor.py:914} INFO - Processing file /home/airflow/.local/lib/python3.12/site-packages/airflow/example_dags/example_branch_labels.py for tasks to queue
[2025-01-07T12:03:56.764+0000] {logging_mixin.py:190} INFO - [2025-01-07T12:03:56.763+0000] {dagbag.py:588} INFO - Filling up the DagBag from /home/airflow/.local/lib/python3.12/site-packages/airflow/example_dags/example_branch_labels.py
[2025-01-07T12:03:56.778+0000] {processor.py:925} INFO - DAG(s) 'example_branch_labels' retrieved from /home/airflow/.local/lib/python3.12/site-packages/airflow/example_dags/example_branch_labels.py
[2025-01-07T12:03:56.804+0000] {logging_mixin.py:190} INFO - [2025-01-07T12:03:56.804+0000] {dag.py:3239} INFO - Sync 1 DAGs
[2025-01-07T12:03:56.834+0000] {logging_mixin.py:190} INFO - [2025-01-07T12:03:56.834+0000] {dag.py:4180} INFO - Setting next_dagrun for example_branch_labels to 2025-01-06 00:00:00+00:00, run_after=2025-01-07 00:00:00+00:00
[2025-01-07T12:03:56.861+0000] {processor.py:208} INFO - Processing /home/airflow/.local/lib/python3.12/site-packages/airflow/example_dags/example_branch_labels.py took 0.108 seconds
[2025-01-07T12:04:27.009+0000] {processor.py:186} INFO - Started process (PID=2139) to work on /home/airflow/.local/lib/python3.12/site-packages/airflow/example_dags/example_branch_labels.py
[2025-01-07T12:04:27.010+0000] {processor.py:914} INFO - Processing file /home/airflow/.local/lib/python3.12/site-packages/airflow/example_dags/example_branch_labels.py for tasks to queue
[2025-01-07T12:04:27.013+0000] {logging_mixin.py:190} INFO - [2025-01-07T12:04:27.013+0000] {dagbag.py:588} INFO - Filling up the DagBag from /home/airflow/.local/lib/python3.12/site-packages/airflow/example_dags/example_branch_labels.py
[2025-01-07T12:04:27.026+0000] {processor.py:925} INFO - DAG(s) 'example_branch_labels' retrieved from /home/airflow/.local/lib/python3.12/site-packages/airflow/example_dags/example_branch_labels.py
[2025-01-07T12:04:27.051+0000] {logging_mixin.py:190} INFO - [2025-01-07T12:04:27.051+0000] {dag.py:3239} INFO - Sync 1 DAGs
[2025-01-07T12:04:27.076+0000] {logging_mixin.py:190} INFO - [2025-01-07T12:04:27.076+0000] {dag.py:4180} INFO - Setting next_dagrun for example_branch_labels to 2025-01-06 00:00:00+00:00, run_after=2025-01-07 00:00:00+00:00
[2025-01-07T12:04:27.106+0000] {processor.py:208} INFO - Processing /home/airflow/.local/lib/python3.12/site-packages/airflow/example_dags/example_branch_labels.py took 0.105 seconds
[2025-01-07T12:04:57.277+0000] {processor.py:186} INFO - Started process (PID=2202) to work on /home/airflow/.local/lib/python3.12/site-packages/airflow/example_dags/example_branch_labels.py
[2025-01-07T12:04:57.278+0000] {processor.py:914} INFO - Processing file /home/airflow/.local/lib/python3.12/site-packages/airflow/example_dags/example_branch_labels.py for tasks to queue
[2025-01-07T12:04:57.281+0000] {logging_mixin.py:190} INFO - [2025-01-07T12:04:57.281+0000] {dagbag.py:588} INFO - Filling up the DagBag from /home/airflow/.local/lib/python3.12/site-packages/airflow/example_dags/example_branch_labels.py
[2025-01-07T12:04:57.294+0000] {processor.py:925} INFO - DAG(s) 'example_branch_labels' retrieved from /home/airflow/.local/lib/python3.12/site-packages/airflow/example_dags/example_branch_labels.py
[2025-01-07T12:04:57.320+0000] {logging_mixin.py:190} INFO - [2025-01-07T12:04:57.320+0000] {dag.py:3239} INFO - Sync 1 DAGs
[2025-01-07T12:04:57.352+0000] {logging_mixin.py:190} INFO - [2025-01-07T12:04:57.352+0000] {dag.py:4180} INFO - Setting next_dagrun for example_branch_labels to 2025-01-06 00:00:00+00:00, run_after=2025-01-07 00:00:00+00:00
[2025-01-07T12:04:57.374+0000] {processor.py:208} INFO - Processing /home/airflow/.local/lib/python3.12/site-packages/airflow/example_dags/example_branch_labels.py took 0.106 seconds
[2025-01-07T12:05:27.967+0000] {processor.py:186} INFO - Started process (PID=2265) to work on /home/airflow/.local/lib/python3.12/site-packages/airflow/example_dags/example_branch_labels.py
[2025-01-07T12:05:27.968+0000] {processor.py:914} INFO - Processing file /home/airflow/.local/lib/python3.12/site-packages/airflow/example_dags/example_branch_labels.py for tasks to queue
[2025-01-07T12:05:27.971+0000] {logging_mixin.py:190} INFO - [2025-01-07T12:05:27.971+0000] {dagbag.py:588} INFO - Filling up the DagBag from /home/airflow/.local/lib/python3.12/site-packages/airflow/example_dags/example_branch_labels.py
[2025-01-07T12:05:27.981+0000] {processor.py:925} INFO - DAG(s) 'example_branch_labels' retrieved from /home/airflow/.local/lib/python3.12/site-packages/airflow/example_dags/example_branch_labels.py
[2025-01-07T12:05:28.006+0000] {logging_mixin.py:190} INFO - [2025-01-07T12:05:28.006+0000] {dag.py:3239} INFO - Sync 1 DAGs
[2025-01-07T12:05:28.032+0000] {logging_mixin.py:190} INFO - [2025-01-07T12:05:28.032+0000] {dag.py:4180} INFO - Setting next_dagrun for example_branch_labels to 2025-01-06 00:00:00+00:00, run_after=2025-01-07 00:00:00+00:00
[2025-01-07T12:05:28.052+0000] {processor.py:208} INFO - Processing /home/airflow/.local/lib/python3.12/site-packages/airflow/example_dags/example_branch_labels.py took 0.091 seconds
[2025-01-07T12:05:58.354+0000] {processor.py:186} INFO - Started process (PID=2328) to work on /home/airflow/.local/lib/python3.12/site-packages/airflow/example_dags/example_branch_labels.py
[2025-01-07T12:05:58.355+0000] {processor.py:914} INFO - Processing file /home/airflow/.local/lib/python3.12/site-packages/airflow/example_dags/example_branch_labels.py for tasks to queue
[2025-01-07T12:05:58.359+0000] {logging_mixin.py:190} INFO - [2025-01-07T12:05:58.358+0000] {dagbag.py:588} INFO - Filling up the DagBag from /home/airflow/.local/lib/python3.12/site-packages/airflow/example_dags/example_branch_labels.py
[2025-01-07T12:05:58.372+0000] {processor.py:925} INFO - DAG(s) 'example_branch_labels' retrieved from /home/airflow/.local/lib/python3.12/site-packages/airflow/example_dags/example_branch_labels.py
[2025-01-07T12:05:58.396+0000] {logging_mixin.py:190} INFO - [2025-01-07T12:05:58.395+0000] {dag.py:3239} INFO - Sync 1 DAGs
[2025-01-07T12:05:58.427+0000] {logging_mixin.py:190} INFO - [2025-01-07T12:05:58.426+0000] {dag.py:4180} INFO - Setting next_dagrun for example_branch_labels to 2025-01-06 00:00:00+00:00, run_after=2025-01-07 00:00:00+00:00
[2025-01-07T12:05:58.450+0000] {processor.py:208} INFO - Processing /home/airflow/.local/lib/python3.12/site-packages/airflow/example_dags/example_branch_labels.py took 0.104 seconds
[2025-01-07T12:06:28.807+0000] {processor.py:186} INFO - Started process (PID=2391) to work on /home/airflow/.local/lib/python3.12/site-packages/airflow/example_dags/example_branch_labels.py
[2025-01-07T12:06:28.808+0000] {processor.py:914} INFO - Processing file /home/airflow/.local/lib/python3.12/site-packages/airflow/example_dags/example_branch_labels.py for tasks to queue
[2025-01-07T12:06:28.811+0000] {logging_mixin.py:190} INFO - [2025-01-07T12:06:28.811+0000] {dagbag.py:588} INFO - Filling up the DagBag from /home/airflow/.local/lib/python3.12/site-packages/airflow/example_dags/example_branch_labels.py
[2025-01-07T12:06:28.824+0000] {processor.py:925} INFO - DAG(s) 'example_branch_labels' retrieved from /home/airflow/.local/lib/python3.12/site-packages/airflow/example_dags/example_branch_labels.py
[2025-01-07T12:06:28.853+0000] {logging_mixin.py:190} INFO - [2025-01-07T12:06:28.853+0000] {dag.py:3239} INFO - Sync 1 DAGs
[2025-01-07T12:06:28.884+0000] {logging_mixin.py:190} INFO - [2025-01-07T12:06:28.884+0000] {dag.py:4180} INFO - Setting next_dagrun for example_branch_labels to 2025-01-06 00:00:00+00:00, run_after=2025-01-07 00:00:00+00:00
[2025-01-07T12:06:28.907+0000] {processor.py:208} INFO - Processing /home/airflow/.local/lib/python3.12/site-packages/airflow/example_dags/example_branch_labels.py took 0.108 seconds
[2025-01-07T12:06:59.480+0000] {processor.py:186} INFO - Started process (PID=2454) to work on /home/airflow/.local/lib/python3.12/site-packages/airflow/example_dags/example_branch_labels.py
[2025-01-07T12:06:59.481+0000] {processor.py:914} INFO - Processing file /home/airflow/.local/lib/python3.12/site-packages/airflow/example_dags/example_branch_labels.py for tasks to queue
[2025-01-07T12:06:59.483+0000] {logging_mixin.py:190} INFO - [2025-01-07T12:06:59.483+0000] {dagbag.py:588} INFO - Filling up the DagBag from /home/airflow/.local/lib/python3.12/site-packages/airflow/example_dags/example_branch_labels.py
[2025-01-07T12:06:59.494+0000] {processor.py:925} INFO - DAG(s) 'example_branch_labels' retrieved from /home/airflow/.local/lib/python3.12/site-packages/airflow/example_dags/example_branch_labels.py
[2025-01-07T12:06:59.526+0000] {logging_mixin.py:190} INFO - [2025-01-07T12:06:59.526+0000] {dag.py:3239} INFO - Sync 1 DAGs
[2025-01-07T12:06:59.561+0000] {logging_mixin.py:190} INFO - [2025-01-07T12:06:59.560+0000] {dag.py:4180} INFO - Setting next_dagrun for example_branch_labels to 2025-01-06 00:00:00+00:00, run_after=2025-01-07 00:00:00+00:00
[2025-01-07T12:06:59.580+0000] {processor.py:208} INFO - Processing /home/airflow/.local/lib/python3.12/site-packages/airflow/example_dags/example_branch_labels.py took 0.106 seconds
[2025-01-07T12:07:29.876+0000] {processor.py:186} INFO - Started process (PID=2517) to work on /home/airflow/.local/lib/python3.12/site-packages/airflow/example_dags/example_branch_labels.py
[2025-01-07T12:07:29.877+0000] {processor.py:914} INFO - Processing file /home/airflow/.local/lib/python3.12/site-packages/airflow/example_dags/example_branch_labels.py for tasks to queue
[2025-01-07T12:07:29.881+0000] {logging_mixin.py:190} INFO - [2025-01-07T12:07:29.880+0000] {dagbag.py:588} INFO - Filling up the DagBag from /home/airflow/.local/lib/python3.12/site-packages/airflow/example_dags/example_branch_labels.py
[2025-01-07T12:07:29.896+0000] {processor.py:925} INFO - DAG(s) 'example_branch_labels' retrieved from /home/airflow/.local/lib/python3.12/site-packages/airflow/example_dags/example_branch_labels.py
[2025-01-07T12:07:29.925+0000] {logging_mixin.py:190} INFO - [2025-01-07T12:07:29.924+0000] {dag.py:3239} INFO - Sync 1 DAGs
[2025-01-07T12:07:29.961+0000] {logging_mixin.py:190} INFO - [2025-01-07T12:07:29.961+0000] {dag.py:4180} INFO - Setting next_dagrun for example_branch_labels to 2025-01-06 00:00:00+00:00, run_after=2025-01-07 00:00:00+00:00
[2025-01-07T12:07:29.993+0000] {processor.py:208} INFO - Processing /home/airflow/.local/lib/python3.12/site-packages/airflow/example_dags/example_branch_labels.py took 0.125 seconds
[2025-01-07T12:08:00.698+0000] {processor.py:186} INFO - Started process (PID=2552) to work on /home/airflow/.local/lib/python3.12/site-packages/airflow/example_dags/example_branch_labels.py
[2025-01-07T12:08:00.701+0000] {processor.py:914} INFO - Processing file /home/airflow/.local/lib/python3.12/site-packages/airflow/example_dags/example_branch_labels.py for tasks to queue
[2025-01-07T12:08:00.706+0000] {logging_mixin.py:190} INFO - [2025-01-07T12:08:00.705+0000] {dagbag.py:588} INFO - Filling up the DagBag from /home/airflow/.local/lib/python3.12/site-packages/airflow/example_dags/example_branch_labels.py
[2025-01-07T12:08:00.729+0000] {processor.py:925} INFO - DAG(s) 'example_branch_labels' retrieved from /home/airflow/.local/lib/python3.12/site-packages/airflow/example_dags/example_branch_labels.py
[2025-01-07T12:08:00.802+0000] {logging_mixin.py:190} INFO - [2025-01-07T12:08:00.801+0000] {dag.py:3239} INFO - Sync 1 DAGs
[2025-01-07T12:08:00.847+0000] {logging_mixin.py:190} INFO - [2025-01-07T12:08:00.847+0000] {dag.py:4180} INFO - Setting next_dagrun for example_branch_labels to 2025-01-06 00:00:00+00:00, run_after=2025-01-07 00:00:00+00:00
[2025-01-07T12:08:00.883+0000] {processor.py:208} INFO - Processing /home/airflow/.local/lib/python3.12/site-packages/airflow/example_dags/example_branch_labels.py took 0.195 seconds
[2025-01-07T12:08:31.384+0000] {processor.py:186} INFO - Started process (PID=2616) to work on /home/airflow/.local/lib/python3.12/site-packages/airflow/example_dags/example_branch_labels.py
[2025-01-07T12:08:31.385+0000] {processor.py:914} INFO - Processing file /home/airflow/.local/lib/python3.12/site-packages/airflow/example_dags/example_branch_labels.py for tasks to queue
[2025-01-07T12:08:31.388+0000] {logging_mixin.py:190} INFO - [2025-01-07T12:08:31.387+0000] {dagbag.py:588} INFO - Filling up the DagBag from /home/airflow/.local/lib/python3.12/site-packages/airflow/example_dags/example_branch_labels.py
[2025-01-07T12:08:31.399+0000] {processor.py:925} INFO - DAG(s) 'example_branch_labels' retrieved from /home/airflow/.local/lib/python3.12/site-packages/airflow/example_dags/example_branch_labels.py
[2025-01-07T12:08:31.422+0000] {logging_mixin.py:190} INFO - [2025-01-07T12:08:31.422+0000] {dag.py:3239} INFO - Sync 1 DAGs
[2025-01-07T12:08:31.453+0000] {logging_mixin.py:190} INFO - [2025-01-07T12:08:31.452+0000] {dag.py:4180} INFO - Setting next_dagrun for example_branch_labels to 2025-01-06 00:00:00+00:00, run_after=2025-01-07 00:00:00+00:00
[2025-01-07T12:08:31.473+0000] {processor.py:208} INFO - Processing /home/airflow/.local/lib/python3.12/site-packages/airflow/example_dags/example_branch_labels.py took 0.096 seconds
[2025-01-07T12:09:02.506+0000] {processor.py:186} INFO - Started process (PID=2671) to work on /home/airflow/.local/lib/python3.12/site-packages/airflow/example_dags/example_branch_labels.py
[2025-01-07T12:09:02.507+0000] {processor.py:914} INFO - Processing file /home/airflow/.local/lib/python3.12/site-packages/airflow/example_dags/example_branch_labels.py for tasks to queue
[2025-01-07T12:09:02.513+0000] {logging_mixin.py:190} INFO - [2025-01-07T12:09:02.512+0000] {dagbag.py:588} INFO - Filling up the DagBag from /home/airflow/.local/lib/python3.12/site-packages/airflow/example_dags/example_branch_labels.py
[2025-01-07T12:09:02.527+0000] {processor.py:925} INFO - DAG(s) 'example_branch_labels' retrieved from /home/airflow/.local/lib/python3.12/site-packages/airflow/example_dags/example_branch_labels.py
[2025-01-07T12:09:02.559+0000] {logging_mixin.py:190} INFO - [2025-01-07T12:09:02.559+0000] {dag.py:3239} INFO - Sync 1 DAGs
[2025-01-07T12:09:02.591+0000] {logging_mixin.py:190} INFO - [2025-01-07T12:09:02.591+0000] {dag.py:4180} INFO - Setting next_dagrun for example_branch_labels to 2025-01-06 00:00:00+00:00, run_after=2025-01-07 00:00:00+00:00
[2025-01-07T12:09:02.619+0000] {processor.py:208} INFO - Processing /home/airflow/.local/lib/python3.12/site-packages/airflow/example_dags/example_branch_labels.py took 0.123 seconds
[2025-01-07T12:09:33.253+0000] {processor.py:186} INFO - Started process (PID=2734) to work on /home/airflow/.local/lib/python3.12/site-packages/airflow/example_dags/example_branch_labels.py
[2025-01-07T12:09:33.255+0000] {processor.py:914} INFO - Processing file /home/airflow/.local/lib/python3.12/site-packages/airflow/example_dags/example_branch_labels.py for tasks to queue
[2025-01-07T12:09:33.257+0000] {logging_mixin.py:190} INFO - [2025-01-07T12:09:33.257+0000] {dagbag.py:588} INFO - Filling up the DagBag from /home/airflow/.local/lib/python3.12/site-packages/airflow/example_dags/example_branch_labels.py
[2025-01-07T12:09:33.269+0000] {processor.py:925} INFO - DAG(s) 'example_branch_labels' retrieved from /home/airflow/.local/lib/python3.12/site-packages/airflow/example_dags/example_branch_labels.py
[2025-01-07T12:09:33.295+0000] {logging_mixin.py:190} INFO - [2025-01-07T12:09:33.294+0000] {dag.py:3239} INFO - Sync 1 DAGs
[2025-01-07T12:09:33.323+0000] {logging_mixin.py:190} INFO - [2025-01-07T12:09:33.322+0000] {dag.py:4180} INFO - Setting next_dagrun for example_branch_labels to 2025-01-06 00:00:00+00:00, run_after=2025-01-07 00:00:00+00:00
[2025-01-07T12:09:33.342+0000] {processor.py:208} INFO - Processing /home/airflow/.local/lib/python3.12/site-packages/airflow/example_dags/example_branch_labels.py took 0.094 seconds
[2025-01-07T12:10:03.670+0000] {processor.py:186} INFO - Started process (PID=2796) to work on /home/airflow/.local/lib/python3.12/site-packages/airflow/example_dags/example_branch_labels.py
[2025-01-07T12:10:03.672+0000] {processor.py:914} INFO - Processing file /home/airflow/.local/lib/python3.12/site-packages/airflow/example_dags/example_branch_labels.py for tasks to queue
[2025-01-07T12:10:03.674+0000] {logging_mixin.py:190} INFO - [2025-01-07T12:10:03.674+0000] {dagbag.py:588} INFO - Filling up the DagBag from /home/airflow/.local/lib/python3.12/site-packages/airflow/example_dags/example_branch_labels.py
[2025-01-07T12:10:03.685+0000] {processor.py:925} INFO - DAG(s) 'example_branch_labels' retrieved from /home/airflow/.local/lib/python3.12/site-packages/airflow/example_dags/example_branch_labels.py
[2025-01-07T12:10:03.708+0000] {logging_mixin.py:190} INFO - [2025-01-07T12:10:03.708+0000] {dag.py:3239} INFO - Sync 1 DAGs
[2025-01-07T12:10:03.735+0000] {logging_mixin.py:190} INFO - [2025-01-07T12:10:03.735+0000] {dag.py:4180} INFO - Setting next_dagrun for example_branch_labels to 2025-01-06 00:00:00+00:00, run_after=2025-01-07 00:00:00+00:00
[2025-01-07T12:10:03.757+0000] {processor.py:208} INFO - Processing /home/airflow/.local/lib/python3.12/site-packages/airflow/example_dags/example_branch_labels.py took 0.095 seconds
[2025-01-07T12:10:34.014+0000] {processor.py:186} INFO - Started process (PID=2860) to work on /home/airflow/.local/lib/python3.12/site-packages/airflow/example_dags/example_branch_labels.py
[2025-01-07T12:10:34.016+0000] {processor.py:914} INFO - Processing file /home/airflow/.local/lib/python3.12/site-packages/airflow/example_dags/example_branch_labels.py for tasks to queue
[2025-01-07T12:10:34.021+0000] {logging_mixin.py:190} INFO - [2025-01-07T12:10:34.021+0000] {dagbag.py:588} INFO - Filling up the DagBag from /home/airflow/.local/lib/python3.12/site-packages/airflow/example_dags/example_branch_labels.py
[2025-01-07T12:10:34.036+0000] {processor.py:925} INFO - DAG(s) 'example_branch_labels' retrieved from /home/airflow/.local/lib/python3.12/site-packages/airflow/example_dags/example_branch_labels.py
[2025-01-07T12:10:34.072+0000] {logging_mixin.py:190} INFO - [2025-01-07T12:10:34.071+0000] {dag.py:3239} INFO - Sync 1 DAGs
[2025-01-07T12:10:34.110+0000] {logging_mixin.py:190} INFO - [2025-01-07T12:10:34.110+0000] {dag.py:4180} INFO - Setting next_dagrun for example_branch_labels to 2025-01-06 00:00:00+00:00, run_after=2025-01-07 00:00:00+00:00
[2025-01-07T12:10:34.139+0000] {processor.py:208} INFO - Processing /home/airflow/.local/lib/python3.12/site-packages/airflow/example_dags/example_branch_labels.py took 0.135 seconds
[2025-01-07T12:11:04.594+0000] {processor.py:186} INFO - Started process (PID=2924) to work on /home/airflow/.local/lib/python3.12/site-packages/airflow/example_dags/example_branch_labels.py
[2025-01-07T12:11:04.596+0000] {processor.py:914} INFO - Processing file /home/airflow/.local/lib/python3.12/site-packages/airflow/example_dags/example_branch_labels.py for tasks to queue
[2025-01-07T12:11:04.600+0000] {logging_mixin.py:190} INFO - [2025-01-07T12:11:04.599+0000] {dagbag.py:588} INFO - Filling up the DagBag from /home/airflow/.local/lib/python3.12/site-packages/airflow/example_dags/example_branch_labels.py
[2025-01-07T12:11:04.614+0000] {processor.py:925} INFO - DAG(s) 'example_branch_labels' retrieved from /home/airflow/.local/lib/python3.12/site-packages/airflow/example_dags/example_branch_labels.py
[2025-01-07T12:11:04.645+0000] {logging_mixin.py:190} INFO - [2025-01-07T12:11:04.645+0000] {dag.py:3239} INFO - Sync 1 DAGs
[2025-01-07T12:11:04.682+0000] {logging_mixin.py:190} INFO - [2025-01-07T12:11:04.681+0000] {dag.py:4180} INFO - Setting next_dagrun for example_branch_labels to 2025-01-06 00:00:00+00:00, run_after=2025-01-07 00:00:00+00:00
[2025-01-07T12:11:04.723+0000] {processor.py:208} INFO - Processing /home/airflow/.local/lib/python3.12/site-packages/airflow/example_dags/example_branch_labels.py took 0.137 seconds
[2025-01-07T12:11:34.845+0000] {processor.py:186} INFO - Started process (PID=2987) to work on /home/airflow/.local/lib/python3.12/site-packages/airflow/example_dags/example_branch_labels.py
[2025-01-07T12:11:34.848+0000] {processor.py:914} INFO - Processing file /home/airflow/.local/lib/python3.12/site-packages/airflow/example_dags/example_branch_labels.py for tasks to queue
[2025-01-07T12:11:34.853+0000] {logging_mixin.py:190} INFO - [2025-01-07T12:11:34.852+0000] {dagbag.py:588} INFO - Filling up the DagBag from /home/airflow/.local/lib/python3.12/site-packages/airflow/example_dags/example_branch_labels.py
[2025-01-07T12:11:34.876+0000] {processor.py:925} INFO - DAG(s) 'example_branch_labels' retrieved from /home/airflow/.local/lib/python3.12/site-packages/airflow/example_dags/example_branch_labels.py
[2025-01-07T12:11:34.920+0000] {logging_mixin.py:190} INFO - [2025-01-07T12:11:34.920+0000] {dag.py:3239} INFO - Sync 1 DAGs
[2025-01-07T12:11:34.976+0000] {logging_mixin.py:190} INFO - [2025-01-07T12:11:34.976+0000] {dag.py:4180} INFO - Setting next_dagrun for example_branch_labels to 2025-01-06 00:00:00+00:00, run_after=2025-01-07 00:00:00+00:00
[2025-01-07T12:11:35.036+0000] {processor.py:208} INFO - Processing /home/airflow/.local/lib/python3.12/site-packages/airflow/example_dags/example_branch_labels.py took 0.203 seconds
[2025-01-07T12:12:05.152+0000] {processor.py:186} INFO - Started process (PID=3050) to work on /home/airflow/.local/lib/python3.12/site-packages/airflow/example_dags/example_branch_labels.py
[2025-01-07T12:12:05.154+0000] {processor.py:914} INFO - Processing file /home/airflow/.local/lib/python3.12/site-packages/airflow/example_dags/example_branch_labels.py for tasks to queue
[2025-01-07T12:12:05.157+0000] {logging_mixin.py:190} INFO - [2025-01-07T12:12:05.156+0000] {dagbag.py:588} INFO - Filling up the DagBag from /home/airflow/.local/lib/python3.12/site-packages/airflow/example_dags/example_branch_labels.py
[2025-01-07T12:12:05.168+0000] {processor.py:925} INFO - DAG(s) 'example_branch_labels' retrieved from /home/airflow/.local/lib/python3.12/site-packages/airflow/example_dags/example_branch_labels.py
[2025-01-07T12:12:05.193+0000] {logging_mixin.py:190} INFO - [2025-01-07T12:12:05.193+0000] {dag.py:3239} INFO - Sync 1 DAGs
[2025-01-07T12:12:05.221+0000] {logging_mixin.py:190} INFO - [2025-01-07T12:12:05.221+0000] {dag.py:4180} INFO - Setting next_dagrun for example_branch_labels to 2025-01-06 00:00:00+00:00, run_after=2025-01-07 00:00:00+00:00
[2025-01-07T12:12:05.253+0000] {processor.py:208} INFO - Processing /home/airflow/.local/lib/python3.12/site-packages/airflow/example_dags/example_branch_labels.py took 0.108 seconds
[2025-01-07T12:12:36.515+0000] {processor.py:186} INFO - Started process (PID=3113) to work on /home/airflow/.local/lib/python3.12/site-packages/airflow/example_dags/example_branch_labels.py
[2025-01-07T12:12:36.517+0000] {processor.py:914} INFO - Processing file /home/airflow/.local/lib/python3.12/site-packages/airflow/example_dags/example_branch_labels.py for tasks to queue
[2025-01-07T12:12:36.525+0000] {logging_mixin.py:190} INFO - [2025-01-07T12:12:36.524+0000] {dagbag.py:588} INFO - Filling up the DagBag from /home/airflow/.local/lib/python3.12/site-packages/airflow/example_dags/example_branch_labels.py
[2025-01-07T12:12:36.544+0000] {processor.py:925} INFO - DAG(s) 'example_branch_labels' retrieved from /home/airflow/.local/lib/python3.12/site-packages/airflow/example_dags/example_branch_labels.py
[2025-01-07T12:12:36.584+0000] {logging_mixin.py:190} INFO - [2025-01-07T12:12:36.584+0000] {dag.py:3239} INFO - Sync 1 DAGs
[2025-01-07T12:12:36.636+0000] {logging_mixin.py:190} INFO - [2025-01-07T12:12:36.636+0000] {dag.py:4180} INFO - Setting next_dagrun for example_branch_labels to 2025-01-06 00:00:00+00:00, run_after=2025-01-07 00:00:00+00:00
[2025-01-07T12:12:36.681+0000] {processor.py:208} INFO - Processing /home/airflow/.local/lib/python3.12/site-packages/airflow/example_dags/example_branch_labels.py took 0.178 seconds
[2025-01-07T12:43:08.623+0000] {processor.py:186} INFO - Started process (PID=3171) to work on /home/airflow/.local/lib/python3.12/site-packages/airflow/example_dags/example_branch_labels.py
[2025-01-07T12:43:08.625+0000] {processor.py:914} INFO - Processing file /home/airflow/.local/lib/python3.12/site-packages/airflow/example_dags/example_branch_labels.py for tasks to queue
[2025-01-07T12:43:08.900+0000] {logging_mixin.py:190} INFO - [2025-01-07T12:43:08.899+0000] {dagbag.py:588} INFO - Filling up the DagBag from /home/airflow/.local/lib/python3.12/site-packages/airflow/example_dags/example_branch_labels.py
[2025-01-07T12:43:08.938+0000] {processor.py:925} INFO - DAG(s) 'example_branch_labels' retrieved from /home/airflow/.local/lib/python3.12/site-packages/airflow/example_dags/example_branch_labels.py
[2025-01-07T12:43:09.056+0000] {logging_mixin.py:190} INFO - [2025-01-07T12:43:09.056+0000] {dag.py:3239} INFO - Sync 1 DAGs
[2025-01-07T12:43:09.117+0000] {logging_mixin.py:190} INFO - [2025-01-07T12:43:09.116+0000] {dag.py:4180} INFO - Setting next_dagrun for example_branch_labels to 2025-01-06 00:00:00+00:00, run_after=2025-01-07 00:00:00+00:00
[2025-01-07T12:43:09.164+0000] {processor.py:208} INFO - Processing /home/airflow/.local/lib/python3.12/site-packages/airflow/example_dags/example_branch_labels.py took 0.592 seconds
