[2025-01-07T11:47:30.319+0000] {processor.py:186} INFO - Started process (PID=71) to work on /home/airflow/.local/lib/python3.12/site-packages/airflow/example_dags/example_latest_only_with_trigger.py
[2025-01-07T11:47:30.321+0000] {processor.py:914} INFO - Processing file /home/airflow/.local/lib/python3.12/site-packages/airflow/example_dags/example_latest_only_with_trigger.py for tasks to queue
[2025-01-07T11:47:30.325+0000] {logging_mixin.py:190} INFO - [2025-01-07T11:47:30.324+0000] {dagbag.py:588} INFO - Filling up the DagBag from /home/airflow/.local/lib/python3.12/site-packages/airflow/example_dags/example_latest_only_with_trigger.py
[2025-01-07T11:47:30.344+0000] {processor.py:925} INFO - DAG(s) 'latest_only_with_trigger' retrieved from /home/airflow/.local/lib/python3.12/site-packages/airflow/example_dags/example_latest_only_with_trigger.py
[2025-01-07T11:47:30.608+0000] {logging_mixin.py:190} INFO - [2025-01-07T11:47:30.607+0000] {override.py:1911} INFO - Created Permission View: can read on DAG:latest_only_with_trigger
[2025-01-07T11:47:30.633+0000] {logging_mixin.py:190} INFO - [2025-01-07T11:47:30.633+0000] {override.py:1911} INFO - Created Permission View: can delete on DAG:latest_only_with_trigger
[2025-01-07T11:47:30.655+0000] {logging_mixin.py:190} INFO - [2025-01-07T11:47:30.654+0000] {override.py:1911} INFO - Created Permission View: can edit on DAG:latest_only_with_trigger
[2025-01-07T11:47:30.679+0000] {logging_mixin.py:190} INFO - [2025-01-07T11:47:30.679+0000] {override.py:1911} INFO - Created Permission View: menu access on DAG Run:latest_only_with_trigger
[2025-01-07T11:47:30.698+0000] {logging_mixin.py:190} INFO - [2025-01-07T11:47:30.698+0000] {override.py:1911} INFO - Created Permission View: can read on DAG Run:latest_only_with_trigger
[2025-01-07T11:47:30.713+0000] {logging_mixin.py:190} INFO - [2025-01-07T11:47:30.712+0000] {override.py:1911} INFO - Created Permission View: can delete on DAG Run:latest_only_with_trigger
[2025-01-07T11:47:30.737+0000] {logging_mixin.py:190} INFO - [2025-01-07T11:47:30.736+0000] {override.py:1911} INFO - Created Permission View: can create on DAG Run:latest_only_with_trigger
[2025-01-07T11:47:30.739+0000] {logging_mixin.py:190} INFO - [2025-01-07T11:47:30.738+0000] {dag.py:3239} INFO - Sync 1 DAGs
[2025-01-07T11:47:30.767+0000] {logging_mixin.py:190} INFO - [2025-01-07T11:47:30.766+0000] {dag.py:3262} INFO - Creating ORM DAG for latest_only_with_trigger
[2025-01-07T11:47:30.800+0000] {logging_mixin.py:190} INFO - [2025-01-07T11:47:30.799+0000] {dag.py:4180} INFO - Setting next_dagrun for latest_only_with_trigger to 2025-01-07 04:00:00+00:00, run_after=2025-01-07 08:00:00+00:00
[2025-01-07T11:47:30.846+0000] {processor.py:208} INFO - Processing /home/airflow/.local/lib/python3.12/site-packages/airflow/example_dags/example_latest_only_with_trigger.py took 0.542 seconds
[2025-01-07T11:48:25.783+0000] {processor.py:186} INFO - Started process (PID=140) to work on /home/airflow/.local/lib/python3.12/site-packages/airflow/example_dags/example_latest_only_with_trigger.py
[2025-01-07T11:48:25.913+0000] {processor.py:914} INFO - Processing file /home/airflow/.local/lib/python3.12/site-packages/airflow/example_dags/example_latest_only_with_trigger.py for tasks to queue
[2025-01-07T11:48:25.919+0000] {logging_mixin.py:190} INFO - [2025-01-07T11:48:25.918+0000] {dagbag.py:588} INFO - Filling up the DagBag from /home/airflow/.local/lib/python3.12/site-packages/airflow/example_dags/example_latest_only_with_trigger.py
[2025-01-07T11:48:25.928+0000] {processor.py:925} INFO - DAG(s) 'latest_only_with_trigger' retrieved from /home/airflow/.local/lib/python3.12/site-packages/airflow/example_dags/example_latest_only_with_trigger.py
[2025-01-07T11:48:25.948+0000] {logging_mixin.py:190} INFO - [2025-01-07T11:48:25.948+0000] {dag.py:3239} INFO - Sync 1 DAGs
[2025-01-07T11:48:25.970+0000] {logging_mixin.py:190} INFO - [2025-01-07T11:48:25.970+0000] {dag.py:4180} INFO - Setting next_dagrun for latest_only_with_trigger to 2025-01-07 04:00:00+00:00, run_after=2025-01-07 08:00:00+00:00
[2025-01-07T11:48:26.819+0000] {processor.py:208} INFO - Processing /home/airflow/.local/lib/python3.12/site-packages/airflow/example_dags/example_latest_only_with_trigger.py took 1.042 seconds
[2025-01-07T11:48:57.320+0000] {processor.py:186} INFO - Started process (PID=204) to work on /home/airflow/.local/lib/python3.12/site-packages/airflow/example_dags/example_latest_only_with_trigger.py
[2025-01-07T11:48:57.321+0000] {processor.py:914} INFO - Processing file /home/airflow/.local/lib/python3.12/site-packages/airflow/example_dags/example_latest_only_with_trigger.py for tasks to queue
[2025-01-07T11:48:57.324+0000] {logging_mixin.py:190} INFO - [2025-01-07T11:48:57.324+0000] {dagbag.py:588} INFO - Filling up the DagBag from /home/airflow/.local/lib/python3.12/site-packages/airflow/example_dags/example_latest_only_with_trigger.py
[2025-01-07T11:48:57.333+0000] {processor.py:925} INFO - DAG(s) 'latest_only_with_trigger' retrieved from /home/airflow/.local/lib/python3.12/site-packages/airflow/example_dags/example_latest_only_with_trigger.py
[2025-01-07T11:48:57.357+0000] {logging_mixin.py:190} INFO - [2025-01-07T11:48:57.357+0000] {dag.py:3239} INFO - Sync 1 DAGs
[2025-01-07T11:48:57.389+0000] {logging_mixin.py:190} INFO - [2025-01-07T11:48:57.388+0000] {dag.py:4180} INFO - Setting next_dagrun for latest_only_with_trigger to 2025-01-07 04:00:00+00:00, run_after=2025-01-07 08:00:00+00:00
[2025-01-07T11:48:57.418+0000] {processor.py:208} INFO - Processing /home/airflow/.local/lib/python3.12/site-packages/airflow/example_dags/example_latest_only_with_trigger.py took 0.104 seconds
[2025-01-07T11:49:28.226+0000] {processor.py:186} INFO - Started process (PID=267) to work on /home/airflow/.local/lib/python3.12/site-packages/airflow/example_dags/example_latest_only_with_trigger.py
[2025-01-07T11:49:28.228+0000] {processor.py:914} INFO - Processing file /home/airflow/.local/lib/python3.12/site-packages/airflow/example_dags/example_latest_only_with_trigger.py for tasks to queue
[2025-01-07T11:49:28.230+0000] {logging_mixin.py:190} INFO - [2025-01-07T11:49:28.230+0000] {dagbag.py:588} INFO - Filling up the DagBag from /home/airflow/.local/lib/python3.12/site-packages/airflow/example_dags/example_latest_only_with_trigger.py
[2025-01-07T11:49:28.238+0000] {processor.py:925} INFO - DAG(s) 'latest_only_with_trigger' retrieved from /home/airflow/.local/lib/python3.12/site-packages/airflow/example_dags/example_latest_only_with_trigger.py
[2025-01-07T11:49:28.257+0000] {logging_mixin.py:190} INFO - [2025-01-07T11:49:28.257+0000] {dag.py:3239} INFO - Sync 1 DAGs
[2025-01-07T11:49:28.278+0000] {logging_mixin.py:190} INFO - [2025-01-07T11:49:28.278+0000] {dag.py:4180} INFO - Setting next_dagrun for latest_only_with_trigger to 2025-01-07 04:00:00+00:00, run_after=2025-01-07 08:00:00+00:00
[2025-01-07T11:49:28.301+0000] {processor.py:208} INFO - Processing /home/airflow/.local/lib/python3.12/site-packages/airflow/example_dags/example_latest_only_with_trigger.py took 0.080 seconds
[2025-01-07T11:49:59.244+0000] {processor.py:186} INFO - Started process (PID=330) to work on /home/airflow/.local/lib/python3.12/site-packages/airflow/example_dags/example_latest_only_with_trigger.py
[2025-01-07T11:49:59.245+0000] {processor.py:914} INFO - Processing file /home/airflow/.local/lib/python3.12/site-packages/airflow/example_dags/example_latest_only_with_trigger.py for tasks to queue
[2025-01-07T11:49:59.249+0000] {logging_mixin.py:190} INFO - [2025-01-07T11:49:59.248+0000] {dagbag.py:588} INFO - Filling up the DagBag from /home/airflow/.local/lib/python3.12/site-packages/airflow/example_dags/example_latest_only_with_trigger.py
[2025-01-07T11:49:59.262+0000] {processor.py:925} INFO - DAG(s) 'latest_only_with_trigger' retrieved from /home/airflow/.local/lib/python3.12/site-packages/airflow/example_dags/example_latest_only_with_trigger.py
[2025-01-07T11:49:59.289+0000] {logging_mixin.py:190} INFO - [2025-01-07T11:49:59.289+0000] {dag.py:3239} INFO - Sync 1 DAGs
[2025-01-07T11:49:59.318+0000] {logging_mixin.py:190} INFO - [2025-01-07T11:49:59.318+0000] {dag.py:4180} INFO - Setting next_dagrun for latest_only_with_trigger to 2025-01-07 04:00:00+00:00, run_after=2025-01-07 08:00:00+00:00
[2025-01-07T11:49:59.352+0000] {processor.py:208} INFO - Processing /home/airflow/.local/lib/python3.12/site-packages/airflow/example_dags/example_latest_only_with_trigger.py took 0.118 seconds
[2025-01-07T11:50:29.400+0000] {processor.py:186} INFO - Started process (PID=392) to work on /home/airflow/.local/lib/python3.12/site-packages/airflow/example_dags/example_latest_only_with_trigger.py
[2025-01-07T11:50:29.401+0000] {processor.py:914} INFO - Processing file /home/airflow/.local/lib/python3.12/site-packages/airflow/example_dags/example_latest_only_with_trigger.py for tasks to queue
[2025-01-07T11:50:29.404+0000] {logging_mixin.py:190} INFO - [2025-01-07T11:50:29.404+0000] {dagbag.py:588} INFO - Filling up the DagBag from /home/airflow/.local/lib/python3.12/site-packages/airflow/example_dags/example_latest_only_with_trigger.py
[2025-01-07T11:50:29.415+0000] {processor.py:925} INFO - DAG(s) 'latest_only_with_trigger' retrieved from /home/airflow/.local/lib/python3.12/site-packages/airflow/example_dags/example_latest_only_with_trigger.py
[2025-01-07T11:50:29.444+0000] {logging_mixin.py:190} INFO - [2025-01-07T11:50:29.444+0000] {dag.py:3239} INFO - Sync 1 DAGs
[2025-01-07T11:50:29.473+0000] {logging_mixin.py:190} INFO - [2025-01-07T11:50:29.472+0000] {dag.py:4180} INFO - Setting next_dagrun for latest_only_with_trigger to 2025-01-07 04:00:00+00:00, run_after=2025-01-07 08:00:00+00:00
[2025-01-07T11:50:29.496+0000] {processor.py:208} INFO - Processing /home/airflow/.local/lib/python3.12/site-packages/airflow/example_dags/example_latest_only_with_trigger.py took 0.104 seconds
[2025-01-07T11:51:00.205+0000] {processor.py:186} INFO - Started process (PID=455) to work on /home/airflow/.local/lib/python3.12/site-packages/airflow/example_dags/example_latest_only_with_trigger.py
[2025-01-07T11:51:00.209+0000] {processor.py:914} INFO - Processing file /home/airflow/.local/lib/python3.12/site-packages/airflow/example_dags/example_latest_only_with_trigger.py for tasks to queue
[2025-01-07T11:51:00.213+0000] {logging_mixin.py:190} INFO - [2025-01-07T11:51:00.212+0000] {dagbag.py:588} INFO - Filling up the DagBag from /home/airflow/.local/lib/python3.12/site-packages/airflow/example_dags/example_latest_only_with_trigger.py
[2025-01-07T11:51:00.234+0000] {processor.py:925} INFO - DAG(s) 'latest_only_with_trigger' retrieved from /home/airflow/.local/lib/python3.12/site-packages/airflow/example_dags/example_latest_only_with_trigger.py
[2025-01-07T11:51:00.268+0000] {logging_mixin.py:190} INFO - [2025-01-07T11:51:00.268+0000] {dag.py:3239} INFO - Sync 1 DAGs
[2025-01-07T11:51:00.303+0000] {logging_mixin.py:190} INFO - [2025-01-07T11:51:00.303+0000] {dag.py:4180} INFO - Setting next_dagrun for latest_only_with_trigger to 2025-01-07 04:00:00+00:00, run_after=2025-01-07 08:00:00+00:00
[2025-01-07T11:51:00.340+0000] {processor.py:208} INFO - Processing /home/airflow/.local/lib/python3.12/site-packages/airflow/example_dags/example_latest_only_with_trigger.py took 0.147 seconds
[2025-01-07T11:51:30.422+0000] {processor.py:186} INFO - Started process (PID=518) to work on /home/airflow/.local/lib/python3.12/site-packages/airflow/example_dags/example_latest_only_with_trigger.py
[2025-01-07T11:51:30.423+0000] {processor.py:914} INFO - Processing file /home/airflow/.local/lib/python3.12/site-packages/airflow/example_dags/example_latest_only_with_trigger.py for tasks to queue
[2025-01-07T11:51:30.427+0000] {logging_mixin.py:190} INFO - [2025-01-07T11:51:30.426+0000] {dagbag.py:588} INFO - Filling up the DagBag from /home/airflow/.local/lib/python3.12/site-packages/airflow/example_dags/example_latest_only_with_trigger.py
[2025-01-07T11:51:30.438+0000] {processor.py:925} INFO - DAG(s) 'latest_only_with_trigger' retrieved from /home/airflow/.local/lib/python3.12/site-packages/airflow/example_dags/example_latest_only_with_trigger.py
[2025-01-07T11:51:30.458+0000] {logging_mixin.py:190} INFO - [2025-01-07T11:51:30.458+0000] {dag.py:3239} INFO - Sync 1 DAGs
[2025-01-07T11:51:30.479+0000] {logging_mixin.py:190} INFO - [2025-01-07T11:51:30.479+0000] {dag.py:4180} INFO - Setting next_dagrun for latest_only_with_trigger to 2025-01-07 04:00:00+00:00, run_after=2025-01-07 08:00:00+00:00
[2025-01-07T11:51:30.496+0000] {processor.py:208} INFO - Processing /home/airflow/.local/lib/python3.12/site-packages/airflow/example_dags/example_latest_only_with_trigger.py took 0.081 seconds
[2025-01-07T11:52:01.309+0000] {processor.py:186} INFO - Started process (PID=581) to work on /home/airflow/.local/lib/python3.12/site-packages/airflow/example_dags/example_latest_only_with_trigger.py
[2025-01-07T11:52:01.319+0000] {processor.py:914} INFO - Processing file /home/airflow/.local/lib/python3.12/site-packages/airflow/example_dags/example_latest_only_with_trigger.py for tasks to queue
[2025-01-07T11:52:01.323+0000] {logging_mixin.py:190} INFO - [2025-01-07T11:52:01.323+0000] {dagbag.py:588} INFO - Filling up the DagBag from /home/airflow/.local/lib/python3.12/site-packages/airflow/example_dags/example_latest_only_with_trigger.py
[2025-01-07T11:52:01.333+0000] {processor.py:925} INFO - DAG(s) 'latest_only_with_trigger' retrieved from /home/airflow/.local/lib/python3.12/site-packages/airflow/example_dags/example_latest_only_with_trigger.py
[2025-01-07T11:52:01.357+0000] {logging_mixin.py:190} INFO - [2025-01-07T11:52:01.357+0000] {dag.py:3239} INFO - Sync 1 DAGs
[2025-01-07T11:52:01.380+0000] {logging_mixin.py:190} INFO - [2025-01-07T11:52:01.379+0000] {dag.py:4180} INFO - Setting next_dagrun for latest_only_with_trigger to 2025-01-07 04:00:00+00:00, run_after=2025-01-07 08:00:00+00:00
[2025-01-07T11:52:01.400+0000] {processor.py:208} INFO - Processing /home/airflow/.local/lib/python3.12/site-packages/airflow/example_dags/example_latest_only_with_trigger.py took 0.099 seconds
[2025-01-07T11:52:31.997+0000] {processor.py:186} INFO - Started process (PID=644) to work on /home/airflow/.local/lib/python3.12/site-packages/airflow/example_dags/example_latest_only_with_trigger.py
[2025-01-07T11:52:31.999+0000] {processor.py:914} INFO - Processing file /home/airflow/.local/lib/python3.12/site-packages/airflow/example_dags/example_latest_only_with_trigger.py for tasks to queue
[2025-01-07T11:52:32.010+0000] {logging_mixin.py:190} INFO - [2025-01-07T11:52:32.004+0000] {dagbag.py:588} INFO - Filling up the DagBag from /home/airflow/.local/lib/python3.12/site-packages/airflow/example_dags/example_latest_only_with_trigger.py
[2025-01-07T11:52:32.033+0000] {processor.py:925} INFO - DAG(s) 'latest_only_with_trigger' retrieved from /home/airflow/.local/lib/python3.12/site-packages/airflow/example_dags/example_latest_only_with_trigger.py
[2025-01-07T11:52:32.064+0000] {logging_mixin.py:190} INFO - [2025-01-07T11:52:32.064+0000] {dag.py:3239} INFO - Sync 1 DAGs
[2025-01-07T11:52:32.096+0000] {logging_mixin.py:190} INFO - [2025-01-07T11:52:32.095+0000] {dag.py:4180} INFO - Setting next_dagrun for latest_only_with_trigger to 2025-01-07 04:00:00+00:00, run_after=2025-01-07 08:00:00+00:00
[2025-01-07T11:52:32.119+0000] {processor.py:208} INFO - Processing /home/airflow/.local/lib/python3.12/site-packages/airflow/example_dags/example_latest_only_with_trigger.py took 0.133 seconds
[2025-01-07T11:53:02.648+0000] {processor.py:186} INFO - Started process (PID=707) to work on /home/airflow/.local/lib/python3.12/site-packages/airflow/example_dags/example_latest_only_with_trigger.py
[2025-01-07T11:53:02.649+0000] {processor.py:914} INFO - Processing file /home/airflow/.local/lib/python3.12/site-packages/airflow/example_dags/example_latest_only_with_trigger.py for tasks to queue
[2025-01-07T11:53:02.652+0000] {logging_mixin.py:190} INFO - [2025-01-07T11:53:02.651+0000] {dagbag.py:588} INFO - Filling up the DagBag from /home/airflow/.local/lib/python3.12/site-packages/airflow/example_dags/example_latest_only_with_trigger.py
[2025-01-07T11:53:02.660+0000] {processor.py:925} INFO - DAG(s) 'latest_only_with_trigger' retrieved from /home/airflow/.local/lib/python3.12/site-packages/airflow/example_dags/example_latest_only_with_trigger.py
[2025-01-07T11:53:02.679+0000] {logging_mixin.py:190} INFO - [2025-01-07T11:53:02.679+0000] {dag.py:3239} INFO - Sync 1 DAGs
[2025-01-07T11:53:02.701+0000] {logging_mixin.py:190} INFO - [2025-01-07T11:53:02.700+0000] {dag.py:4180} INFO - Setting next_dagrun for latest_only_with_trigger to 2025-01-07 04:00:00+00:00, run_after=2025-01-07 08:00:00+00:00
[2025-01-07T11:53:02.723+0000] {processor.py:208} INFO - Processing /home/airflow/.local/lib/python3.12/site-packages/airflow/example_dags/example_latest_only_with_trigger.py took 0.081 seconds
[2025-01-07T11:53:33.042+0000] {processor.py:186} INFO - Started process (PID=770) to work on /home/airflow/.local/lib/python3.12/site-packages/airflow/example_dags/example_latest_only_with_trigger.py
[2025-01-07T11:53:33.043+0000] {processor.py:914} INFO - Processing file /home/airflow/.local/lib/python3.12/site-packages/airflow/example_dags/example_latest_only_with_trigger.py for tasks to queue
[2025-01-07T11:53:33.045+0000] {logging_mixin.py:190} INFO - [2025-01-07T11:53:33.045+0000] {dagbag.py:588} INFO - Filling up the DagBag from /home/airflow/.local/lib/python3.12/site-packages/airflow/example_dags/example_latest_only_with_trigger.py
[2025-01-07T11:53:33.053+0000] {processor.py:925} INFO - DAG(s) 'latest_only_with_trigger' retrieved from /home/airflow/.local/lib/python3.12/site-packages/airflow/example_dags/example_latest_only_with_trigger.py
[2025-01-07T11:53:33.072+0000] {logging_mixin.py:190} INFO - [2025-01-07T11:53:33.072+0000] {dag.py:3239} INFO - Sync 1 DAGs
[2025-01-07T11:53:33.097+0000] {logging_mixin.py:190} INFO - [2025-01-07T11:53:33.097+0000] {dag.py:4180} INFO - Setting next_dagrun for latest_only_with_trigger to 2025-01-07 04:00:00+00:00, run_after=2025-01-07 08:00:00+00:00
[2025-01-07T11:53:33.120+0000] {processor.py:208} INFO - Processing /home/airflow/.local/lib/python3.12/site-packages/airflow/example_dags/example_latest_only_with_trigger.py took 0.084 seconds
[2025-01-07T11:54:03.789+0000] {processor.py:186} INFO - Started process (PID=833) to work on /home/airflow/.local/lib/python3.12/site-packages/airflow/example_dags/example_latest_only_with_trigger.py
[2025-01-07T11:54:03.791+0000] {processor.py:914} INFO - Processing file /home/airflow/.local/lib/python3.12/site-packages/airflow/example_dags/example_latest_only_with_trigger.py for tasks to queue
[2025-01-07T11:54:03.794+0000] {logging_mixin.py:190} INFO - [2025-01-07T11:54:03.793+0000] {dagbag.py:588} INFO - Filling up the DagBag from /home/airflow/.local/lib/python3.12/site-packages/airflow/example_dags/example_latest_only_with_trigger.py
[2025-01-07T11:54:03.804+0000] {processor.py:925} INFO - DAG(s) 'latest_only_with_trigger' retrieved from /home/airflow/.local/lib/python3.12/site-packages/airflow/example_dags/example_latest_only_with_trigger.py
[2025-01-07T11:54:03.828+0000] {logging_mixin.py:190} INFO - [2025-01-07T11:54:03.828+0000] {dag.py:3239} INFO - Sync 1 DAGs
[2025-01-07T11:54:03.855+0000] {logging_mixin.py:190} INFO - [2025-01-07T11:54:03.854+0000] {dag.py:4180} INFO - Setting next_dagrun for latest_only_with_trigger to 2025-01-07 04:00:00+00:00, run_after=2025-01-07 08:00:00+00:00
[2025-01-07T11:54:03.877+0000] {processor.py:208} INFO - Processing /home/airflow/.local/lib/python3.12/site-packages/airflow/example_dags/example_latest_only_with_trigger.py took 0.096 seconds
[2025-01-07T11:54:34.566+0000] {processor.py:186} INFO - Started process (PID=896) to work on /home/airflow/.local/lib/python3.12/site-packages/airflow/example_dags/example_latest_only_with_trigger.py
[2025-01-07T11:54:34.567+0000] {processor.py:914} INFO - Processing file /home/airflow/.local/lib/python3.12/site-packages/airflow/example_dags/example_latest_only_with_trigger.py for tasks to queue
[2025-01-07T11:54:34.570+0000] {logging_mixin.py:190} INFO - [2025-01-07T11:54:34.570+0000] {dagbag.py:588} INFO - Filling up the DagBag from /home/airflow/.local/lib/python3.12/site-packages/airflow/example_dags/example_latest_only_with_trigger.py
[2025-01-07T11:54:34.579+0000] {processor.py:925} INFO - DAG(s) 'latest_only_with_trigger' retrieved from /home/airflow/.local/lib/python3.12/site-packages/airflow/example_dags/example_latest_only_with_trigger.py
[2025-01-07T11:54:34.598+0000] {logging_mixin.py:190} INFO - [2025-01-07T11:54:34.598+0000] {dag.py:3239} INFO - Sync 1 DAGs
[2025-01-07T11:54:34.621+0000] {logging_mixin.py:190} INFO - [2025-01-07T11:54:34.621+0000] {dag.py:4180} INFO - Setting next_dagrun for latest_only_with_trigger to 2025-01-07 04:00:00+00:00, run_after=2025-01-07 08:00:00+00:00
[2025-01-07T11:54:34.641+0000] {processor.py:208} INFO - Processing /home/airflow/.local/lib/python3.12/site-packages/airflow/example_dags/example_latest_only_with_trigger.py took 0.082 seconds
[2025-01-07T11:55:04.960+0000] {processor.py:186} INFO - Started process (PID=959) to work on /home/airflow/.local/lib/python3.12/site-packages/airflow/example_dags/example_latest_only_with_trigger.py
[2025-01-07T11:55:04.962+0000] {processor.py:914} INFO - Processing file /home/airflow/.local/lib/python3.12/site-packages/airflow/example_dags/example_latest_only_with_trigger.py for tasks to queue
[2025-01-07T11:55:04.964+0000] {logging_mixin.py:190} INFO - [2025-01-07T11:55:04.964+0000] {dagbag.py:588} INFO - Filling up the DagBag from /home/airflow/.local/lib/python3.12/site-packages/airflow/example_dags/example_latest_only_with_trigger.py
[2025-01-07T11:55:04.977+0000] {processor.py:925} INFO - DAG(s) 'latest_only_with_trigger' retrieved from /home/airflow/.local/lib/python3.12/site-packages/airflow/example_dags/example_latest_only_with_trigger.py
[2025-01-07T11:55:05.002+0000] {logging_mixin.py:190} INFO - [2025-01-07T11:55:05.002+0000] {dag.py:3239} INFO - Sync 1 DAGs
[2025-01-07T11:55:05.036+0000] {logging_mixin.py:190} INFO - [2025-01-07T11:55:05.036+0000] {dag.py:4180} INFO - Setting next_dagrun for latest_only_with_trigger to 2025-01-07 04:00:00+00:00, run_after=2025-01-07 08:00:00+00:00
[2025-01-07T11:55:05.064+0000] {processor.py:208} INFO - Processing /home/airflow/.local/lib/python3.12/site-packages/airflow/example_dags/example_latest_only_with_trigger.py took 0.114 seconds
[2025-01-07T11:55:35.652+0000] {processor.py:186} INFO - Started process (PID=1022) to work on /home/airflow/.local/lib/python3.12/site-packages/airflow/example_dags/example_latest_only_with_trigger.py
[2025-01-07T11:55:35.653+0000] {processor.py:914} INFO - Processing file /home/airflow/.local/lib/python3.12/site-packages/airflow/example_dags/example_latest_only_with_trigger.py for tasks to queue
[2025-01-07T11:55:35.657+0000] {logging_mixin.py:190} INFO - [2025-01-07T11:55:35.656+0000] {dagbag.py:588} INFO - Filling up the DagBag from /home/airflow/.local/lib/python3.12/site-packages/airflow/example_dags/example_latest_only_with_trigger.py
[2025-01-07T11:55:35.666+0000] {processor.py:925} INFO - DAG(s) 'latest_only_with_trigger' retrieved from /home/airflow/.local/lib/python3.12/site-packages/airflow/example_dags/example_latest_only_with_trigger.py
[2025-01-07T11:55:35.685+0000] {logging_mixin.py:190} INFO - [2025-01-07T11:55:35.685+0000] {dag.py:3239} INFO - Sync 1 DAGs
[2025-01-07T11:55:35.708+0000] {logging_mixin.py:190} INFO - [2025-01-07T11:55:35.708+0000] {dag.py:4180} INFO - Setting next_dagrun for latest_only_with_trigger to 2025-01-07 04:00:00+00:00, run_after=2025-01-07 08:00:00+00:00
[2025-01-07T11:55:35.728+0000] {processor.py:208} INFO - Processing /home/airflow/.local/lib/python3.12/site-packages/airflow/example_dags/example_latest_only_with_trigger.py took 0.082 seconds
[2025-01-07T11:56:06.168+0000] {processor.py:186} INFO - Started process (PID=1085) to work on /home/airflow/.local/lib/python3.12/site-packages/airflow/example_dags/example_latest_only_with_trigger.py
[2025-01-07T11:56:06.170+0000] {processor.py:914} INFO - Processing file /home/airflow/.local/lib/python3.12/site-packages/airflow/example_dags/example_latest_only_with_trigger.py for tasks to queue
[2025-01-07T11:56:06.172+0000] {logging_mixin.py:190} INFO - [2025-01-07T11:56:06.172+0000] {dagbag.py:588} INFO - Filling up the DagBag from /home/airflow/.local/lib/python3.12/site-packages/airflow/example_dags/example_latest_only_with_trigger.py
[2025-01-07T11:56:06.180+0000] {processor.py:925} INFO - DAG(s) 'latest_only_with_trigger' retrieved from /home/airflow/.local/lib/python3.12/site-packages/airflow/example_dags/example_latest_only_with_trigger.py
[2025-01-07T11:56:06.199+0000] {logging_mixin.py:190} INFO - [2025-01-07T11:56:06.199+0000] {dag.py:3239} INFO - Sync 1 DAGs
[2025-01-07T11:56:06.228+0000] {logging_mixin.py:190} INFO - [2025-01-07T11:56:06.227+0000] {dag.py:4180} INFO - Setting next_dagrun for latest_only_with_trigger to 2025-01-07 04:00:00+00:00, run_after=2025-01-07 08:00:00+00:00
[2025-01-07T11:56:06.256+0000] {processor.py:208} INFO - Processing /home/airflow/.local/lib/python3.12/site-packages/airflow/example_dags/example_latest_only_with_trigger.py took 0.095 seconds
[2025-01-07T11:56:37.031+0000] {processor.py:186} INFO - Started process (PID=1148) to work on /home/airflow/.local/lib/python3.12/site-packages/airflow/example_dags/example_latest_only_with_trigger.py
[2025-01-07T11:56:37.033+0000] {processor.py:914} INFO - Processing file /home/airflow/.local/lib/python3.12/site-packages/airflow/example_dags/example_latest_only_with_trigger.py for tasks to queue
[2025-01-07T11:56:37.036+0000] {logging_mixin.py:190} INFO - [2025-01-07T11:56:37.036+0000] {dagbag.py:588} INFO - Filling up the DagBag from /home/airflow/.local/lib/python3.12/site-packages/airflow/example_dags/example_latest_only_with_trigger.py
[2025-01-07T11:56:37.048+0000] {processor.py:925} INFO - DAG(s) 'latest_only_with_trigger' retrieved from /home/airflow/.local/lib/python3.12/site-packages/airflow/example_dags/example_latest_only_with_trigger.py
[2025-01-07T11:56:37.074+0000] {logging_mixin.py:190} INFO - [2025-01-07T11:56:37.074+0000] {dag.py:3239} INFO - Sync 1 DAGs
[2025-01-07T11:56:37.101+0000] {logging_mixin.py:190} INFO - [2025-01-07T11:56:37.101+0000] {dag.py:4180} INFO - Setting next_dagrun for latest_only_with_trigger to 2025-01-07 04:00:00+00:00, run_after=2025-01-07 08:00:00+00:00
[2025-01-07T11:56:37.126+0000] {processor.py:208} INFO - Processing /home/airflow/.local/lib/python3.12/site-packages/airflow/example_dags/example_latest_only_with_trigger.py took 0.104 seconds
[2025-01-07T11:57:07.445+0000] {processor.py:186} INFO - Started process (PID=1211) to work on /home/airflow/.local/lib/python3.12/site-packages/airflow/example_dags/example_latest_only_with_trigger.py
[2025-01-07T11:57:07.446+0000] {processor.py:914} INFO - Processing file /home/airflow/.local/lib/python3.12/site-packages/airflow/example_dags/example_latest_only_with_trigger.py for tasks to queue
[2025-01-07T11:57:07.449+0000] {logging_mixin.py:190} INFO - [2025-01-07T11:57:07.449+0000] {dagbag.py:588} INFO - Filling up the DagBag from /home/airflow/.local/lib/python3.12/site-packages/airflow/example_dags/example_latest_only_with_trigger.py
[2025-01-07T11:57:07.457+0000] {processor.py:925} INFO - DAG(s) 'latest_only_with_trigger' retrieved from /home/airflow/.local/lib/python3.12/site-packages/airflow/example_dags/example_latest_only_with_trigger.py
[2025-01-07T11:57:07.481+0000] {logging_mixin.py:190} INFO - [2025-01-07T11:57:07.481+0000] {dag.py:3239} INFO - Sync 1 DAGs
[2025-01-07T11:57:07.506+0000] {logging_mixin.py:190} INFO - [2025-01-07T11:57:07.506+0000] {dag.py:4180} INFO - Setting next_dagrun for latest_only_with_trigger to 2025-01-07 04:00:00+00:00, run_after=2025-01-07 08:00:00+00:00
[2025-01-07T11:57:07.524+0000] {processor.py:208} INFO - Processing /home/airflow/.local/lib/python3.12/site-packages/airflow/example_dags/example_latest_only_with_trigger.py took 0.087 seconds
[2025-01-07T11:57:38.001+0000] {processor.py:186} INFO - Started process (PID=1281) to work on /home/airflow/.local/lib/python3.12/site-packages/airflow/example_dags/example_latest_only_with_trigger.py
[2025-01-07T11:57:38.003+0000] {processor.py:914} INFO - Processing file /home/airflow/.local/lib/python3.12/site-packages/airflow/example_dags/example_latest_only_with_trigger.py for tasks to queue
[2025-01-07T11:57:38.017+0000] {logging_mixin.py:190} INFO - [2025-01-07T11:57:38.016+0000] {dagbag.py:588} INFO - Filling up the DagBag from /home/airflow/.local/lib/python3.12/site-packages/airflow/example_dags/example_latest_only_with_trigger.py
[2025-01-07T11:57:38.032+0000] {processor.py:925} INFO - DAG(s) 'latest_only_with_trigger' retrieved from /home/airflow/.local/lib/python3.12/site-packages/airflow/example_dags/example_latest_only_with_trigger.py
[2025-01-07T11:57:38.067+0000] {logging_mixin.py:190} INFO - [2025-01-07T11:57:38.066+0000] {dag.py:3239} INFO - Sync 1 DAGs
[2025-01-07T11:57:38.122+0000] {logging_mixin.py:190} INFO - [2025-01-07T11:57:38.120+0000] {dag.py:4180} INFO - Setting next_dagrun for latest_only_with_trigger to 2025-01-07 04:00:00+00:00, run_after=2025-01-07 08:00:00+00:00
[2025-01-07T11:57:38.188+0000] {processor.py:208} INFO - Processing /home/airflow/.local/lib/python3.12/site-packages/airflow/example_dags/example_latest_only_with_trigger.py took 0.202 seconds
[2025-01-07T11:58:08.512+0000] {processor.py:186} INFO - Started process (PID=1344) to work on /home/airflow/.local/lib/python3.12/site-packages/airflow/example_dags/example_latest_only_with_trigger.py
[2025-01-07T11:58:08.513+0000] {processor.py:914} INFO - Processing file /home/airflow/.local/lib/python3.12/site-packages/airflow/example_dags/example_latest_only_with_trigger.py for tasks to queue
[2025-01-07T11:58:08.516+0000] {logging_mixin.py:190} INFO - [2025-01-07T11:58:08.516+0000] {dagbag.py:588} INFO - Filling up the DagBag from /home/airflow/.local/lib/python3.12/site-packages/airflow/example_dags/example_latest_only_with_trigger.py
[2025-01-07T11:58:08.526+0000] {processor.py:925} INFO - DAG(s) 'latest_only_with_trigger' retrieved from /home/airflow/.local/lib/python3.12/site-packages/airflow/example_dags/example_latest_only_with_trigger.py
[2025-01-07T11:58:08.570+0000] {logging_mixin.py:190} INFO - [2025-01-07T11:58:08.569+0000] {dag.py:3239} INFO - Sync 1 DAGs
[2025-01-07T11:58:08.596+0000] {logging_mixin.py:190} INFO - [2025-01-07T11:58:08.596+0000] {dag.py:4180} INFO - Setting next_dagrun for latest_only_with_trigger to 2025-01-07 04:00:00+00:00, run_after=2025-01-07 08:00:00+00:00
[2025-01-07T11:58:08.619+0000] {processor.py:208} INFO - Processing /home/airflow/.local/lib/python3.12/site-packages/airflow/example_dags/example_latest_only_with_trigger.py took 0.114 seconds
[2025-01-07T11:58:38.817+0000] {processor.py:186} INFO - Started process (PID=1407) to work on /home/airflow/.local/lib/python3.12/site-packages/airflow/example_dags/example_latest_only_with_trigger.py
[2025-01-07T11:58:38.819+0000] {processor.py:914} INFO - Processing file /home/airflow/.local/lib/python3.12/site-packages/airflow/example_dags/example_latest_only_with_trigger.py for tasks to queue
[2025-01-07T11:58:38.821+0000] {logging_mixin.py:190} INFO - [2025-01-07T11:58:38.821+0000] {dagbag.py:588} INFO - Filling up the DagBag from /home/airflow/.local/lib/python3.12/site-packages/airflow/example_dags/example_latest_only_with_trigger.py
[2025-01-07T11:58:38.830+0000] {processor.py:925} INFO - DAG(s) 'latest_only_with_trigger' retrieved from /home/airflow/.local/lib/python3.12/site-packages/airflow/example_dags/example_latest_only_with_trigger.py
[2025-01-07T11:58:38.848+0000] {logging_mixin.py:190} INFO - [2025-01-07T11:58:38.848+0000] {dag.py:3239} INFO - Sync 1 DAGs
[2025-01-07T11:58:38.869+0000] {logging_mixin.py:190} INFO - [2025-01-07T11:58:38.869+0000] {dag.py:4180} INFO - Setting next_dagrun for latest_only_with_trigger to 2025-01-07 04:00:00+00:00, run_after=2025-01-07 08:00:00+00:00
[2025-01-07T11:58:38.886+0000] {processor.py:208} INFO - Processing /home/airflow/.local/lib/python3.12/site-packages/airflow/example_dags/example_latest_only_with_trigger.py took 0.075 seconds
[2025-01-07T11:59:09.067+0000] {processor.py:186} INFO - Started process (PID=1470) to work on /home/airflow/.local/lib/python3.12/site-packages/airflow/example_dags/example_latest_only_with_trigger.py
[2025-01-07T11:59:09.068+0000] {processor.py:914} INFO - Processing file /home/airflow/.local/lib/python3.12/site-packages/airflow/example_dags/example_latest_only_with_trigger.py for tasks to queue
[2025-01-07T11:59:09.071+0000] {logging_mixin.py:190} INFO - [2025-01-07T11:59:09.071+0000] {dagbag.py:588} INFO - Filling up the DagBag from /home/airflow/.local/lib/python3.12/site-packages/airflow/example_dags/example_latest_only_with_trigger.py
[2025-01-07T11:59:09.080+0000] {processor.py:925} INFO - DAG(s) 'latest_only_with_trigger' retrieved from /home/airflow/.local/lib/python3.12/site-packages/airflow/example_dags/example_latest_only_with_trigger.py
[2025-01-07T11:59:09.102+0000] {logging_mixin.py:190} INFO - [2025-01-07T11:59:09.102+0000] {dag.py:3239} INFO - Sync 1 DAGs
[2025-01-07T11:59:09.125+0000] {logging_mixin.py:190} INFO - [2025-01-07T11:59:09.125+0000] {dag.py:4180} INFO - Setting next_dagrun for latest_only_with_trigger to 2025-01-07 04:00:00+00:00, run_after=2025-01-07 08:00:00+00:00
[2025-01-07T11:59:09.144+0000] {processor.py:208} INFO - Processing /home/airflow/.local/lib/python3.12/site-packages/airflow/example_dags/example_latest_only_with_trigger.py took 0.084 seconds
[2025-01-07T11:59:40.120+0000] {processor.py:186} INFO - Started process (PID=1534) to work on /home/airflow/.local/lib/python3.12/site-packages/airflow/example_dags/example_latest_only_with_trigger.py
[2025-01-07T11:59:40.121+0000] {processor.py:914} INFO - Processing file /home/airflow/.local/lib/python3.12/site-packages/airflow/example_dags/example_latest_only_with_trigger.py for tasks to queue
[2025-01-07T11:59:40.124+0000] {logging_mixin.py:190} INFO - [2025-01-07T11:59:40.123+0000] {dagbag.py:588} INFO - Filling up the DagBag from /home/airflow/.local/lib/python3.12/site-packages/airflow/example_dags/example_latest_only_with_trigger.py
[2025-01-07T11:59:40.131+0000] {processor.py:925} INFO - DAG(s) 'latest_only_with_trigger' retrieved from /home/airflow/.local/lib/python3.12/site-packages/airflow/example_dags/example_latest_only_with_trigger.py
[2025-01-07T11:59:40.155+0000] {logging_mixin.py:190} INFO - [2025-01-07T11:59:40.154+0000] {dag.py:3239} INFO - Sync 1 DAGs
[2025-01-07T11:59:40.183+0000] {logging_mixin.py:190} INFO - [2025-01-07T11:59:40.183+0000] {dag.py:4180} INFO - Setting next_dagrun for latest_only_with_trigger to 2025-01-07 04:00:00+00:00, run_after=2025-01-07 08:00:00+00:00
[2025-01-07T11:59:40.201+0000] {processor.py:208} INFO - Processing /home/airflow/.local/lib/python3.12/site-packages/airflow/example_dags/example_latest_only_with_trigger.py took 0.087 seconds
[2025-01-07T12:00:11.409+0000] {processor.py:186} INFO - Started process (PID=1597) to work on /home/airflow/.local/lib/python3.12/site-packages/airflow/example_dags/example_latest_only_with_trigger.py
[2025-01-07T12:00:11.410+0000] {processor.py:914} INFO - Processing file /home/airflow/.local/lib/python3.12/site-packages/airflow/example_dags/example_latest_only_with_trigger.py for tasks to queue
[2025-01-07T12:00:11.412+0000] {logging_mixin.py:190} INFO - [2025-01-07T12:00:11.412+0000] {dagbag.py:588} INFO - Filling up the DagBag from /home/airflow/.local/lib/python3.12/site-packages/airflow/example_dags/example_latest_only_with_trigger.py
[2025-01-07T12:00:11.419+0000] {processor.py:925} INFO - DAG(s) 'latest_only_with_trigger' retrieved from /home/airflow/.local/lib/python3.12/site-packages/airflow/example_dags/example_latest_only_with_trigger.py
[2025-01-07T12:00:11.440+0000] {logging_mixin.py:190} INFO - [2025-01-07T12:00:11.440+0000] {dag.py:3239} INFO - Sync 1 DAGs
[2025-01-07T12:00:11.461+0000] {logging_mixin.py:190} INFO - [2025-01-07T12:00:11.461+0000] {dag.py:4180} INFO - Setting next_dagrun for latest_only_with_trigger to 2025-01-07 08:00:00+00:00, run_after=2025-01-07 12:00:00+00:00
[2025-01-07T12:00:11.480+0000] {processor.py:208} INFO - Processing /home/airflow/.local/lib/python3.12/site-packages/airflow/example_dags/example_latest_only_with_trigger.py took 0.077 seconds
[2025-01-07T12:00:42.662+0000] {processor.py:186} INFO - Started process (PID=1661) to work on /home/airflow/.local/lib/python3.12/site-packages/airflow/example_dags/example_latest_only_with_trigger.py
[2025-01-07T12:00:42.663+0000] {processor.py:914} INFO - Processing file /home/airflow/.local/lib/python3.12/site-packages/airflow/example_dags/example_latest_only_with_trigger.py for tasks to queue
[2025-01-07T12:00:42.666+0000] {logging_mixin.py:190} INFO - [2025-01-07T12:00:42.665+0000] {dagbag.py:588} INFO - Filling up the DagBag from /home/airflow/.local/lib/python3.12/site-packages/airflow/example_dags/example_latest_only_with_trigger.py
[2025-01-07T12:00:42.673+0000] {processor.py:925} INFO - DAG(s) 'latest_only_with_trigger' retrieved from /home/airflow/.local/lib/python3.12/site-packages/airflow/example_dags/example_latest_only_with_trigger.py
[2025-01-07T12:00:42.693+0000] {logging_mixin.py:190} INFO - [2025-01-07T12:00:42.692+0000] {dag.py:3239} INFO - Sync 1 DAGs
[2025-01-07T12:00:42.720+0000] {logging_mixin.py:190} INFO - [2025-01-07T12:00:42.720+0000] {dag.py:4180} INFO - Setting next_dagrun for latest_only_with_trigger to 2025-01-07 08:00:00+00:00, run_after=2025-01-07 12:00:00+00:00
[2025-01-07T12:00:42.742+0000] {processor.py:208} INFO - Processing /home/airflow/.local/lib/python3.12/site-packages/airflow/example_dags/example_latest_only_with_trigger.py took 0.087 seconds
[2025-01-07T12:01:13.859+0000] {processor.py:186} INFO - Started process (PID=1724) to work on /home/airflow/.local/lib/python3.12/site-packages/airflow/example_dags/example_latest_only_with_trigger.py
[2025-01-07T12:01:13.860+0000] {processor.py:914} INFO - Processing file /home/airflow/.local/lib/python3.12/site-packages/airflow/example_dags/example_latest_only_with_trigger.py for tasks to queue
[2025-01-07T12:01:13.862+0000] {logging_mixin.py:190} INFO - [2025-01-07T12:01:13.862+0000] {dagbag.py:588} INFO - Filling up the DagBag from /home/airflow/.local/lib/python3.12/site-packages/airflow/example_dags/example_latest_only_with_trigger.py
[2025-01-07T12:01:13.869+0000] {processor.py:925} INFO - DAG(s) 'latest_only_with_trigger' retrieved from /home/airflow/.local/lib/python3.12/site-packages/airflow/example_dags/example_latest_only_with_trigger.py
[2025-01-07T12:01:13.889+0000] {logging_mixin.py:190} INFO - [2025-01-07T12:01:13.889+0000] {dag.py:3239} INFO - Sync 1 DAGs
[2025-01-07T12:01:13.914+0000] {logging_mixin.py:190} INFO - [2025-01-07T12:01:13.914+0000] {dag.py:4180} INFO - Setting next_dagrun for latest_only_with_trigger to 2025-01-07 08:00:00+00:00, run_after=2025-01-07 12:00:00+00:00
[2025-01-07T12:01:13.933+0000] {processor.py:208} INFO - Processing /home/airflow/.local/lib/python3.12/site-packages/airflow/example_dags/example_latest_only_with_trigger.py took 0.080 seconds
[2025-01-07T12:01:45.069+0000] {processor.py:186} INFO - Started process (PID=1787) to work on /home/airflow/.local/lib/python3.12/site-packages/airflow/example_dags/example_latest_only_with_trigger.py
[2025-01-07T12:01:45.070+0000] {processor.py:914} INFO - Processing file /home/airflow/.local/lib/python3.12/site-packages/airflow/example_dags/example_latest_only_with_trigger.py for tasks to queue
[2025-01-07T12:01:45.073+0000] {logging_mixin.py:190} INFO - [2025-01-07T12:01:45.072+0000] {dagbag.py:588} INFO - Filling up the DagBag from /home/airflow/.local/lib/python3.12/site-packages/airflow/example_dags/example_latest_only_with_trigger.py
[2025-01-07T12:01:45.082+0000] {processor.py:925} INFO - DAG(s) 'latest_only_with_trigger' retrieved from /home/airflow/.local/lib/python3.12/site-packages/airflow/example_dags/example_latest_only_with_trigger.py
[2025-01-07T12:01:45.107+0000] {logging_mixin.py:190} INFO - [2025-01-07T12:01:45.107+0000] {dag.py:3239} INFO - Sync 1 DAGs
[2025-01-07T12:01:45.138+0000] {logging_mixin.py:190} INFO - [2025-01-07T12:01:45.137+0000] {dag.py:4180} INFO - Setting next_dagrun for latest_only_with_trigger to 2025-01-07 08:00:00+00:00, run_after=2025-01-07 12:00:00+00:00
[2025-01-07T12:01:45.162+0000] {processor.py:208} INFO - Processing /home/airflow/.local/lib/python3.12/site-packages/airflow/example_dags/example_latest_only_with_trigger.py took 0.099 seconds
[2025-01-07T12:02:16.219+0000] {processor.py:186} INFO - Started process (PID=1850) to work on /home/airflow/.local/lib/python3.12/site-packages/airflow/example_dags/example_latest_only_with_trigger.py
[2025-01-07T12:02:16.221+0000] {processor.py:914} INFO - Processing file /home/airflow/.local/lib/python3.12/site-packages/airflow/example_dags/example_latest_only_with_trigger.py for tasks to queue
[2025-01-07T12:02:16.225+0000] {logging_mixin.py:190} INFO - [2025-01-07T12:02:16.224+0000] {dagbag.py:588} INFO - Filling up the DagBag from /home/airflow/.local/lib/python3.12/site-packages/airflow/example_dags/example_latest_only_with_trigger.py
[2025-01-07T12:02:16.238+0000] {processor.py:925} INFO - DAG(s) 'latest_only_with_trigger' retrieved from /home/airflow/.local/lib/python3.12/site-packages/airflow/example_dags/example_latest_only_with_trigger.py
[2025-01-07T12:02:16.277+0000] {logging_mixin.py:190} INFO - [2025-01-07T12:02:16.275+0000] {dag.py:3239} INFO - Sync 1 DAGs
[2025-01-07T12:02:16.323+0000] {logging_mixin.py:190} INFO - [2025-01-07T12:02:16.323+0000] {dag.py:4180} INFO - Setting next_dagrun for latest_only_with_trigger to 2025-01-07 08:00:00+00:00, run_after=2025-01-07 12:00:00+00:00
[2025-01-07T12:02:16.370+0000] {processor.py:208} INFO - Processing /home/airflow/.local/lib/python3.12/site-packages/airflow/example_dags/example_latest_only_with_trigger.py took 0.162 seconds
[2025-01-07T12:02:47.175+0000] {processor.py:186} INFO - Started process (PID=1913) to work on /home/airflow/.local/lib/python3.12/site-packages/airflow/example_dags/example_latest_only_with_trigger.py
[2025-01-07T12:02:47.176+0000] {processor.py:914} INFO - Processing file /home/airflow/.local/lib/python3.12/site-packages/airflow/example_dags/example_latest_only_with_trigger.py for tasks to queue
[2025-01-07T12:02:47.179+0000] {logging_mixin.py:190} INFO - [2025-01-07T12:02:47.178+0000] {dagbag.py:588} INFO - Filling up the DagBag from /home/airflow/.local/lib/python3.12/site-packages/airflow/example_dags/example_latest_only_with_trigger.py
[2025-01-07T12:02:47.187+0000] {processor.py:925} INFO - DAG(s) 'latest_only_with_trigger' retrieved from /home/airflow/.local/lib/python3.12/site-packages/airflow/example_dags/example_latest_only_with_trigger.py
[2025-01-07T12:02:47.210+0000] {logging_mixin.py:190} INFO - [2025-01-07T12:02:47.210+0000] {dag.py:3239} INFO - Sync 1 DAGs
[2025-01-07T12:02:47.237+0000] {logging_mixin.py:190} INFO - [2025-01-07T12:02:47.237+0000] {dag.py:4180} INFO - Setting next_dagrun for latest_only_with_trigger to 2025-01-07 08:00:00+00:00, run_after=2025-01-07 12:00:00+00:00
[2025-01-07T12:02:47.258+0000] {processor.py:208} INFO - Processing /home/airflow/.local/lib/python3.12/site-packages/airflow/example_dags/example_latest_only_with_trigger.py took 0.090 seconds
[2025-01-07T12:03:18.120+0000] {processor.py:186} INFO - Started process (PID=1976) to work on /home/airflow/.local/lib/python3.12/site-packages/airflow/example_dags/example_latest_only_with_trigger.py
[2025-01-07T12:03:18.122+0000] {processor.py:914} INFO - Processing file /home/airflow/.local/lib/python3.12/site-packages/airflow/example_dags/example_latest_only_with_trigger.py for tasks to queue
[2025-01-07T12:03:18.125+0000] {logging_mixin.py:190} INFO - [2025-01-07T12:03:18.124+0000] {dagbag.py:588} INFO - Filling up the DagBag from /home/airflow/.local/lib/python3.12/site-packages/airflow/example_dags/example_latest_only_with_trigger.py
[2025-01-07T12:03:18.133+0000] {processor.py:925} INFO - DAG(s) 'latest_only_with_trigger' retrieved from /home/airflow/.local/lib/python3.12/site-packages/airflow/example_dags/example_latest_only_with_trigger.py
[2025-01-07T12:03:18.153+0000] {logging_mixin.py:190} INFO - [2025-01-07T12:03:18.153+0000] {dag.py:3239} INFO - Sync 1 DAGs
[2025-01-07T12:03:18.175+0000] {logging_mixin.py:190} INFO - [2025-01-07T12:03:18.175+0000] {dag.py:4180} INFO - Setting next_dagrun for latest_only_with_trigger to 2025-01-07 08:00:00+00:00, run_after=2025-01-07 12:00:00+00:00
[2025-01-07T12:03:18.208+0000] {processor.py:208} INFO - Processing /home/airflow/.local/lib/python3.12/site-packages/airflow/example_dags/example_latest_only_with_trigger.py took 0.096 seconds
[2025-01-07T12:03:48.943+0000] {processor.py:186} INFO - Started process (PID=2045) to work on /home/airflow/.local/lib/python3.12/site-packages/airflow/example_dags/example_latest_only_with_trigger.py
[2025-01-07T12:03:48.944+0000] {processor.py:914} INFO - Processing file /home/airflow/.local/lib/python3.12/site-packages/airflow/example_dags/example_latest_only_with_trigger.py for tasks to queue
[2025-01-07T12:03:48.946+0000] {logging_mixin.py:190} INFO - [2025-01-07T12:03:48.946+0000] {dagbag.py:588} INFO - Filling up the DagBag from /home/airflow/.local/lib/python3.12/site-packages/airflow/example_dags/example_latest_only_with_trigger.py
[2025-01-07T12:03:48.953+0000] {processor.py:925} INFO - DAG(s) 'latest_only_with_trigger' retrieved from /home/airflow/.local/lib/python3.12/site-packages/airflow/example_dags/example_latest_only_with_trigger.py
[2025-01-07T12:03:48.976+0000] {logging_mixin.py:190} INFO - [2025-01-07T12:03:48.976+0000] {dag.py:3239} INFO - Sync 1 DAGs
[2025-01-07T12:03:48.999+0000] {logging_mixin.py:190} INFO - [2025-01-07T12:03:48.999+0000] {dag.py:4180} INFO - Setting next_dagrun for latest_only_with_trigger to 2025-01-07 08:00:00+00:00, run_after=2025-01-07 12:00:00+00:00
[2025-01-07T12:03:49.022+0000] {processor.py:208} INFO - Processing /home/airflow/.local/lib/python3.12/site-packages/airflow/example_dags/example_latest_only_with_trigger.py took 0.087 seconds
[2025-01-07T12:04:20.154+0000] {processor.py:186} INFO - Started process (PID=2108) to work on /home/airflow/.local/lib/python3.12/site-packages/airflow/example_dags/example_latest_only_with_trigger.py
[2025-01-07T12:04:20.155+0000] {processor.py:914} INFO - Processing file /home/airflow/.local/lib/python3.12/site-packages/airflow/example_dags/example_latest_only_with_trigger.py for tasks to queue
[2025-01-07T12:04:20.158+0000] {logging_mixin.py:190} INFO - [2025-01-07T12:04:20.158+0000] {dagbag.py:588} INFO - Filling up the DagBag from /home/airflow/.local/lib/python3.12/site-packages/airflow/example_dags/example_latest_only_with_trigger.py
[2025-01-07T12:04:20.167+0000] {processor.py:925} INFO - DAG(s) 'latest_only_with_trigger' retrieved from /home/airflow/.local/lib/python3.12/site-packages/airflow/example_dags/example_latest_only_with_trigger.py
[2025-01-07T12:04:20.188+0000] {logging_mixin.py:190} INFO - [2025-01-07T12:04:20.187+0000] {dag.py:3239} INFO - Sync 1 DAGs
[2025-01-07T12:04:20.214+0000] {logging_mixin.py:190} INFO - [2025-01-07T12:04:20.213+0000] {dag.py:4180} INFO - Setting next_dagrun for latest_only_with_trigger to 2025-01-07 08:00:00+00:00, run_after=2025-01-07 12:00:00+00:00
[2025-01-07T12:04:20.232+0000] {processor.py:208} INFO - Processing /home/airflow/.local/lib/python3.12/site-packages/airflow/example_dags/example_latest_only_with_trigger.py took 0.084 seconds
[2025-01-07T12:04:51.475+0000] {processor.py:186} INFO - Started process (PID=2171) to work on /home/airflow/.local/lib/python3.12/site-packages/airflow/example_dags/example_latest_only_with_trigger.py
[2025-01-07T12:04:51.476+0000] {processor.py:914} INFO - Processing file /home/airflow/.local/lib/python3.12/site-packages/airflow/example_dags/example_latest_only_with_trigger.py for tasks to queue
[2025-01-07T12:04:51.478+0000] {logging_mixin.py:190} INFO - [2025-01-07T12:04:51.478+0000] {dagbag.py:588} INFO - Filling up the DagBag from /home/airflow/.local/lib/python3.12/site-packages/airflow/example_dags/example_latest_only_with_trigger.py
[2025-01-07T12:04:51.487+0000] {processor.py:925} INFO - DAG(s) 'latest_only_with_trigger' retrieved from /home/airflow/.local/lib/python3.12/site-packages/airflow/example_dags/example_latest_only_with_trigger.py
[2025-01-07T12:04:51.506+0000] {logging_mixin.py:190} INFO - [2025-01-07T12:04:51.506+0000] {dag.py:3239} INFO - Sync 1 DAGs
[2025-01-07T12:04:51.531+0000] {logging_mixin.py:190} INFO - [2025-01-07T12:04:51.531+0000] {dag.py:4180} INFO - Setting next_dagrun for latest_only_with_trigger to 2025-01-07 08:00:00+00:00, run_after=2025-01-07 12:00:00+00:00
[2025-01-07T12:04:51.552+0000] {processor.py:208} INFO - Processing /home/airflow/.local/lib/python3.12/site-packages/airflow/example_dags/example_latest_only_with_trigger.py took 0.085 seconds
[2025-01-07T12:05:23.175+0000] {processor.py:186} INFO - Started process (PID=2234) to work on /home/airflow/.local/lib/python3.12/site-packages/airflow/example_dags/example_latest_only_with_trigger.py
[2025-01-07T12:05:23.177+0000] {processor.py:914} INFO - Processing file /home/airflow/.local/lib/python3.12/site-packages/airflow/example_dags/example_latest_only_with_trigger.py for tasks to queue
[2025-01-07T12:05:23.180+0000] {logging_mixin.py:190} INFO - [2025-01-07T12:05:23.180+0000] {dagbag.py:588} INFO - Filling up the DagBag from /home/airflow/.local/lib/python3.12/site-packages/airflow/example_dags/example_latest_only_with_trigger.py
[2025-01-07T12:05:23.191+0000] {processor.py:925} INFO - DAG(s) 'latest_only_with_trigger' retrieved from /home/airflow/.local/lib/python3.12/site-packages/airflow/example_dags/example_latest_only_with_trigger.py
[2025-01-07T12:05:23.217+0000] {logging_mixin.py:190} INFO - [2025-01-07T12:05:23.216+0000] {dag.py:3239} INFO - Sync 1 DAGs
[2025-01-07T12:05:23.251+0000] {logging_mixin.py:190} INFO - [2025-01-07T12:05:23.251+0000] {dag.py:4180} INFO - Setting next_dagrun for latest_only_with_trigger to 2025-01-07 08:00:00+00:00, run_after=2025-01-07 12:00:00+00:00
[2025-01-07T12:05:23.276+0000] {processor.py:208} INFO - Processing /home/airflow/.local/lib/python3.12/site-packages/airflow/example_dags/example_latest_only_with_trigger.py took 0.108 seconds
[2025-01-07T12:05:55.156+0000] {processor.py:186} INFO - Started process (PID=2300) to work on /home/airflow/.local/lib/python3.12/site-packages/airflow/example_dags/example_latest_only_with_trigger.py
[2025-01-07T12:05:55.158+0000] {processor.py:914} INFO - Processing file /home/airflow/.local/lib/python3.12/site-packages/airflow/example_dags/example_latest_only_with_trigger.py for tasks to queue
[2025-01-07T12:05:55.161+0000] {logging_mixin.py:190} INFO - [2025-01-07T12:05:55.160+0000] {dagbag.py:588} INFO - Filling up the DagBag from /home/airflow/.local/lib/python3.12/site-packages/airflow/example_dags/example_latest_only_with_trigger.py
[2025-01-07T12:05:55.169+0000] {processor.py:925} INFO - DAG(s) 'latest_only_with_trigger' retrieved from /home/airflow/.local/lib/python3.12/site-packages/airflow/example_dags/example_latest_only_with_trigger.py
[2025-01-07T12:05:55.188+0000] {logging_mixin.py:190} INFO - [2025-01-07T12:05:55.188+0000] {dag.py:3239} INFO - Sync 1 DAGs
[2025-01-07T12:05:55.217+0000] {logging_mixin.py:190} INFO - [2025-01-07T12:05:55.217+0000] {dag.py:4180} INFO - Setting next_dagrun for latest_only_with_trigger to 2025-01-07 08:00:00+00:00, run_after=2025-01-07 12:00:00+00:00
[2025-01-07T12:05:55.237+0000] {processor.py:208} INFO - Processing /home/airflow/.local/lib/python3.12/site-packages/airflow/example_dags/example_latest_only_with_trigger.py took 0.089 seconds
[2025-01-07T12:06:26.083+0000] {processor.py:186} INFO - Started process (PID=2363) to work on /home/airflow/.local/lib/python3.12/site-packages/airflow/example_dags/example_latest_only_with_trigger.py
[2025-01-07T12:06:26.084+0000] {processor.py:914} INFO - Processing file /home/airflow/.local/lib/python3.12/site-packages/airflow/example_dags/example_latest_only_with_trigger.py for tasks to queue
[2025-01-07T12:06:26.088+0000] {logging_mixin.py:190} INFO - [2025-01-07T12:06:26.087+0000] {dagbag.py:588} INFO - Filling up the DagBag from /home/airflow/.local/lib/python3.12/site-packages/airflow/example_dags/example_latest_only_with_trigger.py
[2025-01-07T12:06:26.097+0000] {processor.py:925} INFO - DAG(s) 'latest_only_with_trigger' retrieved from /home/airflow/.local/lib/python3.12/site-packages/airflow/example_dags/example_latest_only_with_trigger.py
[2025-01-07T12:06:26.125+0000] {logging_mixin.py:190} INFO - [2025-01-07T12:06:26.124+0000] {dag.py:3239} INFO - Sync 1 DAGs
[2025-01-07T12:06:26.169+0000] {logging_mixin.py:190} INFO - [2025-01-07T12:06:26.169+0000] {dag.py:4180} INFO - Setting next_dagrun for latest_only_with_trigger to 2025-01-07 08:00:00+00:00, run_after=2025-01-07 12:00:00+00:00
[2025-01-07T12:06:26.191+0000] {processor.py:208} INFO - Processing /home/airflow/.local/lib/python3.12/site-packages/airflow/example_dags/example_latest_only_with_trigger.py took 0.114 seconds
[2025-01-07T12:06:56.888+0000] {processor.py:186} INFO - Started process (PID=2426) to work on /home/airflow/.local/lib/python3.12/site-packages/airflow/example_dags/example_latest_only_with_trigger.py
[2025-01-07T12:06:56.889+0000] {processor.py:914} INFO - Processing file /home/airflow/.local/lib/python3.12/site-packages/airflow/example_dags/example_latest_only_with_trigger.py for tasks to queue
[2025-01-07T12:06:56.892+0000] {logging_mixin.py:190} INFO - [2025-01-07T12:06:56.892+0000] {dagbag.py:588} INFO - Filling up the DagBag from /home/airflow/.local/lib/python3.12/site-packages/airflow/example_dags/example_latest_only_with_trigger.py
[2025-01-07T12:06:56.901+0000] {processor.py:925} INFO - DAG(s) 'latest_only_with_trigger' retrieved from /home/airflow/.local/lib/python3.12/site-packages/airflow/example_dags/example_latest_only_with_trigger.py
[2025-01-07T12:06:56.926+0000] {logging_mixin.py:190} INFO - [2025-01-07T12:06:56.926+0000] {dag.py:3239} INFO - Sync 1 DAGs
[2025-01-07T12:06:56.954+0000] {logging_mixin.py:190} INFO - [2025-01-07T12:06:56.953+0000] {dag.py:4180} INFO - Setting next_dagrun for latest_only_with_trigger to 2025-01-07 08:00:00+00:00, run_after=2025-01-07 12:00:00+00:00
[2025-01-07T12:06:56.974+0000] {processor.py:208} INFO - Processing /home/airflow/.local/lib/python3.12/site-packages/airflow/example_dags/example_latest_only_with_trigger.py took 0.092 seconds
[2025-01-07T12:07:28.102+0000] {processor.py:186} INFO - Started process (PID=2490) to work on /home/airflow/.local/lib/python3.12/site-packages/airflow/example_dags/example_latest_only_with_trigger.py
[2025-01-07T12:07:28.104+0000] {processor.py:914} INFO - Processing file /home/airflow/.local/lib/python3.12/site-packages/airflow/example_dags/example_latest_only_with_trigger.py for tasks to queue
[2025-01-07T12:07:28.107+0000] {logging_mixin.py:190} INFO - [2025-01-07T12:07:28.107+0000] {dagbag.py:588} INFO - Filling up the DagBag from /home/airflow/.local/lib/python3.12/site-packages/airflow/example_dags/example_latest_only_with_trigger.py
[2025-01-07T12:07:28.118+0000] {processor.py:925} INFO - DAG(s) 'latest_only_with_trigger' retrieved from /home/airflow/.local/lib/python3.12/site-packages/airflow/example_dags/example_latest_only_with_trigger.py
[2025-01-07T12:07:28.144+0000] {logging_mixin.py:190} INFO - [2025-01-07T12:07:28.144+0000] {dag.py:3239} INFO - Sync 1 DAGs
[2025-01-07T12:07:28.181+0000] {logging_mixin.py:190} INFO - [2025-01-07T12:07:28.180+0000] {dag.py:4180} INFO - Setting next_dagrun for latest_only_with_trigger to 2025-01-07 08:00:00+00:00, run_after=2025-01-07 12:00:00+00:00
[2025-01-07T12:07:28.210+0000] {processor.py:208} INFO - Processing /home/airflow/.local/lib/python3.12/site-packages/airflow/example_dags/example_latest_only_with_trigger.py took 0.117 seconds
[2025-01-07T12:08:01.078+0000] {processor.py:186} INFO - Started process (PID=2555) to work on /home/airflow/.local/lib/python3.12/site-packages/airflow/example_dags/example_latest_only_with_trigger.py
[2025-01-07T12:08:01.080+0000] {processor.py:914} INFO - Processing file /home/airflow/.local/lib/python3.12/site-packages/airflow/example_dags/example_latest_only_with_trigger.py for tasks to queue
[2025-01-07T12:08:01.083+0000] {logging_mixin.py:190} INFO - [2025-01-07T12:08:01.083+0000] {dagbag.py:588} INFO - Filling up the DagBag from /home/airflow/.local/lib/python3.12/site-packages/airflow/example_dags/example_latest_only_with_trigger.py
[2025-01-07T12:08:01.094+0000] {processor.py:925} INFO - DAG(s) 'latest_only_with_trigger' retrieved from /home/airflow/.local/lib/python3.12/site-packages/airflow/example_dags/example_latest_only_with_trigger.py
[2025-01-07T12:08:01.127+0000] {logging_mixin.py:190} INFO - [2025-01-07T12:08:01.127+0000] {dag.py:3239} INFO - Sync 1 DAGs
[2025-01-07T12:08:01.162+0000] {logging_mixin.py:190} INFO - [2025-01-07T12:08:01.162+0000] {dag.py:4180} INFO - Setting next_dagrun for latest_only_with_trigger to 2025-01-07 08:00:00+00:00, run_after=2025-01-07 12:00:00+00:00
[2025-01-07T12:08:01.193+0000] {processor.py:208} INFO - Processing /home/airflow/.local/lib/python3.12/site-packages/airflow/example_dags/example_latest_only_with_trigger.py took 0.124 seconds
[2025-01-07T12:08:31.561+0000] {processor.py:186} INFO - Started process (PID=2619) to work on /home/airflow/.local/lib/python3.12/site-packages/airflow/example_dags/example_latest_only_with_trigger.py
[2025-01-07T12:08:31.562+0000] {processor.py:914} INFO - Processing file /home/airflow/.local/lib/python3.12/site-packages/airflow/example_dags/example_latest_only_with_trigger.py for tasks to queue
[2025-01-07T12:08:31.565+0000] {logging_mixin.py:190} INFO - [2025-01-07T12:08:31.565+0000] {dagbag.py:588} INFO - Filling up the DagBag from /home/airflow/.local/lib/python3.12/site-packages/airflow/example_dags/example_latest_only_with_trigger.py
[2025-01-07T12:08:31.573+0000] {processor.py:925} INFO - DAG(s) 'latest_only_with_trigger' retrieved from /home/airflow/.local/lib/python3.12/site-packages/airflow/example_dags/example_latest_only_with_trigger.py
[2025-01-07T12:08:31.602+0000] {logging_mixin.py:190} INFO - [2025-01-07T12:08:31.601+0000] {dag.py:3239} INFO - Sync 1 DAGs
[2025-01-07T12:08:31.631+0000] {logging_mixin.py:190} INFO - [2025-01-07T12:08:31.631+0000] {dag.py:4180} INFO - Setting next_dagrun for latest_only_with_trigger to 2025-01-07 08:00:00+00:00, run_after=2025-01-07 12:00:00+00:00
[2025-01-07T12:08:31.658+0000] {processor.py:208} INFO - Processing /home/airflow/.local/lib/python3.12/site-packages/airflow/example_dags/example_latest_only_with_trigger.py took 0.103 seconds
[2025-01-07T12:09:04.152+0000] {processor.py:186} INFO - Started process (PID=2682) to work on /home/airflow/.local/lib/python3.12/site-packages/airflow/example_dags/example_latest_only_with_trigger.py
[2025-01-07T12:09:04.154+0000] {processor.py:914} INFO - Processing file /home/airflow/.local/lib/python3.12/site-packages/airflow/example_dags/example_latest_only_with_trigger.py for tasks to queue
[2025-01-07T12:09:04.158+0000] {logging_mixin.py:190} INFO - [2025-01-07T12:09:04.158+0000] {dagbag.py:588} INFO - Filling up the DagBag from /home/airflow/.local/lib/python3.12/site-packages/airflow/example_dags/example_latest_only_with_trigger.py
[2025-01-07T12:09:04.177+0000] {processor.py:925} INFO - DAG(s) 'latest_only_with_trigger' retrieved from /home/airflow/.local/lib/python3.12/site-packages/airflow/example_dags/example_latest_only_with_trigger.py
[2025-01-07T12:09:04.216+0000] {logging_mixin.py:190} INFO - [2025-01-07T12:09:04.215+0000] {dag.py:3239} INFO - Sync 1 DAGs
[2025-01-07T12:09:04.275+0000] {logging_mixin.py:190} INFO - [2025-01-07T12:09:04.275+0000] {dag.py:4180} INFO - Setting next_dagrun for latest_only_with_trigger to 2025-01-07 08:00:00+00:00, run_after=2025-01-07 12:00:00+00:00
[2025-01-07T12:09:04.311+0000] {processor.py:208} INFO - Processing /home/airflow/.local/lib/python3.12/site-packages/airflow/example_dags/example_latest_only_with_trigger.py took 0.170 seconds
[2025-01-07T12:09:35.119+0000] {processor.py:186} INFO - Started process (PID=2745) to work on /home/airflow/.local/lib/python3.12/site-packages/airflow/example_dags/example_latest_only_with_trigger.py
[2025-01-07T12:09:35.120+0000] {processor.py:914} INFO - Processing file /home/airflow/.local/lib/python3.12/site-packages/airflow/example_dags/example_latest_only_with_trigger.py for tasks to queue
[2025-01-07T12:09:35.125+0000] {logging_mixin.py:190} INFO - [2025-01-07T12:09:35.124+0000] {dagbag.py:588} INFO - Filling up the DagBag from /home/airflow/.local/lib/python3.12/site-packages/airflow/example_dags/example_latest_only_with_trigger.py
[2025-01-07T12:09:35.137+0000] {processor.py:925} INFO - DAG(s) 'latest_only_with_trigger' retrieved from /home/airflow/.local/lib/python3.12/site-packages/airflow/example_dags/example_latest_only_with_trigger.py
[2025-01-07T12:09:35.167+0000] {logging_mixin.py:190} INFO - [2025-01-07T12:09:35.167+0000] {dag.py:3239} INFO - Sync 1 DAGs
[2025-01-07T12:09:35.205+0000] {logging_mixin.py:190} INFO - [2025-01-07T12:09:35.204+0000] {dag.py:4180} INFO - Setting next_dagrun for latest_only_with_trigger to 2025-01-07 08:00:00+00:00, run_after=2025-01-07 12:00:00+00:00
[2025-01-07T12:09:35.237+0000] {processor.py:208} INFO - Processing /home/airflow/.local/lib/python3.12/site-packages/airflow/example_dags/example_latest_only_with_trigger.py took 0.128 seconds
[2025-01-07T12:10:06.405+0000] {processor.py:186} INFO - Started process (PID=2808) to work on /home/airflow/.local/lib/python3.12/site-packages/airflow/example_dags/example_latest_only_with_trigger.py
[2025-01-07T12:10:06.407+0000] {processor.py:914} INFO - Processing file /home/airflow/.local/lib/python3.12/site-packages/airflow/example_dags/example_latest_only_with_trigger.py for tasks to queue
[2025-01-07T12:10:06.412+0000] {logging_mixin.py:190} INFO - [2025-01-07T12:10:06.411+0000] {dagbag.py:588} INFO - Filling up the DagBag from /home/airflow/.local/lib/python3.12/site-packages/airflow/example_dags/example_latest_only_with_trigger.py
[2025-01-07T12:10:06.429+0000] {processor.py:925} INFO - DAG(s) 'latest_only_with_trigger' retrieved from /home/airflow/.local/lib/python3.12/site-packages/airflow/example_dags/example_latest_only_with_trigger.py
[2025-01-07T12:10:06.469+0000] {logging_mixin.py:190} INFO - [2025-01-07T12:10:06.468+0000] {dag.py:3239} INFO - Sync 1 DAGs
[2025-01-07T12:10:06.518+0000] {logging_mixin.py:190} INFO - [2025-01-07T12:10:06.517+0000] {dag.py:4180} INFO - Setting next_dagrun for latest_only_with_trigger to 2025-01-07 08:00:00+00:00, run_after=2025-01-07 12:00:00+00:00
[2025-01-07T12:10:06.552+0000] {processor.py:208} INFO - Processing /home/airflow/.local/lib/python3.12/site-packages/airflow/example_dags/example_latest_only_with_trigger.py took 0.157 seconds
[2025-01-07T12:10:37.810+0000] {processor.py:186} INFO - Started process (PID=2872) to work on /home/airflow/.local/lib/python3.12/site-packages/airflow/example_dags/example_latest_only_with_trigger.py
[2025-01-07T12:10:37.812+0000] {processor.py:914} INFO - Processing file /home/airflow/.local/lib/python3.12/site-packages/airflow/example_dags/example_latest_only_with_trigger.py for tasks to queue
[2025-01-07T12:10:37.816+0000] {logging_mixin.py:190} INFO - [2025-01-07T12:10:37.815+0000] {dagbag.py:588} INFO - Filling up the DagBag from /home/airflow/.local/lib/python3.12/site-packages/airflow/example_dags/example_latest_only_with_trigger.py
[2025-01-07T12:10:37.829+0000] {processor.py:925} INFO - DAG(s) 'latest_only_with_trigger' retrieved from /home/airflow/.local/lib/python3.12/site-packages/airflow/example_dags/example_latest_only_with_trigger.py
[2025-01-07T12:10:37.862+0000] {logging_mixin.py:190} INFO - [2025-01-07T12:10:37.861+0000] {dag.py:3239} INFO - Sync 1 DAGs
[2025-01-07T12:10:37.909+0000] {logging_mixin.py:190} INFO - [2025-01-07T12:10:37.909+0000] {dag.py:4180} INFO - Setting next_dagrun for latest_only_with_trigger to 2025-01-07 08:00:00+00:00, run_after=2025-01-07 12:00:00+00:00
[2025-01-07T12:10:37.948+0000] {processor.py:208} INFO - Processing /home/airflow/.local/lib/python3.12/site-packages/airflow/example_dags/example_latest_only_with_trigger.py took 0.148 seconds
[2025-01-07T12:11:10.085+0000] {processor.py:186} INFO - Started process (PID=2936) to work on /home/airflow/.local/lib/python3.12/site-packages/airflow/example_dags/example_latest_only_with_trigger.py
[2025-01-07T12:11:10.087+0000] {processor.py:914} INFO - Processing file /home/airflow/.local/lib/python3.12/site-packages/airflow/example_dags/example_latest_only_with_trigger.py for tasks to queue
[2025-01-07T12:11:10.093+0000] {logging_mixin.py:190} INFO - [2025-01-07T12:11:10.092+0000] {dagbag.py:588} INFO - Filling up the DagBag from /home/airflow/.local/lib/python3.12/site-packages/airflow/example_dags/example_latest_only_with_trigger.py
[2025-01-07T12:11:10.107+0000] {processor.py:925} INFO - DAG(s) 'latest_only_with_trigger' retrieved from /home/airflow/.local/lib/python3.12/site-packages/airflow/example_dags/example_latest_only_with_trigger.py
[2025-01-07T12:11:10.162+0000] {logging_mixin.py:190} INFO - [2025-01-07T12:11:10.161+0000] {dag.py:3239} INFO - Sync 1 DAGs
[2025-01-07T12:11:10.264+0000] {logging_mixin.py:190} INFO - [2025-01-07T12:11:10.263+0000] {dag.py:4180} INFO - Setting next_dagrun for latest_only_with_trigger to 2025-01-07 08:00:00+00:00, run_after=2025-01-07 12:00:00+00:00
[2025-01-07T12:11:10.333+0000] {processor.py:208} INFO - Processing /home/airflow/.local/lib/python3.12/site-packages/airflow/example_dags/example_latest_only_with_trigger.py took 0.259 seconds
[2025-01-07T12:11:40.977+0000] {processor.py:186} INFO - Started process (PID=2999) to work on /home/airflow/.local/lib/python3.12/site-packages/airflow/example_dags/example_latest_only_with_trigger.py
[2025-01-07T12:11:40.979+0000] {processor.py:914} INFO - Processing file /home/airflow/.local/lib/python3.12/site-packages/airflow/example_dags/example_latest_only_with_trigger.py for tasks to queue
[2025-01-07T12:11:40.983+0000] {logging_mixin.py:190} INFO - [2025-01-07T12:11:40.982+0000] {dagbag.py:588} INFO - Filling up the DagBag from /home/airflow/.local/lib/python3.12/site-packages/airflow/example_dags/example_latest_only_with_trigger.py
[2025-01-07T12:11:40.996+0000] {processor.py:925} INFO - DAG(s) 'latest_only_with_trigger' retrieved from /home/airflow/.local/lib/python3.12/site-packages/airflow/example_dags/example_latest_only_with_trigger.py
[2025-01-07T12:11:41.025+0000] {logging_mixin.py:190} INFO - [2025-01-07T12:11:41.024+0000] {dag.py:3239} INFO - Sync 1 DAGs
[2025-01-07T12:11:41.057+0000] {logging_mixin.py:190} INFO - [2025-01-07T12:11:41.057+0000] {dag.py:4180} INFO - Setting next_dagrun for latest_only_with_trigger to 2025-01-07 08:00:00+00:00, run_after=2025-01-07 12:00:00+00:00
[2025-01-07T12:11:41.087+0000] {processor.py:208} INFO - Processing /home/airflow/.local/lib/python3.12/site-packages/airflow/example_dags/example_latest_only_with_trigger.py took 0.120 seconds
[2025-01-07T12:12:11.400+0000] {processor.py:186} INFO - Started process (PID=3061) to work on /home/airflow/.local/lib/python3.12/site-packages/airflow/example_dags/example_latest_only_with_trigger.py
[2025-01-07T12:12:11.402+0000] {processor.py:914} INFO - Processing file /home/airflow/.local/lib/python3.12/site-packages/airflow/example_dags/example_latest_only_with_trigger.py for tasks to queue
[2025-01-07T12:12:11.408+0000] {logging_mixin.py:190} INFO - [2025-01-07T12:12:11.407+0000] {dagbag.py:588} INFO - Filling up the DagBag from /home/airflow/.local/lib/python3.12/site-packages/airflow/example_dags/example_latest_only_with_trigger.py
[2025-01-07T12:12:11.423+0000] {processor.py:925} INFO - DAG(s) 'latest_only_with_trigger' retrieved from /home/airflow/.local/lib/python3.12/site-packages/airflow/example_dags/example_latest_only_with_trigger.py
[2025-01-07T12:12:11.465+0000] {logging_mixin.py:190} INFO - [2025-01-07T12:12:11.465+0000] {dag.py:3239} INFO - Sync 1 DAGs
[2025-01-07T12:12:11.515+0000] {logging_mixin.py:190} INFO - [2025-01-07T12:12:11.515+0000] {dag.py:4180} INFO - Setting next_dagrun for latest_only_with_trigger to 2025-01-07 08:00:00+00:00, run_after=2025-01-07 12:00:00+00:00
[2025-01-07T12:12:11.560+0000] {processor.py:208} INFO - Processing /home/airflow/.local/lib/python3.12/site-packages/airflow/example_dags/example_latest_only_with_trigger.py took 0.169 seconds
[2025-01-07T12:12:41.619+0000] {processor.py:186} INFO - Started process (PID=3123) to work on /home/airflow/.local/lib/python3.12/site-packages/airflow/example_dags/example_latest_only_with_trigger.py
[2025-01-07T12:12:41.620+0000] {processor.py:914} INFO - Processing file /home/airflow/.local/lib/python3.12/site-packages/airflow/example_dags/example_latest_only_with_trigger.py for tasks to queue
[2025-01-07T12:12:41.624+0000] {logging_mixin.py:190} INFO - [2025-01-07T12:12:41.623+0000] {dagbag.py:588} INFO - Filling up the DagBag from /home/airflow/.local/lib/python3.12/site-packages/airflow/example_dags/example_latest_only_with_trigger.py
[2025-01-07T12:12:41.634+0000] {processor.py:925} INFO - DAG(s) 'latest_only_with_trigger' retrieved from /home/airflow/.local/lib/python3.12/site-packages/airflow/example_dags/example_latest_only_with_trigger.py
[2025-01-07T12:12:41.664+0000] {logging_mixin.py:190} INFO - [2025-01-07T12:12:41.663+0000] {dag.py:3239} INFO - Sync 1 DAGs
[2025-01-07T12:12:41.688+0000] {logging_mixin.py:190} INFO - [2025-01-07T12:12:41.688+0000] {dag.py:4180} INFO - Setting next_dagrun for latest_only_with_trigger to 2025-01-07 08:00:00+00:00, run_after=2025-01-07 12:00:00+00:00
[2025-01-07T12:12:41.711+0000] {processor.py:208} INFO - Processing /home/airflow/.local/lib/python3.12/site-packages/airflow/example_dags/example_latest_only_with_trigger.py took 0.101 seconds
[2025-01-07T12:43:15.396+0000] {processor.py:186} INFO - Started process (PID=3194) to work on /home/airflow/.local/lib/python3.12/site-packages/airflow/example_dags/example_latest_only_with_trigger.py
[2025-01-07T12:43:15.398+0000] {processor.py:914} INFO - Processing file /home/airflow/.local/lib/python3.12/site-packages/airflow/example_dags/example_latest_only_with_trigger.py for tasks to queue
[2025-01-07T12:43:15.401+0000] {logging_mixin.py:190} INFO - [2025-01-07T12:43:15.401+0000] {dagbag.py:588} INFO - Filling up the DagBag from /home/airflow/.local/lib/python3.12/site-packages/airflow/example_dags/example_latest_only_with_trigger.py
[2025-01-07T12:43:15.419+0000] {processor.py:925} INFO - DAG(s) 'latest_only_with_trigger' retrieved from /home/airflow/.local/lib/python3.12/site-packages/airflow/example_dags/example_latest_only_with_trigger.py
[2025-01-07T12:43:15.460+0000] {logging_mixin.py:190} INFO - [2025-01-07T12:43:15.459+0000] {dag.py:3239} INFO - Sync 1 DAGs
[2025-01-07T12:43:15.505+0000] {logging_mixin.py:190} INFO - [2025-01-07T12:43:15.504+0000] {dag.py:4180} INFO - Setting next_dagrun for latest_only_with_trigger to 2025-01-07 08:00:00+00:00, run_after=2025-01-07 12:00:00+00:00
[2025-01-07T12:43:15.532+0000] {processor.py:208} INFO - Processing /home/airflow/.local/lib/python3.12/site-packages/airflow/example_dags/example_latest_only_with_trigger.py took 0.143 seconds
