[2025-01-07T11:47:27.890+0000] {processor.py:186} INFO - Started process (PID=60) to work on /home/airflow/.local/lib/python3.12/site-packages/airflow/example_dags/example_complex.py
[2025-01-07T11:47:27.892+0000] {processor.py:914} INFO - Processing file /home/airflow/.local/lib/python3.12/site-packages/airflow/example_dags/example_complex.py for tasks to queue
[2025-01-07T11:47:27.895+0000] {logging_mixin.py:190} INFO - [2025-01-07T11:47:27.895+0000] {dagbag.py:588} INFO - Filling up the DagBag from /home/airflow/.local/lib/python3.12/site-packages/airflow/example_dags/example_complex.py
[2025-01-07T11:47:27.912+0000] {processor.py:925} INFO - DAG(s) 'example_complex' retrieved from /home/airflow/.local/lib/python3.12/site-packages/airflow/example_dags/example_complex.py
[2025-01-07T11:47:28.063+0000] {logging_mixin.py:190} INFO - [2025-01-07T11:47:28.062+0000] {override.py:1911} INFO - Created Permission View: can read on DAG:example_complex
[2025-01-07T11:47:28.074+0000] {logging_mixin.py:190} INFO - [2025-01-07T11:47:28.074+0000] {override.py:1911} INFO - Created Permission View: can delete on DAG:example_complex
[2025-01-07T11:47:28.082+0000] {logging_mixin.py:190} INFO - [2025-01-07T11:47:28.082+0000] {override.py:1911} INFO - Created Permission View: can edit on DAG:example_complex
[2025-01-07T11:47:28.091+0000] {logging_mixin.py:190} INFO - [2025-01-07T11:47:28.090+0000] {override.py:1911} INFO - Created Permission View: menu access on DAG Run:example_complex
[2025-01-07T11:47:28.099+0000] {logging_mixin.py:190} INFO - [2025-01-07T11:47:28.099+0000] {override.py:1911} INFO - Created Permission View: can read on DAG Run:example_complex
[2025-01-07T11:47:28.106+0000] {logging_mixin.py:190} INFO - [2025-01-07T11:47:28.106+0000] {override.py:1911} INFO - Created Permission View: can delete on DAG Run:example_complex
[2025-01-07T11:47:28.115+0000] {logging_mixin.py:190} INFO - [2025-01-07T11:47:28.114+0000] {override.py:1911} INFO - Created Permission View: can create on DAG Run:example_complex
[2025-01-07T11:47:28.115+0000] {logging_mixin.py:190} INFO - [2025-01-07T11:47:28.115+0000] {dag.py:3239} INFO - Sync 1 DAGs
[2025-01-07T11:47:28.129+0000] {logging_mixin.py:190} INFO - [2025-01-07T11:47:28.129+0000] {dag.py:3262} INFO - Creating ORM DAG for example_complex
[2025-01-07T11:47:28.130+0000] {logging_mixin.py:190} INFO - [2025-01-07T11:47:28.130+0000] {dag.py:4180} INFO - Setting next_dagrun for example_complex to None, run_after=None
[2025-01-07T11:47:28.149+0000] {processor.py:208} INFO - Processing /home/airflow/.local/lib/python3.12/site-packages/airflow/example_dags/example_complex.py took 0.266 seconds
[2025-01-07T11:48:18.371+0000] {processor.py:186} INFO - Started process (PID=129) to work on /home/airflow/.local/lib/python3.12/site-packages/airflow/example_dags/example_complex.py
[2025-01-07T11:48:18.451+0000] {processor.py:914} INFO - Processing file /home/airflow/.local/lib/python3.12/site-packages/airflow/example_dags/example_complex.py for tasks to queue
[2025-01-07T11:48:18.456+0000] {logging_mixin.py:190} INFO - [2025-01-07T11:48:18.455+0000] {dagbag.py:588} INFO - Filling up the DagBag from /home/airflow/.local/lib/python3.12/site-packages/airflow/example_dags/example_complex.py
[2025-01-07T11:48:18.480+0000] {processor.py:925} INFO - DAG(s) 'example_complex' retrieved from /home/airflow/.local/lib/python3.12/site-packages/airflow/example_dags/example_complex.py
[2025-01-07T11:48:18.714+0000] {logging_mixin.py:190} INFO - [2025-01-07T11:48:18.714+0000] {dag.py:3239} INFO - Sync 1 DAGs
[2025-01-07T11:48:18.735+0000] {logging_mixin.py:190} INFO - [2025-01-07T11:48:18.734+0000] {dag.py:4180} INFO - Setting next_dagrun for example_complex to None, run_after=None
[2025-01-07T11:48:19.742+0000] {processor.py:208} INFO - Processing /home/airflow/.local/lib/python3.12/site-packages/airflow/example_dags/example_complex.py took 1.384 seconds
[2025-01-07T11:48:50.430+0000] {processor.py:186} INFO - Started process (PID=193) to work on /home/airflow/.local/lib/python3.12/site-packages/airflow/example_dags/example_complex.py
[2025-01-07T11:48:50.431+0000] {processor.py:914} INFO - Processing file /home/airflow/.local/lib/python3.12/site-packages/airflow/example_dags/example_complex.py for tasks to queue
[2025-01-07T11:48:50.433+0000] {logging_mixin.py:190} INFO - [2025-01-07T11:48:50.433+0000] {dagbag.py:588} INFO - Filling up the DagBag from /home/airflow/.local/lib/python3.12/site-packages/airflow/example_dags/example_complex.py
[2025-01-07T11:48:50.444+0000] {processor.py:925} INFO - DAG(s) 'example_complex' retrieved from /home/airflow/.local/lib/python3.12/site-packages/airflow/example_dags/example_complex.py
[2025-01-07T11:48:50.473+0000] {logging_mixin.py:190} INFO - [2025-01-07T11:48:50.473+0000] {dag.py:3239} INFO - Sync 1 DAGs
[2025-01-07T11:48:50.488+0000] {logging_mixin.py:190} INFO - [2025-01-07T11:48:50.487+0000] {dag.py:4180} INFO - Setting next_dagrun for example_complex to None, run_after=None
[2025-01-07T11:48:51.645+0000] {processor.py:208} INFO - Processing /home/airflow/.local/lib/python3.12/site-packages/airflow/example_dags/example_complex.py took 1.221 seconds
[2025-01-07T11:49:22.014+0000] {processor.py:186} INFO - Started process (PID=256) to work on /home/airflow/.local/lib/python3.12/site-packages/airflow/example_dags/example_complex.py
[2025-01-07T11:49:22.016+0000] {processor.py:914} INFO - Processing file /home/airflow/.local/lib/python3.12/site-packages/airflow/example_dags/example_complex.py for tasks to queue
[2025-01-07T11:49:22.018+0000] {logging_mixin.py:190} INFO - [2025-01-07T11:49:22.018+0000] {dagbag.py:588} INFO - Filling up the DagBag from /home/airflow/.local/lib/python3.12/site-packages/airflow/example_dags/example_complex.py
[2025-01-07T11:49:22.030+0000] {processor.py:925} INFO - DAG(s) 'example_complex' retrieved from /home/airflow/.local/lib/python3.12/site-packages/airflow/example_dags/example_complex.py
[2025-01-07T11:49:22.059+0000] {logging_mixin.py:190} INFO - [2025-01-07T11:49:22.059+0000] {dag.py:3239} INFO - Sync 1 DAGs
[2025-01-07T11:49:22.072+0000] {logging_mixin.py:190} INFO - [2025-01-07T11:49:22.072+0000] {dag.py:4180} INFO - Setting next_dagrun for example_complex to None, run_after=None
[2025-01-07T11:49:22.091+0000] {processor.py:208} INFO - Processing /home/airflow/.local/lib/python3.12/site-packages/airflow/example_dags/example_complex.py took 0.083 seconds
[2025-01-07T11:49:52.500+0000] {processor.py:186} INFO - Started process (PID=319) to work on /home/airflow/.local/lib/python3.12/site-packages/airflow/example_dags/example_complex.py
[2025-01-07T11:49:52.501+0000] {processor.py:914} INFO - Processing file /home/airflow/.local/lib/python3.12/site-packages/airflow/example_dags/example_complex.py for tasks to queue
[2025-01-07T11:49:52.505+0000] {logging_mixin.py:190} INFO - [2025-01-07T11:49:52.504+0000] {dagbag.py:588} INFO - Filling up the DagBag from /home/airflow/.local/lib/python3.12/site-packages/airflow/example_dags/example_complex.py
[2025-01-07T11:49:52.519+0000] {processor.py:925} INFO - DAG(s) 'example_complex' retrieved from /home/airflow/.local/lib/python3.12/site-packages/airflow/example_dags/example_complex.py
[2025-01-07T11:49:52.562+0000] {logging_mixin.py:190} INFO - [2025-01-07T11:49:52.561+0000] {dag.py:3239} INFO - Sync 1 DAGs
[2025-01-07T11:49:52.586+0000] {logging_mixin.py:190} INFO - [2025-01-07T11:49:52.585+0000] {dag.py:4180} INFO - Setting next_dagrun for example_complex to None, run_after=None
[2025-01-07T11:49:52.618+0000] {processor.py:208} INFO - Processing /home/airflow/.local/lib/python3.12/site-packages/airflow/example_dags/example_complex.py took 0.126 seconds
[2025-01-07T11:50:22.739+0000] {processor.py:186} INFO - Started process (PID=382) to work on /home/airflow/.local/lib/python3.12/site-packages/airflow/example_dags/example_complex.py
[2025-01-07T11:50:22.740+0000] {processor.py:914} INFO - Processing file /home/airflow/.local/lib/python3.12/site-packages/airflow/example_dags/example_complex.py for tasks to queue
[2025-01-07T11:50:22.743+0000] {logging_mixin.py:190} INFO - [2025-01-07T11:50:22.743+0000] {dagbag.py:588} INFO - Filling up the DagBag from /home/airflow/.local/lib/python3.12/site-packages/airflow/example_dags/example_complex.py
[2025-01-07T11:50:22.757+0000] {processor.py:925} INFO - DAG(s) 'example_complex' retrieved from /home/airflow/.local/lib/python3.12/site-packages/airflow/example_dags/example_complex.py
[2025-01-07T11:50:22.791+0000] {logging_mixin.py:190} INFO - [2025-01-07T11:50:22.791+0000] {dag.py:3239} INFO - Sync 1 DAGs
[2025-01-07T11:50:22.807+0000] {logging_mixin.py:190} INFO - [2025-01-07T11:50:22.807+0000] {dag.py:4180} INFO - Setting next_dagrun for example_complex to None, run_after=None
[2025-01-07T11:50:22.826+0000] {processor.py:208} INFO - Processing /home/airflow/.local/lib/python3.12/site-packages/airflow/example_dags/example_complex.py took 0.093 seconds
[2025-01-07T11:50:53.426+0000] {processor.py:186} INFO - Started process (PID=445) to work on /home/airflow/.local/lib/python3.12/site-packages/airflow/example_dags/example_complex.py
[2025-01-07T11:50:53.427+0000] {processor.py:914} INFO - Processing file /home/airflow/.local/lib/python3.12/site-packages/airflow/example_dags/example_complex.py for tasks to queue
[2025-01-07T11:50:53.430+0000] {logging_mixin.py:190} INFO - [2025-01-07T11:50:53.429+0000] {dagbag.py:588} INFO - Filling up the DagBag from /home/airflow/.local/lib/python3.12/site-packages/airflow/example_dags/example_complex.py
[2025-01-07T11:50:53.441+0000] {processor.py:925} INFO - DAG(s) 'example_complex' retrieved from /home/airflow/.local/lib/python3.12/site-packages/airflow/example_dags/example_complex.py
[2025-01-07T11:50:53.470+0000] {logging_mixin.py:190} INFO - [2025-01-07T11:50:53.470+0000] {dag.py:3239} INFO - Sync 1 DAGs
[2025-01-07T11:50:53.485+0000] {logging_mixin.py:190} INFO - [2025-01-07T11:50:53.485+0000] {dag.py:4180} INFO - Setting next_dagrun for example_complex to None, run_after=None
[2025-01-07T11:50:53.503+0000] {processor.py:208} INFO - Processing /home/airflow/.local/lib/python3.12/site-packages/airflow/example_dags/example_complex.py took 0.084 seconds
[2025-01-07T11:51:23.895+0000] {processor.py:186} INFO - Started process (PID=508) to work on /home/airflow/.local/lib/python3.12/site-packages/airflow/example_dags/example_complex.py
[2025-01-07T11:51:23.896+0000] {processor.py:914} INFO - Processing file /home/airflow/.local/lib/python3.12/site-packages/airflow/example_dags/example_complex.py for tasks to queue
[2025-01-07T11:51:23.898+0000] {logging_mixin.py:190} INFO - [2025-01-07T11:51:23.898+0000] {dagbag.py:588} INFO - Filling up the DagBag from /home/airflow/.local/lib/python3.12/site-packages/airflow/example_dags/example_complex.py
[2025-01-07T11:51:23.909+0000] {processor.py:925} INFO - DAG(s) 'example_complex' retrieved from /home/airflow/.local/lib/python3.12/site-packages/airflow/example_dags/example_complex.py
[2025-01-07T11:51:23.937+0000] {logging_mixin.py:190} INFO - [2025-01-07T11:51:23.937+0000] {dag.py:3239} INFO - Sync 1 DAGs
[2025-01-07T11:51:23.951+0000] {logging_mixin.py:190} INFO - [2025-01-07T11:51:23.951+0000] {dag.py:4180} INFO - Setting next_dagrun for example_complex to None, run_after=None
[2025-01-07T11:51:23.970+0000] {processor.py:208} INFO - Processing /home/airflow/.local/lib/python3.12/site-packages/airflow/example_dags/example_complex.py took 0.081 seconds
[2025-01-07T11:51:54.792+0000] {processor.py:186} INFO - Started process (PID=571) to work on /home/airflow/.local/lib/python3.12/site-packages/airflow/example_dags/example_complex.py
[2025-01-07T11:51:54.794+0000] {processor.py:914} INFO - Processing file /home/airflow/.local/lib/python3.12/site-packages/airflow/example_dags/example_complex.py for tasks to queue
[2025-01-07T11:51:54.796+0000] {logging_mixin.py:190} INFO - [2025-01-07T11:51:54.796+0000] {dagbag.py:588} INFO - Filling up the DagBag from /home/airflow/.local/lib/python3.12/site-packages/airflow/example_dags/example_complex.py
[2025-01-07T11:51:54.807+0000] {processor.py:925} INFO - DAG(s) 'example_complex' retrieved from /home/airflow/.local/lib/python3.12/site-packages/airflow/example_dags/example_complex.py
[2025-01-07T11:51:54.836+0000] {logging_mixin.py:190} INFO - [2025-01-07T11:51:54.836+0000] {dag.py:3239} INFO - Sync 1 DAGs
[2025-01-07T11:51:54.849+0000] {logging_mixin.py:190} INFO - [2025-01-07T11:51:54.848+0000] {dag.py:4180} INFO - Setting next_dagrun for example_complex to None, run_after=None
[2025-01-07T11:51:54.868+0000] {processor.py:208} INFO - Processing /home/airflow/.local/lib/python3.12/site-packages/airflow/example_dags/example_complex.py took 0.082 seconds
[2025-01-07T11:52:25.491+0000] {processor.py:186} INFO - Started process (PID=634) to work on /home/airflow/.local/lib/python3.12/site-packages/airflow/example_dags/example_complex.py
[2025-01-07T11:52:25.492+0000] {processor.py:914} INFO - Processing file /home/airflow/.local/lib/python3.12/site-packages/airflow/example_dags/example_complex.py for tasks to queue
[2025-01-07T11:52:25.495+0000] {logging_mixin.py:190} INFO - [2025-01-07T11:52:25.494+0000] {dagbag.py:588} INFO - Filling up the DagBag from /home/airflow/.local/lib/python3.12/site-packages/airflow/example_dags/example_complex.py
[2025-01-07T11:52:25.507+0000] {processor.py:925} INFO - DAG(s) 'example_complex' retrieved from /home/airflow/.local/lib/python3.12/site-packages/airflow/example_dags/example_complex.py
[2025-01-07T11:52:25.538+0000] {logging_mixin.py:190} INFO - [2025-01-07T11:52:25.538+0000] {dag.py:3239} INFO - Sync 1 DAGs
[2025-01-07T11:52:25.552+0000] {logging_mixin.py:190} INFO - [2025-01-07T11:52:25.552+0000] {dag.py:4180} INFO - Setting next_dagrun for example_complex to None, run_after=None
[2025-01-07T11:52:25.574+0000] {processor.py:208} INFO - Processing /home/airflow/.local/lib/python3.12/site-packages/airflow/example_dags/example_complex.py took 0.089 seconds
[2025-01-07T11:52:56.198+0000] {processor.py:186} INFO - Started process (PID=697) to work on /home/airflow/.local/lib/python3.12/site-packages/airflow/example_dags/example_complex.py
[2025-01-07T11:52:56.199+0000] {processor.py:914} INFO - Processing file /home/airflow/.local/lib/python3.12/site-packages/airflow/example_dags/example_complex.py for tasks to queue
[2025-01-07T11:52:56.201+0000] {logging_mixin.py:190} INFO - [2025-01-07T11:52:56.201+0000] {dagbag.py:588} INFO - Filling up the DagBag from /home/airflow/.local/lib/python3.12/site-packages/airflow/example_dags/example_complex.py
[2025-01-07T11:52:56.211+0000] {processor.py:925} INFO - DAG(s) 'example_complex' retrieved from /home/airflow/.local/lib/python3.12/site-packages/airflow/example_dags/example_complex.py
[2025-01-07T11:52:56.239+0000] {logging_mixin.py:190} INFO - [2025-01-07T11:52:56.239+0000] {dag.py:3239} INFO - Sync 1 DAGs
[2025-01-07T11:52:56.253+0000] {logging_mixin.py:190} INFO - [2025-01-07T11:52:56.253+0000] {dag.py:4180} INFO - Setting next_dagrun for example_complex to None, run_after=None
[2025-01-07T11:52:56.270+0000] {processor.py:208} INFO - Processing /home/airflow/.local/lib/python3.12/site-packages/airflow/example_dags/example_complex.py took 0.078 seconds
[2025-01-07T11:53:26.495+0000] {processor.py:186} INFO - Started process (PID=760) to work on /home/airflow/.local/lib/python3.12/site-packages/airflow/example_dags/example_complex.py
[2025-01-07T11:53:26.496+0000] {processor.py:914} INFO - Processing file /home/airflow/.local/lib/python3.12/site-packages/airflow/example_dags/example_complex.py for tasks to queue
[2025-01-07T11:53:26.498+0000] {logging_mixin.py:190} INFO - [2025-01-07T11:53:26.498+0000] {dagbag.py:588} INFO - Filling up the DagBag from /home/airflow/.local/lib/python3.12/site-packages/airflow/example_dags/example_complex.py
[2025-01-07T11:53:26.510+0000] {processor.py:925} INFO - DAG(s) 'example_complex' retrieved from /home/airflow/.local/lib/python3.12/site-packages/airflow/example_dags/example_complex.py
[2025-01-07T11:53:26.543+0000] {logging_mixin.py:190} INFO - [2025-01-07T11:53:26.543+0000] {dag.py:3239} INFO - Sync 1 DAGs
[2025-01-07T11:53:26.558+0000] {logging_mixin.py:190} INFO - [2025-01-07T11:53:26.558+0000] {dag.py:4180} INFO - Setting next_dagrun for example_complex to None, run_after=None
[2025-01-07T11:53:26.579+0000] {processor.py:208} INFO - Processing /home/airflow/.local/lib/python3.12/site-packages/airflow/example_dags/example_complex.py took 0.091 seconds
[2025-01-07T11:53:57.223+0000] {processor.py:186} INFO - Started process (PID=823) to work on /home/airflow/.local/lib/python3.12/site-packages/airflow/example_dags/example_complex.py
[2025-01-07T11:53:57.224+0000] {processor.py:914} INFO - Processing file /home/airflow/.local/lib/python3.12/site-packages/airflow/example_dags/example_complex.py for tasks to queue
[2025-01-07T11:53:57.227+0000] {logging_mixin.py:190} INFO - [2025-01-07T11:53:57.227+0000] {dagbag.py:588} INFO - Filling up the DagBag from /home/airflow/.local/lib/python3.12/site-packages/airflow/example_dags/example_complex.py
[2025-01-07T11:53:57.241+0000] {processor.py:925} INFO - DAG(s) 'example_complex' retrieved from /home/airflow/.local/lib/python3.12/site-packages/airflow/example_dags/example_complex.py
[2025-01-07T11:53:57.271+0000] {logging_mixin.py:190} INFO - [2025-01-07T11:53:57.270+0000] {dag.py:3239} INFO - Sync 1 DAGs
[2025-01-07T11:53:57.288+0000] {logging_mixin.py:190} INFO - [2025-01-07T11:53:57.288+0000] {dag.py:4180} INFO - Setting next_dagrun for example_complex to None, run_after=None
[2025-01-07T11:53:57.312+0000] {processor.py:208} INFO - Processing /home/airflow/.local/lib/python3.12/site-packages/airflow/example_dags/example_complex.py took 0.095 seconds
[2025-01-07T11:54:27.944+0000] {processor.py:186} INFO - Started process (PID=886) to work on /home/airflow/.local/lib/python3.12/site-packages/airflow/example_dags/example_complex.py
[2025-01-07T11:54:27.945+0000] {processor.py:914} INFO - Processing file /home/airflow/.local/lib/python3.12/site-packages/airflow/example_dags/example_complex.py for tasks to queue
[2025-01-07T11:54:27.947+0000] {logging_mixin.py:190} INFO - [2025-01-07T11:54:27.947+0000] {dagbag.py:588} INFO - Filling up the DagBag from /home/airflow/.local/lib/python3.12/site-packages/airflow/example_dags/example_complex.py
[2025-01-07T11:54:27.959+0000] {processor.py:925} INFO - DAG(s) 'example_complex' retrieved from /home/airflow/.local/lib/python3.12/site-packages/airflow/example_dags/example_complex.py
[2025-01-07T11:54:27.985+0000] {logging_mixin.py:190} INFO - [2025-01-07T11:54:27.985+0000] {dag.py:3239} INFO - Sync 1 DAGs
[2025-01-07T11:54:27.998+0000] {logging_mixin.py:190} INFO - [2025-01-07T11:54:27.998+0000] {dag.py:4180} INFO - Setting next_dagrun for example_complex to None, run_after=None
[2025-01-07T11:54:28.017+0000] {processor.py:208} INFO - Processing /home/airflow/.local/lib/python3.12/site-packages/airflow/example_dags/example_complex.py took 0.078 seconds
[2025-01-07T11:54:58.349+0000] {processor.py:186} INFO - Started process (PID=949) to work on /home/airflow/.local/lib/python3.12/site-packages/airflow/example_dags/example_complex.py
[2025-01-07T11:54:58.351+0000] {processor.py:914} INFO - Processing file /home/airflow/.local/lib/python3.12/site-packages/airflow/example_dags/example_complex.py for tasks to queue
[2025-01-07T11:54:58.353+0000] {logging_mixin.py:190} INFO - [2025-01-07T11:54:58.353+0000] {dagbag.py:588} INFO - Filling up the DagBag from /home/airflow/.local/lib/python3.12/site-packages/airflow/example_dags/example_complex.py
[2025-01-07T11:54:58.365+0000] {processor.py:925} INFO - DAG(s) 'example_complex' retrieved from /home/airflow/.local/lib/python3.12/site-packages/airflow/example_dags/example_complex.py
[2025-01-07T11:54:58.397+0000] {logging_mixin.py:190} INFO - [2025-01-07T11:54:58.397+0000] {dag.py:3239} INFO - Sync 1 DAGs
[2025-01-07T11:54:58.410+0000] {logging_mixin.py:190} INFO - [2025-01-07T11:54:58.410+0000] {dag.py:4180} INFO - Setting next_dagrun for example_complex to None, run_after=None
[2025-01-07T11:54:58.428+0000] {processor.py:208} INFO - Processing /home/airflow/.local/lib/python3.12/site-packages/airflow/example_dags/example_complex.py took 0.086 seconds
[2025-01-07T11:55:29.147+0000] {processor.py:186} INFO - Started process (PID=1012) to work on /home/airflow/.local/lib/python3.12/site-packages/airflow/example_dags/example_complex.py
[2025-01-07T11:55:29.148+0000] {processor.py:914} INFO - Processing file /home/airflow/.local/lib/python3.12/site-packages/airflow/example_dags/example_complex.py for tasks to queue
[2025-01-07T11:55:29.151+0000] {logging_mixin.py:190} INFO - [2025-01-07T11:55:29.151+0000] {dagbag.py:588} INFO - Filling up the DagBag from /home/airflow/.local/lib/python3.12/site-packages/airflow/example_dags/example_complex.py
[2025-01-07T11:55:29.168+0000] {processor.py:925} INFO - DAG(s) 'example_complex' retrieved from /home/airflow/.local/lib/python3.12/site-packages/airflow/example_dags/example_complex.py
[2025-01-07T11:55:29.212+0000] {logging_mixin.py:190} INFO - [2025-01-07T11:55:29.212+0000] {dag.py:3239} INFO - Sync 1 DAGs
[2025-01-07T11:55:29.230+0000] {logging_mixin.py:190} INFO - [2025-01-07T11:55:29.230+0000] {dag.py:4180} INFO - Setting next_dagrun for example_complex to None, run_after=None
[2025-01-07T11:55:29.252+0000] {processor.py:208} INFO - Processing /home/airflow/.local/lib/python3.12/site-packages/airflow/example_dags/example_complex.py took 0.110 seconds
[2025-01-07T11:56:00.574+0000] {processor.py:186} INFO - Started process (PID=1075) to work on /home/airflow/.local/lib/python3.12/site-packages/airflow/example_dags/example_complex.py
[2025-01-07T11:56:00.575+0000] {processor.py:914} INFO - Processing file /home/airflow/.local/lib/python3.12/site-packages/airflow/example_dags/example_complex.py for tasks to queue
[2025-01-07T11:56:00.577+0000] {logging_mixin.py:190} INFO - [2025-01-07T11:56:00.577+0000] {dagbag.py:588} INFO - Filling up the DagBag from /home/airflow/.local/lib/python3.12/site-packages/airflow/example_dags/example_complex.py
[2025-01-07T11:56:00.591+0000] {processor.py:925} INFO - DAG(s) 'example_complex' retrieved from /home/airflow/.local/lib/python3.12/site-packages/airflow/example_dags/example_complex.py
[2025-01-07T11:56:00.623+0000] {logging_mixin.py:190} INFO - [2025-01-07T11:56:00.623+0000] {dag.py:3239} INFO - Sync 1 DAGs
[2025-01-07T11:56:00.637+0000] {logging_mixin.py:190} INFO - [2025-01-07T11:56:00.637+0000] {dag.py:4180} INFO - Setting next_dagrun for example_complex to None, run_after=None
[2025-01-07T11:56:00.655+0000] {processor.py:208} INFO - Processing /home/airflow/.local/lib/python3.12/site-packages/airflow/example_dags/example_complex.py took 0.089 seconds
[2025-01-07T11:56:31.472+0000] {processor.py:186} INFO - Started process (PID=1138) to work on /home/airflow/.local/lib/python3.12/site-packages/airflow/example_dags/example_complex.py
[2025-01-07T11:56:31.473+0000] {processor.py:914} INFO - Processing file /home/airflow/.local/lib/python3.12/site-packages/airflow/example_dags/example_complex.py for tasks to queue
[2025-01-07T11:56:31.476+0000] {logging_mixin.py:190} INFO - [2025-01-07T11:56:31.476+0000] {dagbag.py:588} INFO - Filling up the DagBag from /home/airflow/.local/lib/python3.12/site-packages/airflow/example_dags/example_complex.py
[2025-01-07T11:56:31.488+0000] {processor.py:925} INFO - DAG(s) 'example_complex' retrieved from /home/airflow/.local/lib/python3.12/site-packages/airflow/example_dags/example_complex.py
[2025-01-07T11:56:31.523+0000] {logging_mixin.py:190} INFO - [2025-01-07T11:56:31.523+0000] {dag.py:3239} INFO - Sync 1 DAGs
[2025-01-07T11:56:31.538+0000] {logging_mixin.py:190} INFO - [2025-01-07T11:56:31.538+0000] {dag.py:4180} INFO - Setting next_dagrun for example_complex to None, run_after=None
[2025-01-07T11:56:31.557+0000] {processor.py:208} INFO - Processing /home/airflow/.local/lib/python3.12/site-packages/airflow/example_dags/example_complex.py took 0.090 seconds
[2025-01-07T11:57:02.906+0000] {processor.py:186} INFO - Started process (PID=1201) to work on /home/airflow/.local/lib/python3.12/site-packages/airflow/example_dags/example_complex.py
[2025-01-07T11:57:02.907+0000] {processor.py:914} INFO - Processing file /home/airflow/.local/lib/python3.12/site-packages/airflow/example_dags/example_complex.py for tasks to queue
[2025-01-07T11:57:02.912+0000] {logging_mixin.py:190} INFO - [2025-01-07T11:57:02.911+0000] {dagbag.py:588} INFO - Filling up the DagBag from /home/airflow/.local/lib/python3.12/site-packages/airflow/example_dags/example_complex.py
[2025-01-07T11:57:02.929+0000] {processor.py:925} INFO - DAG(s) 'example_complex' retrieved from /home/airflow/.local/lib/python3.12/site-packages/airflow/example_dags/example_complex.py
[2025-01-07T11:57:02.963+0000] {logging_mixin.py:190} INFO - [2025-01-07T11:57:02.962+0000] {dag.py:3239} INFO - Sync 1 DAGs
[2025-01-07T11:57:02.976+0000] {logging_mixin.py:190} INFO - [2025-01-07T11:57:02.975+0000] {dag.py:4180} INFO - Setting next_dagrun for example_complex to None, run_after=None
[2025-01-07T11:57:02.994+0000] {processor.py:208} INFO - Processing /home/airflow/.local/lib/python3.12/site-packages/airflow/example_dags/example_complex.py took 0.094 seconds
[2025-01-07T11:57:34.153+0000] {processor.py:186} INFO - Started process (PID=1264) to work on /home/airflow/.local/lib/python3.12/site-packages/airflow/example_dags/example_complex.py
[2025-01-07T11:57:34.154+0000] {processor.py:914} INFO - Processing file /home/airflow/.local/lib/python3.12/site-packages/airflow/example_dags/example_complex.py for tasks to queue
[2025-01-07T11:57:34.157+0000] {logging_mixin.py:190} INFO - [2025-01-07T11:57:34.157+0000] {dagbag.py:588} INFO - Filling up the DagBag from /home/airflow/.local/lib/python3.12/site-packages/airflow/example_dags/example_complex.py
[2025-01-07T11:57:34.171+0000] {processor.py:925} INFO - DAG(s) 'example_complex' retrieved from /home/airflow/.local/lib/python3.12/site-packages/airflow/example_dags/example_complex.py
[2025-01-07T11:57:34.214+0000] {logging_mixin.py:190} INFO - [2025-01-07T11:57:34.214+0000] {dag.py:3239} INFO - Sync 1 DAGs
[2025-01-07T11:57:34.233+0000] {logging_mixin.py:190} INFO - [2025-01-07T11:57:34.233+0000] {dag.py:4180} INFO - Setting next_dagrun for example_complex to None, run_after=None
[2025-01-07T11:57:34.262+0000] {processor.py:208} INFO - Processing /home/airflow/.local/lib/python3.12/site-packages/airflow/example_dags/example_complex.py took 0.116 seconds
[2025-01-07T11:58:05.790+0000] {processor.py:186} INFO - Started process (PID=1334) to work on /home/airflow/.local/lib/python3.12/site-packages/airflow/example_dags/example_complex.py
[2025-01-07T11:58:05.791+0000] {processor.py:914} INFO - Processing file /home/airflow/.local/lib/python3.12/site-packages/airflow/example_dags/example_complex.py for tasks to queue
[2025-01-07T11:58:05.795+0000] {logging_mixin.py:190} INFO - [2025-01-07T11:58:05.794+0000] {dagbag.py:588} INFO - Filling up the DagBag from /home/airflow/.local/lib/python3.12/site-packages/airflow/example_dags/example_complex.py
[2025-01-07T11:58:05.809+0000] {processor.py:925} INFO - DAG(s) 'example_complex' retrieved from /home/airflow/.local/lib/python3.12/site-packages/airflow/example_dags/example_complex.py
[2025-01-07T11:58:05.843+0000] {logging_mixin.py:190} INFO - [2025-01-07T11:58:05.842+0000] {dag.py:3239} INFO - Sync 1 DAGs
[2025-01-07T11:58:05.856+0000] {logging_mixin.py:190} INFO - [2025-01-07T11:58:05.856+0000] {dag.py:4180} INFO - Setting next_dagrun for example_complex to None, run_after=None
[2025-01-07T11:58:05.875+0000] {processor.py:208} INFO - Processing /home/airflow/.local/lib/python3.12/site-packages/airflow/example_dags/example_complex.py took 0.102 seconds
[2025-01-07T11:58:37.220+0000] {processor.py:186} INFO - Started process (PID=1397) to work on /home/airflow/.local/lib/python3.12/site-packages/airflow/example_dags/example_complex.py
[2025-01-07T11:58:37.222+0000] {processor.py:914} INFO - Processing file /home/airflow/.local/lib/python3.12/site-packages/airflow/example_dags/example_complex.py for tasks to queue
[2025-01-07T11:58:37.226+0000] {logging_mixin.py:190} INFO - [2025-01-07T11:58:37.225+0000] {dagbag.py:588} INFO - Filling up the DagBag from /home/airflow/.local/lib/python3.12/site-packages/airflow/example_dags/example_complex.py
[2025-01-07T11:58:37.243+0000] {processor.py:925} INFO - DAG(s) 'example_complex' retrieved from /home/airflow/.local/lib/python3.12/site-packages/airflow/example_dags/example_complex.py
[2025-01-07T11:58:37.283+0000] {logging_mixin.py:190} INFO - [2025-01-07T11:58:37.283+0000] {dag.py:3239} INFO - Sync 1 DAGs
[2025-01-07T11:58:37.301+0000] {logging_mixin.py:190} INFO - [2025-01-07T11:58:37.300+0000] {dag.py:4180} INFO - Setting next_dagrun for example_complex to None, run_after=None
[2025-01-07T11:58:37.323+0000] {processor.py:208} INFO - Processing /home/airflow/.local/lib/python3.12/site-packages/airflow/example_dags/example_complex.py took 0.114 seconds
[2025-01-07T11:59:08.489+0000] {processor.py:186} INFO - Started process (PID=1460) to work on /home/airflow/.local/lib/python3.12/site-packages/airflow/example_dags/example_complex.py
[2025-01-07T11:59:08.490+0000] {processor.py:914} INFO - Processing file /home/airflow/.local/lib/python3.12/site-packages/airflow/example_dags/example_complex.py for tasks to queue
[2025-01-07T11:59:08.493+0000] {logging_mixin.py:190} INFO - [2025-01-07T11:59:08.492+0000] {dagbag.py:588} INFO - Filling up the DagBag from /home/airflow/.local/lib/python3.12/site-packages/airflow/example_dags/example_complex.py
[2025-01-07T11:59:08.505+0000] {processor.py:925} INFO - DAG(s) 'example_complex' retrieved from /home/airflow/.local/lib/python3.12/site-packages/airflow/example_dags/example_complex.py
[2025-01-07T11:59:08.539+0000] {logging_mixin.py:190} INFO - [2025-01-07T11:59:08.539+0000] {dag.py:3239} INFO - Sync 1 DAGs
[2025-01-07T11:59:08.554+0000] {logging_mixin.py:190} INFO - [2025-01-07T11:59:08.554+0000] {dag.py:4180} INFO - Setting next_dagrun for example_complex to None, run_after=None
[2025-01-07T11:59:08.574+0000] {processor.py:208} INFO - Processing /home/airflow/.local/lib/python3.12/site-packages/airflow/example_dags/example_complex.py took 0.092 seconds
[2025-01-07T11:59:39.597+0000] {processor.py:186} INFO - Started process (PID=1524) to work on /home/airflow/.local/lib/python3.12/site-packages/airflow/example_dags/example_complex.py
[2025-01-07T11:59:39.598+0000] {processor.py:914} INFO - Processing file /home/airflow/.local/lib/python3.12/site-packages/airflow/example_dags/example_complex.py for tasks to queue
[2025-01-07T11:59:39.600+0000] {logging_mixin.py:190} INFO - [2025-01-07T11:59:39.600+0000] {dagbag.py:588} INFO - Filling up the DagBag from /home/airflow/.local/lib/python3.12/site-packages/airflow/example_dags/example_complex.py
[2025-01-07T11:59:39.613+0000] {processor.py:925} INFO - DAG(s) 'example_complex' retrieved from /home/airflow/.local/lib/python3.12/site-packages/airflow/example_dags/example_complex.py
[2025-01-07T11:59:39.646+0000] {logging_mixin.py:190} INFO - [2025-01-07T11:59:39.646+0000] {dag.py:3239} INFO - Sync 1 DAGs
[2025-01-07T11:59:39.660+0000] {logging_mixin.py:190} INFO - [2025-01-07T11:59:39.660+0000] {dag.py:4180} INFO - Setting next_dagrun for example_complex to None, run_after=None
[2025-01-07T11:59:39.678+0000] {processor.py:208} INFO - Processing /home/airflow/.local/lib/python3.12/site-packages/airflow/example_dags/example_complex.py took 0.087 seconds
[2025-01-07T12:00:10.772+0000] {processor.py:186} INFO - Started process (PID=1587) to work on /home/airflow/.local/lib/python3.12/site-packages/airflow/example_dags/example_complex.py
[2025-01-07T12:00:10.773+0000] {processor.py:914} INFO - Processing file /home/airflow/.local/lib/python3.12/site-packages/airflow/example_dags/example_complex.py for tasks to queue
[2025-01-07T12:00:10.775+0000] {logging_mixin.py:190} INFO - [2025-01-07T12:00:10.775+0000] {dagbag.py:588} INFO - Filling up the DagBag from /home/airflow/.local/lib/python3.12/site-packages/airflow/example_dags/example_complex.py
[2025-01-07T12:00:10.788+0000] {processor.py:925} INFO - DAG(s) 'example_complex' retrieved from /home/airflow/.local/lib/python3.12/site-packages/airflow/example_dags/example_complex.py
[2025-01-07T12:00:10.816+0000] {logging_mixin.py:190} INFO - [2025-01-07T12:00:10.816+0000] {dag.py:3239} INFO - Sync 1 DAGs
[2025-01-07T12:00:10.829+0000] {logging_mixin.py:190} INFO - [2025-01-07T12:00:10.829+0000] {dag.py:4180} INFO - Setting next_dagrun for example_complex to None, run_after=None
[2025-01-07T12:00:10.848+0000] {processor.py:208} INFO - Processing /home/airflow/.local/lib/python3.12/site-packages/airflow/example_dags/example_complex.py took 0.083 seconds
[2025-01-07T12:00:41.959+0000] {processor.py:186} INFO - Started process (PID=1650) to work on /home/airflow/.local/lib/python3.12/site-packages/airflow/example_dags/example_complex.py
[2025-01-07T12:00:41.960+0000] {processor.py:914} INFO - Processing file /home/airflow/.local/lib/python3.12/site-packages/airflow/example_dags/example_complex.py for tasks to queue
[2025-01-07T12:00:41.962+0000] {logging_mixin.py:190} INFO - [2025-01-07T12:00:41.962+0000] {dagbag.py:588} INFO - Filling up the DagBag from /home/airflow/.local/lib/python3.12/site-packages/airflow/example_dags/example_complex.py
[2025-01-07T12:00:41.978+0000] {processor.py:925} INFO - DAG(s) 'example_complex' retrieved from /home/airflow/.local/lib/python3.12/site-packages/airflow/example_dags/example_complex.py
[2025-01-07T12:00:42.013+0000] {logging_mixin.py:190} INFO - [2025-01-07T12:00:42.013+0000] {dag.py:3239} INFO - Sync 1 DAGs
[2025-01-07T12:00:42.028+0000] {logging_mixin.py:190} INFO - [2025-01-07T12:00:42.028+0000] {dag.py:4180} INFO - Setting next_dagrun for example_complex to None, run_after=None
[2025-01-07T12:00:42.050+0000] {processor.py:208} INFO - Processing /home/airflow/.local/lib/python3.12/site-packages/airflow/example_dags/example_complex.py took 0.099 seconds
[2025-01-07T12:01:13.156+0000] {processor.py:186} INFO - Started process (PID=1713) to work on /home/airflow/.local/lib/python3.12/site-packages/airflow/example_dags/example_complex.py
[2025-01-07T12:01:13.158+0000] {processor.py:914} INFO - Processing file /home/airflow/.local/lib/python3.12/site-packages/airflow/example_dags/example_complex.py for tasks to queue
[2025-01-07T12:01:13.160+0000] {logging_mixin.py:190} INFO - [2025-01-07T12:01:13.160+0000] {dagbag.py:588} INFO - Filling up the DagBag from /home/airflow/.local/lib/python3.12/site-packages/airflow/example_dags/example_complex.py
[2025-01-07T12:01:13.173+0000] {processor.py:925} INFO - DAG(s) 'example_complex' retrieved from /home/airflow/.local/lib/python3.12/site-packages/airflow/example_dags/example_complex.py
[2025-01-07T12:01:13.208+0000] {logging_mixin.py:190} INFO - [2025-01-07T12:01:13.208+0000] {dag.py:3239} INFO - Sync 1 DAGs
[2025-01-07T12:01:13.231+0000] {logging_mixin.py:190} INFO - [2025-01-07T12:01:13.231+0000] {dag.py:4180} INFO - Setting next_dagrun for example_complex to None, run_after=None
[2025-01-07T12:01:13.253+0000] {processor.py:208} INFO - Processing /home/airflow/.local/lib/python3.12/site-packages/airflow/example_dags/example_complex.py took 0.103 seconds
[2025-01-07T12:01:44.540+0000] {processor.py:186} INFO - Started process (PID=1777) to work on /home/airflow/.local/lib/python3.12/site-packages/airflow/example_dags/example_complex.py
[2025-01-07T12:01:44.542+0000] {processor.py:914} INFO - Processing file /home/airflow/.local/lib/python3.12/site-packages/airflow/example_dags/example_complex.py for tasks to queue
[2025-01-07T12:01:44.544+0000] {logging_mixin.py:190} INFO - [2025-01-07T12:01:44.544+0000] {dagbag.py:588} INFO - Filling up the DagBag from /home/airflow/.local/lib/python3.12/site-packages/airflow/example_dags/example_complex.py
[2025-01-07T12:01:44.555+0000] {processor.py:925} INFO - DAG(s) 'example_complex' retrieved from /home/airflow/.local/lib/python3.12/site-packages/airflow/example_dags/example_complex.py
[2025-01-07T12:01:44.587+0000] {logging_mixin.py:190} INFO - [2025-01-07T12:01:44.586+0000] {dag.py:3239} INFO - Sync 1 DAGs
[2025-01-07T12:01:44.599+0000] {logging_mixin.py:190} INFO - [2025-01-07T12:01:44.599+0000] {dag.py:4180} INFO - Setting next_dagrun for example_complex to None, run_after=None
[2025-01-07T12:01:44.617+0000] {processor.py:208} INFO - Processing /home/airflow/.local/lib/python3.12/site-packages/airflow/example_dags/example_complex.py took 0.083 seconds
[2025-01-07T12:02:15.507+0000] {processor.py:186} INFO - Started process (PID=1840) to work on /home/airflow/.local/lib/python3.12/site-packages/airflow/example_dags/example_complex.py
[2025-01-07T12:02:15.509+0000] {processor.py:914} INFO - Processing file /home/airflow/.local/lib/python3.12/site-packages/airflow/example_dags/example_complex.py for tasks to queue
[2025-01-07T12:02:15.512+0000] {logging_mixin.py:190} INFO - [2025-01-07T12:02:15.511+0000] {dagbag.py:588} INFO - Filling up the DagBag from /home/airflow/.local/lib/python3.12/site-packages/airflow/example_dags/example_complex.py
[2025-01-07T12:02:15.527+0000] {processor.py:925} INFO - DAG(s) 'example_complex' retrieved from /home/airflow/.local/lib/python3.12/site-packages/airflow/example_dags/example_complex.py
[2025-01-07T12:02:15.563+0000] {logging_mixin.py:190} INFO - [2025-01-07T12:02:15.562+0000] {dag.py:3239} INFO - Sync 1 DAGs
[2025-01-07T12:02:15.580+0000] {logging_mixin.py:190} INFO - [2025-01-07T12:02:15.580+0000] {dag.py:4180} INFO - Setting next_dagrun for example_complex to None, run_after=None
[2025-01-07T12:02:15.612+0000] {processor.py:208} INFO - Processing /home/airflow/.local/lib/python3.12/site-packages/airflow/example_dags/example_complex.py took 0.112 seconds
[2025-01-07T12:02:46.591+0000] {processor.py:186} INFO - Started process (PID=1903) to work on /home/airflow/.local/lib/python3.12/site-packages/airflow/example_dags/example_complex.py
[2025-01-07T12:02:46.592+0000] {processor.py:914} INFO - Processing file /home/airflow/.local/lib/python3.12/site-packages/airflow/example_dags/example_complex.py for tasks to queue
[2025-01-07T12:02:46.595+0000] {logging_mixin.py:190} INFO - [2025-01-07T12:02:46.594+0000] {dagbag.py:588} INFO - Filling up the DagBag from /home/airflow/.local/lib/python3.12/site-packages/airflow/example_dags/example_complex.py
[2025-01-07T12:02:46.607+0000] {processor.py:925} INFO - DAG(s) 'example_complex' retrieved from /home/airflow/.local/lib/python3.12/site-packages/airflow/example_dags/example_complex.py
[2025-01-07T12:02:46.643+0000] {logging_mixin.py:190} INFO - [2025-01-07T12:02:46.642+0000] {dag.py:3239} INFO - Sync 1 DAGs
[2025-01-07T12:02:46.659+0000] {logging_mixin.py:190} INFO - [2025-01-07T12:02:46.659+0000] {dag.py:4180} INFO - Setting next_dagrun for example_complex to None, run_after=None
[2025-01-07T12:02:46.686+0000] {processor.py:208} INFO - Processing /home/airflow/.local/lib/python3.12/site-packages/airflow/example_dags/example_complex.py took 0.102 seconds
[2025-01-07T12:03:17.321+0000] {processor.py:186} INFO - Started process (PID=1966) to work on /home/airflow/.local/lib/python3.12/site-packages/airflow/example_dags/example_complex.py
[2025-01-07T12:03:17.322+0000] {processor.py:914} INFO - Processing file /home/airflow/.local/lib/python3.12/site-packages/airflow/example_dags/example_complex.py for tasks to queue
[2025-01-07T12:03:17.325+0000] {logging_mixin.py:190} INFO - [2025-01-07T12:03:17.324+0000] {dagbag.py:588} INFO - Filling up the DagBag from /home/airflow/.local/lib/python3.12/site-packages/airflow/example_dags/example_complex.py
[2025-01-07T12:03:17.339+0000] {processor.py:925} INFO - DAG(s) 'example_complex' retrieved from /home/airflow/.local/lib/python3.12/site-packages/airflow/example_dags/example_complex.py
[2025-01-07T12:03:17.377+0000] {logging_mixin.py:190} INFO - [2025-01-07T12:03:17.377+0000] {dag.py:3239} INFO - Sync 1 DAGs
[2025-01-07T12:03:17.395+0000] {logging_mixin.py:190} INFO - [2025-01-07T12:03:17.394+0000] {dag.py:4180} INFO - Setting next_dagrun for example_complex to None, run_after=None
[2025-01-07T12:03:17.415+0000] {processor.py:208} INFO - Processing /home/airflow/.local/lib/python3.12/site-packages/airflow/example_dags/example_complex.py took 0.100 seconds
[2025-01-07T12:03:47.724+0000] {processor.py:186} INFO - Started process (PID=2028) to work on /home/airflow/.local/lib/python3.12/site-packages/airflow/example_dags/example_complex.py
[2025-01-07T12:03:47.725+0000] {processor.py:914} INFO - Processing file /home/airflow/.local/lib/python3.12/site-packages/airflow/example_dags/example_complex.py for tasks to queue
[2025-01-07T12:03:47.728+0000] {logging_mixin.py:190} INFO - [2025-01-07T12:03:47.728+0000] {dagbag.py:588} INFO - Filling up the DagBag from /home/airflow/.local/lib/python3.12/site-packages/airflow/example_dags/example_complex.py
[2025-01-07T12:03:47.745+0000] {processor.py:925} INFO - DAG(s) 'example_complex' retrieved from /home/airflow/.local/lib/python3.12/site-packages/airflow/example_dags/example_complex.py
[2025-01-07T12:03:47.783+0000] {logging_mixin.py:190} INFO - [2025-01-07T12:03:47.782+0000] {dag.py:3239} INFO - Sync 1 DAGs
[2025-01-07T12:03:47.797+0000] {logging_mixin.py:190} INFO - [2025-01-07T12:03:47.796+0000] {dag.py:4180} INFO - Setting next_dagrun for example_complex to None, run_after=None
[2025-01-07T12:03:47.817+0000] {processor.py:208} INFO - Processing /home/airflow/.local/lib/python3.12/site-packages/airflow/example_dags/example_complex.py took 0.102 seconds
[2025-01-07T12:04:17.933+0000] {processor.py:186} INFO - Started process (PID=2090) to work on /home/airflow/.local/lib/python3.12/site-packages/airflow/example_dags/example_complex.py
[2025-01-07T12:04:17.934+0000] {processor.py:914} INFO - Processing file /home/airflow/.local/lib/python3.12/site-packages/airflow/example_dags/example_complex.py for tasks to queue
[2025-01-07T12:04:17.941+0000] {logging_mixin.py:190} INFO - [2025-01-07T12:04:17.940+0000] {dagbag.py:588} INFO - Filling up the DagBag from /home/airflow/.local/lib/python3.12/site-packages/airflow/example_dags/example_complex.py
[2025-01-07T12:04:17.959+0000] {processor.py:925} INFO - DAG(s) 'example_complex' retrieved from /home/airflow/.local/lib/python3.12/site-packages/airflow/example_dags/example_complex.py
[2025-01-07T12:04:17.993+0000] {logging_mixin.py:190} INFO - [2025-01-07T12:04:17.993+0000] {dag.py:3239} INFO - Sync 1 DAGs
[2025-01-07T12:04:18.008+0000] {logging_mixin.py:190} INFO - [2025-01-07T12:04:18.008+0000] {dag.py:4180} INFO - Setting next_dagrun for example_complex to None, run_after=None
[2025-01-07T12:04:18.026+0000] {processor.py:208} INFO - Processing /home/airflow/.local/lib/python3.12/site-packages/airflow/example_dags/example_complex.py took 0.099 seconds
[2025-01-07T12:04:48.222+0000] {processor.py:186} INFO - Started process (PID=2153) to work on /home/airflow/.local/lib/python3.12/site-packages/airflow/example_dags/example_complex.py
[2025-01-07T12:04:48.224+0000] {processor.py:914} INFO - Processing file /home/airflow/.local/lib/python3.12/site-packages/airflow/example_dags/example_complex.py for tasks to queue
[2025-01-07T12:04:48.226+0000] {logging_mixin.py:190} INFO - [2025-01-07T12:04:48.226+0000] {dagbag.py:588} INFO - Filling up the DagBag from /home/airflow/.local/lib/python3.12/site-packages/airflow/example_dags/example_complex.py
[2025-01-07T12:04:48.238+0000] {processor.py:925} INFO - DAG(s) 'example_complex' retrieved from /home/airflow/.local/lib/python3.12/site-packages/airflow/example_dags/example_complex.py
[2025-01-07T12:04:48.271+0000] {logging_mixin.py:190} INFO - [2025-01-07T12:04:48.271+0000] {dag.py:3239} INFO - Sync 1 DAGs
[2025-01-07T12:04:48.286+0000] {logging_mixin.py:190} INFO - [2025-01-07T12:04:48.286+0000] {dag.py:4180} INFO - Setting next_dagrun for example_complex to None, run_after=None
[2025-01-07T12:04:48.307+0000] {processor.py:208} INFO - Processing /home/airflow/.local/lib/python3.12/site-packages/airflow/example_dags/example_complex.py took 0.093 seconds
[2025-01-07T12:05:18.712+0000] {processor.py:186} INFO - Started process (PID=2222) to work on /home/airflow/.local/lib/python3.12/site-packages/airflow/example_dags/example_complex.py
[2025-01-07T12:05:18.713+0000] {processor.py:914} INFO - Processing file /home/airflow/.local/lib/python3.12/site-packages/airflow/example_dags/example_complex.py for tasks to queue
[2025-01-07T12:05:18.716+0000] {logging_mixin.py:190} INFO - [2025-01-07T12:05:18.715+0000] {dagbag.py:588} INFO - Filling up the DagBag from /home/airflow/.local/lib/python3.12/site-packages/airflow/example_dags/example_complex.py
[2025-01-07T12:05:18.727+0000] {processor.py:925} INFO - DAG(s) 'example_complex' retrieved from /home/airflow/.local/lib/python3.12/site-packages/airflow/example_dags/example_complex.py
[2025-01-07T12:05:18.756+0000] {logging_mixin.py:190} INFO - [2025-01-07T12:05:18.755+0000] {dag.py:3239} INFO - Sync 1 DAGs
[2025-01-07T12:05:18.773+0000] {logging_mixin.py:190} INFO - [2025-01-07T12:05:18.773+0000] {dag.py:4180} INFO - Setting next_dagrun for example_complex to None, run_after=None
[2025-01-07T12:05:18.792+0000] {processor.py:208} INFO - Processing /home/airflow/.local/lib/python3.12/site-packages/airflow/example_dags/example_complex.py took 0.086 seconds
[2025-01-07T12:05:49.164+0000] {processor.py:186} INFO - Started process (PID=2285) to work on /home/airflow/.local/lib/python3.12/site-packages/airflow/example_dags/example_complex.py
[2025-01-07T12:05:49.165+0000] {processor.py:914} INFO - Processing file /home/airflow/.local/lib/python3.12/site-packages/airflow/example_dags/example_complex.py for tasks to queue
[2025-01-07T12:05:49.167+0000] {logging_mixin.py:190} INFO - [2025-01-07T12:05:49.167+0000] {dagbag.py:588} INFO - Filling up the DagBag from /home/airflow/.local/lib/python3.12/site-packages/airflow/example_dags/example_complex.py
[2025-01-07T12:05:49.179+0000] {processor.py:925} INFO - DAG(s) 'example_complex' retrieved from /home/airflow/.local/lib/python3.12/site-packages/airflow/example_dags/example_complex.py
[2025-01-07T12:05:49.207+0000] {logging_mixin.py:190} INFO - [2025-01-07T12:05:49.207+0000] {dag.py:3239} INFO - Sync 1 DAGs
[2025-01-07T12:05:49.224+0000] {logging_mixin.py:190} INFO - [2025-01-07T12:05:49.224+0000] {dag.py:4180} INFO - Setting next_dagrun for example_complex to None, run_after=None
[2025-01-07T12:05:49.245+0000] {processor.py:208} INFO - Processing /home/airflow/.local/lib/python3.12/site-packages/airflow/example_dags/example_complex.py took 0.086 seconds
[2025-01-07T12:06:19.666+0000] {processor.py:186} INFO - Started process (PID=2348) to work on /home/airflow/.local/lib/python3.12/site-packages/airflow/example_dags/example_complex.py
[2025-01-07T12:06:19.668+0000] {processor.py:914} INFO - Processing file /home/airflow/.local/lib/python3.12/site-packages/airflow/example_dags/example_complex.py for tasks to queue
[2025-01-07T12:06:19.672+0000] {logging_mixin.py:190} INFO - [2025-01-07T12:06:19.670+0000] {dagbag.py:588} INFO - Filling up the DagBag from /home/airflow/.local/lib/python3.12/site-packages/airflow/example_dags/example_complex.py
[2025-01-07T12:06:19.692+0000] {processor.py:925} INFO - DAG(s) 'example_complex' retrieved from /home/airflow/.local/lib/python3.12/site-packages/airflow/example_dags/example_complex.py
[2025-01-07T12:06:19.733+0000] {logging_mixin.py:190} INFO - [2025-01-07T12:06:19.732+0000] {dag.py:3239} INFO - Sync 1 DAGs
[2025-01-07T12:06:19.750+0000] {logging_mixin.py:190} INFO - [2025-01-07T12:06:19.749+0000] {dag.py:4180} INFO - Setting next_dagrun for example_complex to None, run_after=None
[2025-01-07T12:06:19.770+0000] {processor.py:208} INFO - Processing /home/airflow/.local/lib/python3.12/site-packages/airflow/example_dags/example_complex.py took 0.111 seconds
[2025-01-07T12:06:50.429+0000] {processor.py:186} INFO - Started process (PID=2411) to work on /home/airflow/.local/lib/python3.12/site-packages/airflow/example_dags/example_complex.py
[2025-01-07T12:06:50.430+0000] {processor.py:914} INFO - Processing file /home/airflow/.local/lib/python3.12/site-packages/airflow/example_dags/example_complex.py for tasks to queue
[2025-01-07T12:06:50.433+0000] {logging_mixin.py:190} INFO - [2025-01-07T12:06:50.432+0000] {dagbag.py:588} INFO - Filling up the DagBag from /home/airflow/.local/lib/python3.12/site-packages/airflow/example_dags/example_complex.py
[2025-01-07T12:06:50.444+0000] {processor.py:925} INFO - DAG(s) 'example_complex' retrieved from /home/airflow/.local/lib/python3.12/site-packages/airflow/example_dags/example_complex.py
[2025-01-07T12:06:50.474+0000] {logging_mixin.py:190} INFO - [2025-01-07T12:06:50.473+0000] {dag.py:3239} INFO - Sync 1 DAGs
[2025-01-07T12:06:50.487+0000] {logging_mixin.py:190} INFO - [2025-01-07T12:06:50.487+0000] {dag.py:4180} INFO - Setting next_dagrun for example_complex to None, run_after=None
[2025-01-07T12:06:50.504+0000] {processor.py:208} INFO - Processing /home/airflow/.local/lib/python3.12/site-packages/airflow/example_dags/example_complex.py took 0.081 seconds
[2025-01-07T12:07:20.544+0000] {processor.py:186} INFO - Started process (PID=2474) to work on /home/airflow/.local/lib/python3.12/site-packages/airflow/example_dags/example_complex.py
[2025-01-07T12:07:20.545+0000] {processor.py:914} INFO - Processing file /home/airflow/.local/lib/python3.12/site-packages/airflow/example_dags/example_complex.py for tasks to queue
[2025-01-07T12:07:20.548+0000] {logging_mixin.py:190} INFO - [2025-01-07T12:07:20.547+0000] {dagbag.py:588} INFO - Filling up the DagBag from /home/airflow/.local/lib/python3.12/site-packages/airflow/example_dags/example_complex.py
[2025-01-07T12:07:20.563+0000] {processor.py:925} INFO - DAG(s) 'example_complex' retrieved from /home/airflow/.local/lib/python3.12/site-packages/airflow/example_dags/example_complex.py
[2025-01-07T12:07:20.597+0000] {logging_mixin.py:190} INFO - [2025-01-07T12:07:20.597+0000] {dag.py:3239} INFO - Sync 1 DAGs
[2025-01-07T12:07:20.612+0000] {logging_mixin.py:190} INFO - [2025-01-07T12:07:20.612+0000] {dag.py:4180} INFO - Setting next_dagrun for example_complex to None, run_after=None
[2025-01-07T12:07:20.630+0000] {processor.py:208} INFO - Processing /home/airflow/.local/lib/python3.12/site-packages/airflow/example_dags/example_complex.py took 0.092 seconds
[2025-01-07T12:07:50.866+0000] {processor.py:186} INFO - Started process (PID=2535) to work on /home/airflow/.local/lib/python3.12/site-packages/airflow/example_dags/example_complex.py
[2025-01-07T12:07:50.867+0000] {processor.py:914} INFO - Processing file /home/airflow/.local/lib/python3.12/site-packages/airflow/example_dags/example_complex.py for tasks to queue
[2025-01-07T12:07:50.870+0000] {logging_mixin.py:190} INFO - [2025-01-07T12:07:50.870+0000] {dagbag.py:588} INFO - Filling up the DagBag from /home/airflow/.local/lib/python3.12/site-packages/airflow/example_dags/example_complex.py
[2025-01-07T12:07:50.884+0000] {processor.py:925} INFO - DAG(s) 'example_complex' retrieved from /home/airflow/.local/lib/python3.12/site-packages/airflow/example_dags/example_complex.py
[2025-01-07T12:07:50.914+0000] {logging_mixin.py:190} INFO - [2025-01-07T12:07:50.913+0000] {dag.py:3239} INFO - Sync 1 DAGs
[2025-01-07T12:07:50.927+0000] {logging_mixin.py:190} INFO - [2025-01-07T12:07:50.927+0000] {dag.py:4180} INFO - Setting next_dagrun for example_complex to None, run_after=None
[2025-01-07T12:07:50.946+0000] {processor.py:208} INFO - Processing /home/airflow/.local/lib/python3.12/site-packages/airflow/example_dags/example_complex.py took 0.086 seconds
[2025-01-07T12:08:21.029+0000] {processor.py:186} INFO - Started process (PID=2599) to work on /home/airflow/.local/lib/python3.12/site-packages/airflow/example_dags/example_complex.py
[2025-01-07T12:08:21.030+0000] {processor.py:914} INFO - Processing file /home/airflow/.local/lib/python3.12/site-packages/airflow/example_dags/example_complex.py for tasks to queue
[2025-01-07T12:08:21.033+0000] {logging_mixin.py:190} INFO - [2025-01-07T12:08:21.033+0000] {dagbag.py:588} INFO - Filling up the DagBag from /home/airflow/.local/lib/python3.12/site-packages/airflow/example_dags/example_complex.py
[2025-01-07T12:08:21.045+0000] {processor.py:925} INFO - DAG(s) 'example_complex' retrieved from /home/airflow/.local/lib/python3.12/site-packages/airflow/example_dags/example_complex.py
[2025-01-07T12:08:21.075+0000] {logging_mixin.py:190} INFO - [2025-01-07T12:08:21.075+0000] {dag.py:3239} INFO - Sync 1 DAGs
[2025-01-07T12:08:21.092+0000] {logging_mixin.py:190} INFO - [2025-01-07T12:08:21.092+0000] {dag.py:4180} INFO - Setting next_dagrun for example_complex to None, run_after=None
[2025-01-07T12:08:21.109+0000] {processor.py:208} INFO - Processing /home/airflow/.local/lib/python3.12/site-packages/airflow/example_dags/example_complex.py took 0.086 seconds
[2025-01-07T12:08:51.556+0000] {processor.py:186} INFO - Started process (PID=2662) to work on /home/airflow/.local/lib/python3.12/site-packages/airflow/example_dags/example_complex.py
[2025-01-07T12:08:51.557+0000] {processor.py:914} INFO - Processing file /home/airflow/.local/lib/python3.12/site-packages/airflow/example_dags/example_complex.py for tasks to queue
[2025-01-07T12:08:51.561+0000] {logging_mixin.py:190} INFO - [2025-01-07T12:08:51.560+0000] {dagbag.py:588} INFO - Filling up the DagBag from /home/airflow/.local/lib/python3.12/site-packages/airflow/example_dags/example_complex.py
[2025-01-07T12:08:51.576+0000] {processor.py:925} INFO - DAG(s) 'example_complex' retrieved from /home/airflow/.local/lib/python3.12/site-packages/airflow/example_dags/example_complex.py
[2025-01-07T12:08:51.615+0000] {logging_mixin.py:190} INFO - [2025-01-07T12:08:51.615+0000] {dag.py:3239} INFO - Sync 1 DAGs
[2025-01-07T12:08:51.634+0000] {logging_mixin.py:190} INFO - [2025-01-07T12:08:51.634+0000] {dag.py:4180} INFO - Setting next_dagrun for example_complex to None, run_after=None
[2025-01-07T12:08:51.656+0000] {processor.py:208} INFO - Processing /home/airflow/.local/lib/python3.12/site-packages/airflow/example_dags/example_complex.py took 0.107 seconds
[2025-01-07T12:09:21.972+0000] {processor.py:186} INFO - Started process (PID=2725) to work on /home/airflow/.local/lib/python3.12/site-packages/airflow/example_dags/example_complex.py
[2025-01-07T12:09:21.974+0000] {processor.py:914} INFO - Processing file /home/airflow/.local/lib/python3.12/site-packages/airflow/example_dags/example_complex.py for tasks to queue
[2025-01-07T12:09:21.977+0000] {logging_mixin.py:190} INFO - [2025-01-07T12:09:21.977+0000] {dagbag.py:588} INFO - Filling up the DagBag from /home/airflow/.local/lib/python3.12/site-packages/airflow/example_dags/example_complex.py
[2025-01-07T12:09:21.996+0000] {processor.py:925} INFO - DAG(s) 'example_complex' retrieved from /home/airflow/.local/lib/python3.12/site-packages/airflow/example_dags/example_complex.py
[2025-01-07T12:09:22.051+0000] {logging_mixin.py:190} INFO - [2025-01-07T12:09:22.051+0000] {dag.py:3239} INFO - Sync 1 DAGs
[2025-01-07T12:09:22.080+0000] {logging_mixin.py:190} INFO - [2025-01-07T12:09:22.080+0000] {dag.py:4180} INFO - Setting next_dagrun for example_complex to None, run_after=None
[2025-01-07T12:09:22.113+0000] {processor.py:208} INFO - Processing /home/airflow/.local/lib/python3.12/site-packages/airflow/example_dags/example_complex.py took 0.149 seconds
[2025-01-07T12:09:52.455+0000] {processor.py:186} INFO - Started process (PID=2788) to work on /home/airflow/.local/lib/python3.12/site-packages/airflow/example_dags/example_complex.py
[2025-01-07T12:09:52.458+0000] {processor.py:914} INFO - Processing file /home/airflow/.local/lib/python3.12/site-packages/airflow/example_dags/example_complex.py for tasks to queue
[2025-01-07T12:09:52.463+0000] {logging_mixin.py:190} INFO - [2025-01-07T12:09:52.463+0000] {dagbag.py:588} INFO - Filling up the DagBag from /home/airflow/.local/lib/python3.12/site-packages/airflow/example_dags/example_complex.py
[2025-01-07T12:09:52.490+0000] {processor.py:925} INFO - DAG(s) 'example_complex' retrieved from /home/airflow/.local/lib/python3.12/site-packages/airflow/example_dags/example_complex.py
[2025-01-07T12:09:52.555+0000] {logging_mixin.py:190} INFO - [2025-01-07T12:09:52.554+0000] {dag.py:3239} INFO - Sync 1 DAGs
[2025-01-07T12:09:52.581+0000] {logging_mixin.py:190} INFO - [2025-01-07T12:09:52.581+0000] {dag.py:4180} INFO - Setting next_dagrun for example_complex to None, run_after=None
[2025-01-07T12:09:52.616+0000] {processor.py:208} INFO - Processing /home/airflow/.local/lib/python3.12/site-packages/airflow/example_dags/example_complex.py took 0.171 seconds
[2025-01-07T12:10:22.913+0000] {processor.py:186} INFO - Started process (PID=2852) to work on /home/airflow/.local/lib/python3.12/site-packages/airflow/example_dags/example_complex.py
[2025-01-07T12:10:22.915+0000] {processor.py:914} INFO - Processing file /home/airflow/.local/lib/python3.12/site-packages/airflow/example_dags/example_complex.py for tasks to queue
[2025-01-07T12:10:22.918+0000] {logging_mixin.py:190} INFO - [2025-01-07T12:10:22.918+0000] {dagbag.py:588} INFO - Filling up the DagBag from /home/airflow/.local/lib/python3.12/site-packages/airflow/example_dags/example_complex.py
[2025-01-07T12:10:22.932+0000] {processor.py:925} INFO - DAG(s) 'example_complex' retrieved from /home/airflow/.local/lib/python3.12/site-packages/airflow/example_dags/example_complex.py
[2025-01-07T12:10:22.974+0000] {logging_mixin.py:190} INFO - [2025-01-07T12:10:22.974+0000] {dag.py:3239} INFO - Sync 1 DAGs
[2025-01-07T12:10:22.990+0000] {logging_mixin.py:190} INFO - [2025-01-07T12:10:22.990+0000] {dag.py:4180} INFO - Setting next_dagrun for example_complex to None, run_after=None
[2025-01-07T12:10:23.015+0000] {processor.py:208} INFO - Processing /home/airflow/.local/lib/python3.12/site-packages/airflow/example_dags/example_complex.py took 0.113 seconds
[2025-01-07T12:10:53.210+0000] {processor.py:186} INFO - Started process (PID=2916) to work on /home/airflow/.local/lib/python3.12/site-packages/airflow/example_dags/example_complex.py
[2025-01-07T12:10:53.212+0000] {processor.py:914} INFO - Processing file /home/airflow/.local/lib/python3.12/site-packages/airflow/example_dags/example_complex.py for tasks to queue
[2025-01-07T12:10:53.216+0000] {logging_mixin.py:190} INFO - [2025-01-07T12:10:53.215+0000] {dagbag.py:588} INFO - Filling up the DagBag from /home/airflow/.local/lib/python3.12/site-packages/airflow/example_dags/example_complex.py
[2025-01-07T12:10:53.230+0000] {processor.py:925} INFO - DAG(s) 'example_complex' retrieved from /home/airflow/.local/lib/python3.12/site-packages/airflow/example_dags/example_complex.py
[2025-01-07T12:10:53.266+0000] {logging_mixin.py:190} INFO - [2025-01-07T12:10:53.266+0000] {dag.py:3239} INFO - Sync 1 DAGs
[2025-01-07T12:10:53.284+0000] {logging_mixin.py:190} INFO - [2025-01-07T12:10:53.284+0000] {dag.py:4180} INFO - Setting next_dagrun for example_complex to None, run_after=None
[2025-01-07T12:10:53.309+0000] {processor.py:208} INFO - Processing /home/airflow/.local/lib/python3.12/site-packages/airflow/example_dags/example_complex.py took 0.105 seconds
[2025-01-07T12:11:24.000+0000] {processor.py:186} INFO - Started process (PID=2979) to work on /home/airflow/.local/lib/python3.12/site-packages/airflow/example_dags/example_complex.py
[2025-01-07T12:11:24.002+0000] {processor.py:914} INFO - Processing file /home/airflow/.local/lib/python3.12/site-packages/airflow/example_dags/example_complex.py for tasks to queue
[2025-01-07T12:11:24.007+0000] {logging_mixin.py:190} INFO - [2025-01-07T12:11:24.006+0000] {dagbag.py:588} INFO - Filling up the DagBag from /home/airflow/.local/lib/python3.12/site-packages/airflow/example_dags/example_complex.py
[2025-01-07T12:11:24.024+0000] {processor.py:925} INFO - DAG(s) 'example_complex' retrieved from /home/airflow/.local/lib/python3.12/site-packages/airflow/example_dags/example_complex.py
[2025-01-07T12:11:24.072+0000] {logging_mixin.py:190} INFO - [2025-01-07T12:11:24.071+0000] {dag.py:3239} INFO - Sync 1 DAGs
[2025-01-07T12:11:24.099+0000] {logging_mixin.py:190} INFO - [2025-01-07T12:11:24.098+0000] {dag.py:4180} INFO - Setting next_dagrun for example_complex to None, run_after=None
[2025-01-07T12:11:24.129+0000] {processor.py:208} INFO - Processing /home/airflow/.local/lib/python3.12/site-packages/airflow/example_dags/example_complex.py took 0.138 seconds
[2025-01-07T12:11:54.826+0000] {processor.py:186} INFO - Started process (PID=3042) to work on /home/airflow/.local/lib/python3.12/site-packages/airflow/example_dags/example_complex.py
[2025-01-07T12:11:54.827+0000] {processor.py:914} INFO - Processing file /home/airflow/.local/lib/python3.12/site-packages/airflow/example_dags/example_complex.py for tasks to queue
[2025-01-07T12:11:54.830+0000] {logging_mixin.py:190} INFO - [2025-01-07T12:11:54.830+0000] {dagbag.py:588} INFO - Filling up the DagBag from /home/airflow/.local/lib/python3.12/site-packages/airflow/example_dags/example_complex.py
[2025-01-07T12:11:54.843+0000] {processor.py:925} INFO - DAG(s) 'example_complex' retrieved from /home/airflow/.local/lib/python3.12/site-packages/airflow/example_dags/example_complex.py
[2025-01-07T12:11:54.882+0000] {logging_mixin.py:190} INFO - [2025-01-07T12:11:54.882+0000] {dag.py:3239} INFO - Sync 1 DAGs
[2025-01-07T12:11:54.898+0000] {logging_mixin.py:190} INFO - [2025-01-07T12:11:54.898+0000] {dag.py:4180} INFO - Setting next_dagrun for example_complex to None, run_after=None
[2025-01-07T12:11:54.920+0000] {processor.py:208} INFO - Processing /home/airflow/.local/lib/python3.12/site-packages/airflow/example_dags/example_complex.py took 0.103 seconds
[2025-01-07T12:12:25.355+0000] {processor.py:186} INFO - Started process (PID=3105) to work on /home/airflow/.local/lib/python3.12/site-packages/airflow/example_dags/example_complex.py
[2025-01-07T12:12:25.356+0000] {processor.py:914} INFO - Processing file /home/airflow/.local/lib/python3.12/site-packages/airflow/example_dags/example_complex.py for tasks to queue
[2025-01-07T12:12:25.359+0000] {logging_mixin.py:190} INFO - [2025-01-07T12:12:25.359+0000] {dagbag.py:588} INFO - Filling up the DagBag from /home/airflow/.local/lib/python3.12/site-packages/airflow/example_dags/example_complex.py
[2025-01-07T12:12:25.370+0000] {processor.py:925} INFO - DAG(s) 'example_complex' retrieved from /home/airflow/.local/lib/python3.12/site-packages/airflow/example_dags/example_complex.py
[2025-01-07T12:12:25.423+0000] {logging_mixin.py:190} INFO - [2025-01-07T12:12:25.423+0000] {dag.py:3239} INFO - Sync 1 DAGs
[2025-01-07T12:12:25.455+0000] {logging_mixin.py:190} INFO - [2025-01-07T12:12:25.454+0000] {dag.py:4180} INFO - Setting next_dagrun for example_complex to None, run_after=None
[2025-01-07T12:12:25.655+0000] {processor.py:208} INFO - Processing /home/airflow/.local/lib/python3.12/site-packages/airflow/example_dags/example_complex.py took 0.309 seconds
[2025-01-07T12:43:13.787+0000] {processor.py:186} INFO - Started process (PID=3183) to work on /home/airflow/.local/lib/python3.12/site-packages/airflow/example_dags/example_complex.py
[2025-01-07T12:43:13.789+0000] {processor.py:914} INFO - Processing file /home/airflow/.local/lib/python3.12/site-packages/airflow/example_dags/example_complex.py for tasks to queue
[2025-01-07T12:43:13.794+0000] {logging_mixin.py:190} INFO - [2025-01-07T12:43:13.793+0000] {dagbag.py:588} INFO - Filling up the DagBag from /home/airflow/.local/lib/python3.12/site-packages/airflow/example_dags/example_complex.py
[2025-01-07T12:43:13.816+0000] {processor.py:925} INFO - DAG(s) 'example_complex' retrieved from /home/airflow/.local/lib/python3.12/site-packages/airflow/example_dags/example_complex.py
[2025-01-07T12:43:13.888+0000] {logging_mixin.py:190} INFO - [2025-01-07T12:43:13.887+0000] {dag.py:3239} INFO - Sync 1 DAGs
[2025-01-07T12:43:13.916+0000] {logging_mixin.py:190} INFO - [2025-01-07T12:43:13.916+0000] {dag.py:4180} INFO - Setting next_dagrun for example_complex to None, run_after=None
[2025-01-07T12:43:13.956+0000] {processor.py:208} INFO - Processing /home/airflow/.local/lib/python3.12/site-packages/airflow/example_dags/example_complex.py took 0.179 seconds
