[2025-01-07T11:47:31.455+0000] {processor.py:186} INFO - Started process (PID=75) to work on /home/airflow/.local/lib/python3.12/site-packages/airflow/example_dags/example_python_operator.py
[2025-01-07T11:47:31.458+0000] {processor.py:914} INFO - Processing file /home/airflow/.local/lib/python3.12/site-packages/airflow/example_dags/example_python_operator.py for tasks to queue
[2025-01-07T11:47:31.464+0000] {logging_mixin.py:190} INFO - [2025-01-07T11:47:31.463+0000] {dagbag.py:588} INFO - Filling up the DagBag from /home/airflow/.local/lib/python3.12/site-packages/airflow/example_dags/example_python_operator.py
[2025-01-07T11:47:31.492+0000] {processor.py:925} INFO - DAG(s) 'example_python_operator' retrieved from /home/airflow/.local/lib/python3.12/site-packages/airflow/example_dags/example_python_operator.py
[2025-01-07T11:47:31.671+0000] {logging_mixin.py:190} INFO - [2025-01-07T11:47:31.670+0000] {override.py:1911} INFO - Created Permission View: can read on DAG:example_python_operator
[2025-01-07T11:47:31.686+0000] {logging_mixin.py:190} INFO - [2025-01-07T11:47:31.685+0000] {override.py:1911} INFO - Created Permission View: can delete on DAG:example_python_operator
[2025-01-07T11:47:31.695+0000] {logging_mixin.py:190} INFO - [2025-01-07T11:47:31.695+0000] {override.py:1911} INFO - Created Permission View: can edit on DAG:example_python_operator
[2025-01-07T11:47:31.710+0000] {logging_mixin.py:190} INFO - [2025-01-07T11:47:31.710+0000] {override.py:1911} INFO - Created Permission View: menu access on DAG Run:example_python_operator
[2025-01-07T11:47:31.721+0000] {logging_mixin.py:190} INFO - [2025-01-07T11:47:31.721+0000] {override.py:1911} INFO - Created Permission View: can read on DAG Run:example_python_operator
[2025-01-07T11:47:31.738+0000] {logging_mixin.py:190} INFO - [2025-01-07T11:47:31.738+0000] {override.py:1911} INFO - Created Permission View: can delete on DAG Run:example_python_operator
[2025-01-07T11:47:31.760+0000] {logging_mixin.py:190} INFO - [2025-01-07T11:47:31.759+0000] {override.py:1911} INFO - Created Permission View: can create on DAG Run:example_python_operator
[2025-01-07T11:47:31.761+0000] {logging_mixin.py:190} INFO - [2025-01-07T11:47:31.760+0000] {dag.py:3239} INFO - Sync 1 DAGs
[2025-01-07T11:47:31.793+0000] {logging_mixin.py:190} INFO - [2025-01-07T11:47:31.792+0000] {dag.py:3262} INFO - Creating ORM DAG for example_python_operator
[2025-01-07T11:47:31.796+0000] {logging_mixin.py:190} INFO - [2025-01-07T11:47:31.796+0000] {dag.py:4180} INFO - Setting next_dagrun for example_python_operator to None, run_after=None
[2025-01-07T11:47:31.828+0000] {processor.py:208} INFO - Processing /home/airflow/.local/lib/python3.12/site-packages/airflow/example_dags/example_python_operator.py took 0.381 seconds
[2025-01-07T11:48:27.442+0000] {processor.py:186} INFO - Started process (PID=144) to work on /home/airflow/.local/lib/python3.12/site-packages/airflow/example_dags/example_python_operator.py
[2025-01-07T11:48:27.444+0000] {processor.py:914} INFO - Processing file /home/airflow/.local/lib/python3.12/site-packages/airflow/example_dags/example_python_operator.py for tasks to queue
[2025-01-07T11:48:27.451+0000] {logging_mixin.py:190} INFO - [2025-01-07T11:48:27.449+0000] {dagbag.py:588} INFO - Filling up the DagBag from /home/airflow/.local/lib/python3.12/site-packages/airflow/example_dags/example_python_operator.py
[2025-01-07T11:48:27.491+0000] {processor.py:925} INFO - DAG(s) 'example_python_operator' retrieved from /home/airflow/.local/lib/python3.12/site-packages/airflow/example_dags/example_python_operator.py
[2025-01-07T11:48:27.563+0000] {logging_mixin.py:190} INFO - [2025-01-07T11:48:27.562+0000] {dag.py:3239} INFO - Sync 1 DAGs
[2025-01-07T11:48:27.607+0000] {logging_mixin.py:190} INFO - [2025-01-07T11:48:27.606+0000] {dag.py:4180} INFO - Setting next_dagrun for example_python_operator to None, run_after=None
[2025-01-07T11:48:27.967+0000] {processor.py:208} INFO - Processing /home/airflow/.local/lib/python3.12/site-packages/airflow/example_dags/example_python_operator.py took 0.540 seconds
[2025-01-07T11:48:58.526+0000] {processor.py:186} INFO - Started process (PID=208) to work on /home/airflow/.local/lib/python3.12/site-packages/airflow/example_dags/example_python_operator.py
[2025-01-07T11:48:58.527+0000] {processor.py:914} INFO - Processing file /home/airflow/.local/lib/python3.12/site-packages/airflow/example_dags/example_python_operator.py for tasks to queue
[2025-01-07T11:48:58.529+0000] {logging_mixin.py:190} INFO - [2025-01-07T11:48:58.529+0000] {dagbag.py:588} INFO - Filling up the DagBag from /home/airflow/.local/lib/python3.12/site-packages/airflow/example_dags/example_python_operator.py
[2025-01-07T11:48:58.541+0000] {processor.py:925} INFO - DAG(s) 'example_python_operator' retrieved from /home/airflow/.local/lib/python3.12/site-packages/airflow/example_dags/example_python_operator.py
[2025-01-07T11:48:58.562+0000] {logging_mixin.py:190} INFO - [2025-01-07T11:48:58.562+0000] {dag.py:3239} INFO - Sync 1 DAGs
[2025-01-07T11:48:58.578+0000] {logging_mixin.py:190} INFO - [2025-01-07T11:48:58.578+0000] {dag.py:4180} INFO - Setting next_dagrun for example_python_operator to None, run_after=None
[2025-01-07T11:48:58.596+0000] {processor.py:208} INFO - Processing /home/airflow/.local/lib/python3.12/site-packages/airflow/example_dags/example_python_operator.py took 0.076 seconds
[2025-01-07T11:49:29.381+0000] {processor.py:186} INFO - Started process (PID=271) to work on /home/airflow/.local/lib/python3.12/site-packages/airflow/example_dags/example_python_operator.py
[2025-01-07T11:49:29.382+0000] {processor.py:914} INFO - Processing file /home/airflow/.local/lib/python3.12/site-packages/airflow/example_dags/example_python_operator.py for tasks to queue
[2025-01-07T11:49:29.385+0000] {logging_mixin.py:190} INFO - [2025-01-07T11:49:29.384+0000] {dagbag.py:588} INFO - Filling up the DagBag from /home/airflow/.local/lib/python3.12/site-packages/airflow/example_dags/example_python_operator.py
[2025-01-07T11:49:29.397+0000] {processor.py:925} INFO - DAG(s) 'example_python_operator' retrieved from /home/airflow/.local/lib/python3.12/site-packages/airflow/example_dags/example_python_operator.py
[2025-01-07T11:49:29.420+0000] {logging_mixin.py:190} INFO - [2025-01-07T11:49:29.420+0000] {dag.py:3239} INFO - Sync 1 DAGs
[2025-01-07T11:49:29.435+0000] {logging_mixin.py:190} INFO - [2025-01-07T11:49:29.434+0000] {dag.py:4180} INFO - Setting next_dagrun for example_python_operator to None, run_after=None
[2025-01-07T11:49:29.453+0000] {processor.py:208} INFO - Processing /home/airflow/.local/lib/python3.12/site-packages/airflow/example_dags/example_python_operator.py took 0.078 seconds
[2025-01-07T11:49:59.786+0000] {processor.py:186} INFO - Started process (PID=334) to work on /home/airflow/.local/lib/python3.12/site-packages/airflow/example_dags/example_python_operator.py
[2025-01-07T11:49:59.787+0000] {processor.py:914} INFO - Processing file /home/airflow/.local/lib/python3.12/site-packages/airflow/example_dags/example_python_operator.py for tasks to queue
[2025-01-07T11:49:59.790+0000] {logging_mixin.py:190} INFO - [2025-01-07T11:49:59.789+0000] {dagbag.py:588} INFO - Filling up the DagBag from /home/airflow/.local/lib/python3.12/site-packages/airflow/example_dags/example_python_operator.py
[2025-01-07T11:49:59.806+0000] {processor.py:925} INFO - DAG(s) 'example_python_operator' retrieved from /home/airflow/.local/lib/python3.12/site-packages/airflow/example_dags/example_python_operator.py
[2025-01-07T11:49:59.830+0000] {logging_mixin.py:190} INFO - [2025-01-07T11:49:59.830+0000] {dag.py:3239} INFO - Sync 1 DAGs
[2025-01-07T11:49:59.844+0000] {logging_mixin.py:190} INFO - [2025-01-07T11:49:59.844+0000] {dag.py:4180} INFO - Setting next_dagrun for example_python_operator to None, run_after=None
[2025-01-07T11:49:59.864+0000] {processor.py:208} INFO - Processing /home/airflow/.local/lib/python3.12/site-packages/airflow/example_dags/example_python_operator.py took 0.084 seconds
[2025-01-07T11:50:30.729+0000] {processor.py:186} INFO - Started process (PID=397) to work on /home/airflow/.local/lib/python3.12/site-packages/airflow/example_dags/example_python_operator.py
[2025-01-07T11:50:30.730+0000] {processor.py:914} INFO - Processing file /home/airflow/.local/lib/python3.12/site-packages/airflow/example_dags/example_python_operator.py for tasks to queue
[2025-01-07T11:50:30.732+0000] {logging_mixin.py:190} INFO - [2025-01-07T11:50:30.732+0000] {dagbag.py:588} INFO - Filling up the DagBag from /home/airflow/.local/lib/python3.12/site-packages/airflow/example_dags/example_python_operator.py
[2025-01-07T11:50:30.745+0000] {processor.py:925} INFO - DAG(s) 'example_python_operator' retrieved from /home/airflow/.local/lib/python3.12/site-packages/airflow/example_dags/example_python_operator.py
[2025-01-07T11:50:30.773+0000] {logging_mixin.py:190} INFO - [2025-01-07T11:50:30.772+0000] {dag.py:3239} INFO - Sync 1 DAGs
[2025-01-07T11:50:30.790+0000] {logging_mixin.py:190} INFO - [2025-01-07T11:50:30.790+0000] {dag.py:4180} INFO - Setting next_dagrun for example_python_operator to None, run_after=None
[2025-01-07T11:50:30.813+0000] {processor.py:208} INFO - Processing /home/airflow/.local/lib/python3.12/site-packages/airflow/example_dags/example_python_operator.py took 0.090 seconds
[2025-01-07T11:51:01.724+0000] {processor.py:186} INFO - Started process (PID=460) to work on /home/airflow/.local/lib/python3.12/site-packages/airflow/example_dags/example_python_operator.py
[2025-01-07T11:51:01.727+0000] {processor.py:914} INFO - Processing file /home/airflow/.local/lib/python3.12/site-packages/airflow/example_dags/example_python_operator.py for tasks to queue
[2025-01-07T11:51:01.737+0000] {logging_mixin.py:190} INFO - [2025-01-07T11:51:01.737+0000] {dagbag.py:588} INFO - Filling up the DagBag from /home/airflow/.local/lib/python3.12/site-packages/airflow/example_dags/example_python_operator.py
[2025-01-07T11:51:01.771+0000] {processor.py:925} INFO - DAG(s) 'example_python_operator' retrieved from /home/airflow/.local/lib/python3.12/site-packages/airflow/example_dags/example_python_operator.py
[2025-01-07T11:51:01.819+0000] {logging_mixin.py:190} INFO - [2025-01-07T11:51:01.819+0000] {dag.py:3239} INFO - Sync 1 DAGs
[2025-01-07T11:51:01.887+0000] {logging_mixin.py:190} INFO - [2025-01-07T11:51:01.886+0000] {dag.py:4180} INFO - Setting next_dagrun for example_python_operator to None, run_after=None
[2025-01-07T11:51:01.918+0000] {processor.py:208} INFO - Processing /home/airflow/.local/lib/python3.12/site-packages/airflow/example_dags/example_python_operator.py took 0.201 seconds
[2025-01-07T11:51:33.428+0000] {processor.py:186} INFO - Started process (PID=523) to work on /home/airflow/.local/lib/python3.12/site-packages/airflow/example_dags/example_python_operator.py
[2025-01-07T11:51:33.430+0000] {processor.py:914} INFO - Processing file /home/airflow/.local/lib/python3.12/site-packages/airflow/example_dags/example_python_operator.py for tasks to queue
[2025-01-07T11:51:33.433+0000] {logging_mixin.py:190} INFO - [2025-01-07T11:51:33.433+0000] {dagbag.py:588} INFO - Filling up the DagBag from /home/airflow/.local/lib/python3.12/site-packages/airflow/example_dags/example_python_operator.py
[2025-01-07T11:51:33.461+0000] {processor.py:925} INFO - DAG(s) 'example_python_operator' retrieved from /home/airflow/.local/lib/python3.12/site-packages/airflow/example_dags/example_python_operator.py
[2025-01-07T11:51:33.495+0000] {logging_mixin.py:190} INFO - [2025-01-07T11:51:33.494+0000] {dag.py:3239} INFO - Sync 1 DAGs
[2025-01-07T11:51:33.514+0000] {logging_mixin.py:190} INFO - [2025-01-07T11:51:33.514+0000] {dag.py:4180} INFO - Setting next_dagrun for example_python_operator to None, run_after=None
[2025-01-07T11:51:33.541+0000] {processor.py:208} INFO - Processing /home/airflow/.local/lib/python3.12/site-packages/airflow/example_dags/example_python_operator.py took 0.125 seconds
[2025-01-07T11:52:03.664+0000] {processor.py:186} INFO - Started process (PID=587) to work on /home/airflow/.local/lib/python3.12/site-packages/airflow/example_dags/example_python_operator.py
[2025-01-07T11:52:03.666+0000] {processor.py:914} INFO - Processing file /home/airflow/.local/lib/python3.12/site-packages/airflow/example_dags/example_python_operator.py for tasks to queue
[2025-01-07T11:52:03.669+0000] {logging_mixin.py:190} INFO - [2025-01-07T11:52:03.668+0000] {dagbag.py:588} INFO - Filling up the DagBag from /home/airflow/.local/lib/python3.12/site-packages/airflow/example_dags/example_python_operator.py
[2025-01-07T11:52:03.680+0000] {processor.py:925} INFO - DAG(s) 'example_python_operator' retrieved from /home/airflow/.local/lib/python3.12/site-packages/airflow/example_dags/example_python_operator.py
[2025-01-07T11:52:03.702+0000] {logging_mixin.py:190} INFO - [2025-01-07T11:52:03.701+0000] {dag.py:3239} INFO - Sync 1 DAGs
[2025-01-07T11:52:03.715+0000] {logging_mixin.py:190} INFO - [2025-01-07T11:52:03.715+0000] {dag.py:4180} INFO - Setting next_dagrun for example_python_operator to None, run_after=None
[2025-01-07T11:52:03.735+0000] {processor.py:208} INFO - Processing /home/airflow/.local/lib/python3.12/site-packages/airflow/example_dags/example_python_operator.py took 0.078 seconds
[2025-01-07T11:52:34.278+0000] {processor.py:186} INFO - Started process (PID=649) to work on /home/airflow/.local/lib/python3.12/site-packages/airflow/example_dags/example_python_operator.py
[2025-01-07T11:52:34.279+0000] {processor.py:914} INFO - Processing file /home/airflow/.local/lib/python3.12/site-packages/airflow/example_dags/example_python_operator.py for tasks to queue
[2025-01-07T11:52:34.281+0000] {logging_mixin.py:190} INFO - [2025-01-07T11:52:34.281+0000] {dagbag.py:588} INFO - Filling up the DagBag from /home/airflow/.local/lib/python3.12/site-packages/airflow/example_dags/example_python_operator.py
[2025-01-07T11:52:34.293+0000] {processor.py:925} INFO - DAG(s) 'example_python_operator' retrieved from /home/airflow/.local/lib/python3.12/site-packages/airflow/example_dags/example_python_operator.py
[2025-01-07T11:52:34.313+0000] {logging_mixin.py:190} INFO - [2025-01-07T11:52:34.313+0000] {dag.py:3239} INFO - Sync 1 DAGs
[2025-01-07T11:52:34.326+0000] {logging_mixin.py:190} INFO - [2025-01-07T11:52:34.326+0000] {dag.py:4180} INFO - Setting next_dagrun for example_python_operator to None, run_after=None
[2025-01-07T11:52:34.345+0000] {processor.py:208} INFO - Processing /home/airflow/.local/lib/python3.12/site-packages/airflow/example_dags/example_python_operator.py took 0.073 seconds
[2025-01-07T11:53:04.808+0000] {processor.py:186} INFO - Started process (PID=711) to work on /home/airflow/.local/lib/python3.12/site-packages/airflow/example_dags/example_python_operator.py
[2025-01-07T11:53:04.809+0000] {processor.py:914} INFO - Processing file /home/airflow/.local/lib/python3.12/site-packages/airflow/example_dags/example_python_operator.py for tasks to queue
[2025-01-07T11:53:04.811+0000] {logging_mixin.py:190} INFO - [2025-01-07T11:53:04.810+0000] {dagbag.py:588} INFO - Filling up the DagBag from /home/airflow/.local/lib/python3.12/site-packages/airflow/example_dags/example_python_operator.py
[2025-01-07T11:53:04.822+0000] {processor.py:925} INFO - DAG(s) 'example_python_operator' retrieved from /home/airflow/.local/lib/python3.12/site-packages/airflow/example_dags/example_python_operator.py
[2025-01-07T11:53:04.842+0000] {logging_mixin.py:190} INFO - [2025-01-07T11:53:04.841+0000] {dag.py:3239} INFO - Sync 1 DAGs
[2025-01-07T11:53:04.855+0000] {logging_mixin.py:190} INFO - [2025-01-07T11:53:04.854+0000] {dag.py:4180} INFO - Setting next_dagrun for example_python_operator to None, run_after=None
[2025-01-07T11:53:04.872+0000] {processor.py:208} INFO - Processing /home/airflow/.local/lib/python3.12/site-packages/airflow/example_dags/example_python_operator.py took 0.069 seconds
[2025-01-07T11:53:35.175+0000] {processor.py:186} INFO - Started process (PID=774) to work on /home/airflow/.local/lib/python3.12/site-packages/airflow/example_dags/example_python_operator.py
[2025-01-07T11:53:35.176+0000] {processor.py:914} INFO - Processing file /home/airflow/.local/lib/python3.12/site-packages/airflow/example_dags/example_python_operator.py for tasks to queue
[2025-01-07T11:53:35.178+0000] {logging_mixin.py:190} INFO - [2025-01-07T11:53:35.178+0000] {dagbag.py:588} INFO - Filling up the DagBag from /home/airflow/.local/lib/python3.12/site-packages/airflow/example_dags/example_python_operator.py
[2025-01-07T11:53:35.190+0000] {processor.py:925} INFO - DAG(s) 'example_python_operator' retrieved from /home/airflow/.local/lib/python3.12/site-packages/airflow/example_dags/example_python_operator.py
[2025-01-07T11:53:35.210+0000] {logging_mixin.py:190} INFO - [2025-01-07T11:53:35.210+0000] {dag.py:3239} INFO - Sync 1 DAGs
[2025-01-07T11:53:35.223+0000] {logging_mixin.py:190} INFO - [2025-01-07T11:53:35.223+0000] {dag.py:4180} INFO - Setting next_dagrun for example_python_operator to None, run_after=None
[2025-01-07T11:53:35.241+0000] {processor.py:208} INFO - Processing /home/airflow/.local/lib/python3.12/site-packages/airflow/example_dags/example_python_operator.py took 0.074 seconds
[2025-01-07T11:54:05.929+0000] {processor.py:186} INFO - Started process (PID=837) to work on /home/airflow/.local/lib/python3.12/site-packages/airflow/example_dags/example_python_operator.py
[2025-01-07T11:54:05.930+0000] {processor.py:914} INFO - Processing file /home/airflow/.local/lib/python3.12/site-packages/airflow/example_dags/example_python_operator.py for tasks to queue
[2025-01-07T11:54:05.934+0000] {logging_mixin.py:190} INFO - [2025-01-07T11:54:05.934+0000] {dagbag.py:588} INFO - Filling up the DagBag from /home/airflow/.local/lib/python3.12/site-packages/airflow/example_dags/example_python_operator.py
[2025-01-07T11:54:05.951+0000] {processor.py:925} INFO - DAG(s) 'example_python_operator' retrieved from /home/airflow/.local/lib/python3.12/site-packages/airflow/example_dags/example_python_operator.py
[2025-01-07T11:54:05.975+0000] {logging_mixin.py:190} INFO - [2025-01-07T11:54:05.975+0000] {dag.py:3239} INFO - Sync 1 DAGs
[2025-01-07T11:54:05.992+0000] {logging_mixin.py:190} INFO - [2025-01-07T11:54:05.991+0000] {dag.py:4180} INFO - Setting next_dagrun for example_python_operator to None, run_after=None
[2025-01-07T11:54:06.014+0000] {processor.py:208} INFO - Processing /home/airflow/.local/lib/python3.12/site-packages/airflow/example_dags/example_python_operator.py took 0.092 seconds
[2025-01-07T11:54:36.703+0000] {processor.py:186} INFO - Started process (PID=900) to work on /home/airflow/.local/lib/python3.12/site-packages/airflow/example_dags/example_python_operator.py
[2025-01-07T11:54:36.704+0000] {processor.py:914} INFO - Processing file /home/airflow/.local/lib/python3.12/site-packages/airflow/example_dags/example_python_operator.py for tasks to queue
[2025-01-07T11:54:36.707+0000] {logging_mixin.py:190} INFO - [2025-01-07T11:54:36.707+0000] {dagbag.py:588} INFO - Filling up the DagBag from /home/airflow/.local/lib/python3.12/site-packages/airflow/example_dags/example_python_operator.py
[2025-01-07T11:54:36.722+0000] {processor.py:925} INFO - DAG(s) 'example_python_operator' retrieved from /home/airflow/.local/lib/python3.12/site-packages/airflow/example_dags/example_python_operator.py
[2025-01-07T11:54:36.747+0000] {logging_mixin.py:190} INFO - [2025-01-07T11:54:36.746+0000] {dag.py:3239} INFO - Sync 1 DAGs
[2025-01-07T11:54:36.766+0000] {logging_mixin.py:190} INFO - [2025-01-07T11:54:36.766+0000] {dag.py:4180} INFO - Setting next_dagrun for example_python_operator to None, run_after=None
[2025-01-07T11:54:36.795+0000] {processor.py:208} INFO - Processing /home/airflow/.local/lib/python3.12/site-packages/airflow/example_dags/example_python_operator.py took 0.098 seconds
[2025-01-07T11:55:07.118+0000] {processor.py:186} INFO - Started process (PID=963) to work on /home/airflow/.local/lib/python3.12/site-packages/airflow/example_dags/example_python_operator.py
[2025-01-07T11:55:07.119+0000] {processor.py:914} INFO - Processing file /home/airflow/.local/lib/python3.12/site-packages/airflow/example_dags/example_python_operator.py for tasks to queue
[2025-01-07T11:55:07.121+0000] {logging_mixin.py:190} INFO - [2025-01-07T11:55:07.121+0000] {dagbag.py:588} INFO - Filling up the DagBag from /home/airflow/.local/lib/python3.12/site-packages/airflow/example_dags/example_python_operator.py
[2025-01-07T11:55:07.133+0000] {processor.py:925} INFO - DAG(s) 'example_python_operator' retrieved from /home/airflow/.local/lib/python3.12/site-packages/airflow/example_dags/example_python_operator.py
[2025-01-07T11:55:07.152+0000] {logging_mixin.py:190} INFO - [2025-01-07T11:55:07.152+0000] {dag.py:3239} INFO - Sync 1 DAGs
[2025-01-07T11:55:07.166+0000] {logging_mixin.py:190} INFO - [2025-01-07T11:55:07.166+0000] {dag.py:4180} INFO - Setting next_dagrun for example_python_operator to None, run_after=None
[2025-01-07T11:55:07.184+0000] {processor.py:208} INFO - Processing /home/airflow/.local/lib/python3.12/site-packages/airflow/example_dags/example_python_operator.py took 0.071 seconds
[2025-01-07T11:55:37.809+0000] {processor.py:186} INFO - Started process (PID=1026) to work on /home/airflow/.local/lib/python3.12/site-packages/airflow/example_dags/example_python_operator.py
[2025-01-07T11:55:37.810+0000] {processor.py:914} INFO - Processing file /home/airflow/.local/lib/python3.12/site-packages/airflow/example_dags/example_python_operator.py for tasks to queue
[2025-01-07T11:55:37.813+0000] {logging_mixin.py:190} INFO - [2025-01-07T11:55:37.812+0000] {dagbag.py:588} INFO - Filling up the DagBag from /home/airflow/.local/lib/python3.12/site-packages/airflow/example_dags/example_python_operator.py
[2025-01-07T11:55:37.825+0000] {processor.py:925} INFO - DAG(s) 'example_python_operator' retrieved from /home/airflow/.local/lib/python3.12/site-packages/airflow/example_dags/example_python_operator.py
[2025-01-07T11:55:37.848+0000] {logging_mixin.py:190} INFO - [2025-01-07T11:55:37.848+0000] {dag.py:3239} INFO - Sync 1 DAGs
[2025-01-07T11:55:37.865+0000] {logging_mixin.py:190} INFO - [2025-01-07T11:55:37.864+0000] {dag.py:4180} INFO - Setting next_dagrun for example_python_operator to None, run_after=None
[2025-01-07T11:55:37.888+0000] {processor.py:208} INFO - Processing /home/airflow/.local/lib/python3.12/site-packages/airflow/example_dags/example_python_operator.py took 0.084 seconds
[2025-01-07T11:56:08.342+0000] {processor.py:186} INFO - Started process (PID=1089) to work on /home/airflow/.local/lib/python3.12/site-packages/airflow/example_dags/example_python_operator.py
[2025-01-07T11:56:08.343+0000] {processor.py:914} INFO - Processing file /home/airflow/.local/lib/python3.12/site-packages/airflow/example_dags/example_python_operator.py for tasks to queue
[2025-01-07T11:56:08.345+0000] {logging_mixin.py:190} INFO - [2025-01-07T11:56:08.345+0000] {dagbag.py:588} INFO - Filling up the DagBag from /home/airflow/.local/lib/python3.12/site-packages/airflow/example_dags/example_python_operator.py
[2025-01-07T11:56:08.357+0000] {processor.py:925} INFO - DAG(s) 'example_python_operator' retrieved from /home/airflow/.local/lib/python3.12/site-packages/airflow/example_dags/example_python_operator.py
[2025-01-07T11:56:08.377+0000] {logging_mixin.py:190} INFO - [2025-01-07T11:56:08.376+0000] {dag.py:3239} INFO - Sync 1 DAGs
[2025-01-07T11:56:08.390+0000] {logging_mixin.py:190} INFO - [2025-01-07T11:56:08.390+0000] {dag.py:4180} INFO - Setting next_dagrun for example_python_operator to None, run_after=None
[2025-01-07T11:56:08.411+0000] {processor.py:208} INFO - Processing /home/airflow/.local/lib/python3.12/site-packages/airflow/example_dags/example_python_operator.py took 0.074 seconds
[2025-01-07T11:56:39.186+0000] {processor.py:186} INFO - Started process (PID=1152) to work on /home/airflow/.local/lib/python3.12/site-packages/airflow/example_dags/example_python_operator.py
[2025-01-07T11:56:39.187+0000] {processor.py:914} INFO - Processing file /home/airflow/.local/lib/python3.12/site-packages/airflow/example_dags/example_python_operator.py for tasks to queue
[2025-01-07T11:56:39.190+0000] {logging_mixin.py:190} INFO - [2025-01-07T11:56:39.189+0000] {dagbag.py:588} INFO - Filling up the DagBag from /home/airflow/.local/lib/python3.12/site-packages/airflow/example_dags/example_python_operator.py
[2025-01-07T11:56:39.204+0000] {processor.py:925} INFO - DAG(s) 'example_python_operator' retrieved from /home/airflow/.local/lib/python3.12/site-packages/airflow/example_dags/example_python_operator.py
[2025-01-07T11:56:39.230+0000] {logging_mixin.py:190} INFO - [2025-01-07T11:56:39.230+0000] {dag.py:3239} INFO - Sync 1 DAGs
[2025-01-07T11:56:39.247+0000] {logging_mixin.py:190} INFO - [2025-01-07T11:56:39.247+0000] {dag.py:4180} INFO - Setting next_dagrun for example_python_operator to None, run_after=None
[2025-01-07T11:56:39.268+0000] {processor.py:208} INFO - Processing /home/airflow/.local/lib/python3.12/site-packages/airflow/example_dags/example_python_operator.py took 0.090 seconds
[2025-01-07T11:57:09.567+0000] {processor.py:186} INFO - Started process (PID=1215) to work on /home/airflow/.local/lib/python3.12/site-packages/airflow/example_dags/example_python_operator.py
[2025-01-07T11:57:09.567+0000] {processor.py:914} INFO - Processing file /home/airflow/.local/lib/python3.12/site-packages/airflow/example_dags/example_python_operator.py for tasks to queue
[2025-01-07T11:57:09.570+0000] {logging_mixin.py:190} INFO - [2025-01-07T11:57:09.569+0000] {dagbag.py:588} INFO - Filling up the DagBag from /home/airflow/.local/lib/python3.12/site-packages/airflow/example_dags/example_python_operator.py
[2025-01-07T11:57:09.581+0000] {processor.py:925} INFO - DAG(s) 'example_python_operator' retrieved from /home/airflow/.local/lib/python3.12/site-packages/airflow/example_dags/example_python_operator.py
[2025-01-07T11:57:09.600+0000] {logging_mixin.py:190} INFO - [2025-01-07T11:57:09.600+0000] {dag.py:3239} INFO - Sync 1 DAGs
[2025-01-07T11:57:09.613+0000] {logging_mixin.py:190} INFO - [2025-01-07T11:57:09.613+0000] {dag.py:4180} INFO - Setting next_dagrun for example_python_operator to None, run_after=None
[2025-01-07T11:57:09.630+0000] {processor.py:208} INFO - Processing /home/airflow/.local/lib/python3.12/site-packages/airflow/example_dags/example_python_operator.py took 0.068 seconds
[2025-01-07T11:57:39.894+0000] {processor.py:186} INFO - Started process (PID=1286) to work on /home/airflow/.local/lib/python3.12/site-packages/airflow/example_dags/example_python_operator.py
[2025-01-07T11:57:39.897+0000] {processor.py:914} INFO - Processing file /home/airflow/.local/lib/python3.12/site-packages/airflow/example_dags/example_python_operator.py for tasks to queue
[2025-01-07T11:57:39.903+0000] {logging_mixin.py:190} INFO - [2025-01-07T11:57:39.902+0000] {dagbag.py:588} INFO - Filling up the DagBag from /home/airflow/.local/lib/python3.12/site-packages/airflow/example_dags/example_python_operator.py
[2025-01-07T11:57:39.929+0000] {processor.py:925} INFO - DAG(s) 'example_python_operator' retrieved from /home/airflow/.local/lib/python3.12/site-packages/airflow/example_dags/example_python_operator.py
[2025-01-07T11:57:39.986+0000] {logging_mixin.py:190} INFO - [2025-01-07T11:57:39.985+0000] {dag.py:3239} INFO - Sync 1 DAGs
[2025-01-07T11:57:40.025+0000] {logging_mixin.py:190} INFO - [2025-01-07T11:57:40.021+0000] {dag.py:4180} INFO - Setting next_dagrun for example_python_operator to None, run_after=None
[2025-01-07T11:57:40.065+0000] {processor.py:208} INFO - Processing /home/airflow/.local/lib/python3.12/site-packages/airflow/example_dags/example_python_operator.py took 0.185 seconds
[2025-01-07T11:58:10.800+0000] {processor.py:186} INFO - Started process (PID=1349) to work on /home/airflow/.local/lib/python3.12/site-packages/airflow/example_dags/example_python_operator.py
[2025-01-07T11:58:10.801+0000] {processor.py:914} INFO - Processing file /home/airflow/.local/lib/python3.12/site-packages/airflow/example_dags/example_python_operator.py for tasks to queue
[2025-01-07T11:58:10.803+0000] {logging_mixin.py:190} INFO - [2025-01-07T11:58:10.803+0000] {dagbag.py:588} INFO - Filling up the DagBag from /home/airflow/.local/lib/python3.12/site-packages/airflow/example_dags/example_python_operator.py
[2025-01-07T11:58:10.818+0000] {processor.py:925} INFO - DAG(s) 'example_python_operator' retrieved from /home/airflow/.local/lib/python3.12/site-packages/airflow/example_dags/example_python_operator.py
[2025-01-07T11:58:10.840+0000] {logging_mixin.py:190} INFO - [2025-01-07T11:58:10.840+0000] {dag.py:3239} INFO - Sync 1 DAGs
[2025-01-07T11:58:10.854+0000] {logging_mixin.py:190} INFO - [2025-01-07T11:58:10.853+0000] {dag.py:4180} INFO - Setting next_dagrun for example_python_operator to None, run_after=None
[2025-01-07T11:58:10.874+0000] {processor.py:208} INFO - Processing /home/airflow/.local/lib/python3.12/site-packages/airflow/example_dags/example_python_operator.py took 0.080 seconds
[2025-01-07T11:58:41.048+0000] {processor.py:186} INFO - Started process (PID=1412) to work on /home/airflow/.local/lib/python3.12/site-packages/airflow/example_dags/example_python_operator.py
[2025-01-07T11:58:41.050+0000] {processor.py:914} INFO - Processing file /home/airflow/.local/lib/python3.12/site-packages/airflow/example_dags/example_python_operator.py for tasks to queue
[2025-01-07T11:58:41.052+0000] {logging_mixin.py:190} INFO - [2025-01-07T11:58:41.052+0000] {dagbag.py:588} INFO - Filling up the DagBag from /home/airflow/.local/lib/python3.12/site-packages/airflow/example_dags/example_python_operator.py
[2025-01-07T11:58:41.063+0000] {processor.py:925} INFO - DAG(s) 'example_python_operator' retrieved from /home/airflow/.local/lib/python3.12/site-packages/airflow/example_dags/example_python_operator.py
[2025-01-07T11:58:41.085+0000] {logging_mixin.py:190} INFO - [2025-01-07T11:58:41.085+0000] {dag.py:3239} INFO - Sync 1 DAGs
[2025-01-07T11:58:41.099+0000] {logging_mixin.py:190} INFO - [2025-01-07T11:58:41.099+0000] {dag.py:4180} INFO - Setting next_dagrun for example_python_operator to None, run_after=None
[2025-01-07T11:58:41.120+0000] {processor.py:208} INFO - Processing /home/airflow/.local/lib/python3.12/site-packages/airflow/example_dags/example_python_operator.py took 0.078 seconds
[2025-01-07T11:59:11.363+0000] {processor.py:186} INFO - Started process (PID=1475) to work on /home/airflow/.local/lib/python3.12/site-packages/airflow/example_dags/example_python_operator.py
[2025-01-07T11:59:11.364+0000] {processor.py:914} INFO - Processing file /home/airflow/.local/lib/python3.12/site-packages/airflow/example_dags/example_python_operator.py for tasks to queue
[2025-01-07T11:59:11.366+0000] {logging_mixin.py:190} INFO - [2025-01-07T11:59:11.366+0000] {dagbag.py:588} INFO - Filling up the DagBag from /home/airflow/.local/lib/python3.12/site-packages/airflow/example_dags/example_python_operator.py
[2025-01-07T11:59:11.378+0000] {processor.py:925} INFO - DAG(s) 'example_python_operator' retrieved from /home/airflow/.local/lib/python3.12/site-packages/airflow/example_dags/example_python_operator.py
[2025-01-07T11:59:11.398+0000] {logging_mixin.py:190} INFO - [2025-01-07T11:59:11.398+0000] {dag.py:3239} INFO - Sync 1 DAGs
[2025-01-07T11:59:11.412+0000] {logging_mixin.py:190} INFO - [2025-01-07T11:59:11.412+0000] {dag.py:4180} INFO - Setting next_dagrun for example_python_operator to None, run_after=None
[2025-01-07T11:59:11.431+0000] {processor.py:208} INFO - Processing /home/airflow/.local/lib/python3.12/site-packages/airflow/example_dags/example_python_operator.py took 0.075 seconds
[2025-01-07T11:59:42.421+0000] {processor.py:186} INFO - Started process (PID=1539) to work on /home/airflow/.local/lib/python3.12/site-packages/airflow/example_dags/example_python_operator.py
[2025-01-07T11:59:42.422+0000] {processor.py:914} INFO - Processing file /home/airflow/.local/lib/python3.12/site-packages/airflow/example_dags/example_python_operator.py for tasks to queue
[2025-01-07T11:59:42.424+0000] {logging_mixin.py:190} INFO - [2025-01-07T11:59:42.424+0000] {dagbag.py:588} INFO - Filling up the DagBag from /home/airflow/.local/lib/python3.12/site-packages/airflow/example_dags/example_python_operator.py
[2025-01-07T11:59:42.441+0000] {processor.py:925} INFO - DAG(s) 'example_python_operator' retrieved from /home/airflow/.local/lib/python3.12/site-packages/airflow/example_dags/example_python_operator.py
[2025-01-07T11:59:42.464+0000] {logging_mixin.py:190} INFO - [2025-01-07T11:59:42.463+0000] {dag.py:3239} INFO - Sync 1 DAGs
[2025-01-07T11:59:42.481+0000] {logging_mixin.py:190} INFO - [2025-01-07T11:59:42.481+0000] {dag.py:4180} INFO - Setting next_dagrun for example_python_operator to None, run_after=None
[2025-01-07T11:59:42.505+0000] {processor.py:208} INFO - Processing /home/airflow/.local/lib/python3.12/site-packages/airflow/example_dags/example_python_operator.py took 0.091 seconds
[2025-01-07T12:00:12.773+0000] {processor.py:186} INFO - Started process (PID=1602) to work on /home/airflow/.local/lib/python3.12/site-packages/airflow/example_dags/example_python_operator.py
[2025-01-07T12:00:12.774+0000] {processor.py:914} INFO - Processing file /home/airflow/.local/lib/python3.12/site-packages/airflow/example_dags/example_python_operator.py for tasks to queue
[2025-01-07T12:00:12.776+0000] {logging_mixin.py:190} INFO - [2025-01-07T12:00:12.776+0000] {dagbag.py:588} INFO - Filling up the DagBag from /home/airflow/.local/lib/python3.12/site-packages/airflow/example_dags/example_python_operator.py
[2025-01-07T12:00:12.788+0000] {processor.py:925} INFO - DAG(s) 'example_python_operator' retrieved from /home/airflow/.local/lib/python3.12/site-packages/airflow/example_dags/example_python_operator.py
[2025-01-07T12:00:12.811+0000] {logging_mixin.py:190} INFO - [2025-01-07T12:00:12.810+0000] {dag.py:3239} INFO - Sync 1 DAGs
[2025-01-07T12:00:12.827+0000] {logging_mixin.py:190} INFO - [2025-01-07T12:00:12.826+0000] {dag.py:4180} INFO - Setting next_dagrun for example_python_operator to None, run_after=None
[2025-01-07T12:00:12.848+0000] {processor.py:208} INFO - Processing /home/airflow/.local/lib/python3.12/site-packages/airflow/example_dags/example_python_operator.py took 0.081 seconds
[2025-01-07T12:00:42.898+0000] {processor.py:186} INFO - Started process (PID=1665) to work on /home/airflow/.local/lib/python3.12/site-packages/airflow/example_dags/example_python_operator.py
[2025-01-07T12:00:42.899+0000] {processor.py:914} INFO - Processing file /home/airflow/.local/lib/python3.12/site-packages/airflow/example_dags/example_python_operator.py for tasks to queue
[2025-01-07T12:00:42.902+0000] {logging_mixin.py:190} INFO - [2025-01-07T12:00:42.901+0000] {dagbag.py:588} INFO - Filling up the DagBag from /home/airflow/.local/lib/python3.12/site-packages/airflow/example_dags/example_python_operator.py
[2025-01-07T12:00:42.916+0000] {processor.py:925} INFO - DAG(s) 'example_python_operator' retrieved from /home/airflow/.local/lib/python3.12/site-packages/airflow/example_dags/example_python_operator.py
[2025-01-07T12:00:42.939+0000] {logging_mixin.py:190} INFO - [2025-01-07T12:00:42.938+0000] {dag.py:3239} INFO - Sync 1 DAGs
[2025-01-07T12:00:42.958+0000] {logging_mixin.py:190} INFO - [2025-01-07T12:00:42.958+0000] {dag.py:4180} INFO - Setting next_dagrun for example_python_operator to None, run_after=None
[2025-01-07T12:00:42.980+0000] {processor.py:208} INFO - Processing /home/airflow/.local/lib/python3.12/site-packages/airflow/example_dags/example_python_operator.py took 0.089 seconds
[2025-01-07T12:01:14.092+0000] {processor.py:186} INFO - Started process (PID=1728) to work on /home/airflow/.local/lib/python3.12/site-packages/airflow/example_dags/example_python_operator.py
[2025-01-07T12:01:14.093+0000] {processor.py:914} INFO - Processing file /home/airflow/.local/lib/python3.12/site-packages/airflow/example_dags/example_python_operator.py for tasks to queue
[2025-01-07T12:01:14.096+0000] {logging_mixin.py:190} INFO - [2025-01-07T12:01:14.095+0000] {dagbag.py:588} INFO - Filling up the DagBag from /home/airflow/.local/lib/python3.12/site-packages/airflow/example_dags/example_python_operator.py
[2025-01-07T12:01:14.108+0000] {processor.py:925} INFO - DAG(s) 'example_python_operator' retrieved from /home/airflow/.local/lib/python3.12/site-packages/airflow/example_dags/example_python_operator.py
[2025-01-07T12:01:14.132+0000] {logging_mixin.py:190} INFO - [2025-01-07T12:01:14.132+0000] {dag.py:3239} INFO - Sync 1 DAGs
[2025-01-07T12:01:14.147+0000] {logging_mixin.py:190} INFO - [2025-01-07T12:01:14.147+0000] {dag.py:4180} INFO - Setting next_dagrun for example_python_operator to None, run_after=None
[2025-01-07T12:01:14.169+0000] {processor.py:208} INFO - Processing /home/airflow/.local/lib/python3.12/site-packages/airflow/example_dags/example_python_operator.py took 0.085 seconds
[2025-01-07T12:01:45.303+0000] {processor.py:186} INFO - Started process (PID=1791) to work on /home/airflow/.local/lib/python3.12/site-packages/airflow/example_dags/example_python_operator.py
[2025-01-07T12:01:45.304+0000] {processor.py:914} INFO - Processing file /home/airflow/.local/lib/python3.12/site-packages/airflow/example_dags/example_python_operator.py for tasks to queue
[2025-01-07T12:01:45.307+0000] {logging_mixin.py:190} INFO - [2025-01-07T12:01:45.307+0000] {dagbag.py:588} INFO - Filling up the DagBag from /home/airflow/.local/lib/python3.12/site-packages/airflow/example_dags/example_python_operator.py
[2025-01-07T12:01:45.320+0000] {processor.py:925} INFO - DAG(s) 'example_python_operator' retrieved from /home/airflow/.local/lib/python3.12/site-packages/airflow/example_dags/example_python_operator.py
[2025-01-07T12:01:45.343+0000] {logging_mixin.py:190} INFO - [2025-01-07T12:01:45.343+0000] {dag.py:3239} INFO - Sync 1 DAGs
[2025-01-07T12:01:45.358+0000] {logging_mixin.py:190} INFO - [2025-01-07T12:01:45.358+0000] {dag.py:4180} INFO - Setting next_dagrun for example_python_operator to None, run_after=None
[2025-01-07T12:01:45.380+0000] {processor.py:208} INFO - Processing /home/airflow/.local/lib/python3.12/site-packages/airflow/example_dags/example_python_operator.py took 0.083 seconds
[2025-01-07T12:02:16.561+0000] {processor.py:186} INFO - Started process (PID=1854) to work on /home/airflow/.local/lib/python3.12/site-packages/airflow/example_dags/example_python_operator.py
[2025-01-07T12:02:16.562+0000] {processor.py:914} INFO - Processing file /home/airflow/.local/lib/python3.12/site-packages/airflow/example_dags/example_python_operator.py for tasks to queue
[2025-01-07T12:02:16.565+0000] {logging_mixin.py:190} INFO - [2025-01-07T12:02:16.565+0000] {dagbag.py:588} INFO - Filling up the DagBag from /home/airflow/.local/lib/python3.12/site-packages/airflow/example_dags/example_python_operator.py
[2025-01-07T12:02:16.582+0000] {processor.py:925} INFO - DAG(s) 'example_python_operator' retrieved from /home/airflow/.local/lib/python3.12/site-packages/airflow/example_dags/example_python_operator.py
[2025-01-07T12:02:16.611+0000] {logging_mixin.py:190} INFO - [2025-01-07T12:02:16.611+0000] {dag.py:3239} INFO - Sync 1 DAGs
[2025-01-07T12:02:16.631+0000] {logging_mixin.py:190} INFO - [2025-01-07T12:02:16.631+0000] {dag.py:4180} INFO - Setting next_dagrun for example_python_operator to None, run_after=None
[2025-01-07T12:02:16.670+0000] {processor.py:208} INFO - Processing /home/airflow/.local/lib/python3.12/site-packages/airflow/example_dags/example_python_operator.py took 0.114 seconds
[2025-01-07T12:02:47.412+0000] {processor.py:186} INFO - Started process (PID=1917) to work on /home/airflow/.local/lib/python3.12/site-packages/airflow/example_dags/example_python_operator.py
[2025-01-07T12:02:47.413+0000] {processor.py:914} INFO - Processing file /home/airflow/.local/lib/python3.12/site-packages/airflow/example_dags/example_python_operator.py for tasks to queue
[2025-01-07T12:02:47.416+0000] {logging_mixin.py:190} INFO - [2025-01-07T12:02:47.415+0000] {dagbag.py:588} INFO - Filling up the DagBag from /home/airflow/.local/lib/python3.12/site-packages/airflow/example_dags/example_python_operator.py
[2025-01-07T12:02:47.431+0000] {processor.py:925} INFO - DAG(s) 'example_python_operator' retrieved from /home/airflow/.local/lib/python3.12/site-packages/airflow/example_dags/example_python_operator.py
[2025-01-07T12:02:47.459+0000] {logging_mixin.py:190} INFO - [2025-01-07T12:02:47.458+0000] {dag.py:3239} INFO - Sync 1 DAGs
[2025-01-07T12:02:47.475+0000] {logging_mixin.py:190} INFO - [2025-01-07T12:02:47.474+0000] {dag.py:4180} INFO - Setting next_dagrun for example_python_operator to None, run_after=None
[2025-01-07T12:02:47.494+0000] {processor.py:208} INFO - Processing /home/airflow/.local/lib/python3.12/site-packages/airflow/example_dags/example_python_operator.py took 0.089 seconds
[2025-01-07T12:03:18.514+0000] {processor.py:186} INFO - Started process (PID=1986) to work on /home/airflow/.local/lib/python3.12/site-packages/airflow/example_dags/example_python_operator.py
[2025-01-07T12:03:18.515+0000] {processor.py:914} INFO - Processing file /home/airflow/.local/lib/python3.12/site-packages/airflow/example_dags/example_python_operator.py for tasks to queue
[2025-01-07T12:03:18.518+0000] {logging_mixin.py:190} INFO - [2025-01-07T12:03:18.518+0000] {dagbag.py:588} INFO - Filling up the DagBag from /home/airflow/.local/lib/python3.12/site-packages/airflow/example_dags/example_python_operator.py
[2025-01-07T12:03:18.531+0000] {processor.py:925} INFO - DAG(s) 'example_python_operator' retrieved from /home/airflow/.local/lib/python3.12/site-packages/airflow/example_dags/example_python_operator.py
[2025-01-07T12:03:18.555+0000] {logging_mixin.py:190} INFO - [2025-01-07T12:03:18.555+0000] {dag.py:3239} INFO - Sync 1 DAGs
[2025-01-07T12:03:18.570+0000] {logging_mixin.py:190} INFO - [2025-01-07T12:03:18.570+0000] {dag.py:4180} INFO - Setting next_dagrun for example_python_operator to None, run_after=None
[2025-01-07T12:03:18.588+0000] {processor.py:208} INFO - Processing /home/airflow/.local/lib/python3.12/site-packages/airflow/example_dags/example_python_operator.py took 0.081 seconds
[2025-01-07T12:03:49.173+0000] {processor.py:186} INFO - Started process (PID=2049) to work on /home/airflow/.local/lib/python3.12/site-packages/airflow/example_dags/example_python_operator.py
[2025-01-07T12:03:49.175+0000] {processor.py:914} INFO - Processing file /home/airflow/.local/lib/python3.12/site-packages/airflow/example_dags/example_python_operator.py for tasks to queue
[2025-01-07T12:03:49.178+0000] {logging_mixin.py:190} INFO - [2025-01-07T12:03:49.177+0000] {dagbag.py:588} INFO - Filling up the DagBag from /home/airflow/.local/lib/python3.12/site-packages/airflow/example_dags/example_python_operator.py
[2025-01-07T12:03:49.190+0000] {processor.py:925} INFO - DAG(s) 'example_python_operator' retrieved from /home/airflow/.local/lib/python3.12/site-packages/airflow/example_dags/example_python_operator.py
[2025-01-07T12:03:49.213+0000] {logging_mixin.py:190} INFO - [2025-01-07T12:03:49.213+0000] {dag.py:3239} INFO - Sync 1 DAGs
[2025-01-07T12:03:49.228+0000] {logging_mixin.py:190} INFO - [2025-01-07T12:03:49.227+0000] {dag.py:4180} INFO - Setting next_dagrun for example_python_operator to None, run_after=None
[2025-01-07T12:03:49.250+0000] {processor.py:208} INFO - Processing /home/airflow/.local/lib/python3.12/site-packages/airflow/example_dags/example_python_operator.py took 0.085 seconds
[2025-01-07T12:04:20.385+0000] {processor.py:186} INFO - Started process (PID=2112) to work on /home/airflow/.local/lib/python3.12/site-packages/airflow/example_dags/example_python_operator.py
[2025-01-07T12:04:20.386+0000] {processor.py:914} INFO - Processing file /home/airflow/.local/lib/python3.12/site-packages/airflow/example_dags/example_python_operator.py for tasks to queue
[2025-01-07T12:04:20.389+0000] {logging_mixin.py:190} INFO - [2025-01-07T12:04:20.388+0000] {dagbag.py:588} INFO - Filling up the DagBag from /home/airflow/.local/lib/python3.12/site-packages/airflow/example_dags/example_python_operator.py
[2025-01-07T12:04:20.401+0000] {processor.py:925} INFO - DAG(s) 'example_python_operator' retrieved from /home/airflow/.local/lib/python3.12/site-packages/airflow/example_dags/example_python_operator.py
[2025-01-07T12:04:20.429+0000] {logging_mixin.py:190} INFO - [2025-01-07T12:04:20.428+0000] {dag.py:3239} INFO - Sync 1 DAGs
[2025-01-07T12:04:20.444+0000] {logging_mixin.py:190} INFO - [2025-01-07T12:04:20.444+0000] {dag.py:4180} INFO - Setting next_dagrun for example_python_operator to None, run_after=None
[2025-01-07T12:04:20.466+0000] {processor.py:208} INFO - Processing /home/airflow/.local/lib/python3.12/site-packages/airflow/example_dags/example_python_operator.py took 0.087 seconds
[2025-01-07T12:04:51.693+0000] {processor.py:186} INFO - Started process (PID=2175) to work on /home/airflow/.local/lib/python3.12/site-packages/airflow/example_dags/example_python_operator.py
[2025-01-07T12:04:51.694+0000] {processor.py:914} INFO - Processing file /home/airflow/.local/lib/python3.12/site-packages/airflow/example_dags/example_python_operator.py for tasks to queue
[2025-01-07T12:04:51.697+0000] {logging_mixin.py:190} INFO - [2025-01-07T12:04:51.697+0000] {dagbag.py:588} INFO - Filling up the DagBag from /home/airflow/.local/lib/python3.12/site-packages/airflow/example_dags/example_python_operator.py
[2025-01-07T12:04:51.709+0000] {processor.py:925} INFO - DAG(s) 'example_python_operator' retrieved from /home/airflow/.local/lib/python3.12/site-packages/airflow/example_dags/example_python_operator.py
[2025-01-07T12:04:51.732+0000] {logging_mixin.py:190} INFO - [2025-01-07T12:04:51.731+0000] {dag.py:3239} INFO - Sync 1 DAGs
[2025-01-07T12:04:51.746+0000] {logging_mixin.py:190} INFO - [2025-01-07T12:04:51.746+0000] {dag.py:4180} INFO - Setting next_dagrun for example_python_operator to None, run_after=None
[2025-01-07T12:04:51.765+0000] {processor.py:208} INFO - Processing /home/airflow/.local/lib/python3.12/site-packages/airflow/example_dags/example_python_operator.py took 0.078 seconds
[2025-01-07T12:05:23.453+0000] {processor.py:186} INFO - Started process (PID=2238) to work on /home/airflow/.local/lib/python3.12/site-packages/airflow/example_dags/example_python_operator.py
[2025-01-07T12:05:23.454+0000] {processor.py:914} INFO - Processing file /home/airflow/.local/lib/python3.12/site-packages/airflow/example_dags/example_python_operator.py for tasks to queue
[2025-01-07T12:05:23.457+0000] {logging_mixin.py:190} INFO - [2025-01-07T12:05:23.456+0000] {dagbag.py:588} INFO - Filling up the DagBag from /home/airflow/.local/lib/python3.12/site-packages/airflow/example_dags/example_python_operator.py
[2025-01-07T12:05:23.469+0000] {processor.py:925} INFO - DAG(s) 'example_python_operator' retrieved from /home/airflow/.local/lib/python3.12/site-packages/airflow/example_dags/example_python_operator.py
[2025-01-07T12:05:23.495+0000] {logging_mixin.py:190} INFO - [2025-01-07T12:05:23.495+0000] {dag.py:3239} INFO - Sync 1 DAGs
[2025-01-07T12:05:23.510+0000] {logging_mixin.py:190} INFO - [2025-01-07T12:05:23.510+0000] {dag.py:4180} INFO - Setting next_dagrun for example_python_operator to None, run_after=None
[2025-01-07T12:05:23.529+0000] {processor.py:208} INFO - Processing /home/airflow/.local/lib/python3.12/site-packages/airflow/example_dags/example_python_operator.py took 0.082 seconds
[2025-01-07T12:05:55.545+0000] {processor.py:186} INFO - Started process (PID=2304) to work on /home/airflow/.local/lib/python3.12/site-packages/airflow/example_dags/example_python_operator.py
[2025-01-07T12:05:55.547+0000] {processor.py:914} INFO - Processing file /home/airflow/.local/lib/python3.12/site-packages/airflow/example_dags/example_python_operator.py for tasks to queue
[2025-01-07T12:05:55.549+0000] {logging_mixin.py:190} INFO - [2025-01-07T12:05:55.549+0000] {dagbag.py:588} INFO - Filling up the DagBag from /home/airflow/.local/lib/python3.12/site-packages/airflow/example_dags/example_python_operator.py
[2025-01-07T12:05:55.564+0000] {processor.py:925} INFO - DAG(s) 'example_python_operator' retrieved from /home/airflow/.local/lib/python3.12/site-packages/airflow/example_dags/example_python_operator.py
[2025-01-07T12:05:55.588+0000] {logging_mixin.py:190} INFO - [2025-01-07T12:05:55.587+0000] {dag.py:3239} INFO - Sync 1 DAGs
[2025-01-07T12:05:55.604+0000] {logging_mixin.py:190} INFO - [2025-01-07T12:05:55.604+0000] {dag.py:4180} INFO - Setting next_dagrun for example_python_operator to None, run_after=None
[2025-01-07T12:05:55.627+0000] {processor.py:208} INFO - Processing /home/airflow/.local/lib/python3.12/site-packages/airflow/example_dags/example_python_operator.py took 0.089 seconds
[2025-01-07T12:06:26.346+0000] {processor.py:186} INFO - Started process (PID=2367) to work on /home/airflow/.local/lib/python3.12/site-packages/airflow/example_dags/example_python_operator.py
[2025-01-07T12:06:26.347+0000] {processor.py:914} INFO - Processing file /home/airflow/.local/lib/python3.12/site-packages/airflow/example_dags/example_python_operator.py for tasks to queue
[2025-01-07T12:06:26.350+0000] {logging_mixin.py:190} INFO - [2025-01-07T12:06:26.349+0000] {dagbag.py:588} INFO - Filling up the DagBag from /home/airflow/.local/lib/python3.12/site-packages/airflow/example_dags/example_python_operator.py
[2025-01-07T12:06:26.363+0000] {processor.py:925} INFO - DAG(s) 'example_python_operator' retrieved from /home/airflow/.local/lib/python3.12/site-packages/airflow/example_dags/example_python_operator.py
[2025-01-07T12:06:26.389+0000] {logging_mixin.py:190} INFO - [2025-01-07T12:06:26.388+0000] {dag.py:3239} INFO - Sync 1 DAGs
[2025-01-07T12:06:26.409+0000] {logging_mixin.py:190} INFO - [2025-01-07T12:06:26.408+0000] {dag.py:4180} INFO - Setting next_dagrun for example_python_operator to None, run_after=None
[2025-01-07T12:06:26.434+0000] {processor.py:208} INFO - Processing /home/airflow/.local/lib/python3.12/site-packages/airflow/example_dags/example_python_operator.py took 0.094 seconds
[2025-01-07T12:06:57.114+0000] {processor.py:186} INFO - Started process (PID=2430) to work on /home/airflow/.local/lib/python3.12/site-packages/airflow/example_dags/example_python_operator.py
[2025-01-07T12:06:57.115+0000] {processor.py:914} INFO - Processing file /home/airflow/.local/lib/python3.12/site-packages/airflow/example_dags/example_python_operator.py for tasks to queue
[2025-01-07T12:06:57.118+0000] {logging_mixin.py:190} INFO - [2025-01-07T12:06:57.117+0000] {dagbag.py:588} INFO - Filling up the DagBag from /home/airflow/.local/lib/python3.12/site-packages/airflow/example_dags/example_python_operator.py
[2025-01-07T12:06:57.131+0000] {processor.py:925} INFO - DAG(s) 'example_python_operator' retrieved from /home/airflow/.local/lib/python3.12/site-packages/airflow/example_dags/example_python_operator.py
[2025-01-07T12:06:57.157+0000] {logging_mixin.py:190} INFO - [2025-01-07T12:06:57.156+0000] {dag.py:3239} INFO - Sync 1 DAGs
[2025-01-07T12:06:57.171+0000] {logging_mixin.py:190} INFO - [2025-01-07T12:06:57.170+0000] {dag.py:4180} INFO - Setting next_dagrun for example_python_operator to None, run_after=None
[2025-01-07T12:06:57.189+0000] {processor.py:208} INFO - Processing /home/airflow/.local/lib/python3.12/site-packages/airflow/example_dags/example_python_operator.py took 0.081 seconds
[2025-01-07T12:07:28.473+0000] {processor.py:186} INFO - Started process (PID=2494) to work on /home/airflow/.local/lib/python3.12/site-packages/airflow/example_dags/example_python_operator.py
[2025-01-07T12:07:28.474+0000] {processor.py:914} INFO - Processing file /home/airflow/.local/lib/python3.12/site-packages/airflow/example_dags/example_python_operator.py for tasks to queue
[2025-01-07T12:07:28.477+0000] {logging_mixin.py:190} INFO - [2025-01-07T12:07:28.476+0000] {dagbag.py:588} INFO - Filling up the DagBag from /home/airflow/.local/lib/python3.12/site-packages/airflow/example_dags/example_python_operator.py
[2025-01-07T12:07:28.490+0000] {processor.py:925} INFO - DAG(s) 'example_python_operator' retrieved from /home/airflow/.local/lib/python3.12/site-packages/airflow/example_dags/example_python_operator.py
[2025-01-07T12:07:28.512+0000] {logging_mixin.py:190} INFO - [2025-01-07T12:07:28.511+0000] {dag.py:3239} INFO - Sync 1 DAGs
[2025-01-07T12:07:28.527+0000] {logging_mixin.py:190} INFO - [2025-01-07T12:07:28.527+0000] {dag.py:4180} INFO - Setting next_dagrun for example_python_operator to None, run_after=None
[2025-01-07T12:07:28.547+0000] {processor.py:208} INFO - Processing /home/airflow/.local/lib/python3.12/site-packages/airflow/example_dags/example_python_operator.py took 0.080 seconds
[2025-01-07T12:08:01.433+0000] {processor.py:186} INFO - Started process (PID=2559) to work on /home/airflow/.local/lib/python3.12/site-packages/airflow/example_dags/example_python_operator.py
[2025-01-07T12:08:01.435+0000] {processor.py:914} INFO - Processing file /home/airflow/.local/lib/python3.12/site-packages/airflow/example_dags/example_python_operator.py for tasks to queue
[2025-01-07T12:08:01.440+0000] {logging_mixin.py:190} INFO - [2025-01-07T12:08:01.439+0000] {dagbag.py:588} INFO - Filling up the DagBag from /home/airflow/.local/lib/python3.12/site-packages/airflow/example_dags/example_python_operator.py
[2025-01-07T12:08:01.465+0000] {processor.py:925} INFO - DAG(s) 'example_python_operator' retrieved from /home/airflow/.local/lib/python3.12/site-packages/airflow/example_dags/example_python_operator.py
[2025-01-07T12:08:01.512+0000] {logging_mixin.py:190} INFO - [2025-01-07T12:08:01.511+0000] {dag.py:3239} INFO - Sync 1 DAGs
[2025-01-07T12:08:01.549+0000] {logging_mixin.py:190} INFO - [2025-01-07T12:08:01.548+0000] {dag.py:4180} INFO - Setting next_dagrun for example_python_operator to None, run_after=None
[2025-01-07T12:08:01.594+0000] {processor.py:208} INFO - Processing /home/airflow/.local/lib/python3.12/site-packages/airflow/example_dags/example_python_operator.py took 0.175 seconds
[2025-01-07T12:08:31.903+0000] {processor.py:186} INFO - Started process (PID=2623) to work on /home/airflow/.local/lib/python3.12/site-packages/airflow/example_dags/example_python_operator.py
[2025-01-07T12:08:31.904+0000] {processor.py:914} INFO - Processing file /home/airflow/.local/lib/python3.12/site-packages/airflow/example_dags/example_python_operator.py for tasks to queue
[2025-01-07T12:08:31.914+0000] {logging_mixin.py:190} INFO - [2025-01-07T12:08:31.913+0000] {dagbag.py:588} INFO - Filling up the DagBag from /home/airflow/.local/lib/python3.12/site-packages/airflow/example_dags/example_python_operator.py
[2025-01-07T12:08:31.944+0000] {processor.py:925} INFO - DAG(s) 'example_python_operator' retrieved from /home/airflow/.local/lib/python3.12/site-packages/airflow/example_dags/example_python_operator.py
[2025-01-07T12:08:31.982+0000] {logging_mixin.py:190} INFO - [2025-01-07T12:08:31.982+0000] {dag.py:3239} INFO - Sync 1 DAGs
[2025-01-07T12:08:32.014+0000] {logging_mixin.py:190} INFO - [2025-01-07T12:08:32.013+0000] {dag.py:4180} INFO - Setting next_dagrun for example_python_operator to None, run_after=None
[2025-01-07T12:08:32.040+0000] {processor.py:208} INFO - Processing /home/airflow/.local/lib/python3.12/site-packages/airflow/example_dags/example_python_operator.py took 0.149 seconds
[2025-01-07T12:09:04.580+0000] {processor.py:186} INFO - Started process (PID=2686) to work on /home/airflow/.local/lib/python3.12/site-packages/airflow/example_dags/example_python_operator.py
[2025-01-07T12:09:04.582+0000] {processor.py:914} INFO - Processing file /home/airflow/.local/lib/python3.12/site-packages/airflow/example_dags/example_python_operator.py for tasks to queue
[2025-01-07T12:09:04.591+0000] {logging_mixin.py:190} INFO - [2025-01-07T12:09:04.590+0000] {dagbag.py:588} INFO - Filling up the DagBag from /home/airflow/.local/lib/python3.12/site-packages/airflow/example_dags/example_python_operator.py
[2025-01-07T12:09:04.617+0000] {processor.py:925} INFO - DAG(s) 'example_python_operator' retrieved from /home/airflow/.local/lib/python3.12/site-packages/airflow/example_dags/example_python_operator.py
[2025-01-07T12:09:04.666+0000] {logging_mixin.py:190} INFO - [2025-01-07T12:09:04.665+0000] {dag.py:3239} INFO - Sync 1 DAGs
[2025-01-07T12:09:04.691+0000] {logging_mixin.py:190} INFO - [2025-01-07T12:09:04.690+0000] {dag.py:4180} INFO - Setting next_dagrun for example_python_operator to None, run_after=None
[2025-01-07T12:09:04.728+0000] {processor.py:208} INFO - Processing /home/airflow/.local/lib/python3.12/site-packages/airflow/example_dags/example_python_operator.py took 0.158 seconds
[2025-01-07T12:09:35.657+0000] {processor.py:186} INFO - Started process (PID=2749) to work on /home/airflow/.local/lib/python3.12/site-packages/airflow/example_dags/example_python_operator.py
[2025-01-07T12:09:35.659+0000] {processor.py:914} INFO - Processing file /home/airflow/.local/lib/python3.12/site-packages/airflow/example_dags/example_python_operator.py for tasks to queue
[2025-01-07T12:09:35.664+0000] {logging_mixin.py:190} INFO - [2025-01-07T12:09:35.663+0000] {dagbag.py:588} INFO - Filling up the DagBag from /home/airflow/.local/lib/python3.12/site-packages/airflow/example_dags/example_python_operator.py
[2025-01-07T12:09:35.688+0000] {processor.py:925} INFO - DAG(s) 'example_python_operator' retrieved from /home/airflow/.local/lib/python3.12/site-packages/airflow/example_dags/example_python_operator.py
[2025-01-07T12:09:35.730+0000] {logging_mixin.py:190} INFO - [2025-01-07T12:09:35.729+0000] {dag.py:3239} INFO - Sync 1 DAGs
[2025-01-07T12:09:35.751+0000] {logging_mixin.py:190} INFO - [2025-01-07T12:09:35.751+0000] {dag.py:4180} INFO - Setting next_dagrun for example_python_operator to None, run_after=None
[2025-01-07T12:09:35.784+0000] {processor.py:208} INFO - Processing /home/airflow/.local/lib/python3.12/site-packages/airflow/example_dags/example_python_operator.py took 0.140 seconds
[2025-01-07T12:10:06.801+0000] {processor.py:186} INFO - Started process (PID=2812) to work on /home/airflow/.local/lib/python3.12/site-packages/airflow/example_dags/example_python_operator.py
[2025-01-07T12:10:06.803+0000] {processor.py:914} INFO - Processing file /home/airflow/.local/lib/python3.12/site-packages/airflow/example_dags/example_python_operator.py for tasks to queue
[2025-01-07T12:10:06.808+0000] {logging_mixin.py:190} INFO - [2025-01-07T12:10:06.807+0000] {dagbag.py:588} INFO - Filling up the DagBag from /home/airflow/.local/lib/python3.12/site-packages/airflow/example_dags/example_python_operator.py
[2025-01-07T12:10:06.830+0000] {processor.py:925} INFO - DAG(s) 'example_python_operator' retrieved from /home/airflow/.local/lib/python3.12/site-packages/airflow/example_dags/example_python_operator.py
[2025-01-07T12:10:06.872+0000] {logging_mixin.py:190} INFO - [2025-01-07T12:10:06.871+0000] {dag.py:3239} INFO - Sync 1 DAGs
[2025-01-07T12:10:06.900+0000] {logging_mixin.py:190} INFO - [2025-01-07T12:10:06.899+0000] {dag.py:4180} INFO - Setting next_dagrun for example_python_operator to None, run_after=None
[2025-01-07T12:10:06.943+0000] {processor.py:208} INFO - Processing /home/airflow/.local/lib/python3.12/site-packages/airflow/example_dags/example_python_operator.py took 0.154 seconds
[2025-01-07T12:10:38.177+0000] {processor.py:186} INFO - Started process (PID=2876) to work on /home/airflow/.local/lib/python3.12/site-packages/airflow/example_dags/example_python_operator.py
[2025-01-07T12:10:38.179+0000] {processor.py:914} INFO - Processing file /home/airflow/.local/lib/python3.12/site-packages/airflow/example_dags/example_python_operator.py for tasks to queue
[2025-01-07T12:10:38.183+0000] {logging_mixin.py:190} INFO - [2025-01-07T12:10:38.183+0000] {dagbag.py:588} INFO - Filling up the DagBag from /home/airflow/.local/lib/python3.12/site-packages/airflow/example_dags/example_python_operator.py
[2025-01-07T12:10:38.203+0000] {processor.py:925} INFO - DAG(s) 'example_python_operator' retrieved from /home/airflow/.local/lib/python3.12/site-packages/airflow/example_dags/example_python_operator.py
[2025-01-07T12:10:38.239+0000] {logging_mixin.py:190} INFO - [2025-01-07T12:10:38.239+0000] {dag.py:3239} INFO - Sync 1 DAGs
[2025-01-07T12:10:38.262+0000] {logging_mixin.py:190} INFO - [2025-01-07T12:10:38.261+0000] {dag.py:4180} INFO - Setting next_dagrun for example_python_operator to None, run_after=None
[2025-01-07T12:10:38.291+0000] {processor.py:208} INFO - Processing /home/airflow/.local/lib/python3.12/site-packages/airflow/example_dags/example_python_operator.py took 0.123 seconds
[2025-01-07T12:11:10.899+0000] {processor.py:186} INFO - Started process (PID=2942) to work on /home/airflow/.local/lib/python3.12/site-packages/airflow/example_dags/example_python_operator.py
[2025-01-07T12:11:10.902+0000] {processor.py:914} INFO - Processing file /home/airflow/.local/lib/python3.12/site-packages/airflow/example_dags/example_python_operator.py for tasks to queue
[2025-01-07T12:11:10.908+0000] {logging_mixin.py:190} INFO - [2025-01-07T12:11:10.907+0000] {dagbag.py:588} INFO - Filling up the DagBag from /home/airflow/.local/lib/python3.12/site-packages/airflow/example_dags/example_python_operator.py
[2025-01-07T12:11:10.938+0000] {processor.py:925} INFO - DAG(s) 'example_python_operator' retrieved from /home/airflow/.local/lib/python3.12/site-packages/airflow/example_dags/example_python_operator.py
[2025-01-07T12:11:11.003+0000] {logging_mixin.py:190} INFO - [2025-01-07T12:11:11.003+0000] {dag.py:3239} INFO - Sync 1 DAGs
[2025-01-07T12:11:11.033+0000] {logging_mixin.py:190} INFO - [2025-01-07T12:11:11.033+0000] {dag.py:4180} INFO - Setting next_dagrun for example_python_operator to None, run_after=None
[2025-01-07T12:11:11.066+0000] {processor.py:208} INFO - Processing /home/airflow/.local/lib/python3.12/site-packages/airflow/example_dags/example_python_operator.py took 0.179 seconds
[2025-01-07T12:11:41.763+0000] {processor.py:186} INFO - Started process (PID=3005) to work on /home/airflow/.local/lib/python3.12/site-packages/airflow/example_dags/example_python_operator.py
[2025-01-07T12:11:41.765+0000] {processor.py:914} INFO - Processing file /home/airflow/.local/lib/python3.12/site-packages/airflow/example_dags/example_python_operator.py for tasks to queue
[2025-01-07T12:11:41.771+0000] {logging_mixin.py:190} INFO - [2025-01-07T12:11:41.770+0000] {dagbag.py:588} INFO - Filling up the DagBag from /home/airflow/.local/lib/python3.12/site-packages/airflow/example_dags/example_python_operator.py
[2025-01-07T12:11:41.799+0000] {processor.py:925} INFO - DAG(s) 'example_python_operator' retrieved from /home/airflow/.local/lib/python3.12/site-packages/airflow/example_dags/example_python_operator.py
[2025-01-07T12:11:41.840+0000] {logging_mixin.py:190} INFO - [2025-01-07T12:11:41.840+0000] {dag.py:3239} INFO - Sync 1 DAGs
[2025-01-07T12:11:41.875+0000] {logging_mixin.py:190} INFO - [2025-01-07T12:11:41.875+0000] {dag.py:4180} INFO - Setting next_dagrun for example_python_operator to None, run_after=None
[2025-01-07T12:11:41.920+0000] {processor.py:208} INFO - Processing /home/airflow/.local/lib/python3.12/site-packages/airflow/example_dags/example_python_operator.py took 0.170 seconds
[2025-01-07T12:12:12.935+0000] {processor.py:186} INFO - Started process (PID=3068) to work on /home/airflow/.local/lib/python3.12/site-packages/airflow/example_dags/example_python_operator.py
[2025-01-07T12:12:12.938+0000] {processor.py:914} INFO - Processing file /home/airflow/.local/lib/python3.12/site-packages/airflow/example_dags/example_python_operator.py for tasks to queue
[2025-01-07T12:12:12.943+0000] {logging_mixin.py:190} INFO - [2025-01-07T12:12:12.942+0000] {dagbag.py:588} INFO - Filling up the DagBag from /home/airflow/.local/lib/python3.12/site-packages/airflow/example_dags/example_python_operator.py
[2025-01-07T12:12:12.970+0000] {processor.py:925} INFO - DAG(s) 'example_python_operator' retrieved from /home/airflow/.local/lib/python3.12/site-packages/airflow/example_dags/example_python_operator.py
[2025-01-07T12:12:13.018+0000] {logging_mixin.py:190} INFO - [2025-01-07T12:12:13.017+0000] {dag.py:3239} INFO - Sync 1 DAGs
[2025-01-07T12:12:13.046+0000] {logging_mixin.py:190} INFO - [2025-01-07T12:12:13.046+0000] {dag.py:4180} INFO - Setting next_dagrun for example_python_operator to None, run_after=None
[2025-01-07T12:12:13.075+0000] {processor.py:208} INFO - Processing /home/airflow/.local/lib/python3.12/site-packages/airflow/example_dags/example_python_operator.py took 0.154 seconds
[2025-01-07T12:12:44.222+0000] {processor.py:186} INFO - Started process (PID=3131) to work on /home/airflow/.local/lib/python3.12/site-packages/airflow/example_dags/example_python_operator.py
[2025-01-07T12:12:44.223+0000] {processor.py:914} INFO - Processing file /home/airflow/.local/lib/python3.12/site-packages/airflow/example_dags/example_python_operator.py for tasks to queue
[2025-01-07T12:12:44.228+0000] {logging_mixin.py:190} INFO - [2025-01-07T12:12:44.227+0000] {dagbag.py:588} INFO - Filling up the DagBag from /home/airflow/.local/lib/python3.12/site-packages/airflow/example_dags/example_python_operator.py
[2025-01-07T12:12:44.256+0000] {processor.py:925} INFO - DAG(s) 'example_python_operator' retrieved from /home/airflow/.local/lib/python3.12/site-packages/airflow/example_dags/example_python_operator.py
[2025-01-07T12:12:44.297+0000] {logging_mixin.py:190} INFO - [2025-01-07T12:12:44.297+0000] {dag.py:3239} INFO - Sync 1 DAGs
[2025-01-07T12:12:44.326+0000] {logging_mixin.py:190} INFO - [2025-01-07T12:12:44.326+0000] {dag.py:4180} INFO - Setting next_dagrun for example_python_operator to None, run_after=None
[2025-01-07T12:12:44.361+0000] {processor.py:208} INFO - Processing /home/airflow/.local/lib/python3.12/site-packages/airflow/example_dags/example_python_operator.py took 0.150 seconds
[2025-01-07T12:43:15.764+0000] {processor.py:186} INFO - Started process (PID=3198) to work on /home/airflow/.local/lib/python3.12/site-packages/airflow/example_dags/example_python_operator.py
[2025-01-07T12:43:15.775+0000] {processor.py:914} INFO - Processing file /home/airflow/.local/lib/python3.12/site-packages/airflow/example_dags/example_python_operator.py for tasks to queue
[2025-01-07T12:43:15.779+0000] {logging_mixin.py:190} INFO - [2025-01-07T12:43:15.778+0000] {dagbag.py:588} INFO - Filling up the DagBag from /home/airflow/.local/lib/python3.12/site-packages/airflow/example_dags/example_python_operator.py
[2025-01-07T12:43:15.817+0000] {processor.py:925} INFO - DAG(s) 'example_python_operator' retrieved from /home/airflow/.local/lib/python3.12/site-packages/airflow/example_dags/example_python_operator.py
[2025-01-07T12:43:15.850+0000] {logging_mixin.py:190} INFO - [2025-01-07T12:43:15.850+0000] {dag.py:3239} INFO - Sync 1 DAGs
[2025-01-07T12:43:15.873+0000] {logging_mixin.py:190} INFO - [2025-01-07T12:43:15.872+0000] {dag.py:4180} INFO - Setting next_dagrun for example_python_operator to None, run_after=None
[2025-01-07T12:43:15.904+0000] {processor.py:208} INFO - Processing /home/airflow/.local/lib/python3.12/site-packages/airflow/example_dags/example_python_operator.py took 0.155 seconds
