[2025-01-07T11:47:23.961+0000] {processor.py:186} INFO - Started process (PID=55) to work on /home/airflow/.local/lib/python3.12/site-packages/airflow/example_dags/example_branch_python_dop_operator_3.py
[2025-01-07T11:47:23.962+0000] {processor.py:914} INFO - Processing file /home/airflow/.local/lib/python3.12/site-packages/airflow/example_dags/example_branch_python_dop_operator_3.py for tasks to queue
[2025-01-07T11:47:23.964+0000] {logging_mixin.py:190} INFO - [2025-01-07T11:47:23.964+0000] {dagbag.py:588} INFO - Filling up the DagBag from /home/airflow/.local/lib/python3.12/site-packages/airflow/example_dags/example_branch_python_dop_operator_3.py
[2025-01-07T11:47:23.982+0000] {processor.py:925} INFO - DAG(s) 'example_branch_dop_operator_v3' retrieved from /home/airflow/.local/lib/python3.12/site-packages/airflow/example_dags/example_branch_python_dop_operator_3.py
[2025-01-07T11:47:24.124+0000] {logging_mixin.py:190} INFO - [2025-01-07T11:47:24.124+0000] {override.py:1911} INFO - Created Permission View: can read on DAG:example_branch_dop_operator_v3
[2025-01-07T11:47:24.144+0000] {logging_mixin.py:190} INFO - [2025-01-07T11:47:24.143+0000] {override.py:1911} INFO - Created Permission View: can delete on DAG:example_branch_dop_operator_v3
[2025-01-07T11:47:24.153+0000] {logging_mixin.py:190} INFO - [2025-01-07T11:47:24.153+0000] {override.py:1911} INFO - Created Permission View: can edit on DAG:example_branch_dop_operator_v3
[2025-01-07T11:47:24.162+0000] {logging_mixin.py:190} INFO - [2025-01-07T11:47:24.162+0000] {override.py:1911} INFO - Created Permission View: menu access on DAG Run:example_branch_dop_operator_v3
[2025-01-07T11:47:24.171+0000] {logging_mixin.py:190} INFO - [2025-01-07T11:47:24.170+0000] {override.py:1911} INFO - Created Permission View: can read on DAG Run:example_branch_dop_operator_v3
[2025-01-07T11:47:24.180+0000] {logging_mixin.py:190} INFO - [2025-01-07T11:47:24.179+0000] {override.py:1911} INFO - Created Permission View: can delete on DAG Run:example_branch_dop_operator_v3
[2025-01-07T11:47:24.189+0000] {logging_mixin.py:190} INFO - [2025-01-07T11:47:24.188+0000] {override.py:1911} INFO - Created Permission View: can create on DAG Run:example_branch_dop_operator_v3
[2025-01-07T11:47:24.190+0000] {logging_mixin.py:190} INFO - [2025-01-07T11:47:24.189+0000] {dag.py:3239} INFO - Sync 1 DAGs
[2025-01-07T11:47:24.205+0000] {logging_mixin.py:190} INFO - [2025-01-07T11:47:24.205+0000] {dag.py:3262} INFO - Creating ORM DAG for example_branch_dop_operator_v3
[2025-01-07T11:47:24.220+0000] {logging_mixin.py:190} INFO - [2025-01-07T11:47:24.220+0000] {dag.py:4180} INFO - Setting next_dagrun for example_branch_dop_operator_v3 to 2025-01-07 11:46:00+00:00, run_after=2025-01-07 11:47:00+00:00
[2025-01-07T11:47:24.313+0000] {processor.py:208} INFO - Processing /home/airflow/.local/lib/python3.12/site-packages/airflow/example_dags/example_branch_python_dop_operator_3.py took 0.358 seconds
[2025-01-07T11:48:16.788+0000] {processor.py:186} INFO - Started process (PID=124) to work on /home/airflow/.local/lib/python3.12/site-packages/airflow/example_dags/example_branch_python_dop_operator_3.py
[2025-01-07T11:48:16.843+0000] {processor.py:914} INFO - Processing file /home/airflow/.local/lib/python3.12/site-packages/airflow/example_dags/example_branch_python_dop_operator_3.py for tasks to queue
[2025-01-07T11:48:16.849+0000] {logging_mixin.py:190} INFO - [2025-01-07T11:48:16.848+0000] {dagbag.py:588} INFO - Filling up the DagBag from /home/airflow/.local/lib/python3.12/site-packages/airflow/example_dags/example_branch_python_dop_operator_3.py
[2025-01-07T11:48:16.869+0000] {processor.py:925} INFO - DAG(s) 'example_branch_dop_operator_v3' retrieved from /home/airflow/.local/lib/python3.12/site-packages/airflow/example_dags/example_branch_python_dop_operator_3.py
[2025-01-07T11:48:16.973+0000] {logging_mixin.py:190} INFO - [2025-01-07T11:48:16.973+0000] {dag.py:3239} INFO - Sync 1 DAGs
[2025-01-07T11:48:17.018+0000] {logging_mixin.py:190} INFO - [2025-01-07T11:48:17.018+0000] {dag.py:4180} INFO - Setting next_dagrun for example_branch_dop_operator_v3 to 2025-01-07 11:47:00+00:00, run_after=2025-01-07 11:48:00+00:00
[2025-01-07T11:48:17.207+0000] {processor.py:208} INFO - Processing /home/airflow/.local/lib/python3.12/site-packages/airflow/example_dags/example_branch_python_dop_operator_3.py took 0.427 seconds
[2025-01-07T11:48:48.053+0000] {processor.py:186} INFO - Started process (PID=188) to work on /home/airflow/.local/lib/python3.12/site-packages/airflow/example_dags/example_branch_python_dop_operator_3.py
[2025-01-07T11:48:48.055+0000] {processor.py:914} INFO - Processing file /home/airflow/.local/lib/python3.12/site-packages/airflow/example_dags/example_branch_python_dop_operator_3.py for tasks to queue
[2025-01-07T11:48:48.057+0000] {logging_mixin.py:190} INFO - [2025-01-07T11:48:48.057+0000] {dagbag.py:588} INFO - Filling up the DagBag from /home/airflow/.local/lib/python3.12/site-packages/airflow/example_dags/example_branch_python_dop_operator_3.py
[2025-01-07T11:48:48.071+0000] {processor.py:925} INFO - DAG(s) 'example_branch_dop_operator_v3' retrieved from /home/airflow/.local/lib/python3.12/site-packages/airflow/example_dags/example_branch_python_dop_operator_3.py
[2025-01-07T11:48:48.093+0000] {logging_mixin.py:190} INFO - [2025-01-07T11:48:48.092+0000] {dag.py:3239} INFO - Sync 1 DAGs
[2025-01-07T11:48:48.118+0000] {logging_mixin.py:190} INFO - [2025-01-07T11:48:48.118+0000] {dag.py:4180} INFO - Setting next_dagrun for example_branch_dop_operator_v3 to 2025-01-07 11:47:00+00:00, run_after=2025-01-07 11:48:00+00:00
[2025-01-07T11:48:48.136+0000] {processor.py:208} INFO - Processing /home/airflow/.local/lib/python3.12/site-packages/airflow/example_dags/example_branch_python_dop_operator_3.py took 0.089 seconds
[2025-01-07T11:49:18.620+0000] {processor.py:186} INFO - Started process (PID=251) to work on /home/airflow/.local/lib/python3.12/site-packages/airflow/example_dags/example_branch_python_dop_operator_3.py
[2025-01-07T11:49:18.622+0000] {processor.py:914} INFO - Processing file /home/airflow/.local/lib/python3.12/site-packages/airflow/example_dags/example_branch_python_dop_operator_3.py for tasks to queue
[2025-01-07T11:49:18.625+0000] {logging_mixin.py:190} INFO - [2025-01-07T11:49:18.625+0000] {dagbag.py:588} INFO - Filling up the DagBag from /home/airflow/.local/lib/python3.12/site-packages/airflow/example_dags/example_branch_python_dop_operator_3.py
[2025-01-07T11:49:18.636+0000] {processor.py:925} INFO - DAG(s) 'example_branch_dop_operator_v3' retrieved from /home/airflow/.local/lib/python3.12/site-packages/airflow/example_dags/example_branch_python_dop_operator_3.py
[2025-01-07T11:49:18.659+0000] {logging_mixin.py:190} INFO - [2025-01-07T11:49:18.658+0000] {dag.py:3239} INFO - Sync 1 DAGs
[2025-01-07T11:49:18.690+0000] {logging_mixin.py:190} INFO - [2025-01-07T11:49:18.690+0000] {dag.py:4180} INFO - Setting next_dagrun for example_branch_dop_operator_v3 to 2025-01-07 11:48:00+00:00, run_after=2025-01-07 11:49:00+00:00
[2025-01-07T11:49:18.714+0000] {processor.py:208} INFO - Processing /home/airflow/.local/lib/python3.12/site-packages/airflow/example_dags/example_branch_python_dop_operator_3.py took 0.101 seconds
[2025-01-07T11:49:49.258+0000] {processor.py:186} INFO - Started process (PID=314) to work on /home/airflow/.local/lib/python3.12/site-packages/airflow/example_dags/example_branch_python_dop_operator_3.py
[2025-01-07T11:49:49.259+0000] {processor.py:914} INFO - Processing file /home/airflow/.local/lib/python3.12/site-packages/airflow/example_dags/example_branch_python_dop_operator_3.py for tasks to queue
[2025-01-07T11:49:49.261+0000] {logging_mixin.py:190} INFO - [2025-01-07T11:49:49.261+0000] {dagbag.py:588} INFO - Filling up the DagBag from /home/airflow/.local/lib/python3.12/site-packages/airflow/example_dags/example_branch_python_dop_operator_3.py
[2025-01-07T11:49:49.271+0000] {processor.py:925} INFO - DAG(s) 'example_branch_dop_operator_v3' retrieved from /home/airflow/.local/lib/python3.12/site-packages/airflow/example_dags/example_branch_python_dop_operator_3.py
[2025-01-07T11:49:49.290+0000] {logging_mixin.py:190} INFO - [2025-01-07T11:49:49.290+0000] {dag.py:3239} INFO - Sync 1 DAGs
[2025-01-07T11:49:49.316+0000] {logging_mixin.py:190} INFO - [2025-01-07T11:49:49.315+0000] {dag.py:4180} INFO - Setting next_dagrun for example_branch_dop_operator_v3 to 2025-01-07 11:48:00+00:00, run_after=2025-01-07 11:49:00+00:00
[2025-01-07T11:49:49.334+0000] {processor.py:208} INFO - Processing /home/airflow/.local/lib/python3.12/site-packages/airflow/example_dags/example_branch_python_dop_operator_3.py took 0.082 seconds
[2025-01-07T11:50:19.479+0000] {processor.py:186} INFO - Started process (PID=377) to work on /home/airflow/.local/lib/python3.12/site-packages/airflow/example_dags/example_branch_python_dop_operator_3.py
[2025-01-07T11:50:19.480+0000] {processor.py:914} INFO - Processing file /home/airflow/.local/lib/python3.12/site-packages/airflow/example_dags/example_branch_python_dop_operator_3.py for tasks to queue
[2025-01-07T11:50:19.483+0000] {logging_mixin.py:190} INFO - [2025-01-07T11:50:19.483+0000] {dagbag.py:588} INFO - Filling up the DagBag from /home/airflow/.local/lib/python3.12/site-packages/airflow/example_dags/example_branch_python_dop_operator_3.py
[2025-01-07T11:50:19.495+0000] {processor.py:925} INFO - DAG(s) 'example_branch_dop_operator_v3' retrieved from /home/airflow/.local/lib/python3.12/site-packages/airflow/example_dags/example_branch_python_dop_operator_3.py
[2025-01-07T11:50:19.518+0000] {logging_mixin.py:190} INFO - [2025-01-07T11:50:19.518+0000] {dag.py:3239} INFO - Sync 1 DAGs
[2025-01-07T11:50:19.546+0000] {logging_mixin.py:190} INFO - [2025-01-07T11:50:19.545+0000] {dag.py:4180} INFO - Setting next_dagrun for example_branch_dop_operator_v3 to 2025-01-07 11:49:00+00:00, run_after=2025-01-07 11:50:00+00:00
[2025-01-07T11:50:19.566+0000] {processor.py:208} INFO - Processing /home/airflow/.local/lib/python3.12/site-packages/airflow/example_dags/example_branch_python_dop_operator_3.py took 0.093 seconds
[2025-01-07T11:50:50.070+0000] {processor.py:186} INFO - Started process (PID=440) to work on /home/airflow/.local/lib/python3.12/site-packages/airflow/example_dags/example_branch_python_dop_operator_3.py
[2025-01-07T11:50:50.072+0000] {processor.py:914} INFO - Processing file /home/airflow/.local/lib/python3.12/site-packages/airflow/example_dags/example_branch_python_dop_operator_3.py for tasks to queue
[2025-01-07T11:50:50.074+0000] {logging_mixin.py:190} INFO - [2025-01-07T11:50:50.074+0000] {dagbag.py:588} INFO - Filling up the DagBag from /home/airflow/.local/lib/python3.12/site-packages/airflow/example_dags/example_branch_python_dop_operator_3.py
[2025-01-07T11:50:50.086+0000] {processor.py:925} INFO - DAG(s) 'example_branch_dop_operator_v3' retrieved from /home/airflow/.local/lib/python3.12/site-packages/airflow/example_dags/example_branch_python_dop_operator_3.py
[2025-01-07T11:50:50.107+0000] {logging_mixin.py:190} INFO - [2025-01-07T11:50:50.107+0000] {dag.py:3239} INFO - Sync 1 DAGs
[2025-01-07T11:50:50.136+0000] {logging_mixin.py:190} INFO - [2025-01-07T11:50:50.136+0000] {dag.py:4180} INFO - Setting next_dagrun for example_branch_dop_operator_v3 to 2025-01-07 11:49:00+00:00, run_after=2025-01-07 11:50:00+00:00
[2025-01-07T11:50:50.157+0000] {processor.py:208} INFO - Processing /home/airflow/.local/lib/python3.12/site-packages/airflow/example_dags/example_branch_python_dop_operator_3.py took 0.092 seconds
[2025-01-07T11:51:21.526+0000] {processor.py:186} INFO - Started process (PID=503) to work on /home/airflow/.local/lib/python3.12/site-packages/airflow/example_dags/example_branch_python_dop_operator_3.py
[2025-01-07T11:51:21.528+0000] {processor.py:914} INFO - Processing file /home/airflow/.local/lib/python3.12/site-packages/airflow/example_dags/example_branch_python_dop_operator_3.py for tasks to queue
[2025-01-07T11:51:21.530+0000] {logging_mixin.py:190} INFO - [2025-01-07T11:51:21.530+0000] {dagbag.py:588} INFO - Filling up the DagBag from /home/airflow/.local/lib/python3.12/site-packages/airflow/example_dags/example_branch_python_dop_operator_3.py
[2025-01-07T11:51:21.543+0000] {processor.py:925} INFO - DAG(s) 'example_branch_dop_operator_v3' retrieved from /home/airflow/.local/lib/python3.12/site-packages/airflow/example_dags/example_branch_python_dop_operator_3.py
[2025-01-07T11:51:21.564+0000] {logging_mixin.py:190} INFO - [2025-01-07T11:51:21.564+0000] {dag.py:3239} INFO - Sync 1 DAGs
[2025-01-07T11:51:21.597+0000] {logging_mixin.py:190} INFO - [2025-01-07T11:51:21.596+0000] {dag.py:4180} INFO - Setting next_dagrun for example_branch_dop_operator_v3 to 2025-01-07 11:50:00+00:00, run_after=2025-01-07 11:51:00+00:00
[2025-01-07T11:51:21.617+0000] {processor.py:208} INFO - Processing /home/airflow/.local/lib/python3.12/site-packages/airflow/example_dags/example_branch_python_dop_operator_3.py took 0.099 seconds
[2025-01-07T11:51:52.204+0000] {processor.py:186} INFO - Started process (PID=566) to work on /home/airflow/.local/lib/python3.12/site-packages/airflow/example_dags/example_branch_python_dop_operator_3.py
[2025-01-07T11:51:52.206+0000] {processor.py:914} INFO - Processing file /home/airflow/.local/lib/python3.12/site-packages/airflow/example_dags/example_branch_python_dop_operator_3.py for tasks to queue
[2025-01-07T11:51:52.208+0000] {logging_mixin.py:190} INFO - [2025-01-07T11:51:52.208+0000] {dagbag.py:588} INFO - Filling up the DagBag from /home/airflow/.local/lib/python3.12/site-packages/airflow/example_dags/example_branch_python_dop_operator_3.py
[2025-01-07T11:51:52.220+0000] {processor.py:925} INFO - DAG(s) 'example_branch_dop_operator_v3' retrieved from /home/airflow/.local/lib/python3.12/site-packages/airflow/example_dags/example_branch_python_dop_operator_3.py
[2025-01-07T11:51:52.238+0000] {logging_mixin.py:190} INFO - [2025-01-07T11:51:52.238+0000] {dag.py:3239} INFO - Sync 1 DAGs
[2025-01-07T11:51:52.263+0000] {logging_mixin.py:190} INFO - [2025-01-07T11:51:52.262+0000] {dag.py:4180} INFO - Setting next_dagrun for example_branch_dop_operator_v3 to 2025-01-07 11:50:00+00:00, run_after=2025-01-07 11:51:00+00:00
[2025-01-07T11:51:52.282+0000] {processor.py:208} INFO - Processing /home/airflow/.local/lib/python3.12/site-packages/airflow/example_dags/example_branch_python_dop_operator_3.py took 0.083 seconds
[2025-01-07T11:52:22.643+0000] {processor.py:186} INFO - Started process (PID=628) to work on /home/airflow/.local/lib/python3.12/site-packages/airflow/example_dags/example_branch_python_dop_operator_3.py
[2025-01-07T11:52:22.644+0000] {processor.py:914} INFO - Processing file /home/airflow/.local/lib/python3.12/site-packages/airflow/example_dags/example_branch_python_dop_operator_3.py for tasks to queue
[2025-01-07T11:52:22.647+0000] {logging_mixin.py:190} INFO - [2025-01-07T11:52:22.646+0000] {dagbag.py:588} INFO - Filling up the DagBag from /home/airflow/.local/lib/python3.12/site-packages/airflow/example_dags/example_branch_python_dop_operator_3.py
[2025-01-07T11:52:22.656+0000] {processor.py:925} INFO - DAG(s) 'example_branch_dop_operator_v3' retrieved from /home/airflow/.local/lib/python3.12/site-packages/airflow/example_dags/example_branch_python_dop_operator_3.py
[2025-01-07T11:52:22.677+0000] {logging_mixin.py:190} INFO - [2025-01-07T11:52:22.676+0000] {dag.py:3239} INFO - Sync 1 DAGs
[2025-01-07T11:52:22.700+0000] {logging_mixin.py:190} INFO - [2025-01-07T11:52:22.700+0000] {dag.py:4180} INFO - Setting next_dagrun for example_branch_dop_operator_v3 to 2025-01-07 11:51:00+00:00, run_after=2025-01-07 11:52:00+00:00
[2025-01-07T11:52:22.719+0000] {processor.py:208} INFO - Processing /home/airflow/.local/lib/python3.12/site-packages/airflow/example_dags/example_branch_python_dop_operator_3.py took 0.081 seconds
[2025-01-07T11:52:53.423+0000] {processor.py:186} INFO - Started process (PID=691) to work on /home/airflow/.local/lib/python3.12/site-packages/airflow/example_dags/example_branch_python_dop_operator_3.py
[2025-01-07T11:52:53.424+0000] {processor.py:914} INFO - Processing file /home/airflow/.local/lib/python3.12/site-packages/airflow/example_dags/example_branch_python_dop_operator_3.py for tasks to queue
[2025-01-07T11:52:53.426+0000] {logging_mixin.py:190} INFO - [2025-01-07T11:52:53.426+0000] {dagbag.py:588} INFO - Filling up the DagBag from /home/airflow/.local/lib/python3.12/site-packages/airflow/example_dags/example_branch_python_dop_operator_3.py
[2025-01-07T11:52:53.440+0000] {processor.py:925} INFO - DAG(s) 'example_branch_dop_operator_v3' retrieved from /home/airflow/.local/lib/python3.12/site-packages/airflow/example_dags/example_branch_python_dop_operator_3.py
[2025-01-07T11:52:53.458+0000] {logging_mixin.py:190} INFO - [2025-01-07T11:52:53.458+0000] {dag.py:3239} INFO - Sync 1 DAGs
[2025-01-07T11:52:53.483+0000] {logging_mixin.py:190} INFO - [2025-01-07T11:52:53.483+0000] {dag.py:4180} INFO - Setting next_dagrun for example_branch_dop_operator_v3 to 2025-01-07 11:51:00+00:00, run_after=2025-01-07 11:52:00+00:00
[2025-01-07T11:52:53.501+0000] {processor.py:208} INFO - Processing /home/airflow/.local/lib/python3.12/site-packages/airflow/example_dags/example_branch_python_dop_operator_3.py took 0.083 seconds
[2025-01-07T11:53:23.808+0000] {processor.py:186} INFO - Started process (PID=753) to work on /home/airflow/.local/lib/python3.12/site-packages/airflow/example_dags/example_branch_python_dop_operator_3.py
[2025-01-07T11:53:23.809+0000] {processor.py:914} INFO - Processing file /home/airflow/.local/lib/python3.12/site-packages/airflow/example_dags/example_branch_python_dop_operator_3.py for tasks to queue
[2025-01-07T11:53:23.811+0000] {logging_mixin.py:190} INFO - [2025-01-07T11:53:23.811+0000] {dagbag.py:588} INFO - Filling up the DagBag from /home/airflow/.local/lib/python3.12/site-packages/airflow/example_dags/example_branch_python_dop_operator_3.py
[2025-01-07T11:53:23.821+0000] {processor.py:925} INFO - DAG(s) 'example_branch_dop_operator_v3' retrieved from /home/airflow/.local/lib/python3.12/site-packages/airflow/example_dags/example_branch_python_dop_operator_3.py
[2025-01-07T11:53:23.840+0000] {logging_mixin.py:190} INFO - [2025-01-07T11:53:23.840+0000] {dag.py:3239} INFO - Sync 1 DAGs
[2025-01-07T11:53:23.865+0000] {logging_mixin.py:190} INFO - [2025-01-07T11:53:23.865+0000] {dag.py:4180} INFO - Setting next_dagrun for example_branch_dop_operator_v3 to 2025-01-07 11:52:00+00:00, run_after=2025-01-07 11:53:00+00:00
[2025-01-07T11:53:23.887+0000] {processor.py:208} INFO - Processing /home/airflow/.local/lib/python3.12/site-packages/airflow/example_dags/example_branch_python_dop_operator_3.py took 0.086 seconds
[2025-01-07T11:53:54.298+0000] {processor.py:186} INFO - Started process (PID=816) to work on /home/airflow/.local/lib/python3.12/site-packages/airflow/example_dags/example_branch_python_dop_operator_3.py
[2025-01-07T11:53:54.300+0000] {processor.py:914} INFO - Processing file /home/airflow/.local/lib/python3.12/site-packages/airflow/example_dags/example_branch_python_dop_operator_3.py for tasks to queue
[2025-01-07T11:53:54.302+0000] {logging_mixin.py:190} INFO - [2025-01-07T11:53:54.302+0000] {dagbag.py:588} INFO - Filling up the DagBag from /home/airflow/.local/lib/python3.12/site-packages/airflow/example_dags/example_branch_python_dop_operator_3.py
[2025-01-07T11:53:54.312+0000] {processor.py:925} INFO - DAG(s) 'example_branch_dop_operator_v3' retrieved from /home/airflow/.local/lib/python3.12/site-packages/airflow/example_dags/example_branch_python_dop_operator_3.py
[2025-01-07T11:53:54.330+0000] {logging_mixin.py:190} INFO - [2025-01-07T11:53:54.330+0000] {dag.py:3239} INFO - Sync 1 DAGs
[2025-01-07T11:53:54.356+0000] {logging_mixin.py:190} INFO - [2025-01-07T11:53:54.356+0000] {dag.py:4180} INFO - Setting next_dagrun for example_branch_dop_operator_v3 to 2025-01-07 11:52:00+00:00, run_after=2025-01-07 11:53:00+00:00
[2025-01-07T11:53:54.375+0000] {processor.py:208} INFO - Processing /home/airflow/.local/lib/python3.12/site-packages/airflow/example_dags/example_branch_python_dop_operator_3.py took 0.082 seconds
[2025-01-07T11:54:24.942+0000] {processor.py:186} INFO - Started process (PID=879) to work on /home/airflow/.local/lib/python3.12/site-packages/airflow/example_dags/example_branch_python_dop_operator_3.py
[2025-01-07T11:54:24.943+0000] {processor.py:914} INFO - Processing file /home/airflow/.local/lib/python3.12/site-packages/airflow/example_dags/example_branch_python_dop_operator_3.py for tasks to queue
[2025-01-07T11:54:24.946+0000] {logging_mixin.py:190} INFO - [2025-01-07T11:54:24.946+0000] {dagbag.py:588} INFO - Filling up the DagBag from /home/airflow/.local/lib/python3.12/site-packages/airflow/example_dags/example_branch_python_dop_operator_3.py
[2025-01-07T11:54:24.955+0000] {processor.py:925} INFO - DAG(s) 'example_branch_dop_operator_v3' retrieved from /home/airflow/.local/lib/python3.12/site-packages/airflow/example_dags/example_branch_python_dop_operator_3.py
[2025-01-07T11:54:24.974+0000] {logging_mixin.py:190} INFO - [2025-01-07T11:54:24.974+0000] {dag.py:3239} INFO - Sync 1 DAGs
[2025-01-07T11:54:24.998+0000] {logging_mixin.py:190} INFO - [2025-01-07T11:54:24.998+0000] {dag.py:4180} INFO - Setting next_dagrun for example_branch_dop_operator_v3 to 2025-01-07 11:53:00+00:00, run_after=2025-01-07 11:54:00+00:00
[2025-01-07T11:54:25.017+0000] {processor.py:208} INFO - Processing /home/airflow/.local/lib/python3.12/site-packages/airflow/example_dags/example_branch_python_dop_operator_3.py took 0.080 seconds
[2025-01-07T11:54:55.323+0000] {processor.py:186} INFO - Started process (PID=942) to work on /home/airflow/.local/lib/python3.12/site-packages/airflow/example_dags/example_branch_python_dop_operator_3.py
[2025-01-07T11:54:55.324+0000] {processor.py:914} INFO - Processing file /home/airflow/.local/lib/python3.12/site-packages/airflow/example_dags/example_branch_python_dop_operator_3.py for tasks to queue
[2025-01-07T11:54:55.326+0000] {logging_mixin.py:190} INFO - [2025-01-07T11:54:55.326+0000] {dagbag.py:588} INFO - Filling up the DagBag from /home/airflow/.local/lib/python3.12/site-packages/airflow/example_dags/example_branch_python_dop_operator_3.py
[2025-01-07T11:54:55.336+0000] {processor.py:925} INFO - DAG(s) 'example_branch_dop_operator_v3' retrieved from /home/airflow/.local/lib/python3.12/site-packages/airflow/example_dags/example_branch_python_dop_operator_3.py
[2025-01-07T11:54:55.354+0000] {logging_mixin.py:190} INFO - [2025-01-07T11:54:55.353+0000] {dag.py:3239} INFO - Sync 1 DAGs
[2025-01-07T11:54:55.377+0000] {logging_mixin.py:190} INFO - [2025-01-07T11:54:55.377+0000] {dag.py:4180} INFO - Setting next_dagrun for example_branch_dop_operator_v3 to 2025-01-07 11:53:00+00:00, run_after=2025-01-07 11:54:00+00:00
[2025-01-07T11:54:55.395+0000] {processor.py:208} INFO - Processing /home/airflow/.local/lib/python3.12/site-packages/airflow/example_dags/example_branch_python_dop_operator_3.py took 0.077 seconds
[2025-01-07T11:55:26.150+0000] {processor.py:186} INFO - Started process (PID=1005) to work on /home/airflow/.local/lib/python3.12/site-packages/airflow/example_dags/example_branch_python_dop_operator_3.py
[2025-01-07T11:55:26.151+0000] {processor.py:914} INFO - Processing file /home/airflow/.local/lib/python3.12/site-packages/airflow/example_dags/example_branch_python_dop_operator_3.py for tasks to queue
[2025-01-07T11:55:26.154+0000] {logging_mixin.py:190} INFO - [2025-01-07T11:55:26.154+0000] {dagbag.py:588} INFO - Filling up the DagBag from /home/airflow/.local/lib/python3.12/site-packages/airflow/example_dags/example_branch_python_dop_operator_3.py
[2025-01-07T11:55:26.163+0000] {processor.py:925} INFO - DAG(s) 'example_branch_dop_operator_v3' retrieved from /home/airflow/.local/lib/python3.12/site-packages/airflow/example_dags/example_branch_python_dop_operator_3.py
[2025-01-07T11:55:26.186+0000] {logging_mixin.py:190} INFO - [2025-01-07T11:55:26.186+0000] {dag.py:3239} INFO - Sync 1 DAGs
[2025-01-07T11:55:26.214+0000] {logging_mixin.py:190} INFO - [2025-01-07T11:55:26.213+0000] {dag.py:4180} INFO - Setting next_dagrun for example_branch_dop_operator_v3 to 2025-01-07 11:54:00+00:00, run_after=2025-01-07 11:55:00+00:00
[2025-01-07T11:55:26.233+0000] {processor.py:208} INFO - Processing /home/airflow/.local/lib/python3.12/site-packages/airflow/example_dags/example_branch_python_dop_operator_3.py took 0.088 seconds
[2025-01-07T11:55:56.484+0000] {processor.py:186} INFO - Started process (PID=1068) to work on /home/airflow/.local/lib/python3.12/site-packages/airflow/example_dags/example_branch_python_dop_operator_3.py
[2025-01-07T11:55:56.485+0000] {processor.py:914} INFO - Processing file /home/airflow/.local/lib/python3.12/site-packages/airflow/example_dags/example_branch_python_dop_operator_3.py for tasks to queue
[2025-01-07T11:55:56.488+0000] {logging_mixin.py:190} INFO - [2025-01-07T11:55:56.488+0000] {dagbag.py:588} INFO - Filling up the DagBag from /home/airflow/.local/lib/python3.12/site-packages/airflow/example_dags/example_branch_python_dop_operator_3.py
[2025-01-07T11:55:56.500+0000] {processor.py:925} INFO - DAG(s) 'example_branch_dop_operator_v3' retrieved from /home/airflow/.local/lib/python3.12/site-packages/airflow/example_dags/example_branch_python_dop_operator_3.py
[2025-01-07T11:55:56.524+0000] {logging_mixin.py:190} INFO - [2025-01-07T11:55:56.524+0000] {dag.py:3239} INFO - Sync 1 DAGs
[2025-01-07T11:55:56.552+0000] {logging_mixin.py:190} INFO - [2025-01-07T11:55:56.552+0000] {dag.py:4180} INFO - Setting next_dagrun for example_branch_dop_operator_v3 to 2025-01-07 11:54:00+00:00, run_after=2025-01-07 11:55:00+00:00
[2025-01-07T11:55:56.571+0000] {processor.py:208} INFO - Processing /home/airflow/.local/lib/python3.12/site-packages/airflow/example_dags/example_branch_python_dop_operator_3.py took 0.093 seconds
[2025-01-07T11:56:27.376+0000] {processor.py:186} INFO - Started process (PID=1131) to work on /home/airflow/.local/lib/python3.12/site-packages/airflow/example_dags/example_branch_python_dop_operator_3.py
[2025-01-07T11:56:27.378+0000] {processor.py:914} INFO - Processing file /home/airflow/.local/lib/python3.12/site-packages/airflow/example_dags/example_branch_python_dop_operator_3.py for tasks to queue
[2025-01-07T11:56:27.384+0000] {logging_mixin.py:190} INFO - [2025-01-07T11:56:27.382+0000] {dagbag.py:588} INFO - Filling up the DagBag from /home/airflow/.local/lib/python3.12/site-packages/airflow/example_dags/example_branch_python_dop_operator_3.py
[2025-01-07T11:56:27.399+0000] {processor.py:925} INFO - DAG(s) 'example_branch_dop_operator_v3' retrieved from /home/airflow/.local/lib/python3.12/site-packages/airflow/example_dags/example_branch_python_dop_operator_3.py
[2025-01-07T11:56:27.429+0000] {logging_mixin.py:190} INFO - [2025-01-07T11:56:27.429+0000] {dag.py:3239} INFO - Sync 1 DAGs
[2025-01-07T11:56:27.469+0000] {logging_mixin.py:190} INFO - [2025-01-07T11:56:27.468+0000] {dag.py:4180} INFO - Setting next_dagrun for example_branch_dop_operator_v3 to 2025-01-07 11:55:00+00:00, run_after=2025-01-07 11:56:00+00:00
[2025-01-07T11:56:27.494+0000] {processor.py:208} INFO - Processing /home/airflow/.local/lib/python3.12/site-packages/airflow/example_dags/example_branch_python_dop_operator_3.py took 0.125 seconds
[2025-01-07T11:56:57.690+0000] {processor.py:186} INFO - Started process (PID=1194) to work on /home/airflow/.local/lib/python3.12/site-packages/airflow/example_dags/example_branch_python_dop_operator_3.py
[2025-01-07T11:56:57.692+0000] {processor.py:914} INFO - Processing file /home/airflow/.local/lib/python3.12/site-packages/airflow/example_dags/example_branch_python_dop_operator_3.py for tasks to queue
[2025-01-07T11:56:57.696+0000] {logging_mixin.py:190} INFO - [2025-01-07T11:56:57.695+0000] {dagbag.py:588} INFO - Filling up the DagBag from /home/airflow/.local/lib/python3.12/site-packages/airflow/example_dags/example_branch_python_dop_operator_3.py
[2025-01-07T11:56:57.708+0000] {processor.py:925} INFO - DAG(s) 'example_branch_dop_operator_v3' retrieved from /home/airflow/.local/lib/python3.12/site-packages/airflow/example_dags/example_branch_python_dop_operator_3.py
[2025-01-07T11:56:57.741+0000] {logging_mixin.py:190} INFO - [2025-01-07T11:56:57.740+0000] {dag.py:3239} INFO - Sync 1 DAGs
[2025-01-07T11:56:57.777+0000] {logging_mixin.py:190} INFO - [2025-01-07T11:56:57.777+0000] {dag.py:4180} INFO - Setting next_dagrun for example_branch_dop_operator_v3 to 2025-01-07 11:55:00+00:00, run_after=2025-01-07 11:56:00+00:00
[2025-01-07T11:56:57.805+0000] {processor.py:208} INFO - Processing /home/airflow/.local/lib/python3.12/site-packages/airflow/example_dags/example_branch_python_dop_operator_3.py took 0.121 seconds
[2025-01-07T11:57:28.029+0000] {processor.py:186} INFO - Started process (PID=1257) to work on /home/airflow/.local/lib/python3.12/site-packages/airflow/example_dags/example_branch_python_dop_operator_3.py
[2025-01-07T11:57:28.030+0000] {processor.py:914} INFO - Processing file /home/airflow/.local/lib/python3.12/site-packages/airflow/example_dags/example_branch_python_dop_operator_3.py for tasks to queue
[2025-01-07T11:57:28.032+0000] {logging_mixin.py:190} INFO - [2025-01-07T11:57:28.032+0000] {dagbag.py:588} INFO - Filling up the DagBag from /home/airflow/.local/lib/python3.12/site-packages/airflow/example_dags/example_branch_python_dop_operator_3.py
[2025-01-07T11:57:28.042+0000] {processor.py:925} INFO - DAG(s) 'example_branch_dop_operator_v3' retrieved from /home/airflow/.local/lib/python3.12/site-packages/airflow/example_dags/example_branch_python_dop_operator_3.py
[2025-01-07T11:57:28.060+0000] {logging_mixin.py:190} INFO - [2025-01-07T11:57:28.060+0000] {dag.py:3239} INFO - Sync 1 DAGs
[2025-01-07T11:57:28.088+0000] {logging_mixin.py:190} INFO - [2025-01-07T11:57:28.087+0000] {dag.py:4180} INFO - Setting next_dagrun for example_branch_dop_operator_v3 to 2025-01-07 11:56:00+00:00, run_after=2025-01-07 11:57:00+00:00
[2025-01-07T11:57:28.106+0000] {processor.py:208} INFO - Processing /home/airflow/.local/lib/python3.12/site-packages/airflow/example_dags/example_branch_python_dop_operator_3.py took 0.083 seconds
[2025-01-07T11:57:58.407+0000] {processor.py:186} INFO - Started process (PID=1327) to work on /home/airflow/.local/lib/python3.12/site-packages/airflow/example_dags/example_branch_python_dop_operator_3.py
[2025-01-07T11:57:58.408+0000] {processor.py:914} INFO - Processing file /home/airflow/.local/lib/python3.12/site-packages/airflow/example_dags/example_branch_python_dop_operator_3.py for tasks to queue
[2025-01-07T11:57:58.411+0000] {logging_mixin.py:190} INFO - [2025-01-07T11:57:58.411+0000] {dagbag.py:588} INFO - Filling up the DagBag from /home/airflow/.local/lib/python3.12/site-packages/airflow/example_dags/example_branch_python_dop_operator_3.py
[2025-01-07T11:57:58.425+0000] {processor.py:925} INFO - DAG(s) 'example_branch_dop_operator_v3' retrieved from /home/airflow/.local/lib/python3.12/site-packages/airflow/example_dags/example_branch_python_dop_operator_3.py
[2025-01-07T11:57:58.452+0000] {logging_mixin.py:190} INFO - [2025-01-07T11:57:58.451+0000] {dag.py:3239} INFO - Sync 1 DAGs
[2025-01-07T11:57:58.500+0000] {logging_mixin.py:190} INFO - [2025-01-07T11:57:58.499+0000] {dag.py:4180} INFO - Setting next_dagrun for example_branch_dop_operator_v3 to 2025-01-07 11:56:00+00:00, run_after=2025-01-07 11:57:00+00:00
[2025-01-07T11:57:58.531+0000] {processor.py:208} INFO - Processing /home/airflow/.local/lib/python3.12/site-packages/airflow/example_dags/example_branch_python_dop_operator_3.py took 0.133 seconds
[2025-01-07T11:58:29.079+0000] {processor.py:186} INFO - Started process (PID=1390) to work on /home/airflow/.local/lib/python3.12/site-packages/airflow/example_dags/example_branch_python_dop_operator_3.py
[2025-01-07T11:58:29.080+0000] {processor.py:914} INFO - Processing file /home/airflow/.local/lib/python3.12/site-packages/airflow/example_dags/example_branch_python_dop_operator_3.py for tasks to queue
[2025-01-07T11:58:29.083+0000] {logging_mixin.py:190} INFO - [2025-01-07T11:58:29.082+0000] {dagbag.py:588} INFO - Filling up the DagBag from /home/airflow/.local/lib/python3.12/site-packages/airflow/example_dags/example_branch_python_dop_operator_3.py
[2025-01-07T11:58:29.100+0000] {processor.py:925} INFO - DAG(s) 'example_branch_dop_operator_v3' retrieved from /home/airflow/.local/lib/python3.12/site-packages/airflow/example_dags/example_branch_python_dop_operator_3.py
[2025-01-07T11:58:29.120+0000] {logging_mixin.py:190} INFO - [2025-01-07T11:58:29.120+0000] {dag.py:3239} INFO - Sync 1 DAGs
[2025-01-07T11:58:29.154+0000] {logging_mixin.py:190} INFO - [2025-01-07T11:58:29.153+0000] {dag.py:4180} INFO - Setting next_dagrun for example_branch_dop_operator_v3 to 2025-01-07 11:57:00+00:00, run_after=2025-01-07 11:58:00+00:00
[2025-01-07T11:58:29.175+0000] {processor.py:208} INFO - Processing /home/airflow/.local/lib/python3.12/site-packages/airflow/example_dags/example_branch_python_dop_operator_3.py took 0.104 seconds
[2025-01-07T11:58:59.420+0000] {processor.py:186} INFO - Started process (PID=1453) to work on /home/airflow/.local/lib/python3.12/site-packages/airflow/example_dags/example_branch_python_dop_operator_3.py
[2025-01-07T11:58:59.421+0000] {processor.py:914} INFO - Processing file /home/airflow/.local/lib/python3.12/site-packages/airflow/example_dags/example_branch_python_dop_operator_3.py for tasks to queue
[2025-01-07T11:58:59.423+0000] {logging_mixin.py:190} INFO - [2025-01-07T11:58:59.423+0000] {dagbag.py:588} INFO - Filling up the DagBag from /home/airflow/.local/lib/python3.12/site-packages/airflow/example_dags/example_branch_python_dop_operator_3.py
[2025-01-07T11:58:59.437+0000] {processor.py:925} INFO - DAG(s) 'example_branch_dop_operator_v3' retrieved from /home/airflow/.local/lib/python3.12/site-packages/airflow/example_dags/example_branch_python_dop_operator_3.py
[2025-01-07T11:58:59.461+0000] {logging_mixin.py:190} INFO - [2025-01-07T11:58:59.460+0000] {dag.py:3239} INFO - Sync 1 DAGs
[2025-01-07T11:58:59.497+0000] {logging_mixin.py:190} INFO - [2025-01-07T11:58:59.497+0000] {dag.py:4180} INFO - Setting next_dagrun for example_branch_dop_operator_v3 to 2025-01-07 11:57:00+00:00, run_after=2025-01-07 11:58:00+00:00
[2025-01-07T11:58:59.523+0000] {processor.py:208} INFO - Processing /home/airflow/.local/lib/python3.12/site-packages/airflow/example_dags/example_branch_python_dop_operator_3.py took 0.110 seconds
[2025-01-07T11:59:29.926+0000] {processor.py:186} INFO - Started process (PID=1515) to work on /home/airflow/.local/lib/python3.12/site-packages/airflow/example_dags/example_branch_python_dop_operator_3.py
[2025-01-07T11:59:29.927+0000] {processor.py:914} INFO - Processing file /home/airflow/.local/lib/python3.12/site-packages/airflow/example_dags/example_branch_python_dop_operator_3.py for tasks to queue
[2025-01-07T11:59:29.930+0000] {logging_mixin.py:190} INFO - [2025-01-07T11:59:29.930+0000] {dagbag.py:588} INFO - Filling up the DagBag from /home/airflow/.local/lib/python3.12/site-packages/airflow/example_dags/example_branch_python_dop_operator_3.py
[2025-01-07T11:59:29.940+0000] {processor.py:925} INFO - DAG(s) 'example_branch_dop_operator_v3' retrieved from /home/airflow/.local/lib/python3.12/site-packages/airflow/example_dags/example_branch_python_dop_operator_3.py
[2025-01-07T11:59:29.965+0000] {logging_mixin.py:190} INFO - [2025-01-07T11:59:29.964+0000] {dag.py:3239} INFO - Sync 1 DAGs
[2025-01-07T11:59:29.998+0000] {logging_mixin.py:190} INFO - [2025-01-07T11:59:29.998+0000] {dag.py:4180} INFO - Setting next_dagrun for example_branch_dop_operator_v3 to 2025-01-07 11:58:00+00:00, run_after=2025-01-07 11:59:00+00:00
[2025-01-07T11:59:30.024+0000] {processor.py:208} INFO - Processing /home/airflow/.local/lib/python3.12/site-packages/airflow/example_dags/example_branch_python_dop_operator_3.py took 0.105 seconds
[2025-01-07T12:00:00.709+0000] {processor.py:186} INFO - Started process (PID=1578) to work on /home/airflow/.local/lib/python3.12/site-packages/airflow/example_dags/example_branch_python_dop_operator_3.py
[2025-01-07T12:00:00.711+0000] {processor.py:914} INFO - Processing file /home/airflow/.local/lib/python3.12/site-packages/airflow/example_dags/example_branch_python_dop_operator_3.py for tasks to queue
[2025-01-07T12:00:00.715+0000] {logging_mixin.py:190} INFO - [2025-01-07T12:00:00.714+0000] {dagbag.py:588} INFO - Filling up the DagBag from /home/airflow/.local/lib/python3.12/site-packages/airflow/example_dags/example_branch_python_dop_operator_3.py
[2025-01-07T12:00:00.730+0000] {processor.py:925} INFO - DAG(s) 'example_branch_dop_operator_v3' retrieved from /home/airflow/.local/lib/python3.12/site-packages/airflow/example_dags/example_branch_python_dop_operator_3.py
[2025-01-07T12:00:00.750+0000] {logging_mixin.py:190} INFO - [2025-01-07T12:00:00.749+0000] {dag.py:3239} INFO - Sync 1 DAGs
[2025-01-07T12:00:00.777+0000] {logging_mixin.py:190} INFO - [2025-01-07T12:00:00.777+0000] {dag.py:4180} INFO - Setting next_dagrun for example_branch_dop_operator_v3 to 2025-01-07 11:59:00+00:00, run_after=2025-01-07 12:00:00+00:00
[2025-01-07T12:00:00.797+0000] {processor.py:208} INFO - Processing /home/airflow/.local/lib/python3.12/site-packages/airflow/example_dags/example_branch_python_dop_operator_3.py took 0.096 seconds
[2025-01-07T12:00:31.175+0000] {processor.py:186} INFO - Started process (PID=1641) to work on /home/airflow/.local/lib/python3.12/site-packages/airflow/example_dags/example_branch_python_dop_operator_3.py
[2025-01-07T12:00:31.176+0000] {processor.py:914} INFO - Processing file /home/airflow/.local/lib/python3.12/site-packages/airflow/example_dags/example_branch_python_dop_operator_3.py for tasks to queue
[2025-01-07T12:00:31.179+0000] {logging_mixin.py:190} INFO - [2025-01-07T12:00:31.178+0000] {dagbag.py:588} INFO - Filling up the DagBag from /home/airflow/.local/lib/python3.12/site-packages/airflow/example_dags/example_branch_python_dop_operator_3.py
[2025-01-07T12:00:31.188+0000] {processor.py:925} INFO - DAG(s) 'example_branch_dop_operator_v3' retrieved from /home/airflow/.local/lib/python3.12/site-packages/airflow/example_dags/example_branch_python_dop_operator_3.py
[2025-01-07T12:00:31.207+0000] {logging_mixin.py:190} INFO - [2025-01-07T12:00:31.207+0000] {dag.py:3239} INFO - Sync 1 DAGs
[2025-01-07T12:00:31.231+0000] {logging_mixin.py:190} INFO - [2025-01-07T12:00:31.231+0000] {dag.py:4180} INFO - Setting next_dagrun for example_branch_dop_operator_v3 to 2025-01-07 11:59:00+00:00, run_after=2025-01-07 12:00:00+00:00
[2025-01-07T12:00:31.249+0000] {processor.py:208} INFO - Processing /home/airflow/.local/lib/python3.12/site-packages/airflow/example_dags/example_branch_python_dop_operator_3.py took 0.079 seconds
[2025-01-07T12:01:01.357+0000] {processor.py:186} INFO - Started process (PID=1704) to work on /home/airflow/.local/lib/python3.12/site-packages/airflow/example_dags/example_branch_python_dop_operator_3.py
[2025-01-07T12:01:01.358+0000] {processor.py:914} INFO - Processing file /home/airflow/.local/lib/python3.12/site-packages/airflow/example_dags/example_branch_python_dop_operator_3.py for tasks to queue
[2025-01-07T12:01:01.361+0000] {logging_mixin.py:190} INFO - [2025-01-07T12:01:01.360+0000] {dagbag.py:588} INFO - Filling up the DagBag from /home/airflow/.local/lib/python3.12/site-packages/airflow/example_dags/example_branch_python_dop_operator_3.py
[2025-01-07T12:01:01.371+0000] {processor.py:925} INFO - DAG(s) 'example_branch_dop_operator_v3' retrieved from /home/airflow/.local/lib/python3.12/site-packages/airflow/example_dags/example_branch_python_dop_operator_3.py
[2025-01-07T12:01:01.393+0000] {logging_mixin.py:190} INFO - [2025-01-07T12:01:01.392+0000] {dag.py:3239} INFO - Sync 1 DAGs
[2025-01-07T12:01:01.422+0000] {logging_mixin.py:190} INFO - [2025-01-07T12:01:01.422+0000] {dag.py:4180} INFO - Setting next_dagrun for example_branch_dop_operator_v3 to 2025-01-07 12:00:00+00:00, run_after=2025-01-07 12:01:00+00:00
[2025-01-07T12:01:01.443+0000] {processor.py:208} INFO - Processing /home/airflow/.local/lib/python3.12/site-packages/airflow/example_dags/example_branch_python_dop_operator_3.py took 0.092 seconds
[2025-01-07T12:01:31.625+0000] {processor.py:186} INFO - Started process (PID=1767) to work on /home/airflow/.local/lib/python3.12/site-packages/airflow/example_dags/example_branch_python_dop_operator_3.py
[2025-01-07T12:01:31.627+0000] {processor.py:914} INFO - Processing file /home/airflow/.local/lib/python3.12/site-packages/airflow/example_dags/example_branch_python_dop_operator_3.py for tasks to queue
[2025-01-07T12:01:31.630+0000] {logging_mixin.py:190} INFO - [2025-01-07T12:01:31.629+0000] {dagbag.py:588} INFO - Filling up the DagBag from /home/airflow/.local/lib/python3.12/site-packages/airflow/example_dags/example_branch_python_dop_operator_3.py
[2025-01-07T12:01:31.643+0000] {processor.py:925} INFO - DAG(s) 'example_branch_dop_operator_v3' retrieved from /home/airflow/.local/lib/python3.12/site-packages/airflow/example_dags/example_branch_python_dop_operator_3.py
[2025-01-07T12:01:31.668+0000] {logging_mixin.py:190} INFO - [2025-01-07T12:01:31.668+0000] {dag.py:3239} INFO - Sync 1 DAGs
[2025-01-07T12:01:31.709+0000] {logging_mixin.py:190} INFO - [2025-01-07T12:01:31.709+0000] {dag.py:4180} INFO - Setting next_dagrun for example_branch_dop_operator_v3 to 2025-01-07 12:00:00+00:00, run_after=2025-01-07 12:01:00+00:00
[2025-01-07T12:01:31.731+0000] {processor.py:208} INFO - Processing /home/airflow/.local/lib/python3.12/site-packages/airflow/example_dags/example_branch_python_dop_operator_3.py took 0.113 seconds
[2025-01-07T12:02:02.128+0000] {processor.py:186} INFO - Started process (PID=1830) to work on /home/airflow/.local/lib/python3.12/site-packages/airflow/example_dags/example_branch_python_dop_operator_3.py
[2025-01-07T12:02:02.131+0000] {processor.py:914} INFO - Processing file /home/airflow/.local/lib/python3.12/site-packages/airflow/example_dags/example_branch_python_dop_operator_3.py for tasks to queue
[2025-01-07T12:02:02.135+0000] {logging_mixin.py:190} INFO - [2025-01-07T12:02:02.134+0000] {dagbag.py:588} INFO - Filling up the DagBag from /home/airflow/.local/lib/python3.12/site-packages/airflow/example_dags/example_branch_python_dop_operator_3.py
[2025-01-07T12:02:02.156+0000] {processor.py:925} INFO - DAG(s) 'example_branch_dop_operator_v3' retrieved from /home/airflow/.local/lib/python3.12/site-packages/airflow/example_dags/example_branch_python_dop_operator_3.py
[2025-01-07T12:02:02.186+0000] {logging_mixin.py:190} INFO - [2025-01-07T12:02:02.186+0000] {dag.py:3239} INFO - Sync 1 DAGs
[2025-01-07T12:02:02.220+0000] {logging_mixin.py:190} INFO - [2025-01-07T12:02:02.220+0000] {dag.py:4180} INFO - Setting next_dagrun for example_branch_dop_operator_v3 to 2025-01-07 12:01:00+00:00, run_after=2025-01-07 12:02:00+00:00
[2025-01-07T12:02:02.252+0000] {processor.py:208} INFO - Processing /home/airflow/.local/lib/python3.12/site-packages/airflow/example_dags/example_branch_python_dop_operator_3.py took 0.133 seconds
[2025-01-07T12:02:32.448+0000] {processor.py:186} INFO - Started process (PID=1893) to work on /home/airflow/.local/lib/python3.12/site-packages/airflow/example_dags/example_branch_python_dop_operator_3.py
[2025-01-07T12:02:32.449+0000] {processor.py:914} INFO - Processing file /home/airflow/.local/lib/python3.12/site-packages/airflow/example_dags/example_branch_python_dop_operator_3.py for tasks to queue
[2025-01-07T12:02:32.452+0000] {logging_mixin.py:190} INFO - [2025-01-07T12:02:32.451+0000] {dagbag.py:588} INFO - Filling up the DagBag from /home/airflow/.local/lib/python3.12/site-packages/airflow/example_dags/example_branch_python_dop_operator_3.py
[2025-01-07T12:02:32.462+0000] {processor.py:925} INFO - DAG(s) 'example_branch_dop_operator_v3' retrieved from /home/airflow/.local/lib/python3.12/site-packages/airflow/example_dags/example_branch_python_dop_operator_3.py
[2025-01-07T12:02:32.485+0000] {logging_mixin.py:190} INFO - [2025-01-07T12:02:32.485+0000] {dag.py:3239} INFO - Sync 1 DAGs
[2025-01-07T12:02:32.512+0000] {logging_mixin.py:190} INFO - [2025-01-07T12:02:32.512+0000] {dag.py:4180} INFO - Setting next_dagrun for example_branch_dop_operator_v3 to 2025-01-07 12:01:00+00:00, run_after=2025-01-07 12:02:00+00:00
[2025-01-07T12:02:32.647+0000] {processor.py:208} INFO - Processing /home/airflow/.local/lib/python3.12/site-packages/airflow/example_dags/example_branch_python_dop_operator_3.py took 0.206 seconds
[2025-01-07T12:03:03.003+0000] {processor.py:186} INFO - Started process (PID=1956) to work on /home/airflow/.local/lib/python3.12/site-packages/airflow/example_dags/example_branch_python_dop_operator_3.py
[2025-01-07T12:03:03.004+0000] {processor.py:914} INFO - Processing file /home/airflow/.local/lib/python3.12/site-packages/airflow/example_dags/example_branch_python_dop_operator_3.py for tasks to queue
[2025-01-07T12:03:03.007+0000] {logging_mixin.py:190} INFO - [2025-01-07T12:03:03.007+0000] {dagbag.py:588} INFO - Filling up the DagBag from /home/airflow/.local/lib/python3.12/site-packages/airflow/example_dags/example_branch_python_dop_operator_3.py
[2025-01-07T12:03:03.020+0000] {processor.py:925} INFO - DAG(s) 'example_branch_dop_operator_v3' retrieved from /home/airflow/.local/lib/python3.12/site-packages/airflow/example_dags/example_branch_python_dop_operator_3.py
[2025-01-07T12:03:03.043+0000] {logging_mixin.py:190} INFO - [2025-01-07T12:03:03.043+0000] {dag.py:3239} INFO - Sync 1 DAGs
[2025-01-07T12:03:03.074+0000] {logging_mixin.py:190} INFO - [2025-01-07T12:03:03.073+0000] {dag.py:4180} INFO - Setting next_dagrun for example_branch_dop_operator_v3 to 2025-01-07 12:02:00+00:00, run_after=2025-01-07 12:03:00+00:00
[2025-01-07T12:03:03.097+0000] {processor.py:208} INFO - Processing /home/airflow/.local/lib/python3.12/site-packages/airflow/example_dags/example_branch_python_dop_operator_3.py took 0.102 seconds
[2025-01-07T12:03:33.370+0000] {processor.py:186} INFO - Started process (PID=2019) to work on /home/airflow/.local/lib/python3.12/site-packages/airflow/example_dags/example_branch_python_dop_operator_3.py
[2025-01-07T12:03:33.371+0000] {processor.py:914} INFO - Processing file /home/airflow/.local/lib/python3.12/site-packages/airflow/example_dags/example_branch_python_dop_operator_3.py for tasks to queue
[2025-01-07T12:03:33.374+0000] {logging_mixin.py:190} INFO - [2025-01-07T12:03:33.373+0000] {dagbag.py:588} INFO - Filling up the DagBag from /home/airflow/.local/lib/python3.12/site-packages/airflow/example_dags/example_branch_python_dop_operator_3.py
[2025-01-07T12:03:33.386+0000] {processor.py:925} INFO - DAG(s) 'example_branch_dop_operator_v3' retrieved from /home/airflow/.local/lib/python3.12/site-packages/airflow/example_dags/example_branch_python_dop_operator_3.py
[2025-01-07T12:03:33.406+0000] {logging_mixin.py:190} INFO - [2025-01-07T12:03:33.406+0000] {dag.py:3239} INFO - Sync 1 DAGs
[2025-01-07T12:03:33.440+0000] {logging_mixin.py:190} INFO - [2025-01-07T12:03:33.440+0000] {dag.py:4180} INFO - Setting next_dagrun for example_branch_dop_operator_v3 to 2025-01-07 12:02:00+00:00, run_after=2025-01-07 12:03:00+00:00
[2025-01-07T12:03:33.461+0000] {processor.py:208} INFO - Processing /home/airflow/.local/lib/python3.12/site-packages/airflow/example_dags/example_branch_python_dop_operator_3.py took 0.098 seconds
[2025-01-07T12:04:03.796+0000] {processor.py:186} INFO - Started process (PID=2082) to work on /home/airflow/.local/lib/python3.12/site-packages/airflow/example_dags/example_branch_python_dop_operator_3.py
[2025-01-07T12:04:03.797+0000] {processor.py:914} INFO - Processing file /home/airflow/.local/lib/python3.12/site-packages/airflow/example_dags/example_branch_python_dop_operator_3.py for tasks to queue
[2025-01-07T12:04:03.799+0000] {logging_mixin.py:190} INFO - [2025-01-07T12:04:03.799+0000] {dagbag.py:588} INFO - Filling up the DagBag from /home/airflow/.local/lib/python3.12/site-packages/airflow/example_dags/example_branch_python_dop_operator_3.py
[2025-01-07T12:04:03.810+0000] {processor.py:925} INFO - DAG(s) 'example_branch_dop_operator_v3' retrieved from /home/airflow/.local/lib/python3.12/site-packages/airflow/example_dags/example_branch_python_dop_operator_3.py
[2025-01-07T12:04:03.830+0000] {logging_mixin.py:190} INFO - [2025-01-07T12:04:03.829+0000] {dag.py:3239} INFO - Sync 1 DAGs
[2025-01-07T12:04:03.860+0000] {logging_mixin.py:190} INFO - [2025-01-07T12:04:03.860+0000] {dag.py:4180} INFO - Setting next_dagrun for example_branch_dop_operator_v3 to 2025-01-07 12:03:00+00:00, run_after=2025-01-07 12:04:00+00:00
[2025-01-07T12:04:03.879+0000] {processor.py:208} INFO - Processing /home/airflow/.local/lib/python3.12/site-packages/airflow/example_dags/example_branch_python_dop_operator_3.py took 0.091 seconds
[2025-01-07T12:04:34.002+0000] {processor.py:186} INFO - Started process (PID=2145) to work on /home/airflow/.local/lib/python3.12/site-packages/airflow/example_dags/example_branch_python_dop_operator_3.py
[2025-01-07T12:04:34.003+0000] {processor.py:914} INFO - Processing file /home/airflow/.local/lib/python3.12/site-packages/airflow/example_dags/example_branch_python_dop_operator_3.py for tasks to queue
[2025-01-07T12:04:34.006+0000] {logging_mixin.py:190} INFO - [2025-01-07T12:04:34.005+0000] {dagbag.py:588} INFO - Filling up the DagBag from /home/airflow/.local/lib/python3.12/site-packages/airflow/example_dags/example_branch_python_dop_operator_3.py
[2025-01-07T12:04:34.016+0000] {processor.py:925} INFO - DAG(s) 'example_branch_dop_operator_v3' retrieved from /home/airflow/.local/lib/python3.12/site-packages/airflow/example_dags/example_branch_python_dop_operator_3.py
[2025-01-07T12:04:34.037+0000] {logging_mixin.py:190} INFO - [2025-01-07T12:04:34.036+0000] {dag.py:3239} INFO - Sync 1 DAGs
[2025-01-07T12:04:34.063+0000] {logging_mixin.py:190} INFO - [2025-01-07T12:04:34.063+0000] {dag.py:4180} INFO - Setting next_dagrun for example_branch_dop_operator_v3 to 2025-01-07 12:03:00+00:00, run_after=2025-01-07 12:04:00+00:00
[2025-01-07T12:04:34.083+0000] {processor.py:208} INFO - Processing /home/airflow/.local/lib/python3.12/site-packages/airflow/example_dags/example_branch_python_dop_operator_3.py took 0.088 seconds
[2025-01-07T12:05:04.418+0000] {processor.py:186} INFO - Started process (PID=2208) to work on /home/airflow/.local/lib/python3.12/site-packages/airflow/example_dags/example_branch_python_dop_operator_3.py
[2025-01-07T12:05:04.419+0000] {processor.py:914} INFO - Processing file /home/airflow/.local/lib/python3.12/site-packages/airflow/example_dags/example_branch_python_dop_operator_3.py for tasks to queue
[2025-01-07T12:05:04.422+0000] {logging_mixin.py:190} INFO - [2025-01-07T12:05:04.421+0000] {dagbag.py:588} INFO - Filling up the DagBag from /home/airflow/.local/lib/python3.12/site-packages/airflow/example_dags/example_branch_python_dop_operator_3.py
[2025-01-07T12:05:04.434+0000] {processor.py:925} INFO - DAG(s) 'example_branch_dop_operator_v3' retrieved from /home/airflow/.local/lib/python3.12/site-packages/airflow/example_dags/example_branch_python_dop_operator_3.py
[2025-01-07T12:05:04.468+0000] {logging_mixin.py:190} INFO - [2025-01-07T12:05:04.467+0000] {dag.py:3239} INFO - Sync 1 DAGs
[2025-01-07T12:05:04.511+0000] {logging_mixin.py:190} INFO - [2025-01-07T12:05:04.511+0000] {dag.py:4180} INFO - Setting next_dagrun for example_branch_dop_operator_v3 to 2025-01-07 12:04:00+00:00, run_after=2025-01-07 12:05:00+00:00
[2025-01-07T12:05:04.536+0000] {processor.py:208} INFO - Processing /home/airflow/.local/lib/python3.12/site-packages/airflow/example_dags/example_branch_python_dop_operator_3.py took 0.124 seconds
[2025-01-07T12:05:34.911+0000] {processor.py:186} INFO - Started process (PID=2271) to work on /home/airflow/.local/lib/python3.12/site-packages/airflow/example_dags/example_branch_python_dop_operator_3.py
[2025-01-07T12:05:34.912+0000] {processor.py:914} INFO - Processing file /home/airflow/.local/lib/python3.12/site-packages/airflow/example_dags/example_branch_python_dop_operator_3.py for tasks to queue
[2025-01-07T12:05:34.915+0000] {logging_mixin.py:190} INFO - [2025-01-07T12:05:34.914+0000] {dagbag.py:588} INFO - Filling up the DagBag from /home/airflow/.local/lib/python3.12/site-packages/airflow/example_dags/example_branch_python_dop_operator_3.py
[2025-01-07T12:05:34.925+0000] {processor.py:925} INFO - DAG(s) 'example_branch_dop_operator_v3' retrieved from /home/airflow/.local/lib/python3.12/site-packages/airflow/example_dags/example_branch_python_dop_operator_3.py
[2025-01-07T12:05:34.945+0000] {logging_mixin.py:190} INFO - [2025-01-07T12:05:34.945+0000] {dag.py:3239} INFO - Sync 1 DAGs
[2025-01-07T12:05:34.974+0000] {logging_mixin.py:190} INFO - [2025-01-07T12:05:34.974+0000] {dag.py:4180} INFO - Setting next_dagrun for example_branch_dop_operator_v3 to 2025-01-07 12:04:00+00:00, run_after=2025-01-07 12:05:00+00:00
[2025-01-07T12:05:34.994+0000] {processor.py:208} INFO - Processing /home/airflow/.local/lib/python3.12/site-packages/airflow/example_dags/example_branch_python_dop_operator_3.py took 0.092 seconds
[2025-01-07T12:06:05.301+0000] {processor.py:186} INFO - Started process (PID=2334) to work on /home/airflow/.local/lib/python3.12/site-packages/airflow/example_dags/example_branch_python_dop_operator_3.py
[2025-01-07T12:06:05.302+0000] {processor.py:914} INFO - Processing file /home/airflow/.local/lib/python3.12/site-packages/airflow/example_dags/example_branch_python_dop_operator_3.py for tasks to queue
[2025-01-07T12:06:05.304+0000] {logging_mixin.py:190} INFO - [2025-01-07T12:06:05.304+0000] {dagbag.py:588} INFO - Filling up the DagBag from /home/airflow/.local/lib/python3.12/site-packages/airflow/example_dags/example_branch_python_dop_operator_3.py
[2025-01-07T12:06:05.315+0000] {processor.py:925} INFO - DAG(s) 'example_branch_dop_operator_v3' retrieved from /home/airflow/.local/lib/python3.12/site-packages/airflow/example_dags/example_branch_python_dop_operator_3.py
[2025-01-07T12:06:05.335+0000] {logging_mixin.py:190} INFO - [2025-01-07T12:06:05.335+0000] {dag.py:3239} INFO - Sync 1 DAGs
[2025-01-07T12:06:05.366+0000] {logging_mixin.py:190} INFO - [2025-01-07T12:06:05.365+0000] {dag.py:4180} INFO - Setting next_dagrun for example_branch_dop_operator_v3 to 2025-01-07 12:05:00+00:00, run_after=2025-01-07 12:06:00+00:00
[2025-01-07T12:06:05.387+0000] {processor.py:208} INFO - Processing /home/airflow/.local/lib/python3.12/site-packages/airflow/example_dags/example_branch_python_dop_operator_3.py took 0.092 seconds
[2025-01-07T12:06:36.153+0000] {processor.py:186} INFO - Started process (PID=2396) to work on /home/airflow/.local/lib/python3.12/site-packages/airflow/example_dags/example_branch_python_dop_operator_3.py
[2025-01-07T12:06:36.154+0000] {processor.py:914} INFO - Processing file /home/airflow/.local/lib/python3.12/site-packages/airflow/example_dags/example_branch_python_dop_operator_3.py for tasks to queue
[2025-01-07T12:06:36.157+0000] {logging_mixin.py:190} INFO - [2025-01-07T12:06:36.157+0000] {dagbag.py:588} INFO - Filling up the DagBag from /home/airflow/.local/lib/python3.12/site-packages/airflow/example_dags/example_branch_python_dop_operator_3.py
[2025-01-07T12:06:36.174+0000] {processor.py:925} INFO - DAG(s) 'example_branch_dop_operator_v3' retrieved from /home/airflow/.local/lib/python3.12/site-packages/airflow/example_dags/example_branch_python_dop_operator_3.py
[2025-01-07T12:06:36.197+0000] {logging_mixin.py:190} INFO - [2025-01-07T12:06:36.197+0000] {dag.py:3239} INFO - Sync 1 DAGs
[2025-01-07T12:06:36.233+0000] {logging_mixin.py:190} INFO - [2025-01-07T12:06:36.233+0000] {dag.py:4180} INFO - Setting next_dagrun for example_branch_dop_operator_v3 to 2025-01-07 12:05:00+00:00, run_after=2025-01-07 12:06:00+00:00
[2025-01-07T12:06:36.258+0000] {processor.py:208} INFO - Processing /home/airflow/.local/lib/python3.12/site-packages/airflow/example_dags/example_branch_python_dop_operator_3.py took 0.111 seconds
[2025-01-07T12:07:06.809+0000] {processor.py:186} INFO - Started process (PID=2459) to work on /home/airflow/.local/lib/python3.12/site-packages/airflow/example_dags/example_branch_python_dop_operator_3.py
[2025-01-07T12:07:06.811+0000] {processor.py:914} INFO - Processing file /home/airflow/.local/lib/python3.12/site-packages/airflow/example_dags/example_branch_python_dop_operator_3.py for tasks to queue
[2025-01-07T12:07:06.813+0000] {logging_mixin.py:190} INFO - [2025-01-07T12:07:06.813+0000] {dagbag.py:588} INFO - Filling up the DagBag from /home/airflow/.local/lib/python3.12/site-packages/airflow/example_dags/example_branch_python_dop_operator_3.py
[2025-01-07T12:07:06.824+0000] {processor.py:925} INFO - DAG(s) 'example_branch_dop_operator_v3' retrieved from /home/airflow/.local/lib/python3.12/site-packages/airflow/example_dags/example_branch_python_dop_operator_3.py
[2025-01-07T12:07:06.845+0000] {logging_mixin.py:190} INFO - [2025-01-07T12:07:06.845+0000] {dag.py:3239} INFO - Sync 1 DAGs
[2025-01-07T12:07:06.875+0000] {logging_mixin.py:190} INFO - [2025-01-07T12:07:06.875+0000] {dag.py:4180} INFO - Setting next_dagrun for example_branch_dop_operator_v3 to 2025-01-07 12:06:00+00:00, run_after=2025-01-07 12:07:00+00:00
[2025-01-07T12:07:06.893+0000] {processor.py:208} INFO - Processing /home/airflow/.local/lib/python3.12/site-packages/airflow/example_dags/example_branch_python_dop_operator_3.py took 0.090 seconds
[2025-01-07T12:07:37.265+0000] {processor.py:186} INFO - Started process (PID=2522) to work on /home/airflow/.local/lib/python3.12/site-packages/airflow/example_dags/example_branch_python_dop_operator_3.py
[2025-01-07T12:07:37.266+0000] {processor.py:914} INFO - Processing file /home/airflow/.local/lib/python3.12/site-packages/airflow/example_dags/example_branch_python_dop_operator_3.py for tasks to queue
[2025-01-07T12:07:37.269+0000] {logging_mixin.py:190} INFO - [2025-01-07T12:07:37.268+0000] {dagbag.py:588} INFO - Filling up the DagBag from /home/airflow/.local/lib/python3.12/site-packages/airflow/example_dags/example_branch_python_dop_operator_3.py
[2025-01-07T12:07:37.283+0000] {processor.py:925} INFO - DAG(s) 'example_branch_dop_operator_v3' retrieved from /home/airflow/.local/lib/python3.12/site-packages/airflow/example_dags/example_branch_python_dop_operator_3.py
[2025-01-07T12:07:37.306+0000] {logging_mixin.py:190} INFO - [2025-01-07T12:07:37.306+0000] {dag.py:3239} INFO - Sync 1 DAGs
[2025-01-07T12:07:37.342+0000] {logging_mixin.py:190} INFO - [2025-01-07T12:07:37.342+0000] {dag.py:4180} INFO - Setting next_dagrun for example_branch_dop_operator_v3 to 2025-01-07 12:06:00+00:00, run_after=2025-01-07 12:07:00+00:00
[2025-01-07T12:07:37.368+0000] {processor.py:208} INFO - Processing /home/airflow/.local/lib/python3.12/site-packages/airflow/example_dags/example_branch_python_dop_operator_3.py took 0.110 seconds
[2025-01-07T12:08:08.280+0000] {processor.py:186} INFO - Started process (PID=2585) to work on /home/airflow/.local/lib/python3.12/site-packages/airflow/example_dags/example_branch_python_dop_operator_3.py
[2025-01-07T12:08:08.281+0000] {processor.py:914} INFO - Processing file /home/airflow/.local/lib/python3.12/site-packages/airflow/example_dags/example_branch_python_dop_operator_3.py for tasks to queue
[2025-01-07T12:08:08.284+0000] {logging_mixin.py:190} INFO - [2025-01-07T12:08:08.284+0000] {dagbag.py:588} INFO - Filling up the DagBag from /home/airflow/.local/lib/python3.12/site-packages/airflow/example_dags/example_branch_python_dop_operator_3.py
[2025-01-07T12:08:08.299+0000] {processor.py:925} INFO - DAG(s) 'example_branch_dop_operator_v3' retrieved from /home/airflow/.local/lib/python3.12/site-packages/airflow/example_dags/example_branch_python_dop_operator_3.py
[2025-01-07T12:08:08.328+0000] {logging_mixin.py:190} INFO - [2025-01-07T12:08:08.328+0000] {dag.py:3239} INFO - Sync 1 DAGs
[2025-01-07T12:08:08.370+0000] {logging_mixin.py:190} INFO - [2025-01-07T12:08:08.370+0000] {dag.py:4180} INFO - Setting next_dagrun for example_branch_dop_operator_v3 to 2025-01-07 12:07:00+00:00, run_after=2025-01-07 12:08:00+00:00
[2025-01-07T12:08:08.401+0000] {processor.py:208} INFO - Processing /home/airflow/.local/lib/python3.12/site-packages/airflow/example_dags/example_branch_python_dop_operator_3.py took 0.128 seconds
[2025-01-07T12:08:38.945+0000] {processor.py:186} INFO - Started process (PID=2649) to work on /home/airflow/.local/lib/python3.12/site-packages/airflow/example_dags/example_branch_python_dop_operator_3.py
[2025-01-07T12:08:38.947+0000] {processor.py:914} INFO - Processing file /home/airflow/.local/lib/python3.12/site-packages/airflow/example_dags/example_branch_python_dop_operator_3.py for tasks to queue
[2025-01-07T12:08:38.949+0000] {logging_mixin.py:190} INFO - [2025-01-07T12:08:38.949+0000] {dagbag.py:588} INFO - Filling up the DagBag from /home/airflow/.local/lib/python3.12/site-packages/airflow/example_dags/example_branch_python_dop_operator_3.py
[2025-01-07T12:08:38.959+0000] {processor.py:925} INFO - DAG(s) 'example_branch_dop_operator_v3' retrieved from /home/airflow/.local/lib/python3.12/site-packages/airflow/example_dags/example_branch_python_dop_operator_3.py
[2025-01-07T12:08:38.981+0000] {logging_mixin.py:190} INFO - [2025-01-07T12:08:38.981+0000] {dag.py:3239} INFO - Sync 1 DAGs
[2025-01-07T12:08:39.020+0000] {logging_mixin.py:190} INFO - [2025-01-07T12:08:39.020+0000] {dag.py:4180} INFO - Setting next_dagrun for example_branch_dop_operator_v3 to 2025-01-07 12:07:00+00:00, run_after=2025-01-07 12:08:00+00:00
[2025-01-07T12:08:39.048+0000] {processor.py:208} INFO - Processing /home/airflow/.local/lib/python3.12/site-packages/airflow/example_dags/example_branch_python_dop_operator_3.py took 0.110 seconds
[2025-01-07T12:09:09.430+0000] {processor.py:186} INFO - Started process (PID=2712) to work on /home/airflow/.local/lib/python3.12/site-packages/airflow/example_dags/example_branch_python_dop_operator_3.py
[2025-01-07T12:09:09.432+0000] {processor.py:914} INFO - Processing file /home/airflow/.local/lib/python3.12/site-packages/airflow/example_dags/example_branch_python_dop_operator_3.py for tasks to queue
[2025-01-07T12:09:09.437+0000] {logging_mixin.py:190} INFO - [2025-01-07T12:09:09.436+0000] {dagbag.py:588} INFO - Filling up the DagBag from /home/airflow/.local/lib/python3.12/site-packages/airflow/example_dags/example_branch_python_dop_operator_3.py
[2025-01-07T12:09:09.456+0000] {processor.py:925} INFO - DAG(s) 'example_branch_dop_operator_v3' retrieved from /home/airflow/.local/lib/python3.12/site-packages/airflow/example_dags/example_branch_python_dop_operator_3.py
[2025-01-07T12:09:09.497+0000] {logging_mixin.py:190} INFO - [2025-01-07T12:09:09.496+0000] {dag.py:3239} INFO - Sync 1 DAGs
[2025-01-07T12:09:09.562+0000] {logging_mixin.py:190} INFO - [2025-01-07T12:09:09.561+0000] {dag.py:4180} INFO - Setting next_dagrun for example_branch_dop_operator_v3 to 2025-01-07 12:08:00+00:00, run_after=2025-01-07 12:09:00+00:00
[2025-01-07T12:09:09.598+0000] {processor.py:208} INFO - Processing /home/airflow/.local/lib/python3.12/site-packages/airflow/example_dags/example_branch_python_dop_operator_3.py took 0.178 seconds
[2025-01-07T12:09:39.951+0000] {processor.py:186} INFO - Started process (PID=2775) to work on /home/airflow/.local/lib/python3.12/site-packages/airflow/example_dags/example_branch_python_dop_operator_3.py
[2025-01-07T12:09:39.953+0000] {processor.py:914} INFO - Processing file /home/airflow/.local/lib/python3.12/site-packages/airflow/example_dags/example_branch_python_dop_operator_3.py for tasks to queue
[2025-01-07T12:09:39.955+0000] {logging_mixin.py:190} INFO - [2025-01-07T12:09:39.955+0000] {dagbag.py:588} INFO - Filling up the DagBag from /home/airflow/.local/lib/python3.12/site-packages/airflow/example_dags/example_branch_python_dop_operator_3.py
[2025-01-07T12:09:39.966+0000] {processor.py:925} INFO - DAG(s) 'example_branch_dop_operator_v3' retrieved from /home/airflow/.local/lib/python3.12/site-packages/airflow/example_dags/example_branch_python_dop_operator_3.py
[2025-01-07T12:09:39.988+0000] {logging_mixin.py:190} INFO - [2025-01-07T12:09:39.988+0000] {dag.py:3239} INFO - Sync 1 DAGs
[2025-01-07T12:09:40.017+0000] {logging_mixin.py:190} INFO - [2025-01-07T12:09:40.016+0000] {dag.py:4180} INFO - Setting next_dagrun for example_branch_dop_operator_v3 to 2025-01-07 12:08:00+00:00, run_after=2025-01-07 12:09:00+00:00
[2025-01-07T12:09:40.039+0000] {processor.py:208} INFO - Processing /home/airflow/.local/lib/python3.12/site-packages/airflow/example_dags/example_branch_python_dop_operator_3.py took 0.096 seconds
[2025-01-07T12:10:10.479+0000] {processor.py:186} INFO - Started process (PID=2838) to work on /home/airflow/.local/lib/python3.12/site-packages/airflow/example_dags/example_branch_python_dop_operator_3.py
[2025-01-07T12:10:10.481+0000] {processor.py:914} INFO - Processing file /home/airflow/.local/lib/python3.12/site-packages/airflow/example_dags/example_branch_python_dop_operator_3.py for tasks to queue
[2025-01-07T12:10:10.484+0000] {logging_mixin.py:190} INFO - [2025-01-07T12:10:10.484+0000] {dagbag.py:588} INFO - Filling up the DagBag from /home/airflow/.local/lib/python3.12/site-packages/airflow/example_dags/example_branch_python_dop_operator_3.py
[2025-01-07T12:10:10.498+0000] {processor.py:925} INFO - DAG(s) 'example_branch_dop_operator_v3' retrieved from /home/airflow/.local/lib/python3.12/site-packages/airflow/example_dags/example_branch_python_dop_operator_3.py
[2025-01-07T12:10:10.522+0000] {logging_mixin.py:190} INFO - [2025-01-07T12:10:10.522+0000] {dag.py:3239} INFO - Sync 1 DAGs
[2025-01-07T12:10:10.554+0000] {logging_mixin.py:190} INFO - [2025-01-07T12:10:10.554+0000] {dag.py:4180} INFO - Setting next_dagrun for example_branch_dop_operator_v3 to 2025-01-07 12:09:00+00:00, run_after=2025-01-07 12:10:00+00:00
[2025-01-07T12:10:10.579+0000] {processor.py:208} INFO - Processing /home/airflow/.local/lib/python3.12/site-packages/airflow/example_dags/example_branch_python_dop_operator_3.py took 0.106 seconds
[2025-01-07T12:10:40.931+0000] {processor.py:186} INFO - Started process (PID=2902) to work on /home/airflow/.local/lib/python3.12/site-packages/airflow/example_dags/example_branch_python_dop_operator_3.py
[2025-01-07T12:10:40.933+0000] {processor.py:914} INFO - Processing file /home/airflow/.local/lib/python3.12/site-packages/airflow/example_dags/example_branch_python_dop_operator_3.py for tasks to queue
[2025-01-07T12:10:40.937+0000] {logging_mixin.py:190} INFO - [2025-01-07T12:10:40.936+0000] {dagbag.py:588} INFO - Filling up the DagBag from /home/airflow/.local/lib/python3.12/site-packages/airflow/example_dags/example_branch_python_dop_operator_3.py
[2025-01-07T12:10:40.955+0000] {processor.py:925} INFO - DAG(s) 'example_branch_dop_operator_v3' retrieved from /home/airflow/.local/lib/python3.12/site-packages/airflow/example_dags/example_branch_python_dop_operator_3.py
[2025-01-07T12:10:40.987+0000] {logging_mixin.py:190} INFO - [2025-01-07T12:10:40.986+0000] {dag.py:3239} INFO - Sync 1 DAGs
[2025-01-07T12:10:41.025+0000] {logging_mixin.py:190} INFO - [2025-01-07T12:10:41.025+0000] {dag.py:4180} INFO - Setting next_dagrun for example_branch_dop_operator_v3 to 2025-01-07 12:09:00+00:00, run_after=2025-01-07 12:10:00+00:00
[2025-01-07T12:10:41.056+0000] {processor.py:208} INFO - Processing /home/airflow/.local/lib/python3.12/site-packages/airflow/example_dags/example_branch_python_dop_operator_3.py took 0.136 seconds
[2025-01-07T12:11:12.979+0000] {processor.py:186} INFO - Started process (PID=2961) to work on /home/airflow/.local/lib/python3.12/site-packages/airflow/example_dags/example_branch_python_dop_operator_3.py
[2025-01-07T12:11:12.981+0000] {processor.py:914} INFO - Processing file /home/airflow/.local/lib/python3.12/site-packages/airflow/example_dags/example_branch_python_dop_operator_3.py for tasks to queue
[2025-01-07T12:11:12.986+0000] {logging_mixin.py:190} INFO - [2025-01-07T12:11:12.985+0000] {dagbag.py:588} INFO - Filling up the DagBag from /home/airflow/.local/lib/python3.12/site-packages/airflow/example_dags/example_branch_python_dop_operator_3.py
[2025-01-07T12:11:13.007+0000] {processor.py:925} INFO - DAG(s) 'example_branch_dop_operator_v3' retrieved from /home/airflow/.local/lib/python3.12/site-packages/airflow/example_dags/example_branch_python_dop_operator_3.py
[2025-01-07T12:11:13.039+0000] {logging_mixin.py:190} INFO - [2025-01-07T12:11:13.038+0000] {dag.py:3239} INFO - Sync 1 DAGs
[2025-01-07T12:11:13.095+0000] {logging_mixin.py:190} INFO - [2025-01-07T12:11:13.094+0000] {dag.py:4180} INFO - Setting next_dagrun for example_branch_dop_operator_v3 to 2025-01-07 12:10:00+00:00, run_after=2025-01-07 12:11:00+00:00
[2025-01-07T12:11:13.132+0000] {processor.py:208} INFO - Processing /home/airflow/.local/lib/python3.12/site-packages/airflow/example_dags/example_branch_python_dop_operator_3.py took 0.164 seconds
[2025-01-07T12:11:43.897+0000] {processor.py:186} INFO - Started process (PID=3019) to work on /home/airflow/.local/lib/python3.12/site-packages/airflow/example_dags/example_branch_python_dop_operator_3.py
[2025-01-07T12:11:43.899+0000] {processor.py:914} INFO - Processing file /home/airflow/.local/lib/python3.12/site-packages/airflow/example_dags/example_branch_python_dop_operator_3.py for tasks to queue
[2025-01-07T12:11:43.904+0000] {logging_mixin.py:190} INFO - [2025-01-07T12:11:43.903+0000] {dagbag.py:588} INFO - Filling up the DagBag from /home/airflow/.local/lib/python3.12/site-packages/airflow/example_dags/example_branch_python_dop_operator_3.py
[2025-01-07T12:11:43.921+0000] {processor.py:925} INFO - DAG(s) 'example_branch_dop_operator_v3' retrieved from /home/airflow/.local/lib/python3.12/site-packages/airflow/example_dags/example_branch_python_dop_operator_3.py
[2025-01-07T12:11:43.951+0000] {logging_mixin.py:190} INFO - [2025-01-07T12:11:43.951+0000] {dag.py:3239} INFO - Sync 1 DAGs
[2025-01-07T12:11:43.996+0000] {logging_mixin.py:190} INFO - [2025-01-07T12:11:43.995+0000] {dag.py:4180} INFO - Setting next_dagrun for example_branch_dop_operator_v3 to 2025-01-07 12:10:00+00:00, run_after=2025-01-07 12:11:00+00:00
[2025-01-07T12:11:44.294+0000] {processor.py:208} INFO - Processing /home/airflow/.local/lib/python3.12/site-packages/airflow/example_dags/example_branch_python_dop_operator_3.py took 0.405 seconds
[2025-01-07T12:12:14.540+0000] {processor.py:186} INFO - Started process (PID=3082) to work on /home/airflow/.local/lib/python3.12/site-packages/airflow/example_dags/example_branch_python_dop_operator_3.py
[2025-01-07T12:12:14.542+0000] {processor.py:914} INFO - Processing file /home/airflow/.local/lib/python3.12/site-packages/airflow/example_dags/example_branch_python_dop_operator_3.py for tasks to queue
[2025-01-07T12:12:14.545+0000] {logging_mixin.py:190} INFO - [2025-01-07T12:12:14.545+0000] {dagbag.py:588} INFO - Filling up the DagBag from /home/airflow/.local/lib/python3.12/site-packages/airflow/example_dags/example_branch_python_dop_operator_3.py
[2025-01-07T12:12:14.559+0000] {processor.py:925} INFO - DAG(s) 'example_branch_dop_operator_v3' retrieved from /home/airflow/.local/lib/python3.12/site-packages/airflow/example_dags/example_branch_python_dop_operator_3.py
[2025-01-07T12:12:14.588+0000] {logging_mixin.py:190} INFO - [2025-01-07T12:12:14.588+0000] {dag.py:3239} INFO - Sync 1 DAGs
[2025-01-07T12:12:14.623+0000] {logging_mixin.py:190} INFO - [2025-01-07T12:12:14.622+0000] {dag.py:4180} INFO - Setting next_dagrun for example_branch_dop_operator_v3 to 2025-01-07 12:11:00+00:00, run_after=2025-01-07 12:12:00+00:00
[2025-01-07T12:12:14.653+0000] {processor.py:208} INFO - Processing /home/airflow/.local/lib/python3.12/site-packages/airflow/example_dags/example_branch_python_dop_operator_3.py took 0.120 seconds
[2025-01-07T12:12:45.872+0000] {processor.py:186} INFO - Started process (PID=3145) to work on /home/airflow/.local/lib/python3.12/site-packages/airflow/example_dags/example_branch_python_dop_operator_3.py
[2025-01-07T12:12:45.874+0000] {processor.py:914} INFO - Processing file /home/airflow/.local/lib/python3.12/site-packages/airflow/example_dags/example_branch_python_dop_operator_3.py for tasks to queue
[2025-01-07T12:12:45.878+0000] {logging_mixin.py:190} INFO - [2025-01-07T12:12:45.877+0000] {dagbag.py:588} INFO - Filling up the DagBag from /home/airflow/.local/lib/python3.12/site-packages/airflow/example_dags/example_branch_python_dop_operator_3.py
[2025-01-07T12:12:45.900+0000] {processor.py:925} INFO - DAG(s) 'example_branch_dop_operator_v3' retrieved from /home/airflow/.local/lib/python3.12/site-packages/airflow/example_dags/example_branch_python_dop_operator_3.py
[2025-01-07T12:12:45.940+0000] {logging_mixin.py:190} INFO - [2025-01-07T12:12:45.940+0000] {dag.py:3239} INFO - Sync 1 DAGs
[2025-01-07T12:12:45.991+0000] {logging_mixin.py:190} INFO - [2025-01-07T12:12:45.991+0000] {dag.py:4180} INFO - Setting next_dagrun for example_branch_dop_operator_v3 to 2025-01-07 12:11:00+00:00, run_after=2025-01-07 12:12:00+00:00
[2025-01-07T12:12:46.029+0000] {processor.py:208} INFO - Processing /home/airflow/.local/lib/python3.12/site-packages/airflow/example_dags/example_branch_python_dop_operator_3.py took 0.169 seconds
[2025-01-07T12:43:12.078+0000] {processor.py:186} INFO - Started process (PID=3178) to work on /home/airflow/.local/lib/python3.12/site-packages/airflow/example_dags/example_branch_python_dop_operator_3.py
[2025-01-07T12:43:12.084+0000] {processor.py:914} INFO - Processing file /home/airflow/.local/lib/python3.12/site-packages/airflow/example_dags/example_branch_python_dop_operator_3.py for tasks to queue
[2025-01-07T12:43:12.091+0000] {logging_mixin.py:190} INFO - [2025-01-07T12:43:12.088+0000] {dagbag.py:588} INFO - Filling up the DagBag from /home/airflow/.local/lib/python3.12/site-packages/airflow/example_dags/example_branch_python_dop_operator_3.py
[2025-01-07T12:43:12.138+0000] {processor.py:925} INFO - DAG(s) 'example_branch_dop_operator_v3' retrieved from /home/airflow/.local/lib/python3.12/site-packages/airflow/example_dags/example_branch_python_dop_operator_3.py
[2025-01-07T12:43:12.188+0000] {logging_mixin.py:190} INFO - [2025-01-07T12:43:12.187+0000] {dag.py:3239} INFO - Sync 1 DAGs
[2025-01-07T12:43:12.250+0000] {logging_mixin.py:190} INFO - [2025-01-07T12:43:12.250+0000] {dag.py:4180} INFO - Setting next_dagrun for example_branch_dop_operator_v3 to 2025-01-07 12:42:00+00:00, run_after=2025-01-07 12:43:00+00:00
[2025-01-07T12:43:12.668+0000] {processor.py:208} INFO - Processing /home/airflow/.local/lib/python3.12/site-packages/airflow/example_dags/example_branch_python_dop_operator_3.py took 0.595 seconds
