[2025-01-07T11:47:33.576+0000] {processor.py:186} INFO - Started process (PID=83) to work on /home/airflow/.local/lib/python3.12/site-packages/airflow/example_dags/example_external_task_marker_dag.py
[2025-01-07T11:47:33.578+0000] {processor.py:914} INFO - Processing file /home/airflow/.local/lib/python3.12/site-packages/airflow/example_dags/example_external_task_marker_dag.py for tasks to queue
[2025-01-07T11:47:33.582+0000] {logging_mixin.py:190} INFO - [2025-01-07T11:47:33.581+0000] {dagbag.py:588} INFO - Filling up the DagBag from /home/airflow/.local/lib/python3.12/site-packages/airflow/example_dags/example_external_task_marker_dag.py
[2025-01-07T11:47:33.592+0000] {processor.py:925} INFO - DAG(s) 'example_external_task_marker_child', 'example_external_task_marker_parent' retrieved from /home/airflow/.local/lib/python3.12/site-packages/airflow/example_dags/example_external_task_marker_dag.py
[2025-01-07T11:47:33.757+0000] {logging_mixin.py:190} INFO - [2025-01-07T11:47:33.756+0000] {override.py:1911} INFO - Created Permission View: can read on DAG:example_external_task_marker_child
[2025-01-07T11:47:33.769+0000] {logging_mixin.py:190} INFO - [2025-01-07T11:47:33.769+0000] {override.py:1911} INFO - Created Permission View: can delete on DAG:example_external_task_marker_child
[2025-01-07T11:47:33.789+0000] {logging_mixin.py:190} INFO - [2025-01-07T11:47:33.789+0000] {override.py:1911} INFO - Created Permission View: can edit on DAG:example_external_task_marker_child
[2025-01-07T11:47:33.801+0000] {logging_mixin.py:190} INFO - [2025-01-07T11:47:33.801+0000] {override.py:1911} INFO - Created Permission View: menu access on DAG Run:example_external_task_marker_child
[2025-01-07T11:47:33.827+0000] {logging_mixin.py:190} INFO - [2025-01-07T11:47:33.826+0000] {override.py:1911} INFO - Created Permission View: can read on DAG Run:example_external_task_marker_child
[2025-01-07T11:47:33.840+0000] {logging_mixin.py:190} INFO - [2025-01-07T11:47:33.838+0000] {override.py:1911} INFO - Created Permission View: can delete on DAG Run:example_external_task_marker_child
[2025-01-07T11:47:33.850+0000] {logging_mixin.py:190} INFO - [2025-01-07T11:47:33.849+0000] {override.py:1911} INFO - Created Permission View: can create on DAG Run:example_external_task_marker_child
[2025-01-07T11:47:33.890+0000] {logging_mixin.py:190} INFO - [2025-01-07T11:47:33.888+0000] {override.py:1911} INFO - Created Permission View: can read on DAG:example_external_task_marker_parent
[2025-01-07T11:47:33.911+0000] {logging_mixin.py:190} INFO - [2025-01-07T11:47:33.910+0000] {override.py:1911} INFO - Created Permission View: can delete on DAG:example_external_task_marker_parent
[2025-01-07T11:47:33.929+0000] {logging_mixin.py:190} INFO - [2025-01-07T11:47:33.929+0000] {override.py:1911} INFO - Created Permission View: can edit on DAG:example_external_task_marker_parent
[2025-01-07T11:47:33.952+0000] {logging_mixin.py:190} INFO - [2025-01-07T11:47:33.951+0000] {override.py:1911} INFO - Created Permission View: menu access on DAG Run:example_external_task_marker_parent
[2025-01-07T11:47:33.960+0000] {logging_mixin.py:190} INFO - [2025-01-07T11:47:33.960+0000] {override.py:1911} INFO - Created Permission View: can read on DAG Run:example_external_task_marker_parent
[2025-01-07T11:47:33.973+0000] {logging_mixin.py:190} INFO - [2025-01-07T11:47:33.973+0000] {override.py:1911} INFO - Created Permission View: can delete on DAG Run:example_external_task_marker_parent
[2025-01-07T11:47:33.984+0000] {logging_mixin.py:190} INFO - [2025-01-07T11:47:33.984+0000] {override.py:1911} INFO - Created Permission View: can create on DAG Run:example_external_task_marker_parent
[2025-01-07T11:47:33.985+0000] {logging_mixin.py:190} INFO - [2025-01-07T11:47:33.985+0000] {dag.py:3239} INFO - Sync 2 DAGs
[2025-01-07T11:47:34.000+0000] {logging_mixin.py:190} INFO - [2025-01-07T11:47:33.999+0000] {dag.py:3262} INFO - Creating ORM DAG for example_external_task_marker_parent
[2025-01-07T11:47:34.001+0000] {logging_mixin.py:190} INFO - [2025-01-07T11:47:34.001+0000] {dag.py:3262} INFO - Creating ORM DAG for example_external_task_marker_child
[2025-01-07T11:47:34.002+0000] {logging_mixin.py:190} INFO - [2025-01-07T11:47:34.002+0000] {dag.py:4180} INFO - Setting next_dagrun for example_external_task_marker_child to None, run_after=None
[2025-01-07T11:47:34.003+0000] {logging_mixin.py:190} INFO - [2025-01-07T11:47:34.003+0000] {dag.py:4180} INFO - Setting next_dagrun for example_external_task_marker_parent to None, run_after=None
[2025-01-07T11:47:34.026+0000] {processor.py:208} INFO - Processing /home/airflow/.local/lib/python3.12/site-packages/airflow/example_dags/example_external_task_marker_dag.py took 0.459 seconds
[2025-01-07T11:48:29.091+0000] {processor.py:186} INFO - Started process (PID=152) to work on /home/airflow/.local/lib/python3.12/site-packages/airflow/example_dags/example_external_task_marker_dag.py
[2025-01-07T11:48:29.093+0000] {processor.py:914} INFO - Processing file /home/airflow/.local/lib/python3.12/site-packages/airflow/example_dags/example_external_task_marker_dag.py for tasks to queue
[2025-01-07T11:48:29.096+0000] {logging_mixin.py:190} INFO - [2025-01-07T11:48:29.095+0000] {dagbag.py:588} INFO - Filling up the DagBag from /home/airflow/.local/lib/python3.12/site-packages/airflow/example_dags/example_external_task_marker_dag.py
[2025-01-07T11:48:29.106+0000] {processor.py:925} INFO - DAG(s) 'example_external_task_marker_parent', 'example_external_task_marker_child' retrieved from /home/airflow/.local/lib/python3.12/site-packages/airflow/example_dags/example_external_task_marker_dag.py
[2025-01-07T11:48:29.134+0000] {logging_mixin.py:190} INFO - [2025-01-07T11:48:29.134+0000] {dag.py:3239} INFO - Sync 2 DAGs
[2025-01-07T11:48:29.156+0000] {logging_mixin.py:190} INFO - [2025-01-07T11:48:29.156+0000] {dag.py:4180} INFO - Setting next_dagrun for example_external_task_marker_child to None, run_after=None
[2025-01-07T11:48:29.162+0000] {logging_mixin.py:190} INFO - [2025-01-07T11:48:29.162+0000] {dag.py:4180} INFO - Setting next_dagrun for example_external_task_marker_parent to None, run_after=None
[2025-01-07T11:48:29.184+0000] {processor.py:208} INFO - Processing /home/airflow/.local/lib/python3.12/site-packages/airflow/example_dags/example_external_task_marker_dag.py took 0.101 seconds
[2025-01-07T11:49:00.120+0000] {processor.py:186} INFO - Started process (PID=216) to work on /home/airflow/.local/lib/python3.12/site-packages/airflow/example_dags/example_external_task_marker_dag.py
[2025-01-07T11:49:00.121+0000] {processor.py:914} INFO - Processing file /home/airflow/.local/lib/python3.12/site-packages/airflow/example_dags/example_external_task_marker_dag.py for tasks to queue
[2025-01-07T11:49:00.123+0000] {logging_mixin.py:190} INFO - [2025-01-07T11:49:00.123+0000] {dagbag.py:588} INFO - Filling up the DagBag from /home/airflow/.local/lib/python3.12/site-packages/airflow/example_dags/example_external_task_marker_dag.py
[2025-01-07T11:49:00.131+0000] {processor.py:925} INFO - DAG(s) 'example_external_task_marker_child', 'example_external_task_marker_parent' retrieved from /home/airflow/.local/lib/python3.12/site-packages/airflow/example_dags/example_external_task_marker_dag.py
[2025-01-07T11:49:00.153+0000] {logging_mixin.py:190} INFO - [2025-01-07T11:49:00.153+0000] {dag.py:3239} INFO - Sync 2 DAGs
[2025-01-07T11:49:00.166+0000] {logging_mixin.py:190} INFO - [2025-01-07T11:49:00.166+0000] {dag.py:4180} INFO - Setting next_dagrun for example_external_task_marker_child to None, run_after=None
[2025-01-07T11:49:00.170+0000] {logging_mixin.py:190} INFO - [2025-01-07T11:49:00.170+0000] {dag.py:4180} INFO - Setting next_dagrun for example_external_task_marker_parent to None, run_after=None
[2025-01-07T11:49:00.192+0000] {processor.py:208} INFO - Processing /home/airflow/.local/lib/python3.12/site-packages/airflow/example_dags/example_external_task_marker_dag.py took 0.079 seconds
[2025-01-07T11:49:30.930+0000] {processor.py:186} INFO - Started process (PID=279) to work on /home/airflow/.local/lib/python3.12/site-packages/airflow/example_dags/example_external_task_marker_dag.py
[2025-01-07T11:49:30.932+0000] {processor.py:914} INFO - Processing file /home/airflow/.local/lib/python3.12/site-packages/airflow/example_dags/example_external_task_marker_dag.py for tasks to queue
[2025-01-07T11:49:30.934+0000] {logging_mixin.py:190} INFO - [2025-01-07T11:49:30.934+0000] {dagbag.py:588} INFO - Filling up the DagBag from /home/airflow/.local/lib/python3.12/site-packages/airflow/example_dags/example_external_task_marker_dag.py
[2025-01-07T11:49:30.942+0000] {processor.py:925} INFO - DAG(s) 'example_external_task_marker_child', 'example_external_task_marker_parent' retrieved from /home/airflow/.local/lib/python3.12/site-packages/airflow/example_dags/example_external_task_marker_dag.py
[2025-01-07T11:49:30.965+0000] {logging_mixin.py:190} INFO - [2025-01-07T11:49:30.964+0000] {dag.py:3239} INFO - Sync 2 DAGs
[2025-01-07T11:49:30.979+0000] {logging_mixin.py:190} INFO - [2025-01-07T11:49:30.979+0000] {dag.py:4180} INFO - Setting next_dagrun for example_external_task_marker_child to None, run_after=None
[2025-01-07T11:49:30.983+0000] {logging_mixin.py:190} INFO - [2025-01-07T11:49:30.983+0000] {dag.py:4180} INFO - Setting next_dagrun for example_external_task_marker_parent to None, run_after=None
[2025-01-07T11:49:31.007+0000] {processor.py:208} INFO - Processing /home/airflow/.local/lib/python3.12/site-packages/airflow/example_dags/example_external_task_marker_dag.py took 0.083 seconds
[2025-01-07T11:50:01.306+0000] {processor.py:186} INFO - Started process (PID=342) to work on /home/airflow/.local/lib/python3.12/site-packages/airflow/example_dags/example_external_task_marker_dag.py
[2025-01-07T11:50:01.308+0000] {processor.py:914} INFO - Processing file /home/airflow/.local/lib/python3.12/site-packages/airflow/example_dags/example_external_task_marker_dag.py for tasks to queue
[2025-01-07T11:50:01.311+0000] {logging_mixin.py:190} INFO - [2025-01-07T11:50:01.311+0000] {dagbag.py:588} INFO - Filling up the DagBag from /home/airflow/.local/lib/python3.12/site-packages/airflow/example_dags/example_external_task_marker_dag.py
[2025-01-07T11:50:01.319+0000] {processor.py:925} INFO - DAG(s) 'example_external_task_marker_parent', 'example_external_task_marker_child' retrieved from /home/airflow/.local/lib/python3.12/site-packages/airflow/example_dags/example_external_task_marker_dag.py
[2025-01-07T11:50:01.340+0000] {logging_mixin.py:190} INFO - [2025-01-07T11:50:01.340+0000] {dag.py:3239} INFO - Sync 2 DAGs
[2025-01-07T11:50:01.355+0000] {logging_mixin.py:190} INFO - [2025-01-07T11:50:01.354+0000] {dag.py:4180} INFO - Setting next_dagrun for example_external_task_marker_child to None, run_after=None
[2025-01-07T11:50:01.358+0000] {logging_mixin.py:190} INFO - [2025-01-07T11:50:01.358+0000] {dag.py:4180} INFO - Setting next_dagrun for example_external_task_marker_parent to None, run_after=None
[2025-01-07T11:50:01.377+0000] {processor.py:208} INFO - Processing /home/airflow/.local/lib/python3.12/site-packages/airflow/example_dags/example_external_task_marker_dag.py took 0.078 seconds
[2025-01-07T11:50:31.537+0000] {processor.py:186} INFO - Started process (PID=405) to work on /home/airflow/.local/lib/python3.12/site-packages/airflow/example_dags/example_external_task_marker_dag.py
[2025-01-07T11:50:31.538+0000] {processor.py:914} INFO - Processing file /home/airflow/.local/lib/python3.12/site-packages/airflow/example_dags/example_external_task_marker_dag.py for tasks to queue
[2025-01-07T11:50:31.541+0000] {logging_mixin.py:190} INFO - [2025-01-07T11:50:31.541+0000] {dagbag.py:588} INFO - Filling up the DagBag from /home/airflow/.local/lib/python3.12/site-packages/airflow/example_dags/example_external_task_marker_dag.py
[2025-01-07T11:50:31.552+0000] {processor.py:925} INFO - DAG(s) 'example_external_task_marker_child', 'example_external_task_marker_parent' retrieved from /home/airflow/.local/lib/python3.12/site-packages/airflow/example_dags/example_external_task_marker_dag.py
[2025-01-07T11:50:31.576+0000] {logging_mixin.py:190} INFO - [2025-01-07T11:50:31.575+0000] {dag.py:3239} INFO - Sync 2 DAGs
[2025-01-07T11:50:31.594+0000] {logging_mixin.py:190} INFO - [2025-01-07T11:50:31.594+0000] {dag.py:4180} INFO - Setting next_dagrun for example_external_task_marker_child to None, run_after=None
[2025-01-07T11:50:31.598+0000] {logging_mixin.py:190} INFO - [2025-01-07T11:50:31.598+0000] {dag.py:4180} INFO - Setting next_dagrun for example_external_task_marker_parent to None, run_after=None
[2025-01-07T11:50:31.621+0000] {processor.py:208} INFO - Processing /home/airflow/.local/lib/python3.12/site-packages/airflow/example_dags/example_external_task_marker_dag.py took 0.090 seconds
[2025-01-07T11:51:02.765+0000] {processor.py:186} INFO - Started process (PID=468) to work on /home/airflow/.local/lib/python3.12/site-packages/airflow/example_dags/example_external_task_marker_dag.py
[2025-01-07T11:51:02.766+0000] {processor.py:914} INFO - Processing file /home/airflow/.local/lib/python3.12/site-packages/airflow/example_dags/example_external_task_marker_dag.py for tasks to queue
[2025-01-07T11:51:02.769+0000] {logging_mixin.py:190} INFO - [2025-01-07T11:51:02.769+0000] {dagbag.py:588} INFO - Filling up the DagBag from /home/airflow/.local/lib/python3.12/site-packages/airflow/example_dags/example_external_task_marker_dag.py
[2025-01-07T11:51:02.780+0000] {processor.py:925} INFO - DAG(s) 'example_external_task_marker_child', 'example_external_task_marker_parent' retrieved from /home/airflow/.local/lib/python3.12/site-packages/airflow/example_dags/example_external_task_marker_dag.py
[2025-01-07T11:51:02.808+0000] {logging_mixin.py:190} INFO - [2025-01-07T11:51:02.808+0000] {dag.py:3239} INFO - Sync 2 DAGs
[2025-01-07T11:51:02.825+0000] {logging_mixin.py:190} INFO - [2025-01-07T11:51:02.825+0000] {dag.py:4180} INFO - Setting next_dagrun for example_external_task_marker_child to None, run_after=None
[2025-01-07T11:51:02.830+0000] {logging_mixin.py:190} INFO - [2025-01-07T11:51:02.829+0000] {dag.py:4180} INFO - Setting next_dagrun for example_external_task_marker_parent to None, run_after=None
[2025-01-07T11:51:02.849+0000] {processor.py:208} INFO - Processing /home/airflow/.local/lib/python3.12/site-packages/airflow/example_dags/example_external_task_marker_dag.py took 0.092 seconds
[2025-01-07T11:51:34.223+0000] {processor.py:186} INFO - Started process (PID=531) to work on /home/airflow/.local/lib/python3.12/site-packages/airflow/example_dags/example_external_task_marker_dag.py
[2025-01-07T11:51:34.224+0000] {processor.py:914} INFO - Processing file /home/airflow/.local/lib/python3.12/site-packages/airflow/example_dags/example_external_task_marker_dag.py for tasks to queue
[2025-01-07T11:51:34.228+0000] {logging_mixin.py:190} INFO - [2025-01-07T11:51:34.227+0000] {dagbag.py:588} INFO - Filling up the DagBag from /home/airflow/.local/lib/python3.12/site-packages/airflow/example_dags/example_external_task_marker_dag.py
[2025-01-07T11:51:34.241+0000] {processor.py:925} INFO - DAG(s) 'example_external_task_marker_parent', 'example_external_task_marker_child' retrieved from /home/airflow/.local/lib/python3.12/site-packages/airflow/example_dags/example_external_task_marker_dag.py
[2025-01-07T11:51:34.271+0000] {logging_mixin.py:190} INFO - [2025-01-07T11:51:34.271+0000] {dag.py:3239} INFO - Sync 2 DAGs
[2025-01-07T11:51:34.291+0000] {logging_mixin.py:190} INFO - [2025-01-07T11:51:34.291+0000] {dag.py:4180} INFO - Setting next_dagrun for example_external_task_marker_child to None, run_after=None
[2025-01-07T11:51:34.298+0000] {logging_mixin.py:190} INFO - [2025-01-07T11:51:34.297+0000] {dag.py:4180} INFO - Setting next_dagrun for example_external_task_marker_parent to None, run_after=None
[2025-01-07T11:51:34.324+0000] {processor.py:208} INFO - Processing /home/airflow/.local/lib/python3.12/site-packages/airflow/example_dags/example_external_task_marker_dag.py took 0.109 seconds
[2025-01-07T11:52:04.405+0000] {processor.py:186} INFO - Started process (PID=594) to work on /home/airflow/.local/lib/python3.12/site-packages/airflow/example_dags/example_external_task_marker_dag.py
[2025-01-07T11:52:04.407+0000] {processor.py:914} INFO - Processing file /home/airflow/.local/lib/python3.12/site-packages/airflow/example_dags/example_external_task_marker_dag.py for tasks to queue
[2025-01-07T11:52:04.412+0000] {logging_mixin.py:190} INFO - [2025-01-07T11:52:04.411+0000] {dagbag.py:588} INFO - Filling up the DagBag from /home/airflow/.local/lib/python3.12/site-packages/airflow/example_dags/example_external_task_marker_dag.py
[2025-01-07T11:52:04.422+0000] {processor.py:925} INFO - DAG(s) 'example_external_task_marker_parent', 'example_external_task_marker_child' retrieved from /home/airflow/.local/lib/python3.12/site-packages/airflow/example_dags/example_external_task_marker_dag.py
[2025-01-07T11:52:04.450+0000] {logging_mixin.py:190} INFO - [2025-01-07T11:52:04.449+0000] {dag.py:3239} INFO - Sync 2 DAGs
[2025-01-07T11:52:04.465+0000] {logging_mixin.py:190} INFO - [2025-01-07T11:52:04.465+0000] {dag.py:4180} INFO - Setting next_dagrun for example_external_task_marker_child to None, run_after=None
[2025-01-07T11:52:04.469+0000] {logging_mixin.py:190} INFO - [2025-01-07T11:52:04.468+0000] {dag.py:4180} INFO - Setting next_dagrun for example_external_task_marker_parent to None, run_after=None
[2025-01-07T11:52:04.487+0000] {processor.py:208} INFO - Processing /home/airflow/.local/lib/python3.12/site-packages/airflow/example_dags/example_external_task_marker_dag.py took 0.088 seconds
[2025-01-07T11:52:34.963+0000] {processor.py:186} INFO - Started process (PID=657) to work on /home/airflow/.local/lib/python3.12/site-packages/airflow/example_dags/example_external_task_marker_dag.py
[2025-01-07T11:52:34.964+0000] {processor.py:914} INFO - Processing file /home/airflow/.local/lib/python3.12/site-packages/airflow/example_dags/example_external_task_marker_dag.py for tasks to queue
[2025-01-07T11:52:34.966+0000] {logging_mixin.py:190} INFO - [2025-01-07T11:52:34.966+0000] {dagbag.py:588} INFO - Filling up the DagBag from /home/airflow/.local/lib/python3.12/site-packages/airflow/example_dags/example_external_task_marker_dag.py
[2025-01-07T11:52:34.976+0000] {processor.py:925} INFO - DAG(s) 'example_external_task_marker_child', 'example_external_task_marker_parent' retrieved from /home/airflow/.local/lib/python3.12/site-packages/airflow/example_dags/example_external_task_marker_dag.py
[2025-01-07T11:52:35.004+0000] {logging_mixin.py:190} INFO - [2025-01-07T11:52:35.004+0000] {dag.py:3239} INFO - Sync 2 DAGs
[2025-01-07T11:52:35.021+0000] {logging_mixin.py:190} INFO - [2025-01-07T11:52:35.021+0000] {dag.py:4180} INFO - Setting next_dagrun for example_external_task_marker_child to None, run_after=None
[2025-01-07T11:52:35.026+0000] {logging_mixin.py:190} INFO - [2025-01-07T11:52:35.025+0000] {dag.py:4180} INFO - Setting next_dagrun for example_external_task_marker_parent to None, run_after=None
[2025-01-07T11:52:35.043+0000] {processor.py:208} INFO - Processing /home/airflow/.local/lib/python3.12/site-packages/airflow/example_dags/example_external_task_marker_dag.py took 0.086 seconds
[2025-01-07T11:53:05.580+0000] {processor.py:186} INFO - Started process (PID=720) to work on /home/airflow/.local/lib/python3.12/site-packages/airflow/example_dags/example_external_task_marker_dag.py
[2025-01-07T11:53:05.581+0000] {processor.py:914} INFO - Processing file /home/airflow/.local/lib/python3.12/site-packages/airflow/example_dags/example_external_task_marker_dag.py for tasks to queue
[2025-01-07T11:53:05.584+0000] {logging_mixin.py:190} INFO - [2025-01-07T11:53:05.583+0000] {dagbag.py:588} INFO - Filling up the DagBag from /home/airflow/.local/lib/python3.12/site-packages/airflow/example_dags/example_external_task_marker_dag.py
[2025-01-07T11:53:05.591+0000] {processor.py:925} INFO - DAG(s) 'example_external_task_marker_parent', 'example_external_task_marker_child' retrieved from /home/airflow/.local/lib/python3.12/site-packages/airflow/example_dags/example_external_task_marker_dag.py
[2025-01-07T11:53:05.613+0000] {logging_mixin.py:190} INFO - [2025-01-07T11:53:05.613+0000] {dag.py:3239} INFO - Sync 2 DAGs
[2025-01-07T11:53:05.627+0000] {logging_mixin.py:190} INFO - [2025-01-07T11:53:05.627+0000] {dag.py:4180} INFO - Setting next_dagrun for example_external_task_marker_child to None, run_after=None
[2025-01-07T11:53:05.631+0000] {logging_mixin.py:190} INFO - [2025-01-07T11:53:05.631+0000] {dag.py:4180} INFO - Setting next_dagrun for example_external_task_marker_parent to None, run_after=None
[2025-01-07T11:53:05.648+0000] {processor.py:208} INFO - Processing /home/airflow/.local/lib/python3.12/site-packages/airflow/example_dags/example_external_task_marker_dag.py took 0.074 seconds
[2025-01-07T11:53:35.716+0000] {processor.py:186} INFO - Started process (PID=782) to work on /home/airflow/.local/lib/python3.12/site-packages/airflow/example_dags/example_external_task_marker_dag.py
[2025-01-07T11:53:35.717+0000] {processor.py:914} INFO - Processing file /home/airflow/.local/lib/python3.12/site-packages/airflow/example_dags/example_external_task_marker_dag.py for tasks to queue
[2025-01-07T11:53:35.719+0000] {logging_mixin.py:190} INFO - [2025-01-07T11:53:35.719+0000] {dagbag.py:588} INFO - Filling up the DagBag from /home/airflow/.local/lib/python3.12/site-packages/airflow/example_dags/example_external_task_marker_dag.py
[2025-01-07T11:53:35.727+0000] {processor.py:925} INFO - DAG(s) 'example_external_task_marker_parent', 'example_external_task_marker_child' retrieved from /home/airflow/.local/lib/python3.12/site-packages/airflow/example_dags/example_external_task_marker_dag.py
[2025-01-07T11:53:35.749+0000] {logging_mixin.py:190} INFO - [2025-01-07T11:53:35.749+0000] {dag.py:3239} INFO - Sync 2 DAGs
[2025-01-07T11:53:35.763+0000] {logging_mixin.py:190} INFO - [2025-01-07T11:53:35.762+0000] {dag.py:4180} INFO - Setting next_dagrun for example_external_task_marker_child to None, run_after=None
[2025-01-07T11:53:35.766+0000] {logging_mixin.py:190} INFO - [2025-01-07T11:53:35.766+0000] {dag.py:4180} INFO - Setting next_dagrun for example_external_task_marker_parent to None, run_after=None
[2025-01-07T11:53:35.781+0000] {processor.py:208} INFO - Processing /home/airflow/.local/lib/python3.12/site-packages/airflow/example_dags/example_external_task_marker_dag.py took 0.071 seconds
[2025-01-07T11:54:06.467+0000] {processor.py:186} INFO - Started process (PID=845) to work on /home/airflow/.local/lib/python3.12/site-packages/airflow/example_dags/example_external_task_marker_dag.py
[2025-01-07T11:54:06.468+0000] {processor.py:914} INFO - Processing file /home/airflow/.local/lib/python3.12/site-packages/airflow/example_dags/example_external_task_marker_dag.py for tasks to queue
[2025-01-07T11:54:06.471+0000] {logging_mixin.py:190} INFO - [2025-01-07T11:54:06.470+0000] {dagbag.py:588} INFO - Filling up the DagBag from /home/airflow/.local/lib/python3.12/site-packages/airflow/example_dags/example_external_task_marker_dag.py
[2025-01-07T11:54:06.481+0000] {processor.py:925} INFO - DAG(s) 'example_external_task_marker_parent', 'example_external_task_marker_child' retrieved from /home/airflow/.local/lib/python3.12/site-packages/airflow/example_dags/example_external_task_marker_dag.py
[2025-01-07T11:54:06.504+0000] {logging_mixin.py:190} INFO - [2025-01-07T11:54:06.504+0000] {dag.py:3239} INFO - Sync 2 DAGs
[2025-01-07T11:54:06.518+0000] {logging_mixin.py:190} INFO - [2025-01-07T11:54:06.518+0000] {dag.py:4180} INFO - Setting next_dagrun for example_external_task_marker_child to None, run_after=None
[2025-01-07T11:54:06.522+0000] {logging_mixin.py:190} INFO - [2025-01-07T11:54:06.522+0000] {dag.py:4180} INFO - Setting next_dagrun for example_external_task_marker_parent to None, run_after=None
[2025-01-07T11:54:06.539+0000] {processor.py:208} INFO - Processing /home/airflow/.local/lib/python3.12/site-packages/airflow/example_dags/example_external_task_marker_dag.py took 0.078 seconds
[2025-01-07T11:54:37.299+0000] {processor.py:186} INFO - Started process (PID=908) to work on /home/airflow/.local/lib/python3.12/site-packages/airflow/example_dags/example_external_task_marker_dag.py
[2025-01-07T11:54:37.300+0000] {processor.py:914} INFO - Processing file /home/airflow/.local/lib/python3.12/site-packages/airflow/example_dags/example_external_task_marker_dag.py for tasks to queue
[2025-01-07T11:54:37.303+0000] {logging_mixin.py:190} INFO - [2025-01-07T11:54:37.303+0000] {dagbag.py:588} INFO - Filling up the DagBag from /home/airflow/.local/lib/python3.12/site-packages/airflow/example_dags/example_external_task_marker_dag.py
[2025-01-07T11:54:37.311+0000] {processor.py:925} INFO - DAG(s) 'example_external_task_marker_parent', 'example_external_task_marker_child' retrieved from /home/airflow/.local/lib/python3.12/site-packages/airflow/example_dags/example_external_task_marker_dag.py
[2025-01-07T11:54:37.334+0000] {logging_mixin.py:190} INFO - [2025-01-07T11:54:37.334+0000] {dag.py:3239} INFO - Sync 2 DAGs
[2025-01-07T11:54:37.350+0000] {logging_mixin.py:190} INFO - [2025-01-07T11:54:37.350+0000] {dag.py:4180} INFO - Setting next_dagrun for example_external_task_marker_child to None, run_after=None
[2025-01-07T11:54:37.353+0000] {logging_mixin.py:190} INFO - [2025-01-07T11:54:37.353+0000] {dag.py:4180} INFO - Setting next_dagrun for example_external_task_marker_parent to None, run_after=None
[2025-01-07T11:54:37.371+0000] {processor.py:208} INFO - Processing /home/airflow/.local/lib/python3.12/site-packages/airflow/example_dags/example_external_task_marker_dag.py took 0.078 seconds
[2025-01-07T11:55:07.646+0000] {processor.py:186} INFO - Started process (PID=971) to work on /home/airflow/.local/lib/python3.12/site-packages/airflow/example_dags/example_external_task_marker_dag.py
[2025-01-07T11:55:07.647+0000] {processor.py:914} INFO - Processing file /home/airflow/.local/lib/python3.12/site-packages/airflow/example_dags/example_external_task_marker_dag.py for tasks to queue
[2025-01-07T11:55:07.649+0000] {logging_mixin.py:190} INFO - [2025-01-07T11:55:07.649+0000] {dagbag.py:588} INFO - Filling up the DagBag from /home/airflow/.local/lib/python3.12/site-packages/airflow/example_dags/example_external_task_marker_dag.py
[2025-01-07T11:55:07.657+0000] {processor.py:925} INFO - DAG(s) 'example_external_task_marker_child', 'example_external_task_marker_parent' retrieved from /home/airflow/.local/lib/python3.12/site-packages/airflow/example_dags/example_external_task_marker_dag.py
[2025-01-07T11:55:07.681+0000] {logging_mixin.py:190} INFO - [2025-01-07T11:55:07.680+0000] {dag.py:3239} INFO - Sync 2 DAGs
[2025-01-07T11:55:07.700+0000] {logging_mixin.py:190} INFO - [2025-01-07T11:55:07.699+0000] {dag.py:4180} INFO - Setting next_dagrun for example_external_task_marker_child to None, run_after=None
[2025-01-07T11:55:07.705+0000] {logging_mixin.py:190} INFO - [2025-01-07T11:55:07.704+0000] {dag.py:4180} INFO - Setting next_dagrun for example_external_task_marker_parent to None, run_after=None
[2025-01-07T11:55:07.725+0000] {processor.py:208} INFO - Processing /home/airflow/.local/lib/python3.12/site-packages/airflow/example_dags/example_external_task_marker_dag.py took 0.086 seconds
[2025-01-07T11:55:38.359+0000] {processor.py:186} INFO - Started process (PID=1034) to work on /home/airflow/.local/lib/python3.12/site-packages/airflow/example_dags/example_external_task_marker_dag.py
[2025-01-07T11:55:38.360+0000] {processor.py:914} INFO - Processing file /home/airflow/.local/lib/python3.12/site-packages/airflow/example_dags/example_external_task_marker_dag.py for tasks to queue
[2025-01-07T11:55:38.362+0000] {logging_mixin.py:190} INFO - [2025-01-07T11:55:38.362+0000] {dagbag.py:588} INFO - Filling up the DagBag from /home/airflow/.local/lib/python3.12/site-packages/airflow/example_dags/example_external_task_marker_dag.py
[2025-01-07T11:55:38.372+0000] {processor.py:925} INFO - DAG(s) 'example_external_task_marker_parent', 'example_external_task_marker_child' retrieved from /home/airflow/.local/lib/python3.12/site-packages/airflow/example_dags/example_external_task_marker_dag.py
[2025-01-07T11:55:38.394+0000] {logging_mixin.py:190} INFO - [2025-01-07T11:55:38.394+0000] {dag.py:3239} INFO - Sync 2 DAGs
[2025-01-07T11:55:38.409+0000] {logging_mixin.py:190} INFO - [2025-01-07T11:55:38.408+0000] {dag.py:4180} INFO - Setting next_dagrun for example_external_task_marker_child to None, run_after=None
[2025-01-07T11:55:38.413+0000] {logging_mixin.py:190} INFO - [2025-01-07T11:55:38.413+0000] {dag.py:4180} INFO - Setting next_dagrun for example_external_task_marker_parent to None, run_after=None
[2025-01-07T11:55:38.432+0000] {processor.py:208} INFO - Processing /home/airflow/.local/lib/python3.12/site-packages/airflow/example_dags/example_external_task_marker_dag.py took 0.079 seconds
[2025-01-07T11:56:08.948+0000] {processor.py:186} INFO - Started process (PID=1097) to work on /home/airflow/.local/lib/python3.12/site-packages/airflow/example_dags/example_external_task_marker_dag.py
[2025-01-07T11:56:08.949+0000] {processor.py:914} INFO - Processing file /home/airflow/.local/lib/python3.12/site-packages/airflow/example_dags/example_external_task_marker_dag.py for tasks to queue
[2025-01-07T11:56:08.955+0000] {logging_mixin.py:190} INFO - [2025-01-07T11:56:08.954+0000] {dagbag.py:588} INFO - Filling up the DagBag from /home/airflow/.local/lib/python3.12/site-packages/airflow/example_dags/example_external_task_marker_dag.py
[2025-01-07T11:56:08.964+0000] {processor.py:925} INFO - DAG(s) 'example_external_task_marker_child', 'example_external_task_marker_parent' retrieved from /home/airflow/.local/lib/python3.12/site-packages/airflow/example_dags/example_external_task_marker_dag.py
[2025-01-07T11:56:09.012+0000] {logging_mixin.py:190} INFO - [2025-01-07T11:56:09.011+0000] {dag.py:3239} INFO - Sync 2 DAGs
[2025-01-07T11:56:09.034+0000] {logging_mixin.py:190} INFO - [2025-01-07T11:56:09.033+0000] {dag.py:4180} INFO - Setting next_dagrun for example_external_task_marker_child to None, run_after=None
[2025-01-07T11:56:09.041+0000] {logging_mixin.py:190} INFO - [2025-01-07T11:56:09.041+0000] {dag.py:4180} INFO - Setting next_dagrun for example_external_task_marker_parent to None, run_after=None
[2025-01-07T11:56:09.066+0000] {processor.py:208} INFO - Processing /home/airflow/.local/lib/python3.12/site-packages/airflow/example_dags/example_external_task_marker_dag.py took 0.125 seconds
[2025-01-07T11:56:39.769+0000] {processor.py:186} INFO - Started process (PID=1160) to work on /home/airflow/.local/lib/python3.12/site-packages/airflow/example_dags/example_external_task_marker_dag.py
[2025-01-07T11:56:39.770+0000] {processor.py:914} INFO - Processing file /home/airflow/.local/lib/python3.12/site-packages/airflow/example_dags/example_external_task_marker_dag.py for tasks to queue
[2025-01-07T11:56:39.773+0000] {logging_mixin.py:190} INFO - [2025-01-07T11:56:39.773+0000] {dagbag.py:588} INFO - Filling up the DagBag from /home/airflow/.local/lib/python3.12/site-packages/airflow/example_dags/example_external_task_marker_dag.py
[2025-01-07T11:56:39.783+0000] {processor.py:925} INFO - DAG(s) 'example_external_task_marker_child', 'example_external_task_marker_parent' retrieved from /home/airflow/.local/lib/python3.12/site-packages/airflow/example_dags/example_external_task_marker_dag.py
[2025-01-07T11:56:39.809+0000] {logging_mixin.py:190} INFO - [2025-01-07T11:56:39.809+0000] {dag.py:3239} INFO - Sync 2 DAGs
[2025-01-07T11:56:39.824+0000] {logging_mixin.py:190} INFO - [2025-01-07T11:56:39.824+0000] {dag.py:4180} INFO - Setting next_dagrun for example_external_task_marker_child to None, run_after=None
[2025-01-07T11:56:39.829+0000] {logging_mixin.py:190} INFO - [2025-01-07T11:56:39.828+0000] {dag.py:4180} INFO - Setting next_dagrun for example_external_task_marker_parent to None, run_after=None
[2025-01-07T11:56:39.845+0000] {processor.py:208} INFO - Processing /home/airflow/.local/lib/python3.12/site-packages/airflow/example_dags/example_external_task_marker_dag.py took 0.084 seconds
[2025-01-07T11:57:10.065+0000] {processor.py:186} INFO - Started process (PID=1223) to work on /home/airflow/.local/lib/python3.12/site-packages/airflow/example_dags/example_external_task_marker_dag.py
[2025-01-07T11:57:10.066+0000] {processor.py:914} INFO - Processing file /home/airflow/.local/lib/python3.12/site-packages/airflow/example_dags/example_external_task_marker_dag.py for tasks to queue
[2025-01-07T11:57:10.069+0000] {logging_mixin.py:190} INFO - [2025-01-07T11:57:10.068+0000] {dagbag.py:588} INFO - Filling up the DagBag from /home/airflow/.local/lib/python3.12/site-packages/airflow/example_dags/example_external_task_marker_dag.py
[2025-01-07T11:57:10.077+0000] {processor.py:925} INFO - DAG(s) 'example_external_task_marker_parent', 'example_external_task_marker_child' retrieved from /home/airflow/.local/lib/python3.12/site-packages/airflow/example_dags/example_external_task_marker_dag.py
[2025-01-07T11:57:10.099+0000] {logging_mixin.py:190} INFO - [2025-01-07T11:57:10.098+0000] {dag.py:3239} INFO - Sync 2 DAGs
[2025-01-07T11:57:10.114+0000] {logging_mixin.py:190} INFO - [2025-01-07T11:57:10.114+0000] {dag.py:4180} INFO - Setting next_dagrun for example_external_task_marker_child to None, run_after=None
[2025-01-07T11:57:10.118+0000] {logging_mixin.py:190} INFO - [2025-01-07T11:57:10.117+0000] {dag.py:4180} INFO - Setting next_dagrun for example_external_task_marker_parent to None, run_after=None
[2025-01-07T11:57:10.132+0000] {processor.py:208} INFO - Processing /home/airflow/.local/lib/python3.12/site-packages/airflow/example_dags/example_external_task_marker_dag.py took 0.073 seconds
[2025-01-07T11:57:41.319+0000] {processor.py:186} INFO - Started process (PID=1294) to work on /home/airflow/.local/lib/python3.12/site-packages/airflow/example_dags/example_external_task_marker_dag.py
[2025-01-07T11:57:41.321+0000] {processor.py:914} INFO - Processing file /home/airflow/.local/lib/python3.12/site-packages/airflow/example_dags/example_external_task_marker_dag.py for tasks to queue
[2025-01-07T11:57:41.326+0000] {logging_mixin.py:190} INFO - [2025-01-07T11:57:41.325+0000] {dagbag.py:588} INFO - Filling up the DagBag from /home/airflow/.local/lib/python3.12/site-packages/airflow/example_dags/example_external_task_marker_dag.py
[2025-01-07T11:57:41.344+0000] {processor.py:925} INFO - DAG(s) 'example_external_task_marker_child', 'example_external_task_marker_parent' retrieved from /home/airflow/.local/lib/python3.12/site-packages/airflow/example_dags/example_external_task_marker_dag.py
[2025-01-07T11:57:41.400+0000] {logging_mixin.py:190} INFO - [2025-01-07T11:57:41.400+0000] {dag.py:3239} INFO - Sync 2 DAGs
[2025-01-07T11:57:41.449+0000] {logging_mixin.py:190} INFO - [2025-01-07T11:57:41.448+0000] {dag.py:4180} INFO - Setting next_dagrun for example_external_task_marker_child to None, run_after=None
[2025-01-07T11:57:41.463+0000] {logging_mixin.py:190} INFO - [2025-01-07T11:57:41.462+0000] {dag.py:4180} INFO - Setting next_dagrun for example_external_task_marker_parent to None, run_after=None
[2025-01-07T11:57:41.528+0000] {processor.py:208} INFO - Processing /home/airflow/.local/lib/python3.12/site-packages/airflow/example_dags/example_external_task_marker_dag.py took 0.224 seconds
[2025-01-07T11:58:12.340+0000] {processor.py:186} INFO - Started process (PID=1357) to work on /home/airflow/.local/lib/python3.12/site-packages/airflow/example_dags/example_external_task_marker_dag.py
[2025-01-07T11:58:12.341+0000] {processor.py:914} INFO - Processing file /home/airflow/.local/lib/python3.12/site-packages/airflow/example_dags/example_external_task_marker_dag.py for tasks to queue
[2025-01-07T11:58:12.344+0000] {logging_mixin.py:190} INFO - [2025-01-07T11:58:12.343+0000] {dagbag.py:588} INFO - Filling up the DagBag from /home/airflow/.local/lib/python3.12/site-packages/airflow/example_dags/example_external_task_marker_dag.py
[2025-01-07T11:58:12.356+0000] {processor.py:925} INFO - DAG(s) 'example_external_task_marker_child', 'example_external_task_marker_parent' retrieved from /home/airflow/.local/lib/python3.12/site-packages/airflow/example_dags/example_external_task_marker_dag.py
[2025-01-07T11:58:12.384+0000] {logging_mixin.py:190} INFO - [2025-01-07T11:58:12.383+0000] {dag.py:3239} INFO - Sync 2 DAGs
[2025-01-07T11:58:12.399+0000] {logging_mixin.py:190} INFO - [2025-01-07T11:58:12.398+0000] {dag.py:4180} INFO - Setting next_dagrun for example_external_task_marker_child to None, run_after=None
[2025-01-07T11:58:12.405+0000] {logging_mixin.py:190} INFO - [2025-01-07T11:58:12.405+0000] {dag.py:4180} INFO - Setting next_dagrun for example_external_task_marker_parent to None, run_after=None
[2025-01-07T11:58:12.425+0000] {processor.py:208} INFO - Processing /home/airflow/.local/lib/python3.12/site-packages/airflow/example_dags/example_external_task_marker_dag.py took 0.091 seconds
[2025-01-07T11:58:42.639+0000] {processor.py:186} INFO - Started process (PID=1420) to work on /home/airflow/.local/lib/python3.12/site-packages/airflow/example_dags/example_external_task_marker_dag.py
[2025-01-07T11:58:42.640+0000] {processor.py:914} INFO - Processing file /home/airflow/.local/lib/python3.12/site-packages/airflow/example_dags/example_external_task_marker_dag.py for tasks to queue
[2025-01-07T11:58:42.643+0000] {logging_mixin.py:190} INFO - [2025-01-07T11:58:42.643+0000] {dagbag.py:588} INFO - Filling up the DagBag from /home/airflow/.local/lib/python3.12/site-packages/airflow/example_dags/example_external_task_marker_dag.py
[2025-01-07T11:58:42.653+0000] {processor.py:925} INFO - DAG(s) 'example_external_task_marker_parent', 'example_external_task_marker_child' retrieved from /home/airflow/.local/lib/python3.12/site-packages/airflow/example_dags/example_external_task_marker_dag.py
[2025-01-07T11:58:42.675+0000] {logging_mixin.py:190} INFO - [2025-01-07T11:58:42.675+0000] {dag.py:3239} INFO - Sync 2 DAGs
[2025-01-07T11:58:42.688+0000] {logging_mixin.py:190} INFO - [2025-01-07T11:58:42.688+0000] {dag.py:4180} INFO - Setting next_dagrun for example_external_task_marker_child to None, run_after=None
[2025-01-07T11:58:42.692+0000] {logging_mixin.py:190} INFO - [2025-01-07T11:58:42.692+0000] {dag.py:4180} INFO - Setting next_dagrun for example_external_task_marker_parent to None, run_after=None
[2025-01-07T11:58:42.714+0000] {processor.py:208} INFO - Processing /home/airflow/.local/lib/python3.12/site-packages/airflow/example_dags/example_external_task_marker_dag.py took 0.081 seconds
[2025-01-07T11:59:12.877+0000] {processor.py:186} INFO - Started process (PID=1483) to work on /home/airflow/.local/lib/python3.12/site-packages/airflow/example_dags/example_external_task_marker_dag.py
[2025-01-07T11:59:12.878+0000] {processor.py:914} INFO - Processing file /home/airflow/.local/lib/python3.12/site-packages/airflow/example_dags/example_external_task_marker_dag.py for tasks to queue
[2025-01-07T11:59:12.881+0000] {logging_mixin.py:190} INFO - [2025-01-07T11:59:12.881+0000] {dagbag.py:588} INFO - Filling up the DagBag from /home/airflow/.local/lib/python3.12/site-packages/airflow/example_dags/example_external_task_marker_dag.py
[2025-01-07T11:59:12.891+0000] {processor.py:925} INFO - DAG(s) 'example_external_task_marker_parent', 'example_external_task_marker_child' retrieved from /home/airflow/.local/lib/python3.12/site-packages/airflow/example_dags/example_external_task_marker_dag.py
[2025-01-07T11:59:12.918+0000] {logging_mixin.py:190} INFO - [2025-01-07T11:59:12.918+0000] {dag.py:3239} INFO - Sync 2 DAGs
[2025-01-07T11:59:12.935+0000] {logging_mixin.py:190} INFO - [2025-01-07T11:59:12.935+0000] {dag.py:4180} INFO - Setting next_dagrun for example_external_task_marker_child to None, run_after=None
[2025-01-07T11:59:12.941+0000] {logging_mixin.py:190} INFO - [2025-01-07T11:59:12.940+0000] {dag.py:4180} INFO - Setting next_dagrun for example_external_task_marker_parent to None, run_after=None
[2025-01-07T11:59:12.960+0000] {processor.py:208} INFO - Processing /home/airflow/.local/lib/python3.12/site-packages/airflow/example_dags/example_external_task_marker_dag.py took 0.089 seconds
[2025-01-07T11:59:43.795+0000] {processor.py:186} INFO - Started process (PID=1547) to work on /home/airflow/.local/lib/python3.12/site-packages/airflow/example_dags/example_external_task_marker_dag.py
[2025-01-07T11:59:43.796+0000] {processor.py:914} INFO - Processing file /home/airflow/.local/lib/python3.12/site-packages/airflow/example_dags/example_external_task_marker_dag.py for tasks to queue
[2025-01-07T11:59:43.798+0000] {logging_mixin.py:190} INFO - [2025-01-07T11:59:43.798+0000] {dagbag.py:588} INFO - Filling up the DagBag from /home/airflow/.local/lib/python3.12/site-packages/airflow/example_dags/example_external_task_marker_dag.py
[2025-01-07T11:59:43.806+0000] {processor.py:925} INFO - DAG(s) 'example_external_task_marker_parent', 'example_external_task_marker_child' retrieved from /home/airflow/.local/lib/python3.12/site-packages/airflow/example_dags/example_external_task_marker_dag.py
[2025-01-07T11:59:43.828+0000] {logging_mixin.py:190} INFO - [2025-01-07T11:59:43.828+0000] {dag.py:3239} INFO - Sync 2 DAGs
[2025-01-07T11:59:43.842+0000] {logging_mixin.py:190} INFO - [2025-01-07T11:59:43.841+0000] {dag.py:4180} INFO - Setting next_dagrun for example_external_task_marker_child to None, run_after=None
[2025-01-07T11:59:43.846+0000] {logging_mixin.py:190} INFO - [2025-01-07T11:59:43.845+0000] {dag.py:4180} INFO - Setting next_dagrun for example_external_task_marker_parent to None, run_after=None
[2025-01-07T11:59:43.863+0000] {processor.py:208} INFO - Processing /home/airflow/.local/lib/python3.12/site-packages/airflow/example_dags/example_external_task_marker_dag.py took 0.073 seconds
[2025-01-07T12:00:14.292+0000] {processor.py:186} INFO - Started process (PID=1610) to work on /home/airflow/.local/lib/python3.12/site-packages/airflow/example_dags/example_external_task_marker_dag.py
[2025-01-07T12:00:14.293+0000] {processor.py:914} INFO - Processing file /home/airflow/.local/lib/python3.12/site-packages/airflow/example_dags/example_external_task_marker_dag.py for tasks to queue
[2025-01-07T12:00:14.295+0000] {logging_mixin.py:190} INFO - [2025-01-07T12:00:14.295+0000] {dagbag.py:588} INFO - Filling up the DagBag from /home/airflow/.local/lib/python3.12/site-packages/airflow/example_dags/example_external_task_marker_dag.py
[2025-01-07T12:00:14.304+0000] {processor.py:925} INFO - DAG(s) 'example_external_task_marker_parent', 'example_external_task_marker_child' retrieved from /home/airflow/.local/lib/python3.12/site-packages/airflow/example_dags/example_external_task_marker_dag.py
[2025-01-07T12:00:14.328+0000] {logging_mixin.py:190} INFO - [2025-01-07T12:00:14.327+0000] {dag.py:3239} INFO - Sync 2 DAGs
[2025-01-07T12:00:14.341+0000] {logging_mixin.py:190} INFO - [2025-01-07T12:00:14.341+0000] {dag.py:4180} INFO - Setting next_dagrun for example_external_task_marker_child to None, run_after=None
[2025-01-07T12:00:14.345+0000] {logging_mixin.py:190} INFO - [2025-01-07T12:00:14.344+0000] {dag.py:4180} INFO - Setting next_dagrun for example_external_task_marker_parent to None, run_after=None
[2025-01-07T12:00:14.362+0000] {processor.py:208} INFO - Processing /home/airflow/.local/lib/python3.12/site-packages/airflow/example_dags/example_external_task_marker_dag.py took 0.077 seconds
[2025-01-07T12:00:44.498+0000] {processor.py:186} INFO - Started process (PID=1673) to work on /home/airflow/.local/lib/python3.12/site-packages/airflow/example_dags/example_external_task_marker_dag.py
[2025-01-07T12:00:44.499+0000] {processor.py:914} INFO - Processing file /home/airflow/.local/lib/python3.12/site-packages/airflow/example_dags/example_external_task_marker_dag.py for tasks to queue
[2025-01-07T12:00:44.503+0000] {logging_mixin.py:190} INFO - [2025-01-07T12:00:44.502+0000] {dagbag.py:588} INFO - Filling up the DagBag from /home/airflow/.local/lib/python3.12/site-packages/airflow/example_dags/example_external_task_marker_dag.py
[2025-01-07T12:00:44.513+0000] {processor.py:925} INFO - DAG(s) 'example_external_task_marker_parent', 'example_external_task_marker_child' retrieved from /home/airflow/.local/lib/python3.12/site-packages/airflow/example_dags/example_external_task_marker_dag.py
[2025-01-07T12:00:44.540+0000] {logging_mixin.py:190} INFO - [2025-01-07T12:00:44.540+0000] {dag.py:3239} INFO - Sync 2 DAGs
[2025-01-07T12:00:44.558+0000] {logging_mixin.py:190} INFO - [2025-01-07T12:00:44.558+0000] {dag.py:4180} INFO - Setting next_dagrun for example_external_task_marker_child to None, run_after=None
[2025-01-07T12:00:44.564+0000] {logging_mixin.py:190} INFO - [2025-01-07T12:00:44.563+0000] {dag.py:4180} INFO - Setting next_dagrun for example_external_task_marker_parent to None, run_after=None
[2025-01-07T12:00:44.587+0000] {processor.py:208} INFO - Processing /home/airflow/.local/lib/python3.12/site-packages/airflow/example_dags/example_external_task_marker_dag.py took 0.096 seconds
[2025-01-07T12:01:14.707+0000] {processor.py:186} INFO - Started process (PID=1736) to work on /home/airflow/.local/lib/python3.12/site-packages/airflow/example_dags/example_external_task_marker_dag.py
[2025-01-07T12:01:14.708+0000] {processor.py:914} INFO - Processing file /home/airflow/.local/lib/python3.12/site-packages/airflow/example_dags/example_external_task_marker_dag.py for tasks to queue
[2025-01-07T12:01:14.711+0000] {logging_mixin.py:190} INFO - [2025-01-07T12:01:14.710+0000] {dagbag.py:588} INFO - Filling up the DagBag from /home/airflow/.local/lib/python3.12/site-packages/airflow/example_dags/example_external_task_marker_dag.py
[2025-01-07T12:01:14.718+0000] {processor.py:925} INFO - DAG(s) 'example_external_task_marker_child', 'example_external_task_marker_parent' retrieved from /home/airflow/.local/lib/python3.12/site-packages/airflow/example_dags/example_external_task_marker_dag.py
[2025-01-07T12:01:14.742+0000] {logging_mixin.py:190} INFO - [2025-01-07T12:01:14.742+0000] {dag.py:3239} INFO - Sync 2 DAGs
[2025-01-07T12:01:14.756+0000] {logging_mixin.py:190} INFO - [2025-01-07T12:01:14.756+0000] {dag.py:4180} INFO - Setting next_dagrun for example_external_task_marker_child to None, run_after=None
[2025-01-07T12:01:14.760+0000] {logging_mixin.py:190} INFO - [2025-01-07T12:01:14.759+0000] {dag.py:4180} INFO - Setting next_dagrun for example_external_task_marker_parent to None, run_after=None
[2025-01-07T12:01:14.780+0000] {processor.py:208} INFO - Processing /home/airflow/.local/lib/python3.12/site-packages/airflow/example_dags/example_external_task_marker_dag.py took 0.080 seconds
[2025-01-07T12:01:45.823+0000] {processor.py:186} INFO - Started process (PID=1799) to work on /home/airflow/.local/lib/python3.12/site-packages/airflow/example_dags/example_external_task_marker_dag.py
[2025-01-07T12:01:45.824+0000] {processor.py:914} INFO - Processing file /home/airflow/.local/lib/python3.12/site-packages/airflow/example_dags/example_external_task_marker_dag.py for tasks to queue
[2025-01-07T12:01:45.826+0000] {logging_mixin.py:190} INFO - [2025-01-07T12:01:45.826+0000] {dagbag.py:588} INFO - Filling up the DagBag from /home/airflow/.local/lib/python3.12/site-packages/airflow/example_dags/example_external_task_marker_dag.py
[2025-01-07T12:01:45.834+0000] {processor.py:925} INFO - DAG(s) 'example_external_task_marker_parent', 'example_external_task_marker_child' retrieved from /home/airflow/.local/lib/python3.12/site-packages/airflow/example_dags/example_external_task_marker_dag.py
[2025-01-07T12:01:45.855+0000] {logging_mixin.py:190} INFO - [2025-01-07T12:01:45.855+0000] {dag.py:3239} INFO - Sync 2 DAGs
[2025-01-07T12:01:45.871+0000] {logging_mixin.py:190} INFO - [2025-01-07T12:01:45.871+0000] {dag.py:4180} INFO - Setting next_dagrun for example_external_task_marker_child to None, run_after=None
[2025-01-07T12:01:45.876+0000] {logging_mixin.py:190} INFO - [2025-01-07T12:01:45.875+0000] {dag.py:4180} INFO - Setting next_dagrun for example_external_task_marker_parent to None, run_after=None
[2025-01-07T12:01:45.893+0000] {processor.py:208} INFO - Processing /home/airflow/.local/lib/python3.12/site-packages/airflow/example_dags/example_external_task_marker_dag.py took 0.075 seconds
[2025-01-07T12:02:17.300+0000] {processor.py:186} INFO - Started process (PID=1862) to work on /home/airflow/.local/lib/python3.12/site-packages/airflow/example_dags/example_external_task_marker_dag.py
[2025-01-07T12:02:17.301+0000] {processor.py:914} INFO - Processing file /home/airflow/.local/lib/python3.12/site-packages/airflow/example_dags/example_external_task_marker_dag.py for tasks to queue
[2025-01-07T12:02:17.304+0000] {logging_mixin.py:190} INFO - [2025-01-07T12:02:17.303+0000] {dagbag.py:588} INFO - Filling up the DagBag from /home/airflow/.local/lib/python3.12/site-packages/airflow/example_dags/example_external_task_marker_dag.py
[2025-01-07T12:02:17.312+0000] {processor.py:925} INFO - DAG(s) 'example_external_task_marker_child', 'example_external_task_marker_parent' retrieved from /home/airflow/.local/lib/python3.12/site-packages/airflow/example_dags/example_external_task_marker_dag.py
[2025-01-07T12:02:17.334+0000] {logging_mixin.py:190} INFO - [2025-01-07T12:02:17.333+0000] {dag.py:3239} INFO - Sync 2 DAGs
[2025-01-07T12:02:17.347+0000] {logging_mixin.py:190} INFO - [2025-01-07T12:02:17.347+0000] {dag.py:4180} INFO - Setting next_dagrun for example_external_task_marker_child to None, run_after=None
[2025-01-07T12:02:17.351+0000] {logging_mixin.py:190} INFO - [2025-01-07T12:02:17.351+0000] {dag.py:4180} INFO - Setting next_dagrun for example_external_task_marker_parent to None, run_after=None
[2025-01-07T12:02:17.386+0000] {processor.py:208} INFO - Processing /home/airflow/.local/lib/python3.12/site-packages/airflow/example_dags/example_external_task_marker_dag.py took 0.092 seconds
[2025-01-07T12:02:47.918+0000] {processor.py:186} INFO - Started process (PID=1925) to work on /home/airflow/.local/lib/python3.12/site-packages/airflow/example_dags/example_external_task_marker_dag.py
[2025-01-07T12:02:47.919+0000] {processor.py:914} INFO - Processing file /home/airflow/.local/lib/python3.12/site-packages/airflow/example_dags/example_external_task_marker_dag.py for tasks to queue
[2025-01-07T12:02:47.924+0000] {logging_mixin.py:190} INFO - [2025-01-07T12:02:47.924+0000] {dagbag.py:588} INFO - Filling up the DagBag from /home/airflow/.local/lib/python3.12/site-packages/airflow/example_dags/example_external_task_marker_dag.py
[2025-01-07T12:02:47.932+0000] {processor.py:925} INFO - DAG(s) 'example_external_task_marker_parent', 'example_external_task_marker_child' retrieved from /home/airflow/.local/lib/python3.12/site-packages/airflow/example_dags/example_external_task_marker_dag.py
[2025-01-07T12:02:47.955+0000] {logging_mixin.py:190} INFO - [2025-01-07T12:02:47.954+0000] {dag.py:3239} INFO - Sync 2 DAGs
[2025-01-07T12:02:47.970+0000] {logging_mixin.py:190} INFO - [2025-01-07T12:02:47.970+0000] {dag.py:4180} INFO - Setting next_dagrun for example_external_task_marker_child to None, run_after=None
[2025-01-07T12:02:47.973+0000] {logging_mixin.py:190} INFO - [2025-01-07T12:02:47.973+0000] {dag.py:4180} INFO - Setting next_dagrun for example_external_task_marker_parent to None, run_after=None
[2025-01-07T12:02:47.993+0000] {processor.py:208} INFO - Processing /home/airflow/.local/lib/python3.12/site-packages/airflow/example_dags/example_external_task_marker_dag.py took 0.081 seconds
[2025-01-07T12:03:19.113+0000] {processor.py:186} INFO - Started process (PID=1994) to work on /home/airflow/.local/lib/python3.12/site-packages/airflow/example_dags/example_external_task_marker_dag.py
[2025-01-07T12:03:19.115+0000] {processor.py:914} INFO - Processing file /home/airflow/.local/lib/python3.12/site-packages/airflow/example_dags/example_external_task_marker_dag.py for tasks to queue
[2025-01-07T12:03:19.118+0000] {logging_mixin.py:190} INFO - [2025-01-07T12:03:19.118+0000] {dagbag.py:588} INFO - Filling up the DagBag from /home/airflow/.local/lib/python3.12/site-packages/airflow/example_dags/example_external_task_marker_dag.py
[2025-01-07T12:03:19.129+0000] {processor.py:925} INFO - DAG(s) 'example_external_task_marker_parent', 'example_external_task_marker_child' retrieved from /home/airflow/.local/lib/python3.12/site-packages/airflow/example_dags/example_external_task_marker_dag.py
[2025-01-07T12:03:19.156+0000] {logging_mixin.py:190} INFO - [2025-01-07T12:03:19.155+0000] {dag.py:3239} INFO - Sync 2 DAGs
[2025-01-07T12:03:19.172+0000] {logging_mixin.py:190} INFO - [2025-01-07T12:03:19.172+0000] {dag.py:4180} INFO - Setting next_dagrun for example_external_task_marker_child to None, run_after=None
[2025-01-07T12:03:19.177+0000] {logging_mixin.py:190} INFO - [2025-01-07T12:03:19.177+0000] {dag.py:4180} INFO - Setting next_dagrun for example_external_task_marker_parent to None, run_after=None
[2025-01-07T12:03:19.193+0000] {processor.py:208} INFO - Processing /home/airflow/.local/lib/python3.12/site-packages/airflow/example_dags/example_external_task_marker_dag.py took 0.088 seconds
[2025-01-07T12:03:49.754+0000] {processor.py:186} INFO - Started process (PID=2057) to work on /home/airflow/.local/lib/python3.12/site-packages/airflow/example_dags/example_external_task_marker_dag.py
[2025-01-07T12:03:49.756+0000] {processor.py:914} INFO - Processing file /home/airflow/.local/lib/python3.12/site-packages/airflow/example_dags/example_external_task_marker_dag.py for tasks to queue
[2025-01-07T12:03:49.759+0000] {logging_mixin.py:190} INFO - [2025-01-07T12:03:49.758+0000] {dagbag.py:588} INFO - Filling up the DagBag from /home/airflow/.local/lib/python3.12/site-packages/airflow/example_dags/example_external_task_marker_dag.py
[2025-01-07T12:03:49.769+0000] {processor.py:925} INFO - DAG(s) 'example_external_task_marker_parent', 'example_external_task_marker_child' retrieved from /home/airflow/.local/lib/python3.12/site-packages/airflow/example_dags/example_external_task_marker_dag.py
[2025-01-07T12:03:49.796+0000] {logging_mixin.py:190} INFO - [2025-01-07T12:03:49.796+0000] {dag.py:3239} INFO - Sync 2 DAGs
[2025-01-07T12:03:49.812+0000] {logging_mixin.py:190} INFO - [2025-01-07T12:03:49.812+0000] {dag.py:4180} INFO - Setting next_dagrun for example_external_task_marker_child to None, run_after=None
[2025-01-07T12:03:49.816+0000] {logging_mixin.py:190} INFO - [2025-01-07T12:03:49.816+0000] {dag.py:4180} INFO - Setting next_dagrun for example_external_task_marker_parent to None, run_after=None
[2025-01-07T12:03:49.832+0000] {processor.py:208} INFO - Processing /home/airflow/.local/lib/python3.12/site-packages/airflow/example_dags/example_external_task_marker_dag.py took 0.084 seconds
[2025-01-07T12:04:21.006+0000] {processor.py:186} INFO - Started process (PID=2120) to work on /home/airflow/.local/lib/python3.12/site-packages/airflow/example_dags/example_external_task_marker_dag.py
[2025-01-07T12:04:21.007+0000] {processor.py:914} INFO - Processing file /home/airflow/.local/lib/python3.12/site-packages/airflow/example_dags/example_external_task_marker_dag.py for tasks to queue
[2025-01-07T12:04:21.011+0000] {logging_mixin.py:190} INFO - [2025-01-07T12:04:21.011+0000] {dagbag.py:588} INFO - Filling up the DagBag from /home/airflow/.local/lib/python3.12/site-packages/airflow/example_dags/example_external_task_marker_dag.py
[2025-01-07T12:04:21.025+0000] {processor.py:925} INFO - DAG(s) 'example_external_task_marker_child', 'example_external_task_marker_parent' retrieved from /home/airflow/.local/lib/python3.12/site-packages/airflow/example_dags/example_external_task_marker_dag.py
[2025-01-07T12:04:21.050+0000] {logging_mixin.py:190} INFO - [2025-01-07T12:04:21.049+0000] {dag.py:3239} INFO - Sync 2 DAGs
[2025-01-07T12:04:21.064+0000] {logging_mixin.py:190} INFO - [2025-01-07T12:04:21.064+0000] {dag.py:4180} INFO - Setting next_dagrun for example_external_task_marker_child to None, run_after=None
[2025-01-07T12:04:21.068+0000] {logging_mixin.py:190} INFO - [2025-01-07T12:04:21.068+0000] {dag.py:4180} INFO - Setting next_dagrun for example_external_task_marker_parent to None, run_after=None
[2025-01-07T12:04:21.084+0000] {processor.py:208} INFO - Processing /home/airflow/.local/lib/python3.12/site-packages/airflow/example_dags/example_external_task_marker_dag.py took 0.085 seconds
[2025-01-07T12:04:52.281+0000] {processor.py:186} INFO - Started process (PID=2183) to work on /home/airflow/.local/lib/python3.12/site-packages/airflow/example_dags/example_external_task_marker_dag.py
[2025-01-07T12:04:52.282+0000] {processor.py:914} INFO - Processing file /home/airflow/.local/lib/python3.12/site-packages/airflow/example_dags/example_external_task_marker_dag.py for tasks to queue
[2025-01-07T12:04:52.285+0000] {logging_mixin.py:190} INFO - [2025-01-07T12:04:52.285+0000] {dagbag.py:588} INFO - Filling up the DagBag from /home/airflow/.local/lib/python3.12/site-packages/airflow/example_dags/example_external_task_marker_dag.py
[2025-01-07T12:04:52.295+0000] {processor.py:925} INFO - DAG(s) 'example_external_task_marker_child', 'example_external_task_marker_parent' retrieved from /home/airflow/.local/lib/python3.12/site-packages/airflow/example_dags/example_external_task_marker_dag.py
[2025-01-07T12:04:52.321+0000] {logging_mixin.py:190} INFO - [2025-01-07T12:04:52.320+0000] {dag.py:3239} INFO - Sync 2 DAGs
[2025-01-07T12:04:52.335+0000] {logging_mixin.py:190} INFO - [2025-01-07T12:04:52.335+0000] {dag.py:4180} INFO - Setting next_dagrun for example_external_task_marker_child to None, run_after=None
[2025-01-07T12:04:52.340+0000] {logging_mixin.py:190} INFO - [2025-01-07T12:04:52.339+0000] {dag.py:4180} INFO - Setting next_dagrun for example_external_task_marker_parent to None, run_after=None
[2025-01-07T12:04:52.356+0000] {processor.py:208} INFO - Processing /home/airflow/.local/lib/python3.12/site-packages/airflow/example_dags/example_external_task_marker_dag.py took 0.083 seconds
[2025-01-07T12:05:23.996+0000] {processor.py:186} INFO - Started process (PID=2246) to work on /home/airflow/.local/lib/python3.12/site-packages/airflow/example_dags/example_external_task_marker_dag.py
[2025-01-07T12:05:23.997+0000] {processor.py:914} INFO - Processing file /home/airflow/.local/lib/python3.12/site-packages/airflow/example_dags/example_external_task_marker_dag.py for tasks to queue
[2025-01-07T12:05:24.001+0000] {logging_mixin.py:190} INFO - [2025-01-07T12:05:24.000+0000] {dagbag.py:588} INFO - Filling up the DagBag from /home/airflow/.local/lib/python3.12/site-packages/airflow/example_dags/example_external_task_marker_dag.py
[2025-01-07T12:05:24.009+0000] {processor.py:925} INFO - DAG(s) 'example_external_task_marker_parent', 'example_external_task_marker_child' retrieved from /home/airflow/.local/lib/python3.12/site-packages/airflow/example_dags/example_external_task_marker_dag.py
[2025-01-07T12:05:24.034+0000] {logging_mixin.py:190} INFO - [2025-01-07T12:05:24.033+0000] {dag.py:3239} INFO - Sync 2 DAGs
[2025-01-07T12:05:24.047+0000] {logging_mixin.py:190} INFO - [2025-01-07T12:05:24.047+0000] {dag.py:4180} INFO - Setting next_dagrun for example_external_task_marker_child to None, run_after=None
[2025-01-07T12:05:24.051+0000] {logging_mixin.py:190} INFO - [2025-01-07T12:05:24.051+0000] {dag.py:4180} INFO - Setting next_dagrun for example_external_task_marker_parent to None, run_after=None
[2025-01-07T12:05:24.068+0000] {processor.py:208} INFO - Processing /home/airflow/.local/lib/python3.12/site-packages/airflow/example_dags/example_external_task_marker_dag.py took 0.079 seconds
[2025-01-07T12:05:56.299+0000] {processor.py:186} INFO - Started process (PID=2312) to work on /home/airflow/.local/lib/python3.12/site-packages/airflow/example_dags/example_external_task_marker_dag.py
[2025-01-07T12:05:56.301+0000] {processor.py:914} INFO - Processing file /home/airflow/.local/lib/python3.12/site-packages/airflow/example_dags/example_external_task_marker_dag.py for tasks to queue
[2025-01-07T12:05:56.303+0000] {logging_mixin.py:190} INFO - [2025-01-07T12:05:56.303+0000] {dagbag.py:588} INFO - Filling up the DagBag from /home/airflow/.local/lib/python3.12/site-packages/airflow/example_dags/example_external_task_marker_dag.py
[2025-01-07T12:05:56.314+0000] {processor.py:925} INFO - DAG(s) 'example_external_task_marker_parent', 'example_external_task_marker_child' retrieved from /home/airflow/.local/lib/python3.12/site-packages/airflow/example_dags/example_external_task_marker_dag.py
[2025-01-07T12:05:56.346+0000] {logging_mixin.py:190} INFO - [2025-01-07T12:05:56.346+0000] {dag.py:3239} INFO - Sync 2 DAGs
[2025-01-07T12:05:56.366+0000] {logging_mixin.py:190} INFO - [2025-01-07T12:05:56.366+0000] {dag.py:4180} INFO - Setting next_dagrun for example_external_task_marker_child to None, run_after=None
[2025-01-07T12:05:56.370+0000] {logging_mixin.py:190} INFO - [2025-01-07T12:05:56.370+0000] {dag.py:4180} INFO - Setting next_dagrun for example_external_task_marker_parent to None, run_after=None
[2025-01-07T12:05:56.391+0000] {processor.py:208} INFO - Processing /home/airflow/.local/lib/python3.12/site-packages/airflow/example_dags/example_external_task_marker_dag.py took 0.100 seconds
[2025-01-07T12:06:26.965+0000] {processor.py:186} INFO - Started process (PID=2375) to work on /home/airflow/.local/lib/python3.12/site-packages/airflow/example_dags/example_external_task_marker_dag.py
[2025-01-07T12:06:26.966+0000] {processor.py:914} INFO - Processing file /home/airflow/.local/lib/python3.12/site-packages/airflow/example_dags/example_external_task_marker_dag.py for tasks to queue
[2025-01-07T12:06:26.968+0000] {logging_mixin.py:190} INFO - [2025-01-07T12:06:26.968+0000] {dagbag.py:588} INFO - Filling up the DagBag from /home/airflow/.local/lib/python3.12/site-packages/airflow/example_dags/example_external_task_marker_dag.py
[2025-01-07T12:06:26.976+0000] {processor.py:925} INFO - DAG(s) 'example_external_task_marker_child', 'example_external_task_marker_parent' retrieved from /home/airflow/.local/lib/python3.12/site-packages/airflow/example_dags/example_external_task_marker_dag.py
[2025-01-07T12:06:27.001+0000] {logging_mixin.py:190} INFO - [2025-01-07T12:06:27.000+0000] {dag.py:3239} INFO - Sync 2 DAGs
[2025-01-07T12:06:27.020+0000] {logging_mixin.py:190} INFO - [2025-01-07T12:06:27.019+0000] {dag.py:4180} INFO - Setting next_dagrun for example_external_task_marker_child to None, run_after=None
[2025-01-07T12:06:27.025+0000] {logging_mixin.py:190} INFO - [2025-01-07T12:06:27.025+0000] {dag.py:4180} INFO - Setting next_dagrun for example_external_task_marker_parent to None, run_after=None
[2025-01-07T12:06:27.045+0000] {processor.py:208} INFO - Processing /home/airflow/.local/lib/python3.12/site-packages/airflow/example_dags/example_external_task_marker_dag.py took 0.088 seconds
[2025-01-07T12:06:57.688+0000] {processor.py:186} INFO - Started process (PID=2439) to work on /home/airflow/.local/lib/python3.12/site-packages/airflow/example_dags/example_external_task_marker_dag.py
[2025-01-07T12:06:57.689+0000] {processor.py:914} INFO - Processing file /home/airflow/.local/lib/python3.12/site-packages/airflow/example_dags/example_external_task_marker_dag.py for tasks to queue
[2025-01-07T12:06:57.692+0000] {logging_mixin.py:190} INFO - [2025-01-07T12:06:57.692+0000] {dagbag.py:588} INFO - Filling up the DagBag from /home/airflow/.local/lib/python3.12/site-packages/airflow/example_dags/example_external_task_marker_dag.py
[2025-01-07T12:06:57.701+0000] {processor.py:925} INFO - DAG(s) 'example_external_task_marker_parent', 'example_external_task_marker_child' retrieved from /home/airflow/.local/lib/python3.12/site-packages/airflow/example_dags/example_external_task_marker_dag.py
[2025-01-07T12:06:57.726+0000] {logging_mixin.py:190} INFO - [2025-01-07T12:06:57.726+0000] {dag.py:3239} INFO - Sync 2 DAGs
[2025-01-07T12:06:57.740+0000] {logging_mixin.py:190} INFO - [2025-01-07T12:06:57.740+0000] {dag.py:4180} INFO - Setting next_dagrun for example_external_task_marker_child to None, run_after=None
[2025-01-07T12:06:57.744+0000] {logging_mixin.py:190} INFO - [2025-01-07T12:06:57.744+0000] {dag.py:4180} INFO - Setting next_dagrun for example_external_task_marker_parent to None, run_after=None
[2025-01-07T12:06:57.761+0000] {processor.py:208} INFO - Processing /home/airflow/.local/lib/python3.12/site-packages/airflow/example_dags/example_external_task_marker_dag.py took 0.079 seconds
[2025-01-07T12:07:29.049+0000] {processor.py:186} INFO - Started process (PID=2502) to work on /home/airflow/.local/lib/python3.12/site-packages/airflow/example_dags/example_external_task_marker_dag.py
[2025-01-07T12:07:29.051+0000] {processor.py:914} INFO - Processing file /home/airflow/.local/lib/python3.12/site-packages/airflow/example_dags/example_external_task_marker_dag.py for tasks to queue
[2025-01-07T12:07:29.054+0000] {logging_mixin.py:190} INFO - [2025-01-07T12:07:29.054+0000] {dagbag.py:588} INFO - Filling up the DagBag from /home/airflow/.local/lib/python3.12/site-packages/airflow/example_dags/example_external_task_marker_dag.py
[2025-01-07T12:07:29.063+0000] {processor.py:925} INFO - DAG(s) 'example_external_task_marker_parent', 'example_external_task_marker_child' retrieved from /home/airflow/.local/lib/python3.12/site-packages/airflow/example_dags/example_external_task_marker_dag.py
[2025-01-07T12:07:29.091+0000] {logging_mixin.py:190} INFO - [2025-01-07T12:07:29.091+0000] {dag.py:3239} INFO - Sync 2 DAGs
[2025-01-07T12:07:29.106+0000] {logging_mixin.py:190} INFO - [2025-01-07T12:07:29.106+0000] {dag.py:4180} INFO - Setting next_dagrun for example_external_task_marker_child to None, run_after=None
[2025-01-07T12:07:29.110+0000] {logging_mixin.py:190} INFO - [2025-01-07T12:07:29.109+0000] {dag.py:4180} INFO - Setting next_dagrun for example_external_task_marker_parent to None, run_after=None
[2025-01-07T12:07:29.128+0000] {processor.py:208} INFO - Processing /home/airflow/.local/lib/python3.12/site-packages/airflow/example_dags/example_external_task_marker_dag.py took 0.085 seconds
[2025-01-07T12:08:02.233+0000] {processor.py:186} INFO - Started process (PID=2567) to work on /home/airflow/.local/lib/python3.12/site-packages/airflow/example_dags/example_external_task_marker_dag.py
[2025-01-07T12:08:02.235+0000] {processor.py:914} INFO - Processing file /home/airflow/.local/lib/python3.12/site-packages/airflow/example_dags/example_external_task_marker_dag.py for tasks to queue
[2025-01-07T12:08:02.238+0000] {logging_mixin.py:190} INFO - [2025-01-07T12:08:02.237+0000] {dagbag.py:588} INFO - Filling up the DagBag from /home/airflow/.local/lib/python3.12/site-packages/airflow/example_dags/example_external_task_marker_dag.py
[2025-01-07T12:08:02.248+0000] {processor.py:925} INFO - DAG(s) 'example_external_task_marker_parent', 'example_external_task_marker_child' retrieved from /home/airflow/.local/lib/python3.12/site-packages/airflow/example_dags/example_external_task_marker_dag.py
[2025-01-07T12:08:02.271+0000] {logging_mixin.py:190} INFO - [2025-01-07T12:08:02.271+0000] {dag.py:3239} INFO - Sync 2 DAGs
[2025-01-07T12:08:02.288+0000] {logging_mixin.py:190} INFO - [2025-01-07T12:08:02.288+0000] {dag.py:4180} INFO - Setting next_dagrun for example_external_task_marker_child to None, run_after=None
[2025-01-07T12:08:02.293+0000] {logging_mixin.py:190} INFO - [2025-01-07T12:08:02.293+0000] {dag.py:4180} INFO - Setting next_dagrun for example_external_task_marker_parent to None, run_after=None
[2025-01-07T12:08:02.311+0000] {processor.py:208} INFO - Processing /home/airflow/.local/lib/python3.12/site-packages/airflow/example_dags/example_external_task_marker_dag.py took 0.086 seconds
[2025-01-07T12:08:32.542+0000] {processor.py:186} INFO - Started process (PID=2631) to work on /home/airflow/.local/lib/python3.12/site-packages/airflow/example_dags/example_external_task_marker_dag.py
[2025-01-07T12:08:32.544+0000] {processor.py:914} INFO - Processing file /home/airflow/.local/lib/python3.12/site-packages/airflow/example_dags/example_external_task_marker_dag.py for tasks to queue
[2025-01-07T12:08:32.547+0000] {logging_mixin.py:190} INFO - [2025-01-07T12:08:32.546+0000] {dagbag.py:588} INFO - Filling up the DagBag from /home/airflow/.local/lib/python3.12/site-packages/airflow/example_dags/example_external_task_marker_dag.py
[2025-01-07T12:08:32.559+0000] {processor.py:925} INFO - DAG(s) 'example_external_task_marker_child', 'example_external_task_marker_parent' retrieved from /home/airflow/.local/lib/python3.12/site-packages/airflow/example_dags/example_external_task_marker_dag.py
[2025-01-07T12:08:32.588+0000] {logging_mixin.py:190} INFO - [2025-01-07T12:08:32.588+0000] {dag.py:3239} INFO - Sync 2 DAGs
[2025-01-07T12:08:32.607+0000] {logging_mixin.py:190} INFO - [2025-01-07T12:08:32.607+0000] {dag.py:4180} INFO - Setting next_dagrun for example_external_task_marker_child to None, run_after=None
[2025-01-07T12:08:32.616+0000] {logging_mixin.py:190} INFO - [2025-01-07T12:08:32.615+0000] {dag.py:4180} INFO - Setting next_dagrun for example_external_task_marker_parent to None, run_after=None
[2025-01-07T12:08:32.642+0000] {processor.py:208} INFO - Processing /home/airflow/.local/lib/python3.12/site-packages/airflow/example_dags/example_external_task_marker_dag.py took 0.107 seconds
[2025-01-07T12:09:05.529+0000] {processor.py:186} INFO - Started process (PID=2694) to work on /home/airflow/.local/lib/python3.12/site-packages/airflow/example_dags/example_external_task_marker_dag.py
[2025-01-07T12:09:05.531+0000] {processor.py:914} INFO - Processing file /home/airflow/.local/lib/python3.12/site-packages/airflow/example_dags/example_external_task_marker_dag.py for tasks to queue
[2025-01-07T12:09:05.536+0000] {logging_mixin.py:190} INFO - [2025-01-07T12:09:05.536+0000] {dagbag.py:588} INFO - Filling up the DagBag from /home/airflow/.local/lib/python3.12/site-packages/airflow/example_dags/example_external_task_marker_dag.py
[2025-01-07T12:09:05.559+0000] {processor.py:925} INFO - DAG(s) 'example_external_task_marker_parent', 'example_external_task_marker_child' retrieved from /home/airflow/.local/lib/python3.12/site-packages/airflow/example_dags/example_external_task_marker_dag.py
[2025-01-07T12:09:05.603+0000] {logging_mixin.py:190} INFO - [2025-01-07T12:09:05.602+0000] {dag.py:3239} INFO - Sync 2 DAGs
[2025-01-07T12:09:05.634+0000] {logging_mixin.py:190} INFO - [2025-01-07T12:09:05.634+0000] {dag.py:4180} INFO - Setting next_dagrun for example_external_task_marker_child to None, run_after=None
[2025-01-07T12:09:05.643+0000] {logging_mixin.py:190} INFO - [2025-01-07T12:09:05.642+0000] {dag.py:4180} INFO - Setting next_dagrun for example_external_task_marker_parent to None, run_after=None
[2025-01-07T12:09:05.685+0000] {processor.py:208} INFO - Processing /home/airflow/.local/lib/python3.12/site-packages/airflow/example_dags/example_external_task_marker_dag.py took 0.167 seconds
[2025-01-07T12:09:36.536+0000] {processor.py:186} INFO - Started process (PID=2757) to work on /home/airflow/.local/lib/python3.12/site-packages/airflow/example_dags/example_external_task_marker_dag.py
[2025-01-07T12:09:36.538+0000] {processor.py:914} INFO - Processing file /home/airflow/.local/lib/python3.12/site-packages/airflow/example_dags/example_external_task_marker_dag.py for tasks to queue
[2025-01-07T12:09:36.543+0000] {logging_mixin.py:190} INFO - [2025-01-07T12:09:36.542+0000] {dagbag.py:588} INFO - Filling up the DagBag from /home/airflow/.local/lib/python3.12/site-packages/airflow/example_dags/example_external_task_marker_dag.py
[2025-01-07T12:09:36.560+0000] {processor.py:925} INFO - DAG(s) 'example_external_task_marker_parent', 'example_external_task_marker_child' retrieved from /home/airflow/.local/lib/python3.12/site-packages/airflow/example_dags/example_external_task_marker_dag.py
[2025-01-07T12:09:36.602+0000] {logging_mixin.py:190} INFO - [2025-01-07T12:09:36.602+0000] {dag.py:3239} INFO - Sync 2 DAGs
[2025-01-07T12:09:36.631+0000] {logging_mixin.py:190} INFO - [2025-01-07T12:09:36.630+0000] {dag.py:4180} INFO - Setting next_dagrun for example_external_task_marker_child to None, run_after=None
[2025-01-07T12:09:36.638+0000] {logging_mixin.py:190} INFO - [2025-01-07T12:09:36.638+0000] {dag.py:4180} INFO - Setting next_dagrun for example_external_task_marker_parent to None, run_after=None
[2025-01-07T12:09:36.667+0000] {processor.py:208} INFO - Processing /home/airflow/.local/lib/python3.12/site-packages/airflow/example_dags/example_external_task_marker_dag.py took 0.142 seconds
[2025-01-07T12:10:07.668+0000] {processor.py:186} INFO - Started process (PID=2820) to work on /home/airflow/.local/lib/python3.12/site-packages/airflow/example_dags/example_external_task_marker_dag.py
[2025-01-07T12:10:07.670+0000] {processor.py:914} INFO - Processing file /home/airflow/.local/lib/python3.12/site-packages/airflow/example_dags/example_external_task_marker_dag.py for tasks to queue
[2025-01-07T12:10:07.674+0000] {logging_mixin.py:190} INFO - [2025-01-07T12:10:07.674+0000] {dagbag.py:588} INFO - Filling up the DagBag from /home/airflow/.local/lib/python3.12/site-packages/airflow/example_dags/example_external_task_marker_dag.py
[2025-01-07T12:10:07.692+0000] {processor.py:925} INFO - DAG(s) 'example_external_task_marker_child', 'example_external_task_marker_parent' retrieved from /home/airflow/.local/lib/python3.12/site-packages/airflow/example_dags/example_external_task_marker_dag.py
[2025-01-07T12:10:07.740+0000] {logging_mixin.py:190} INFO - [2025-01-07T12:10:07.740+0000] {dag.py:3239} INFO - Sync 2 DAGs
[2025-01-07T12:10:07.768+0000] {logging_mixin.py:190} INFO - [2025-01-07T12:10:07.768+0000] {dag.py:4180} INFO - Setting next_dagrun for example_external_task_marker_child to None, run_after=None
[2025-01-07T12:10:07.776+0000] {logging_mixin.py:190} INFO - [2025-01-07T12:10:07.776+0000] {dag.py:4180} INFO - Setting next_dagrun for example_external_task_marker_parent to None, run_after=None
[2025-01-07T12:10:07.820+0000] {processor.py:208} INFO - Processing /home/airflow/.local/lib/python3.12/site-packages/airflow/example_dags/example_external_task_marker_dag.py took 0.172 seconds
[2025-01-07T12:10:39.195+0000] {processor.py:186} INFO - Started process (PID=2885) to work on /home/airflow/.local/lib/python3.12/site-packages/airflow/example_dags/example_external_task_marker_dag.py
[2025-01-07T12:10:39.198+0000] {processor.py:914} INFO - Processing file /home/airflow/.local/lib/python3.12/site-packages/airflow/example_dags/example_external_task_marker_dag.py for tasks to queue
[2025-01-07T12:10:39.203+0000] {logging_mixin.py:190} INFO - [2025-01-07T12:10:39.202+0000] {dagbag.py:588} INFO - Filling up the DagBag from /home/airflow/.local/lib/python3.12/site-packages/airflow/example_dags/example_external_task_marker_dag.py
[2025-01-07T12:10:39.224+0000] {processor.py:925} INFO - DAG(s) 'example_external_task_marker_parent', 'example_external_task_marker_child' retrieved from /home/airflow/.local/lib/python3.12/site-packages/airflow/example_dags/example_external_task_marker_dag.py
[2025-01-07T12:10:39.262+0000] {logging_mixin.py:190} INFO - [2025-01-07T12:10:39.261+0000] {dag.py:3239} INFO - Sync 2 DAGs
[2025-01-07T12:10:39.287+0000] {logging_mixin.py:190} INFO - [2025-01-07T12:10:39.286+0000] {dag.py:4180} INFO - Setting next_dagrun for example_external_task_marker_child to None, run_after=None
[2025-01-07T12:10:39.293+0000] {logging_mixin.py:190} INFO - [2025-01-07T12:10:39.293+0000] {dag.py:4180} INFO - Setting next_dagrun for example_external_task_marker_parent to None, run_after=None
[2025-01-07T12:10:39.323+0000] {processor.py:208} INFO - Processing /home/airflow/.local/lib/python3.12/site-packages/airflow/example_dags/example_external_task_marker_dag.py took 0.146 seconds
[2025-01-07T12:11:11.953+0000] {processor.py:186} INFO - Started process (PID=2950) to work on /home/airflow/.local/lib/python3.12/site-packages/airflow/example_dags/example_external_task_marker_dag.py
[2025-01-07T12:11:11.955+0000] {processor.py:914} INFO - Processing file /home/airflow/.local/lib/python3.12/site-packages/airflow/example_dags/example_external_task_marker_dag.py for tasks to queue
[2025-01-07T12:11:11.959+0000] {logging_mixin.py:190} INFO - [2025-01-07T12:11:11.959+0000] {dagbag.py:588} INFO - Filling up the DagBag from /home/airflow/.local/lib/python3.12/site-packages/airflow/example_dags/example_external_task_marker_dag.py
[2025-01-07T12:11:11.971+0000] {processor.py:925} INFO - DAG(s) 'example_external_task_marker_child', 'example_external_task_marker_parent' retrieved from /home/airflow/.local/lib/python3.12/site-packages/airflow/example_dags/example_external_task_marker_dag.py
[2025-01-07T12:11:12.008+0000] {logging_mixin.py:190} INFO - [2025-01-07T12:11:12.008+0000] {dag.py:3239} INFO - Sync 2 DAGs
[2025-01-07T12:11:12.033+0000] {logging_mixin.py:190} INFO - [2025-01-07T12:11:12.033+0000] {dag.py:4180} INFO - Setting next_dagrun for example_external_task_marker_child to None, run_after=None
[2025-01-07T12:11:12.043+0000] {logging_mixin.py:190} INFO - [2025-01-07T12:11:12.042+0000] {dag.py:4180} INFO - Setting next_dagrun for example_external_task_marker_parent to None, run_after=None
[2025-01-07T12:11:12.070+0000] {processor.py:208} INFO - Processing /home/airflow/.local/lib/python3.12/site-packages/airflow/example_dags/example_external_task_marker_dag.py took 0.129 seconds
[2025-01-07T12:11:42.851+0000] {processor.py:186} INFO - Started process (PID=3013) to work on /home/airflow/.local/lib/python3.12/site-packages/airflow/example_dags/example_external_task_marker_dag.py
[2025-01-07T12:11:42.853+0000] {processor.py:914} INFO - Processing file /home/airflow/.local/lib/python3.12/site-packages/airflow/example_dags/example_external_task_marker_dag.py for tasks to queue
[2025-01-07T12:11:42.857+0000] {logging_mixin.py:190} INFO - [2025-01-07T12:11:42.857+0000] {dagbag.py:588} INFO - Filling up the DagBag from /home/airflow/.local/lib/python3.12/site-packages/airflow/example_dags/example_external_task_marker_dag.py
[2025-01-07T12:11:42.870+0000] {processor.py:925} INFO - DAG(s) 'example_external_task_marker_child', 'example_external_task_marker_parent' retrieved from /home/airflow/.local/lib/python3.12/site-packages/airflow/example_dags/example_external_task_marker_dag.py
[2025-01-07T12:11:42.918+0000] {logging_mixin.py:190} INFO - [2025-01-07T12:11:42.918+0000] {dag.py:3239} INFO - Sync 2 DAGs
[2025-01-07T12:11:42.943+0000] {logging_mixin.py:190} INFO - [2025-01-07T12:11:42.943+0000] {dag.py:4180} INFO - Setting next_dagrun for example_external_task_marker_child to None, run_after=None
[2025-01-07T12:11:42.952+0000] {logging_mixin.py:190} INFO - [2025-01-07T12:11:42.952+0000] {dag.py:4180} INFO - Setting next_dagrun for example_external_task_marker_parent to None, run_after=None
[2025-01-07T12:11:42.980+0000] {processor.py:208} INFO - Processing /home/airflow/.local/lib/python3.12/site-packages/airflow/example_dags/example_external_task_marker_dag.py took 0.139 seconds
[2025-01-07T12:12:13.719+0000] {processor.py:186} INFO - Started process (PID=3076) to work on /home/airflow/.local/lib/python3.12/site-packages/airflow/example_dags/example_external_task_marker_dag.py
[2025-01-07T12:12:13.720+0000] {processor.py:914} INFO - Processing file /home/airflow/.local/lib/python3.12/site-packages/airflow/example_dags/example_external_task_marker_dag.py for tasks to queue
[2025-01-07T12:12:13.723+0000] {logging_mixin.py:190} INFO - [2025-01-07T12:12:13.723+0000] {dagbag.py:588} INFO - Filling up the DagBag from /home/airflow/.local/lib/python3.12/site-packages/airflow/example_dags/example_external_task_marker_dag.py
[2025-01-07T12:12:13.736+0000] {processor.py:925} INFO - DAG(s) 'example_external_task_marker_child', 'example_external_task_marker_parent' retrieved from /home/airflow/.local/lib/python3.12/site-packages/airflow/example_dags/example_external_task_marker_dag.py
[2025-01-07T12:12:13.771+0000] {logging_mixin.py:190} INFO - [2025-01-07T12:12:13.770+0000] {dag.py:3239} INFO - Sync 2 DAGs
[2025-01-07T12:12:13.792+0000] {logging_mixin.py:190} INFO - [2025-01-07T12:12:13.792+0000] {dag.py:4180} INFO - Setting next_dagrun for example_external_task_marker_child to None, run_after=None
[2025-01-07T12:12:13.798+0000] {logging_mixin.py:190} INFO - [2025-01-07T12:12:13.798+0000] {dag.py:4180} INFO - Setting next_dagrun for example_external_task_marker_parent to None, run_after=None
[2025-01-07T12:12:13.823+0000] {processor.py:208} INFO - Processing /home/airflow/.local/lib/python3.12/site-packages/airflow/example_dags/example_external_task_marker_dag.py took 0.114 seconds
[2025-01-07T12:12:45.458+0000] {processor.py:186} INFO - Started process (PID=3140) to work on /home/airflow/.local/lib/python3.12/site-packages/airflow/example_dags/example_external_task_marker_dag.py
[2025-01-07T12:12:45.460+0000] {processor.py:914} INFO - Processing file /home/airflow/.local/lib/python3.12/site-packages/airflow/example_dags/example_external_task_marker_dag.py for tasks to queue
[2025-01-07T12:12:45.466+0000] {logging_mixin.py:190} INFO - [2025-01-07T12:12:45.465+0000] {dagbag.py:588} INFO - Filling up the DagBag from /home/airflow/.local/lib/python3.12/site-packages/airflow/example_dags/example_external_task_marker_dag.py
[2025-01-07T12:12:45.480+0000] {processor.py:925} INFO - DAG(s) 'example_external_task_marker_child', 'example_external_task_marker_parent' retrieved from /home/airflow/.local/lib/python3.12/site-packages/airflow/example_dags/example_external_task_marker_dag.py
[2025-01-07T12:12:45.520+0000] {logging_mixin.py:190} INFO - [2025-01-07T12:12:45.519+0000] {dag.py:3239} INFO - Sync 2 DAGs
[2025-01-07T12:12:45.548+0000] {logging_mixin.py:190} INFO - [2025-01-07T12:12:45.548+0000] {dag.py:4180} INFO - Setting next_dagrun for example_external_task_marker_child to None, run_after=None
[2025-01-07T12:12:45.558+0000] {logging_mixin.py:190} INFO - [2025-01-07T12:12:45.558+0000] {dag.py:4180} INFO - Setting next_dagrun for example_external_task_marker_parent to None, run_after=None
[2025-01-07T12:12:45.592+0000] {processor.py:208} INFO - Processing /home/airflow/.local/lib/python3.12/site-packages/airflow/example_dags/example_external_task_marker_dag.py took 0.145 seconds
[2025-01-07T12:43:16.749+0000] {processor.py:186} INFO - Started process (PID=3206) to work on /home/airflow/.local/lib/python3.12/site-packages/airflow/example_dags/example_external_task_marker_dag.py
[2025-01-07T12:43:16.753+0000] {processor.py:914} INFO - Processing file /home/airflow/.local/lib/python3.12/site-packages/airflow/example_dags/example_external_task_marker_dag.py for tasks to queue
[2025-01-07T12:43:16.763+0000] {logging_mixin.py:190} INFO - [2025-01-07T12:43:16.763+0000] {dagbag.py:588} INFO - Filling up the DagBag from /home/airflow/.local/lib/python3.12/site-packages/airflow/example_dags/example_external_task_marker_dag.py
[2025-01-07T12:43:16.786+0000] {processor.py:925} INFO - DAG(s) 'example_external_task_marker_child', 'example_external_task_marker_parent' retrieved from /home/airflow/.local/lib/python3.12/site-packages/airflow/example_dags/example_external_task_marker_dag.py
[2025-01-07T12:43:16.868+0000] {logging_mixin.py:190} INFO - [2025-01-07T12:43:16.867+0000] {dag.py:3239} INFO - Sync 2 DAGs
[2025-01-07T12:43:16.908+0000] {logging_mixin.py:190} INFO - [2025-01-07T12:43:16.907+0000] {dag.py:4180} INFO - Setting next_dagrun for example_external_task_marker_child to None, run_after=None
[2025-01-07T12:43:16.914+0000] {logging_mixin.py:190} INFO - [2025-01-07T12:43:16.914+0000] {dag.py:4180} INFO - Setting next_dagrun for example_external_task_marker_parent to None, run_after=None
[2025-01-07T12:43:16.948+0000] {processor.py:208} INFO - Processing /home/airflow/.local/lib/python3.12/site-packages/airflow/example_dags/example_external_task_marker_dag.py took 0.233 seconds
