[2025-01-07T11:47:33.840+0000] {processor.py:186} INFO - Started process (PID=84) to work on /home/airflow/.local/lib/python3.12/site-packages/airflow/example_dags/tutorial.py
[2025-01-07T11:47:33.842+0000] {processor.py:914} INFO - Processing file /home/airflow/.local/lib/python3.12/site-packages/airflow/example_dags/tutorial.py for tasks to queue
[2025-01-07T11:47:33.845+0000] {logging_mixin.py:190} INFO - [2025-01-07T11:47:33.844+0000] {dagbag.py:588} INFO - Filling up the DagBag from /home/airflow/.local/lib/python3.12/site-packages/airflow/example_dags/tutorial.py
[2025-01-07T11:47:33.860+0000] {processor.py:925} INFO - DAG(s) 'tutorial' retrieved from /home/airflow/.local/lib/python3.12/site-packages/airflow/example_dags/tutorial.py
[2025-01-07T11:47:34.049+0000] {logging_mixin.py:190} INFO - [2025-01-07T11:47:34.048+0000] {override.py:1911} INFO - Created Permission View: can read on DAG:tutorial
[2025-01-07T11:47:34.062+0000] {logging_mixin.py:190} INFO - [2025-01-07T11:47:34.062+0000] {override.py:1911} INFO - Created Permission View: can delete on DAG:tutorial
[2025-01-07T11:47:34.077+0000] {logging_mixin.py:190} INFO - [2025-01-07T11:47:34.076+0000] {override.py:1911} INFO - Created Permission View: can edit on DAG:tutorial
[2025-01-07T11:47:34.086+0000] {logging_mixin.py:190} INFO - [2025-01-07T11:47:34.086+0000] {override.py:1911} INFO - Created Permission View: menu access on DAG Run:tutorial
[2025-01-07T11:47:34.095+0000] {logging_mixin.py:190} INFO - [2025-01-07T11:47:34.095+0000] {override.py:1911} INFO - Created Permission View: can read on DAG Run:tutorial
[2025-01-07T11:47:34.110+0000] {logging_mixin.py:190} INFO - [2025-01-07T11:47:34.109+0000] {override.py:1911} INFO - Created Permission View: can delete on DAG Run:tutorial
[2025-01-07T11:47:34.119+0000] {logging_mixin.py:190} INFO - [2025-01-07T11:47:34.118+0000] {override.py:1911} INFO - Created Permission View: can create on DAG Run:tutorial
[2025-01-07T11:47:34.120+0000] {logging_mixin.py:190} INFO - [2025-01-07T11:47:34.119+0000] {dag.py:3239} INFO - Sync 1 DAGs
[2025-01-07T11:47:34.134+0000] {logging_mixin.py:190} INFO - [2025-01-07T11:47:34.134+0000] {dag.py:3262} INFO - Creating ORM DAG for tutorial
[2025-01-07T11:47:34.144+0000] {logging_mixin.py:190} INFO - [2025-01-07T11:47:34.144+0000] {dag.py:4180} INFO - Setting next_dagrun for tutorial to 2025-01-06 00:00:00+00:00, run_after=2025-01-07 00:00:00+00:00
[2025-01-07T11:47:34.162+0000] {processor.py:208} INFO - Processing /home/airflow/.local/lib/python3.12/site-packages/airflow/example_dags/tutorial.py took 0.331 seconds
[2025-01-07T11:48:29.227+0000] {processor.py:186} INFO - Started process (PID=153) to work on /home/airflow/.local/lib/python3.12/site-packages/airflow/example_dags/tutorial.py
[2025-01-07T11:48:29.228+0000] {processor.py:914} INFO - Processing file /home/airflow/.local/lib/python3.12/site-packages/airflow/example_dags/tutorial.py for tasks to queue
[2025-01-07T11:48:29.231+0000] {logging_mixin.py:190} INFO - [2025-01-07T11:48:29.231+0000] {dagbag.py:588} INFO - Filling up the DagBag from /home/airflow/.local/lib/python3.12/site-packages/airflow/example_dags/tutorial.py
[2025-01-07T11:48:29.242+0000] {processor.py:925} INFO - DAG(s) 'tutorial' retrieved from /home/airflow/.local/lib/python3.12/site-packages/airflow/example_dags/tutorial.py
[2025-01-07T11:48:29.264+0000] {logging_mixin.py:190} INFO - [2025-01-07T11:48:29.264+0000] {dag.py:3239} INFO - Sync 1 DAGs
[2025-01-07T11:48:29.290+0000] {logging_mixin.py:190} INFO - [2025-01-07T11:48:29.290+0000] {dag.py:4180} INFO - Setting next_dagrun for tutorial to 2025-01-06 00:00:00+00:00, run_after=2025-01-07 00:00:00+00:00
[2025-01-07T11:48:29.331+0000] {processor.py:208} INFO - Processing /home/airflow/.local/lib/python3.12/site-packages/airflow/example_dags/tutorial.py took 0.112 seconds
[2025-01-07T11:49:00.228+0000] {processor.py:186} INFO - Started process (PID=217) to work on /home/airflow/.local/lib/python3.12/site-packages/airflow/example_dags/tutorial.py
[2025-01-07T11:49:00.229+0000] {processor.py:914} INFO - Processing file /home/airflow/.local/lib/python3.12/site-packages/airflow/example_dags/tutorial.py for tasks to queue
[2025-01-07T11:49:00.232+0000] {logging_mixin.py:190} INFO - [2025-01-07T11:49:00.231+0000] {dagbag.py:588} INFO - Filling up the DagBag from /home/airflow/.local/lib/python3.12/site-packages/airflow/example_dags/tutorial.py
[2025-01-07T11:49:00.239+0000] {processor.py:925} INFO - DAG(s) 'tutorial' retrieved from /home/airflow/.local/lib/python3.12/site-packages/airflow/example_dags/tutorial.py
[2025-01-07T11:49:00.257+0000] {logging_mixin.py:190} INFO - [2025-01-07T11:49:00.257+0000] {dag.py:3239} INFO - Sync 1 DAGs
[2025-01-07T11:49:00.278+0000] {logging_mixin.py:190} INFO - [2025-01-07T11:49:00.278+0000] {dag.py:4180} INFO - Setting next_dagrun for tutorial to 2025-01-06 00:00:00+00:00, run_after=2025-01-07 00:00:00+00:00
[2025-01-07T11:49:00.296+0000] {processor.py:208} INFO - Processing /home/airflow/.local/lib/python3.12/site-packages/airflow/example_dags/tutorial.py took 0.074 seconds
[2025-01-07T11:49:31.041+0000] {processor.py:186} INFO - Started process (PID=280) to work on /home/airflow/.local/lib/python3.12/site-packages/airflow/example_dags/tutorial.py
[2025-01-07T11:49:31.042+0000] {processor.py:914} INFO - Processing file /home/airflow/.local/lib/python3.12/site-packages/airflow/example_dags/tutorial.py for tasks to queue
[2025-01-07T11:49:31.045+0000] {logging_mixin.py:190} INFO - [2025-01-07T11:49:31.045+0000] {dagbag.py:588} INFO - Filling up the DagBag from /home/airflow/.local/lib/python3.12/site-packages/airflow/example_dags/tutorial.py
[2025-01-07T11:49:31.053+0000] {processor.py:925} INFO - DAG(s) 'tutorial' retrieved from /home/airflow/.local/lib/python3.12/site-packages/airflow/example_dags/tutorial.py
[2025-01-07T11:49:31.073+0000] {logging_mixin.py:190} INFO - [2025-01-07T11:49:31.072+0000] {dag.py:3239} INFO - Sync 1 DAGs
[2025-01-07T11:49:31.095+0000] {logging_mixin.py:190} INFO - [2025-01-07T11:49:31.094+0000] {dag.py:4180} INFO - Setting next_dagrun for tutorial to 2025-01-06 00:00:00+00:00, run_after=2025-01-07 00:00:00+00:00
[2025-01-07T11:49:31.116+0000] {processor.py:208} INFO - Processing /home/airflow/.local/lib/python3.12/site-packages/airflow/example_dags/tutorial.py took 0.081 seconds
[2025-01-07T11:50:01.323+0000] {processor.py:186} INFO - Started process (PID=343) to work on /home/airflow/.local/lib/python3.12/site-packages/airflow/example_dags/tutorial.py
[2025-01-07T11:50:01.324+0000] {processor.py:914} INFO - Processing file /home/airflow/.local/lib/python3.12/site-packages/airflow/example_dags/tutorial.py for tasks to queue
[2025-01-07T11:50:01.327+0000] {logging_mixin.py:190} INFO - [2025-01-07T11:50:01.327+0000] {dagbag.py:588} INFO - Filling up the DagBag from /home/airflow/.local/lib/python3.12/site-packages/airflow/example_dags/tutorial.py
[2025-01-07T11:50:01.335+0000] {processor.py:925} INFO - DAG(s) 'tutorial' retrieved from /home/airflow/.local/lib/python3.12/site-packages/airflow/example_dags/tutorial.py
[2025-01-07T11:50:01.354+0000] {logging_mixin.py:190} INFO - [2025-01-07T11:50:01.354+0000] {dag.py:3239} INFO - Sync 1 DAGs
[2025-01-07T11:50:01.378+0000] {logging_mixin.py:190} INFO - [2025-01-07T11:50:01.377+0000] {dag.py:4180} INFO - Setting next_dagrun for tutorial to 2025-01-06 00:00:00+00:00, run_after=2025-01-07 00:00:00+00:00
[2025-01-07T11:50:01.400+0000] {processor.py:208} INFO - Processing /home/airflow/.local/lib/python3.12/site-packages/airflow/example_dags/tutorial.py took 0.082 seconds
[2025-01-07T11:50:31.559+0000] {processor.py:186} INFO - Started process (PID=406) to work on /home/airflow/.local/lib/python3.12/site-packages/airflow/example_dags/tutorial.py
[2025-01-07T11:50:31.560+0000] {processor.py:914} INFO - Processing file /home/airflow/.local/lib/python3.12/site-packages/airflow/example_dags/tutorial.py for tasks to queue
[2025-01-07T11:50:31.563+0000] {logging_mixin.py:190} INFO - [2025-01-07T11:50:31.563+0000] {dagbag.py:588} INFO - Filling up the DagBag from /home/airflow/.local/lib/python3.12/site-packages/airflow/example_dags/tutorial.py
[2025-01-07T11:50:31.571+0000] {processor.py:925} INFO - DAG(s) 'tutorial' retrieved from /home/airflow/.local/lib/python3.12/site-packages/airflow/example_dags/tutorial.py
[2025-01-07T11:50:31.595+0000] {logging_mixin.py:190} INFO - [2025-01-07T11:50:31.594+0000] {dag.py:3239} INFO - Sync 1 DAGs
[2025-01-07T11:50:31.623+0000] {logging_mixin.py:190} INFO - [2025-01-07T11:50:31.622+0000] {dag.py:4180} INFO - Setting next_dagrun for tutorial to 2025-01-06 00:00:00+00:00, run_after=2025-01-07 00:00:00+00:00
[2025-01-07T11:50:31.649+0000] {processor.py:208} INFO - Processing /home/airflow/.local/lib/python3.12/site-packages/airflow/example_dags/tutorial.py took 0.097 seconds
[2025-01-07T11:51:02.865+0000] {processor.py:186} INFO - Started process (PID=469) to work on /home/airflow/.local/lib/python3.12/site-packages/airflow/example_dags/tutorial.py
[2025-01-07T11:51:02.867+0000] {processor.py:914} INFO - Processing file /home/airflow/.local/lib/python3.12/site-packages/airflow/example_dags/tutorial.py for tasks to queue
[2025-01-07T11:51:02.873+0000] {logging_mixin.py:190} INFO - [2025-01-07T11:51:02.873+0000] {dagbag.py:588} INFO - Filling up the DagBag from /home/airflow/.local/lib/python3.12/site-packages/airflow/example_dags/tutorial.py
[2025-01-07T11:51:02.884+0000] {processor.py:925} INFO - DAG(s) 'tutorial' retrieved from /home/airflow/.local/lib/python3.12/site-packages/airflow/example_dags/tutorial.py
[2025-01-07T11:51:02.902+0000] {logging_mixin.py:190} INFO - [2025-01-07T11:51:02.902+0000] {dag.py:3239} INFO - Sync 1 DAGs
[2025-01-07T11:51:02.925+0000] {logging_mixin.py:190} INFO - [2025-01-07T11:51:02.925+0000] {dag.py:4180} INFO - Setting next_dagrun for tutorial to 2025-01-06 00:00:00+00:00, run_after=2025-01-07 00:00:00+00:00
[2025-01-07T11:51:02.944+0000] {processor.py:208} INFO - Processing /home/airflow/.local/lib/python3.12/site-packages/airflow/example_dags/tutorial.py took 0.086 seconds
[2025-01-07T11:51:34.273+0000] {processor.py:186} INFO - Started process (PID=532) to work on /home/airflow/.local/lib/python3.12/site-packages/airflow/example_dags/tutorial.py
[2025-01-07T11:51:34.275+0000] {processor.py:914} INFO - Processing file /home/airflow/.local/lib/python3.12/site-packages/airflow/example_dags/tutorial.py for tasks to queue
[2025-01-07T11:51:34.278+0000] {logging_mixin.py:190} INFO - [2025-01-07T11:51:34.278+0000] {dagbag.py:588} INFO - Filling up the DagBag from /home/airflow/.local/lib/python3.12/site-packages/airflow/example_dags/tutorial.py
[2025-01-07T11:51:34.291+0000] {processor.py:925} INFO - DAG(s) 'tutorial' retrieved from /home/airflow/.local/lib/python3.12/site-packages/airflow/example_dags/tutorial.py
[2025-01-07T11:51:34.321+0000] {logging_mixin.py:190} INFO - [2025-01-07T11:51:34.321+0000] {dag.py:3239} INFO - Sync 1 DAGs
[2025-01-07T11:51:34.361+0000] {logging_mixin.py:190} INFO - [2025-01-07T11:51:34.361+0000] {dag.py:4180} INFO - Setting next_dagrun for tutorial to 2025-01-06 00:00:00+00:00, run_after=2025-01-07 00:00:00+00:00
[2025-01-07T11:51:34.393+0000] {processor.py:208} INFO - Processing /home/airflow/.local/lib/python3.12/site-packages/airflow/example_dags/tutorial.py took 0.127 seconds
[2025-01-07T11:52:04.502+0000] {processor.py:186} INFO - Started process (PID=595) to work on /home/airflow/.local/lib/python3.12/site-packages/airflow/example_dags/tutorial.py
[2025-01-07T11:52:04.504+0000] {processor.py:914} INFO - Processing file /home/airflow/.local/lib/python3.12/site-packages/airflow/example_dags/tutorial.py for tasks to queue
[2025-01-07T11:52:04.507+0000] {logging_mixin.py:190} INFO - [2025-01-07T11:52:04.506+0000] {dagbag.py:588} INFO - Filling up the DagBag from /home/airflow/.local/lib/python3.12/site-packages/airflow/example_dags/tutorial.py
[2025-01-07T11:52:04.518+0000] {processor.py:925} INFO - DAG(s) 'tutorial' retrieved from /home/airflow/.local/lib/python3.12/site-packages/airflow/example_dags/tutorial.py
[2025-01-07T11:52:04.541+0000] {logging_mixin.py:190} INFO - [2025-01-07T11:52:04.541+0000] {dag.py:3239} INFO - Sync 1 DAGs
[2025-01-07T11:52:04.569+0000] {logging_mixin.py:190} INFO - [2025-01-07T11:52:04.569+0000] {dag.py:4180} INFO - Setting next_dagrun for tutorial to 2025-01-06 00:00:00+00:00, run_after=2025-01-07 00:00:00+00:00
[2025-01-07T11:52:04.594+0000] {processor.py:208} INFO - Processing /home/airflow/.local/lib/python3.12/site-packages/airflow/example_dags/tutorial.py took 0.098 seconds
[2025-01-07T11:52:35.080+0000] {processor.py:186} INFO - Started process (PID=658) to work on /home/airflow/.local/lib/python3.12/site-packages/airflow/example_dags/tutorial.py
[2025-01-07T11:52:35.081+0000] {processor.py:914} INFO - Processing file /home/airflow/.local/lib/python3.12/site-packages/airflow/example_dags/tutorial.py for tasks to queue
[2025-01-07T11:52:35.084+0000] {logging_mixin.py:190} INFO - [2025-01-07T11:52:35.084+0000] {dagbag.py:588} INFO - Filling up the DagBag from /home/airflow/.local/lib/python3.12/site-packages/airflow/example_dags/tutorial.py
[2025-01-07T11:52:35.092+0000] {processor.py:925} INFO - DAG(s) 'tutorial' retrieved from /home/airflow/.local/lib/python3.12/site-packages/airflow/example_dags/tutorial.py
[2025-01-07T11:52:35.110+0000] {logging_mixin.py:190} INFO - [2025-01-07T11:52:35.110+0000] {dag.py:3239} INFO - Sync 1 DAGs
[2025-01-07T11:52:35.131+0000] {logging_mixin.py:190} INFO - [2025-01-07T11:52:35.131+0000] {dag.py:4180} INFO - Setting next_dagrun for tutorial to 2025-01-06 00:00:00+00:00, run_after=2025-01-07 00:00:00+00:00
[2025-01-07T11:52:35.148+0000] {processor.py:208} INFO - Processing /home/airflow/.local/lib/python3.12/site-packages/airflow/example_dags/tutorial.py took 0.075 seconds
[2025-01-07T11:53:05.679+0000] {processor.py:186} INFO - Started process (PID=721) to work on /home/airflow/.local/lib/python3.12/site-packages/airflow/example_dags/tutorial.py
[2025-01-07T11:53:05.680+0000] {processor.py:914} INFO - Processing file /home/airflow/.local/lib/python3.12/site-packages/airflow/example_dags/tutorial.py for tasks to queue
[2025-01-07T11:53:05.682+0000] {logging_mixin.py:190} INFO - [2025-01-07T11:53:05.682+0000] {dagbag.py:588} INFO - Filling up the DagBag from /home/airflow/.local/lib/python3.12/site-packages/airflow/example_dags/tutorial.py
[2025-01-07T11:53:05.690+0000] {processor.py:925} INFO - DAG(s) 'tutorial' retrieved from /home/airflow/.local/lib/python3.12/site-packages/airflow/example_dags/tutorial.py
[2025-01-07T11:53:05.710+0000] {logging_mixin.py:190} INFO - [2025-01-07T11:53:05.710+0000] {dag.py:3239} INFO - Sync 1 DAGs
[2025-01-07T11:53:05.733+0000] {logging_mixin.py:190} INFO - [2025-01-07T11:53:05.732+0000] {dag.py:4180} INFO - Setting next_dagrun for tutorial to 2025-01-06 00:00:00+00:00, run_after=2025-01-07 00:00:00+00:00
[2025-01-07T11:53:05.755+0000] {processor.py:208} INFO - Processing /home/airflow/.local/lib/python3.12/site-packages/airflow/example_dags/tutorial.py took 0.083 seconds
[2025-01-07T11:53:35.821+0000] {processor.py:186} INFO - Started process (PID=784) to work on /home/airflow/.local/lib/python3.12/site-packages/airflow/example_dags/tutorial.py
[2025-01-07T11:53:35.822+0000] {processor.py:914} INFO - Processing file /home/airflow/.local/lib/python3.12/site-packages/airflow/example_dags/tutorial.py for tasks to queue
[2025-01-07T11:53:35.824+0000] {logging_mixin.py:190} INFO - [2025-01-07T11:53:35.824+0000] {dagbag.py:588} INFO - Filling up the DagBag from /home/airflow/.local/lib/python3.12/site-packages/airflow/example_dags/tutorial.py
[2025-01-07T11:53:35.832+0000] {processor.py:925} INFO - DAG(s) 'tutorial' retrieved from /home/airflow/.local/lib/python3.12/site-packages/airflow/example_dags/tutorial.py
[2025-01-07T11:53:35.850+0000] {logging_mixin.py:190} INFO - [2025-01-07T11:53:35.850+0000] {dag.py:3239} INFO - Sync 1 DAGs
[2025-01-07T11:53:35.872+0000] {logging_mixin.py:190} INFO - [2025-01-07T11:53:35.871+0000] {dag.py:4180} INFO - Setting next_dagrun for tutorial to 2025-01-06 00:00:00+00:00, run_after=2025-01-07 00:00:00+00:00
[2025-01-07T11:53:35.891+0000] {processor.py:208} INFO - Processing /home/airflow/.local/lib/python3.12/site-packages/airflow/example_dags/tutorial.py took 0.077 seconds
[2025-01-07T11:54:06.541+0000] {processor.py:186} INFO - Started process (PID=846) to work on /home/airflow/.local/lib/python3.12/site-packages/airflow/example_dags/tutorial.py
[2025-01-07T11:54:06.542+0000] {processor.py:914} INFO - Processing file /home/airflow/.local/lib/python3.12/site-packages/airflow/example_dags/tutorial.py for tasks to queue
[2025-01-07T11:54:06.545+0000] {logging_mixin.py:190} INFO - [2025-01-07T11:54:06.544+0000] {dagbag.py:588} INFO - Filling up the DagBag from /home/airflow/.local/lib/python3.12/site-packages/airflow/example_dags/tutorial.py
[2025-01-07T11:54:06.554+0000] {processor.py:925} INFO - DAG(s) 'tutorial' retrieved from /home/airflow/.local/lib/python3.12/site-packages/airflow/example_dags/tutorial.py
[2025-01-07T11:54:06.572+0000] {logging_mixin.py:190} INFO - [2025-01-07T11:54:06.572+0000] {dag.py:3239} INFO - Sync 1 DAGs
[2025-01-07T11:54:06.594+0000] {logging_mixin.py:190} INFO - [2025-01-07T11:54:06.594+0000] {dag.py:4180} INFO - Setting next_dagrun for tutorial to 2025-01-06 00:00:00+00:00, run_after=2025-01-07 00:00:00+00:00
[2025-01-07T11:54:06.611+0000] {processor.py:208} INFO - Processing /home/airflow/.local/lib/python3.12/site-packages/airflow/example_dags/tutorial.py took 0.076 seconds
[2025-01-07T11:54:37.387+0000] {processor.py:186} INFO - Started process (PID=909) to work on /home/airflow/.local/lib/python3.12/site-packages/airflow/example_dags/tutorial.py
[2025-01-07T11:54:37.388+0000] {processor.py:914} INFO - Processing file /home/airflow/.local/lib/python3.12/site-packages/airflow/example_dags/tutorial.py for tasks to queue
[2025-01-07T11:54:37.391+0000] {logging_mixin.py:190} INFO - [2025-01-07T11:54:37.390+0000] {dagbag.py:588} INFO - Filling up the DagBag from /home/airflow/.local/lib/python3.12/site-packages/airflow/example_dags/tutorial.py
[2025-01-07T11:54:37.399+0000] {processor.py:925} INFO - DAG(s) 'tutorial' retrieved from /home/airflow/.local/lib/python3.12/site-packages/airflow/example_dags/tutorial.py
[2025-01-07T11:54:37.419+0000] {logging_mixin.py:190} INFO - [2025-01-07T11:54:37.419+0000] {dag.py:3239} INFO - Sync 1 DAGs
[2025-01-07T11:54:37.444+0000] {logging_mixin.py:190} INFO - [2025-01-07T11:54:37.444+0000] {dag.py:4180} INFO - Setting next_dagrun for tutorial to 2025-01-06 00:00:00+00:00, run_after=2025-01-07 00:00:00+00:00
[2025-01-07T11:54:37.466+0000] {processor.py:208} INFO - Processing /home/airflow/.local/lib/python3.12/site-packages/airflow/example_dags/tutorial.py took 0.085 seconds
[2025-01-07T11:55:07.727+0000] {processor.py:186} INFO - Started process (PID=972) to work on /home/airflow/.local/lib/python3.12/site-packages/airflow/example_dags/tutorial.py
[2025-01-07T11:55:07.729+0000] {processor.py:914} INFO - Processing file /home/airflow/.local/lib/python3.12/site-packages/airflow/example_dags/tutorial.py for tasks to queue
[2025-01-07T11:55:07.732+0000] {logging_mixin.py:190} INFO - [2025-01-07T11:55:07.732+0000] {dagbag.py:588} INFO - Filling up the DagBag from /home/airflow/.local/lib/python3.12/site-packages/airflow/example_dags/tutorial.py
[2025-01-07T11:55:07.743+0000] {processor.py:925} INFO - DAG(s) 'tutorial' retrieved from /home/airflow/.local/lib/python3.12/site-packages/airflow/example_dags/tutorial.py
[2025-01-07T11:55:07.769+0000] {logging_mixin.py:190} INFO - [2025-01-07T11:55:07.768+0000] {dag.py:3239} INFO - Sync 1 DAGs
[2025-01-07T11:55:07.799+0000] {logging_mixin.py:190} INFO - [2025-01-07T11:55:07.798+0000] {dag.py:4180} INFO - Setting next_dagrun for tutorial to 2025-01-06 00:00:00+00:00, run_after=2025-01-07 00:00:00+00:00
[2025-01-07T11:55:07.822+0000] {processor.py:208} INFO - Processing /home/airflow/.local/lib/python3.12/site-packages/airflow/example_dags/tutorial.py took 0.102 seconds
[2025-01-07T11:55:38.436+0000] {processor.py:186} INFO - Started process (PID=1035) to work on /home/airflow/.local/lib/python3.12/site-packages/airflow/example_dags/tutorial.py
[2025-01-07T11:55:38.437+0000] {processor.py:914} INFO - Processing file /home/airflow/.local/lib/python3.12/site-packages/airflow/example_dags/tutorial.py for tasks to queue
[2025-01-07T11:55:38.439+0000] {logging_mixin.py:190} INFO - [2025-01-07T11:55:38.439+0000] {dagbag.py:588} INFO - Filling up the DagBag from /home/airflow/.local/lib/python3.12/site-packages/airflow/example_dags/tutorial.py
[2025-01-07T11:55:38.450+0000] {processor.py:925} INFO - DAG(s) 'tutorial' retrieved from /home/airflow/.local/lib/python3.12/site-packages/airflow/example_dags/tutorial.py
[2025-01-07T11:55:38.469+0000] {logging_mixin.py:190} INFO - [2025-01-07T11:55:38.469+0000] {dag.py:3239} INFO - Sync 1 DAGs
[2025-01-07T11:55:38.491+0000] {logging_mixin.py:190} INFO - [2025-01-07T11:55:38.491+0000] {dag.py:4180} INFO - Setting next_dagrun for tutorial to 2025-01-06 00:00:00+00:00, run_after=2025-01-07 00:00:00+00:00
[2025-01-07T11:55:38.509+0000] {processor.py:208} INFO - Processing /home/airflow/.local/lib/python3.12/site-packages/airflow/example_dags/tutorial.py took 0.079 seconds
[2025-01-07T11:56:09.073+0000] {processor.py:186} INFO - Started process (PID=1098) to work on /home/airflow/.local/lib/python3.12/site-packages/airflow/example_dags/tutorial.py
[2025-01-07T11:56:09.074+0000] {processor.py:914} INFO - Processing file /home/airflow/.local/lib/python3.12/site-packages/airflow/example_dags/tutorial.py for tasks to queue
[2025-01-07T11:56:09.078+0000] {logging_mixin.py:190} INFO - [2025-01-07T11:56:09.078+0000] {dagbag.py:588} INFO - Filling up the DagBag from /home/airflow/.local/lib/python3.12/site-packages/airflow/example_dags/tutorial.py
[2025-01-07T11:56:09.102+0000] {processor.py:925} INFO - DAG(s) 'tutorial' retrieved from /home/airflow/.local/lib/python3.12/site-packages/airflow/example_dags/tutorial.py
[2025-01-07T11:56:09.141+0000] {logging_mixin.py:190} INFO - [2025-01-07T11:56:09.141+0000] {dag.py:3239} INFO - Sync 1 DAGs
[2025-01-07T11:56:09.197+0000] {logging_mixin.py:190} INFO - [2025-01-07T11:56:09.197+0000] {dag.py:4180} INFO - Setting next_dagrun for tutorial to 2025-01-06 00:00:00+00:00, run_after=2025-01-07 00:00:00+00:00
[2025-01-07T11:56:09.225+0000] {processor.py:208} INFO - Processing /home/airflow/.local/lib/python3.12/site-packages/airflow/example_dags/tutorial.py took 0.162 seconds
[2025-01-07T11:56:39.820+0000] {processor.py:186} INFO - Started process (PID=1161) to work on /home/airflow/.local/lib/python3.12/site-packages/airflow/example_dags/tutorial.py
[2025-01-07T11:56:39.821+0000] {processor.py:914} INFO - Processing file /home/airflow/.local/lib/python3.12/site-packages/airflow/example_dags/tutorial.py for tasks to queue
[2025-01-07T11:56:39.823+0000] {logging_mixin.py:190} INFO - [2025-01-07T11:56:39.823+0000] {dagbag.py:588} INFO - Filling up the DagBag from /home/airflow/.local/lib/python3.12/site-packages/airflow/example_dags/tutorial.py
[2025-01-07T11:56:39.832+0000] {processor.py:925} INFO - DAG(s) 'tutorial' retrieved from /home/airflow/.local/lib/python3.12/site-packages/airflow/example_dags/tutorial.py
[2025-01-07T11:56:39.851+0000] {logging_mixin.py:190} INFO - [2025-01-07T11:56:39.851+0000] {dag.py:3239} INFO - Sync 1 DAGs
[2025-01-07T11:56:39.876+0000] {logging_mixin.py:190} INFO - [2025-01-07T11:56:39.875+0000] {dag.py:4180} INFO - Setting next_dagrun for tutorial to 2025-01-06 00:00:00+00:00, run_after=2025-01-07 00:00:00+00:00
[2025-01-07T11:56:39.893+0000] {processor.py:208} INFO - Processing /home/airflow/.local/lib/python3.12/site-packages/airflow/example_dags/tutorial.py took 0.079 seconds
[2025-01-07T11:57:10.122+0000] {processor.py:186} INFO - Started process (PID=1224) to work on /home/airflow/.local/lib/python3.12/site-packages/airflow/example_dags/tutorial.py
[2025-01-07T11:57:10.123+0000] {processor.py:914} INFO - Processing file /home/airflow/.local/lib/python3.12/site-packages/airflow/example_dags/tutorial.py for tasks to queue
[2025-01-07T11:57:10.126+0000] {logging_mixin.py:190} INFO - [2025-01-07T11:57:10.125+0000] {dagbag.py:588} INFO - Filling up the DagBag from /home/airflow/.local/lib/python3.12/site-packages/airflow/example_dags/tutorial.py
[2025-01-07T11:57:10.134+0000] {processor.py:925} INFO - DAG(s) 'tutorial' retrieved from /home/airflow/.local/lib/python3.12/site-packages/airflow/example_dags/tutorial.py
[2025-01-07T11:57:10.155+0000] {logging_mixin.py:190} INFO - [2025-01-07T11:57:10.155+0000] {dag.py:3239} INFO - Sync 1 DAGs
[2025-01-07T11:57:10.176+0000] {logging_mixin.py:190} INFO - [2025-01-07T11:57:10.176+0000] {dag.py:4180} INFO - Setting next_dagrun for tutorial to 2025-01-06 00:00:00+00:00, run_after=2025-01-07 00:00:00+00:00
[2025-01-07T11:57:10.194+0000] {processor.py:208} INFO - Processing /home/airflow/.local/lib/python3.12/site-packages/airflow/example_dags/tutorial.py took 0.078 seconds
[2025-01-07T11:57:41.558+0000] {processor.py:186} INFO - Started process (PID=1295) to work on /home/airflow/.local/lib/python3.12/site-packages/airflow/example_dags/tutorial.py
[2025-01-07T11:57:41.560+0000] {processor.py:914} INFO - Processing file /home/airflow/.local/lib/python3.12/site-packages/airflow/example_dags/tutorial.py for tasks to queue
[2025-01-07T11:57:41.563+0000] {logging_mixin.py:190} INFO - [2025-01-07T11:57:41.562+0000] {dagbag.py:588} INFO - Filling up the DagBag from /home/airflow/.local/lib/python3.12/site-packages/airflow/example_dags/tutorial.py
[2025-01-07T11:57:41.581+0000] {processor.py:925} INFO - DAG(s) 'tutorial' retrieved from /home/airflow/.local/lib/python3.12/site-packages/airflow/example_dags/tutorial.py
[2025-01-07T11:57:41.628+0000] {logging_mixin.py:190} INFO - [2025-01-07T11:57:41.628+0000] {dag.py:3239} INFO - Sync 1 DAGs
[2025-01-07T11:57:41.686+0000] {logging_mixin.py:190} INFO - [2025-01-07T11:57:41.685+0000] {dag.py:4180} INFO - Setting next_dagrun for tutorial to 2025-01-06 00:00:00+00:00, run_after=2025-01-07 00:00:00+00:00
[2025-01-07T11:57:41.736+0000] {processor.py:208} INFO - Processing /home/airflow/.local/lib/python3.12/site-packages/airflow/example_dags/tutorial.py took 0.198 seconds
[2025-01-07T11:58:12.462+0000] {processor.py:186} INFO - Started process (PID=1358) to work on /home/airflow/.local/lib/python3.12/site-packages/airflow/example_dags/tutorial.py
[2025-01-07T11:58:12.463+0000] {processor.py:914} INFO - Processing file /home/airflow/.local/lib/python3.12/site-packages/airflow/example_dags/tutorial.py for tasks to queue
[2025-01-07T11:58:12.466+0000] {logging_mixin.py:190} INFO - [2025-01-07T11:58:12.465+0000] {dagbag.py:588} INFO - Filling up the DagBag from /home/airflow/.local/lib/python3.12/site-packages/airflow/example_dags/tutorial.py
[2025-01-07T11:58:12.476+0000] {processor.py:925} INFO - DAG(s) 'tutorial' retrieved from /home/airflow/.local/lib/python3.12/site-packages/airflow/example_dags/tutorial.py
[2025-01-07T11:58:12.496+0000] {logging_mixin.py:190} INFO - [2025-01-07T11:58:12.495+0000] {dag.py:3239} INFO - Sync 1 DAGs
[2025-01-07T11:58:12.519+0000] {logging_mixin.py:190} INFO - [2025-01-07T11:58:12.519+0000] {dag.py:4180} INFO - Setting next_dagrun for tutorial to 2025-01-06 00:00:00+00:00, run_after=2025-01-07 00:00:00+00:00
[2025-01-07T11:58:12.540+0000] {processor.py:208} INFO - Processing /home/airflow/.local/lib/python3.12/site-packages/airflow/example_dags/tutorial.py took 0.084 seconds
[2025-01-07T11:58:42.753+0000] {processor.py:186} INFO - Started process (PID=1421) to work on /home/airflow/.local/lib/python3.12/site-packages/airflow/example_dags/tutorial.py
[2025-01-07T11:58:42.754+0000] {processor.py:914} INFO - Processing file /home/airflow/.local/lib/python3.12/site-packages/airflow/example_dags/tutorial.py for tasks to queue
[2025-01-07T11:58:42.756+0000] {logging_mixin.py:190} INFO - [2025-01-07T11:58:42.756+0000] {dagbag.py:588} INFO - Filling up the DagBag from /home/airflow/.local/lib/python3.12/site-packages/airflow/example_dags/tutorial.py
[2025-01-07T11:58:42.764+0000] {processor.py:925} INFO - DAG(s) 'tutorial' retrieved from /home/airflow/.local/lib/python3.12/site-packages/airflow/example_dags/tutorial.py
[2025-01-07T11:58:42.782+0000] {logging_mixin.py:190} INFO - [2025-01-07T11:58:42.782+0000] {dag.py:3239} INFO - Sync 1 DAGs
[2025-01-07T11:58:42.802+0000] {logging_mixin.py:190} INFO - [2025-01-07T11:58:42.802+0000] {dag.py:4180} INFO - Setting next_dagrun for tutorial to 2025-01-06 00:00:00+00:00, run_after=2025-01-07 00:00:00+00:00
[2025-01-07T11:58:42.827+0000] {processor.py:208} INFO - Processing /home/airflow/.local/lib/python3.12/site-packages/airflow/example_dags/tutorial.py took 0.080 seconds
[2025-01-07T11:59:13.000+0000] {processor.py:186} INFO - Started process (PID=1484) to work on /home/airflow/.local/lib/python3.12/site-packages/airflow/example_dags/tutorial.py
[2025-01-07T11:59:13.001+0000] {processor.py:914} INFO - Processing file /home/airflow/.local/lib/python3.12/site-packages/airflow/example_dags/tutorial.py for tasks to queue
[2025-01-07T11:59:13.004+0000] {logging_mixin.py:190} INFO - [2025-01-07T11:59:13.004+0000] {dagbag.py:588} INFO - Filling up the DagBag from /home/airflow/.local/lib/python3.12/site-packages/airflow/example_dags/tutorial.py
[2025-01-07T11:59:13.015+0000] {processor.py:925} INFO - DAG(s) 'tutorial' retrieved from /home/airflow/.local/lib/python3.12/site-packages/airflow/example_dags/tutorial.py
[2025-01-07T11:59:13.034+0000] {logging_mixin.py:190} INFO - [2025-01-07T11:59:13.034+0000] {dag.py:3239} INFO - Sync 1 DAGs
[2025-01-07T11:59:13.056+0000] {logging_mixin.py:190} INFO - [2025-01-07T11:59:13.056+0000] {dag.py:4180} INFO - Setting next_dagrun for tutorial to 2025-01-06 00:00:00+00:00, run_after=2025-01-07 00:00:00+00:00
[2025-01-07T11:59:13.077+0000] {processor.py:208} INFO - Processing /home/airflow/.local/lib/python3.12/site-packages/airflow/example_dags/tutorial.py took 0.084 seconds
[2025-01-07T11:59:43.898+0000] {processor.py:186} INFO - Started process (PID=1548) to work on /home/airflow/.local/lib/python3.12/site-packages/airflow/example_dags/tutorial.py
[2025-01-07T11:59:43.899+0000] {processor.py:914} INFO - Processing file /home/airflow/.local/lib/python3.12/site-packages/airflow/example_dags/tutorial.py for tasks to queue
[2025-01-07T11:59:43.902+0000] {logging_mixin.py:190} INFO - [2025-01-07T11:59:43.901+0000] {dagbag.py:588} INFO - Filling up the DagBag from /home/airflow/.local/lib/python3.12/site-packages/airflow/example_dags/tutorial.py
[2025-01-07T11:59:43.911+0000] {processor.py:925} INFO - DAG(s) 'tutorial' retrieved from /home/airflow/.local/lib/python3.12/site-packages/airflow/example_dags/tutorial.py
[2025-01-07T11:59:43.931+0000] {logging_mixin.py:190} INFO - [2025-01-07T11:59:43.931+0000] {dag.py:3239} INFO - Sync 1 DAGs
[2025-01-07T11:59:43.953+0000] {logging_mixin.py:190} INFO - [2025-01-07T11:59:43.953+0000] {dag.py:4180} INFO - Setting next_dagrun for tutorial to 2025-01-06 00:00:00+00:00, run_after=2025-01-07 00:00:00+00:00
[2025-01-07T11:59:43.974+0000] {processor.py:208} INFO - Processing /home/airflow/.local/lib/python3.12/site-packages/airflow/example_dags/tutorial.py took 0.082 seconds
[2025-01-07T12:00:14.397+0000] {processor.py:186} INFO - Started process (PID=1611) to work on /home/airflow/.local/lib/python3.12/site-packages/airflow/example_dags/tutorial.py
[2025-01-07T12:00:14.398+0000] {processor.py:914} INFO - Processing file /home/airflow/.local/lib/python3.12/site-packages/airflow/example_dags/tutorial.py for tasks to queue
[2025-01-07T12:00:14.400+0000] {logging_mixin.py:190} INFO - [2025-01-07T12:00:14.400+0000] {dagbag.py:588} INFO - Filling up the DagBag from /home/airflow/.local/lib/python3.12/site-packages/airflow/example_dags/tutorial.py
[2025-01-07T12:00:14.408+0000] {processor.py:925} INFO - DAG(s) 'tutorial' retrieved from /home/airflow/.local/lib/python3.12/site-packages/airflow/example_dags/tutorial.py
[2025-01-07T12:00:14.427+0000] {logging_mixin.py:190} INFO - [2025-01-07T12:00:14.427+0000] {dag.py:3239} INFO - Sync 1 DAGs
[2025-01-07T12:00:14.447+0000] {logging_mixin.py:190} INFO - [2025-01-07T12:00:14.447+0000] {dag.py:4180} INFO - Setting next_dagrun for tutorial to 2025-01-06 00:00:00+00:00, run_after=2025-01-07 00:00:00+00:00
[2025-01-07T12:00:14.466+0000] {processor.py:208} INFO - Processing /home/airflow/.local/lib/python3.12/site-packages/airflow/example_dags/tutorial.py took 0.075 seconds
[2025-01-07T12:00:44.631+0000] {processor.py:186} INFO - Started process (PID=1674) to work on /home/airflow/.local/lib/python3.12/site-packages/airflow/example_dags/tutorial.py
[2025-01-07T12:00:44.632+0000] {processor.py:914} INFO - Processing file /home/airflow/.local/lib/python3.12/site-packages/airflow/example_dags/tutorial.py for tasks to queue
[2025-01-07T12:00:44.635+0000] {logging_mixin.py:190} INFO - [2025-01-07T12:00:44.635+0000] {dagbag.py:588} INFO - Filling up the DagBag from /home/airflow/.local/lib/python3.12/site-packages/airflow/example_dags/tutorial.py
[2025-01-07T12:00:44.648+0000] {processor.py:925} INFO - DAG(s) 'tutorial' retrieved from /home/airflow/.local/lib/python3.12/site-packages/airflow/example_dags/tutorial.py
[2025-01-07T12:00:44.671+0000] {logging_mixin.py:190} INFO - [2025-01-07T12:00:44.671+0000] {dag.py:3239} INFO - Sync 1 DAGs
[2025-01-07T12:00:44.699+0000] {logging_mixin.py:190} INFO - [2025-01-07T12:00:44.699+0000] {dag.py:4180} INFO - Setting next_dagrun for tutorial to 2025-01-06 00:00:00+00:00, run_after=2025-01-07 00:00:00+00:00
[2025-01-07T12:00:44.723+0000] {processor.py:208} INFO - Processing /home/airflow/.local/lib/python3.12/site-packages/airflow/example_dags/tutorial.py took 0.099 seconds
[2025-01-07T12:01:14.821+0000] {processor.py:186} INFO - Started process (PID=1737) to work on /home/airflow/.local/lib/python3.12/site-packages/airflow/example_dags/tutorial.py
[2025-01-07T12:01:14.822+0000] {processor.py:914} INFO - Processing file /home/airflow/.local/lib/python3.12/site-packages/airflow/example_dags/tutorial.py for tasks to queue
[2025-01-07T12:01:14.825+0000] {logging_mixin.py:190} INFO - [2025-01-07T12:01:14.824+0000] {dagbag.py:588} INFO - Filling up the DagBag from /home/airflow/.local/lib/python3.12/site-packages/airflow/example_dags/tutorial.py
[2025-01-07T12:01:14.833+0000] {processor.py:925} INFO - DAG(s) 'tutorial' retrieved from /home/airflow/.local/lib/python3.12/site-packages/airflow/example_dags/tutorial.py
[2025-01-07T12:01:14.851+0000] {logging_mixin.py:190} INFO - [2025-01-07T12:01:14.851+0000] {dag.py:3239} INFO - Sync 1 DAGs
[2025-01-07T12:01:14.872+0000] {logging_mixin.py:190} INFO - [2025-01-07T12:01:14.872+0000] {dag.py:4180} INFO - Setting next_dagrun for tutorial to 2025-01-06 00:00:00+00:00, run_after=2025-01-07 00:00:00+00:00
[2025-01-07T12:01:14.889+0000] {processor.py:208} INFO - Processing /home/airflow/.local/lib/python3.12/site-packages/airflow/example_dags/tutorial.py took 0.073 seconds
[2025-01-07T12:01:45.929+0000] {processor.py:186} INFO - Started process (PID=1800) to work on /home/airflow/.local/lib/python3.12/site-packages/airflow/example_dags/tutorial.py
[2025-01-07T12:01:45.930+0000] {processor.py:914} INFO - Processing file /home/airflow/.local/lib/python3.12/site-packages/airflow/example_dags/tutorial.py for tasks to queue
[2025-01-07T12:01:45.933+0000] {logging_mixin.py:190} INFO - [2025-01-07T12:01:45.933+0000] {dagbag.py:588} INFO - Filling up the DagBag from /home/airflow/.local/lib/python3.12/site-packages/airflow/example_dags/tutorial.py
[2025-01-07T12:01:45.942+0000] {processor.py:925} INFO - DAG(s) 'tutorial' retrieved from /home/airflow/.local/lib/python3.12/site-packages/airflow/example_dags/tutorial.py
[2025-01-07T12:01:45.965+0000] {logging_mixin.py:190} INFO - [2025-01-07T12:01:45.964+0000] {dag.py:3239} INFO - Sync 1 DAGs
[2025-01-07T12:01:45.991+0000] {logging_mixin.py:190} INFO - [2025-01-07T12:01:45.991+0000] {dag.py:4180} INFO - Setting next_dagrun for tutorial to 2025-01-06 00:00:00+00:00, run_after=2025-01-07 00:00:00+00:00
[2025-01-07T12:01:46.015+0000] {processor.py:208} INFO - Processing /home/airflow/.local/lib/python3.12/site-packages/airflow/example_dags/tutorial.py took 0.092 seconds
[2025-01-07T12:02:17.430+0000] {processor.py:186} INFO - Started process (PID=1863) to work on /home/airflow/.local/lib/python3.12/site-packages/airflow/example_dags/tutorial.py
[2025-01-07T12:02:17.432+0000] {processor.py:914} INFO - Processing file /home/airflow/.local/lib/python3.12/site-packages/airflow/example_dags/tutorial.py for tasks to queue
[2025-01-07T12:02:17.434+0000] {logging_mixin.py:190} INFO - [2025-01-07T12:02:17.434+0000] {dagbag.py:588} INFO - Filling up the DagBag from /home/airflow/.local/lib/python3.12/site-packages/airflow/example_dags/tutorial.py
[2025-01-07T12:02:17.445+0000] {processor.py:925} INFO - DAG(s) 'tutorial' retrieved from /home/airflow/.local/lib/python3.12/site-packages/airflow/example_dags/tutorial.py
[2025-01-07T12:02:17.466+0000] {logging_mixin.py:190} INFO - [2025-01-07T12:02:17.466+0000] {dag.py:3239} INFO - Sync 1 DAGs
[2025-01-07T12:02:17.493+0000] {logging_mixin.py:190} INFO - [2025-01-07T12:02:17.492+0000] {dag.py:4180} INFO - Setting next_dagrun for tutorial to 2025-01-06 00:00:00+00:00, run_after=2025-01-07 00:00:00+00:00
[2025-01-07T12:02:17.529+0000] {processor.py:208} INFO - Processing /home/airflow/.local/lib/python3.12/site-packages/airflow/example_dags/tutorial.py took 0.107 seconds
[2025-01-07T12:02:48.021+0000] {processor.py:186} INFO - Started process (PID=1926) to work on /home/airflow/.local/lib/python3.12/site-packages/airflow/example_dags/tutorial.py
[2025-01-07T12:02:48.022+0000] {processor.py:914} INFO - Processing file /home/airflow/.local/lib/python3.12/site-packages/airflow/example_dags/tutorial.py for tasks to queue
[2025-01-07T12:02:48.024+0000] {logging_mixin.py:190} INFO - [2025-01-07T12:02:48.024+0000] {dagbag.py:588} INFO - Filling up the DagBag from /home/airflow/.local/lib/python3.12/site-packages/airflow/example_dags/tutorial.py
[2025-01-07T12:02:48.033+0000] {processor.py:925} INFO - DAG(s) 'tutorial' retrieved from /home/airflow/.local/lib/python3.12/site-packages/airflow/example_dags/tutorial.py
[2025-01-07T12:02:48.052+0000] {logging_mixin.py:190} INFO - [2025-01-07T12:02:48.052+0000] {dag.py:3239} INFO - Sync 1 DAGs
[2025-01-07T12:02:48.074+0000] {logging_mixin.py:190} INFO - [2025-01-07T12:02:48.074+0000] {dag.py:4180} INFO - Setting next_dagrun for tutorial to 2025-01-06 00:00:00+00:00, run_after=2025-01-07 00:00:00+00:00
[2025-01-07T12:02:48.093+0000] {processor.py:208} INFO - Processing /home/airflow/.local/lib/python3.12/site-packages/airflow/example_dags/tutorial.py took 0.078 seconds
[2025-01-07T12:03:19.115+0000] {processor.py:186} INFO - Started process (PID=1995) to work on /home/airflow/.local/lib/python3.12/site-packages/airflow/example_dags/tutorial.py
[2025-01-07T12:03:19.117+0000] {processor.py:914} INFO - Processing file /home/airflow/.local/lib/python3.12/site-packages/airflow/example_dags/tutorial.py for tasks to queue
[2025-01-07T12:03:19.119+0000] {logging_mixin.py:190} INFO - [2025-01-07T12:03:19.119+0000] {dagbag.py:588} INFO - Filling up the DagBag from /home/airflow/.local/lib/python3.12/site-packages/airflow/example_dags/tutorial.py
[2025-01-07T12:03:19.127+0000] {processor.py:925} INFO - DAG(s) 'tutorial' retrieved from /home/airflow/.local/lib/python3.12/site-packages/airflow/example_dags/tutorial.py
[2025-01-07T12:03:19.149+0000] {logging_mixin.py:190} INFO - [2025-01-07T12:03:19.149+0000] {dag.py:3239} INFO - Sync 1 DAGs
[2025-01-07T12:03:19.174+0000] {logging_mixin.py:190} INFO - [2025-01-07T12:03:19.174+0000] {dag.py:4180} INFO - Setting next_dagrun for tutorial to 2025-01-06 00:00:00+00:00, run_after=2025-01-07 00:00:00+00:00
[2025-01-07T12:03:19.193+0000] {processor.py:208} INFO - Processing /home/airflow/.local/lib/python3.12/site-packages/airflow/example_dags/tutorial.py took 0.084 seconds
[2025-01-07T12:03:49.775+0000] {processor.py:186} INFO - Started process (PID=2058) to work on /home/airflow/.local/lib/python3.12/site-packages/airflow/example_dags/tutorial.py
[2025-01-07T12:03:49.776+0000] {processor.py:914} INFO - Processing file /home/airflow/.local/lib/python3.12/site-packages/airflow/example_dags/tutorial.py for tasks to queue
[2025-01-07T12:03:49.779+0000] {logging_mixin.py:190} INFO - [2025-01-07T12:03:49.779+0000] {dagbag.py:588} INFO - Filling up the DagBag from /home/airflow/.local/lib/python3.12/site-packages/airflow/example_dags/tutorial.py
[2025-01-07T12:03:49.788+0000] {processor.py:925} INFO - DAG(s) 'tutorial' retrieved from /home/airflow/.local/lib/python3.12/site-packages/airflow/example_dags/tutorial.py
[2025-01-07T12:03:49.811+0000] {logging_mixin.py:190} INFO - [2025-01-07T12:03:49.810+0000] {dag.py:3239} INFO - Sync 1 DAGs
[2025-01-07T12:03:49.836+0000] {logging_mixin.py:190} INFO - [2025-01-07T12:03:49.835+0000] {dag.py:4180} INFO - Setting next_dagrun for tutorial to 2025-01-06 00:00:00+00:00, run_after=2025-01-07 00:00:00+00:00
[2025-01-07T12:03:49.858+0000] {processor.py:208} INFO - Processing /home/airflow/.local/lib/python3.12/site-packages/airflow/example_dags/tutorial.py took 0.091 seconds
[2025-01-07T12:04:21.029+0000] {processor.py:186} INFO - Started process (PID=2121) to work on /home/airflow/.local/lib/python3.12/site-packages/airflow/example_dags/tutorial.py
[2025-01-07T12:04:21.030+0000] {processor.py:914} INFO - Processing file /home/airflow/.local/lib/python3.12/site-packages/airflow/example_dags/tutorial.py for tasks to queue
[2025-01-07T12:04:21.033+0000] {logging_mixin.py:190} INFO - [2025-01-07T12:04:21.033+0000] {dagbag.py:588} INFO - Filling up the DagBag from /home/airflow/.local/lib/python3.12/site-packages/airflow/example_dags/tutorial.py
[2025-01-07T12:04:21.043+0000] {processor.py:925} INFO - DAG(s) 'tutorial' retrieved from /home/airflow/.local/lib/python3.12/site-packages/airflow/example_dags/tutorial.py
[2025-01-07T12:04:21.066+0000] {logging_mixin.py:190} INFO - [2025-01-07T12:04:21.066+0000] {dag.py:3239} INFO - Sync 1 DAGs
[2025-01-07T12:04:21.088+0000] {logging_mixin.py:190} INFO - [2025-01-07T12:04:21.088+0000] {dag.py:4180} INFO - Setting next_dagrun for tutorial to 2025-01-06 00:00:00+00:00, run_after=2025-01-07 00:00:00+00:00
[2025-01-07T12:04:21.108+0000] {processor.py:208} INFO - Processing /home/airflow/.local/lib/python3.12/site-packages/airflow/example_dags/tutorial.py took 0.086 seconds
[2025-01-07T12:04:52.284+0000] {processor.py:186} INFO - Started process (PID=2184) to work on /home/airflow/.local/lib/python3.12/site-packages/airflow/example_dags/tutorial.py
[2025-01-07T12:04:52.285+0000] {processor.py:914} INFO - Processing file /home/airflow/.local/lib/python3.12/site-packages/airflow/example_dags/tutorial.py for tasks to queue
[2025-01-07T12:04:52.288+0000] {logging_mixin.py:190} INFO - [2025-01-07T12:04:52.287+0000] {dagbag.py:588} INFO - Filling up the DagBag from /home/airflow/.local/lib/python3.12/site-packages/airflow/example_dags/tutorial.py
[2025-01-07T12:04:52.297+0000] {processor.py:925} INFO - DAG(s) 'tutorial' retrieved from /home/airflow/.local/lib/python3.12/site-packages/airflow/example_dags/tutorial.py
[2025-01-07T12:04:52.317+0000] {logging_mixin.py:190} INFO - [2025-01-07T12:04:52.317+0000] {dag.py:3239} INFO - Sync 1 DAGs
[2025-01-07T12:04:52.343+0000] {logging_mixin.py:190} INFO - [2025-01-07T12:04:52.342+0000] {dag.py:4180} INFO - Setting next_dagrun for tutorial to 2025-01-06 00:00:00+00:00, run_after=2025-01-07 00:00:00+00:00
[2025-01-07T12:04:52.362+0000] {processor.py:208} INFO - Processing /home/airflow/.local/lib/python3.12/site-packages/airflow/example_dags/tutorial.py took 0.085 seconds
[2025-01-07T12:05:24.000+0000] {processor.py:186} INFO - Started process (PID=2247) to work on /home/airflow/.local/lib/python3.12/site-packages/airflow/example_dags/tutorial.py
[2025-01-07T12:05:24.001+0000] {processor.py:914} INFO - Processing file /home/airflow/.local/lib/python3.12/site-packages/airflow/example_dags/tutorial.py for tasks to queue
[2025-01-07T12:05:24.004+0000] {logging_mixin.py:190} INFO - [2025-01-07T12:05:24.004+0000] {dagbag.py:588} INFO - Filling up the DagBag from /home/airflow/.local/lib/python3.12/site-packages/airflow/example_dags/tutorial.py
[2025-01-07T12:05:24.014+0000] {processor.py:925} INFO - DAG(s) 'tutorial' retrieved from /home/airflow/.local/lib/python3.12/site-packages/airflow/example_dags/tutorial.py
[2025-01-07T12:05:24.034+0000] {logging_mixin.py:190} INFO - [2025-01-07T12:05:24.034+0000] {dag.py:3239} INFO - Sync 1 DAGs
[2025-01-07T12:05:24.056+0000] {logging_mixin.py:190} INFO - [2025-01-07T12:05:24.055+0000] {dag.py:4180} INFO - Setting next_dagrun for tutorial to 2025-01-06 00:00:00+00:00, run_after=2025-01-07 00:00:00+00:00
[2025-01-07T12:05:24.074+0000] {processor.py:208} INFO - Processing /home/airflow/.local/lib/python3.12/site-packages/airflow/example_dags/tutorial.py took 0.082 seconds
[2025-01-07T12:05:56.301+0000] {processor.py:186} INFO - Started process (PID=2313) to work on /home/airflow/.local/lib/python3.12/site-packages/airflow/example_dags/tutorial.py
[2025-01-07T12:05:56.302+0000] {processor.py:914} INFO - Processing file /home/airflow/.local/lib/python3.12/site-packages/airflow/example_dags/tutorial.py for tasks to queue
[2025-01-07T12:05:56.305+0000] {logging_mixin.py:190} INFO - [2025-01-07T12:05:56.305+0000] {dagbag.py:588} INFO - Filling up the DagBag from /home/airflow/.local/lib/python3.12/site-packages/airflow/example_dags/tutorial.py
[2025-01-07T12:05:56.315+0000] {processor.py:925} INFO - DAG(s) 'tutorial' retrieved from /home/airflow/.local/lib/python3.12/site-packages/airflow/example_dags/tutorial.py
[2025-01-07T12:05:56.342+0000] {logging_mixin.py:190} INFO - [2025-01-07T12:05:56.342+0000] {dag.py:3239} INFO - Sync 1 DAGs
[2025-01-07T12:05:56.373+0000] {logging_mixin.py:190} INFO - [2025-01-07T12:05:56.372+0000] {dag.py:4180} INFO - Setting next_dagrun for tutorial to 2025-01-06 00:00:00+00:00, run_after=2025-01-07 00:00:00+00:00
[2025-01-07T12:05:56.399+0000] {processor.py:208} INFO - Processing /home/airflow/.local/lib/python3.12/site-packages/airflow/example_dags/tutorial.py took 0.104 seconds
[2025-01-07T12:06:26.965+0000] {processor.py:186} INFO - Started process (PID=2376) to work on /home/airflow/.local/lib/python3.12/site-packages/airflow/example_dags/tutorial.py
[2025-01-07T12:06:26.966+0000] {processor.py:914} INFO - Processing file /home/airflow/.local/lib/python3.12/site-packages/airflow/example_dags/tutorial.py for tasks to queue
[2025-01-07T12:06:26.968+0000] {logging_mixin.py:190} INFO - [2025-01-07T12:06:26.968+0000] {dagbag.py:588} INFO - Filling up the DagBag from /home/airflow/.local/lib/python3.12/site-packages/airflow/example_dags/tutorial.py
[2025-01-07T12:06:26.976+0000] {processor.py:925} INFO - DAG(s) 'tutorial' retrieved from /home/airflow/.local/lib/python3.12/site-packages/airflow/example_dags/tutorial.py
[2025-01-07T12:06:26.999+0000] {logging_mixin.py:190} INFO - [2025-01-07T12:06:26.998+0000] {dag.py:3239} INFO - Sync 1 DAGs
[2025-01-07T12:06:27.027+0000] {logging_mixin.py:190} INFO - [2025-01-07T12:06:27.027+0000] {dag.py:4180} INFO - Setting next_dagrun for tutorial to 2025-01-06 00:00:00+00:00, run_after=2025-01-07 00:00:00+00:00
[2025-01-07T12:06:27.050+0000] {processor.py:208} INFO - Processing /home/airflow/.local/lib/python3.12/site-packages/airflow/example_dags/tutorial.py took 0.091 seconds
[2025-01-07T12:06:57.798+0000] {processor.py:186} INFO - Started process (PID=2440) to work on /home/airflow/.local/lib/python3.12/site-packages/airflow/example_dags/tutorial.py
[2025-01-07T12:06:57.799+0000] {processor.py:914} INFO - Processing file /home/airflow/.local/lib/python3.12/site-packages/airflow/example_dags/tutorial.py for tasks to queue
[2025-01-07T12:06:57.803+0000] {logging_mixin.py:190} INFO - [2025-01-07T12:06:57.802+0000] {dagbag.py:588} INFO - Filling up the DagBag from /home/airflow/.local/lib/python3.12/site-packages/airflow/example_dags/tutorial.py
[2025-01-07T12:06:57.812+0000] {processor.py:925} INFO - DAG(s) 'tutorial' retrieved from /home/airflow/.local/lib/python3.12/site-packages/airflow/example_dags/tutorial.py
[2025-01-07T12:06:57.835+0000] {logging_mixin.py:190} INFO - [2025-01-07T12:06:57.835+0000] {dag.py:3239} INFO - Sync 1 DAGs
[2025-01-07T12:06:57.859+0000] {logging_mixin.py:190} INFO - [2025-01-07T12:06:57.858+0000] {dag.py:4180} INFO - Setting next_dagrun for tutorial to 2025-01-06 00:00:00+00:00, run_after=2025-01-07 00:00:00+00:00
[2025-01-07T12:06:57.877+0000] {processor.py:208} INFO - Processing /home/airflow/.local/lib/python3.12/site-packages/airflow/example_dags/tutorial.py took 0.085 seconds
[2025-01-07T12:07:29.051+0000] {processor.py:186} INFO - Started process (PID=2503) to work on /home/airflow/.local/lib/python3.12/site-packages/airflow/example_dags/tutorial.py
[2025-01-07T12:07:29.052+0000] {processor.py:914} INFO - Processing file /home/airflow/.local/lib/python3.12/site-packages/airflow/example_dags/tutorial.py for tasks to queue
[2025-01-07T12:07:29.054+0000] {logging_mixin.py:190} INFO - [2025-01-07T12:07:29.054+0000] {dagbag.py:588} INFO - Filling up the DagBag from /home/airflow/.local/lib/python3.12/site-packages/airflow/example_dags/tutorial.py
[2025-01-07T12:07:29.063+0000] {processor.py:925} INFO - DAG(s) 'tutorial' retrieved from /home/airflow/.local/lib/python3.12/site-packages/airflow/example_dags/tutorial.py
[2025-01-07T12:07:29.087+0000] {logging_mixin.py:190} INFO - [2025-01-07T12:07:29.086+0000] {dag.py:3239} INFO - Sync 1 DAGs
[2025-01-07T12:07:29.109+0000] {logging_mixin.py:190} INFO - [2025-01-07T12:07:29.108+0000] {dag.py:4180} INFO - Setting next_dagrun for tutorial to 2025-01-06 00:00:00+00:00, run_after=2025-01-07 00:00:00+00:00
[2025-01-07T12:07:29.130+0000] {processor.py:208} INFO - Processing /home/airflow/.local/lib/python3.12/site-packages/airflow/example_dags/tutorial.py took 0.086 seconds
[2025-01-07T12:08:02.241+0000] {processor.py:186} INFO - Started process (PID=2568) to work on /home/airflow/.local/lib/python3.12/site-packages/airflow/example_dags/tutorial.py
[2025-01-07T12:08:02.243+0000] {processor.py:914} INFO - Processing file /home/airflow/.local/lib/python3.12/site-packages/airflow/example_dags/tutorial.py for tasks to queue
[2025-01-07T12:08:02.246+0000] {logging_mixin.py:190} INFO - [2025-01-07T12:08:02.245+0000] {dagbag.py:588} INFO - Filling up the DagBag from /home/airflow/.local/lib/python3.12/site-packages/airflow/example_dags/tutorial.py
[2025-01-07T12:08:02.256+0000] {processor.py:925} INFO - DAG(s) 'tutorial' retrieved from /home/airflow/.local/lib/python3.12/site-packages/airflow/example_dags/tutorial.py
[2025-01-07T12:08:02.278+0000] {logging_mixin.py:190} INFO - [2025-01-07T12:08:02.278+0000] {dag.py:3239} INFO - Sync 1 DAGs
[2025-01-07T12:08:02.303+0000] {logging_mixin.py:190} INFO - [2025-01-07T12:08:02.303+0000] {dag.py:4180} INFO - Setting next_dagrun for tutorial to 2025-01-06 00:00:00+00:00, run_after=2025-01-07 00:00:00+00:00
[2025-01-07T12:08:02.323+0000] {processor.py:208} INFO - Processing /home/airflow/.local/lib/python3.12/site-packages/airflow/example_dags/tutorial.py took 0.088 seconds
[2025-01-07T12:08:32.692+0000] {processor.py:186} INFO - Started process (PID=2632) to work on /home/airflow/.local/lib/python3.12/site-packages/airflow/example_dags/tutorial.py
[2025-01-07T12:08:32.693+0000] {processor.py:914} INFO - Processing file /home/airflow/.local/lib/python3.12/site-packages/airflow/example_dags/tutorial.py for tasks to queue
[2025-01-07T12:08:32.697+0000] {logging_mixin.py:190} INFO - [2025-01-07T12:08:32.697+0000] {dagbag.py:588} INFO - Filling up the DagBag from /home/airflow/.local/lib/python3.12/site-packages/airflow/example_dags/tutorial.py
[2025-01-07T12:08:32.707+0000] {processor.py:925} INFO - DAG(s) 'tutorial' retrieved from /home/airflow/.local/lib/python3.12/site-packages/airflow/example_dags/tutorial.py
[2025-01-07T12:08:32.735+0000] {logging_mixin.py:190} INFO - [2025-01-07T12:08:32.735+0000] {dag.py:3239} INFO - Sync 1 DAGs
[2025-01-07T12:08:32.766+0000] {logging_mixin.py:190} INFO - [2025-01-07T12:08:32.766+0000] {dag.py:4180} INFO - Setting next_dagrun for tutorial to 2025-01-06 00:00:00+00:00, run_after=2025-01-07 00:00:00+00:00
[2025-01-07T12:08:32.796+0000] {processor.py:208} INFO - Processing /home/airflow/.local/lib/python3.12/site-packages/airflow/example_dags/tutorial.py took 0.113 seconds
[2025-01-07T12:09:05.686+0000] {processor.py:186} INFO - Started process (PID=2695) to work on /home/airflow/.local/lib/python3.12/site-packages/airflow/example_dags/tutorial.py
[2025-01-07T12:09:05.689+0000] {processor.py:914} INFO - Processing file /home/airflow/.local/lib/python3.12/site-packages/airflow/example_dags/tutorial.py for tasks to queue
[2025-01-07T12:09:05.696+0000] {logging_mixin.py:190} INFO - [2025-01-07T12:09:05.695+0000] {dagbag.py:588} INFO - Filling up the DagBag from /home/airflow/.local/lib/python3.12/site-packages/airflow/example_dags/tutorial.py
[2025-01-07T12:09:05.715+0000] {processor.py:925} INFO - DAG(s) 'tutorial' retrieved from /home/airflow/.local/lib/python3.12/site-packages/airflow/example_dags/tutorial.py
[2025-01-07T12:09:05.756+0000] {logging_mixin.py:190} INFO - [2025-01-07T12:09:05.755+0000] {dag.py:3239} INFO - Sync 1 DAGs
[2025-01-07T12:09:05.809+0000] {logging_mixin.py:190} INFO - [2025-01-07T12:09:05.808+0000] {dag.py:4180} INFO - Setting next_dagrun for tutorial to 2025-01-06 00:00:00+00:00, run_after=2025-01-07 00:00:00+00:00
[2025-01-07T12:09:05.850+0000] {processor.py:208} INFO - Processing /home/airflow/.local/lib/python3.12/site-packages/airflow/example_dags/tutorial.py took 0.180 seconds
[2025-01-07T12:09:36.674+0000] {processor.py:186} INFO - Started process (PID=2758) to work on /home/airflow/.local/lib/python3.12/site-packages/airflow/example_dags/tutorial.py
[2025-01-07T12:09:36.677+0000] {processor.py:914} INFO - Processing file /home/airflow/.local/lib/python3.12/site-packages/airflow/example_dags/tutorial.py for tasks to queue
[2025-01-07T12:09:36.681+0000] {logging_mixin.py:190} INFO - [2025-01-07T12:09:36.681+0000] {dagbag.py:588} INFO - Filling up the DagBag from /home/airflow/.local/lib/python3.12/site-packages/airflow/example_dags/tutorial.py
[2025-01-07T12:09:36.693+0000] {processor.py:925} INFO - DAG(s) 'tutorial' retrieved from /home/airflow/.local/lib/python3.12/site-packages/airflow/example_dags/tutorial.py
[2025-01-07T12:09:36.728+0000] {logging_mixin.py:190} INFO - [2025-01-07T12:09:36.727+0000] {dag.py:3239} INFO - Sync 1 DAGs
[2025-01-07T12:09:36.774+0000] {logging_mixin.py:190} INFO - [2025-01-07T12:09:36.774+0000] {dag.py:4180} INFO - Setting next_dagrun for tutorial to 2025-01-06 00:00:00+00:00, run_after=2025-01-07 00:00:00+00:00
[2025-01-07T12:09:36.806+0000] {processor.py:208} INFO - Processing /home/airflow/.local/lib/python3.12/site-packages/airflow/example_dags/tutorial.py took 0.142 seconds
[2025-01-07T12:10:07.862+0000] {processor.py:186} INFO - Started process (PID=2821) to work on /home/airflow/.local/lib/python3.12/site-packages/airflow/example_dags/tutorial.py
[2025-01-07T12:10:07.864+0000] {processor.py:914} INFO - Processing file /home/airflow/.local/lib/python3.12/site-packages/airflow/example_dags/tutorial.py for tasks to queue
[2025-01-07T12:10:07.869+0000] {logging_mixin.py:190} INFO - [2025-01-07T12:10:07.868+0000] {dagbag.py:588} INFO - Filling up the DagBag from /home/airflow/.local/lib/python3.12/site-packages/airflow/example_dags/tutorial.py
[2025-01-07T12:10:07.890+0000] {processor.py:925} INFO - DAG(s) 'tutorial' retrieved from /home/airflow/.local/lib/python3.12/site-packages/airflow/example_dags/tutorial.py
[2025-01-07T12:10:07.935+0000] {logging_mixin.py:190} INFO - [2025-01-07T12:10:07.934+0000] {dag.py:3239} INFO - Sync 1 DAGs
[2025-01-07T12:10:07.981+0000] {logging_mixin.py:190} INFO - [2025-01-07T12:10:07.980+0000] {dag.py:4180} INFO - Setting next_dagrun for tutorial to 2025-01-06 00:00:00+00:00, run_after=2025-01-07 00:00:00+00:00
[2025-01-07T12:10:08.020+0000] {processor.py:208} INFO - Processing /home/airflow/.local/lib/python3.12/site-packages/airflow/example_dags/tutorial.py took 0.175 seconds
[2025-01-07T12:10:39.393+0000] {processor.py:186} INFO - Started process (PID=2886) to work on /home/airflow/.local/lib/python3.12/site-packages/airflow/example_dags/tutorial.py
[2025-01-07T12:10:39.395+0000] {processor.py:914} INFO - Processing file /home/airflow/.local/lib/python3.12/site-packages/airflow/example_dags/tutorial.py for tasks to queue
[2025-01-07T12:10:39.398+0000] {logging_mixin.py:190} INFO - [2025-01-07T12:10:39.398+0000] {dagbag.py:588} INFO - Filling up the DagBag from /home/airflow/.local/lib/python3.12/site-packages/airflow/example_dags/tutorial.py
[2025-01-07T12:10:39.412+0000] {processor.py:925} INFO - DAG(s) 'tutorial' retrieved from /home/airflow/.local/lib/python3.12/site-packages/airflow/example_dags/tutorial.py
[2025-01-07T12:10:39.442+0000] {logging_mixin.py:190} INFO - [2025-01-07T12:10:39.442+0000] {dag.py:3239} INFO - Sync 1 DAGs
[2025-01-07T12:10:39.475+0000] {logging_mixin.py:190} INFO - [2025-01-07T12:10:39.474+0000] {dag.py:4180} INFO - Setting next_dagrun for tutorial to 2025-01-06 00:00:00+00:00, run_after=2025-01-07 00:00:00+00:00
[2025-01-07T12:10:39.502+0000] {processor.py:208} INFO - Processing /home/airflow/.local/lib/python3.12/site-packages/airflow/example_dags/tutorial.py took 0.120 seconds
[2025-01-07T12:11:11.995+0000] {processor.py:186} INFO - Started process (PID=2951) to work on /home/airflow/.local/lib/python3.12/site-packages/airflow/example_dags/tutorial.py
[2025-01-07T12:11:11.997+0000] {processor.py:914} INFO - Processing file /home/airflow/.local/lib/python3.12/site-packages/airflow/example_dags/tutorial.py for tasks to queue
[2025-01-07T12:11:12.002+0000] {logging_mixin.py:190} INFO - [2025-01-07T12:11:12.001+0000] {dagbag.py:588} INFO - Filling up the DagBag from /home/airflow/.local/lib/python3.12/site-packages/airflow/example_dags/tutorial.py
[2025-01-07T12:11:12.016+0000] {processor.py:925} INFO - DAG(s) 'tutorial' retrieved from /home/airflow/.local/lib/python3.12/site-packages/airflow/example_dags/tutorial.py
[2025-01-07T12:11:12.048+0000] {logging_mixin.py:190} INFO - [2025-01-07T12:11:12.047+0000] {dag.py:3239} INFO - Sync 1 DAGs
[2025-01-07T12:11:12.089+0000] {logging_mixin.py:190} INFO - [2025-01-07T12:11:12.089+0000] {dag.py:4180} INFO - Setting next_dagrun for tutorial to 2025-01-06 00:00:00+00:00, run_after=2025-01-07 00:00:00+00:00
[2025-01-07T12:11:12.118+0000] {processor.py:208} INFO - Processing /home/airflow/.local/lib/python3.12/site-packages/airflow/example_dags/tutorial.py took 0.136 seconds
[2025-01-07T12:11:43.034+0000] {processor.py:186} INFO - Started process (PID=3014) to work on /home/airflow/.local/lib/python3.12/site-packages/airflow/example_dags/tutorial.py
[2025-01-07T12:11:43.036+0000] {processor.py:914} INFO - Processing file /home/airflow/.local/lib/python3.12/site-packages/airflow/example_dags/tutorial.py for tasks to queue
[2025-01-07T12:11:43.041+0000] {logging_mixin.py:190} INFO - [2025-01-07T12:11:43.040+0000] {dagbag.py:588} INFO - Filling up the DagBag from /home/airflow/.local/lib/python3.12/site-packages/airflow/example_dags/tutorial.py
[2025-01-07T12:11:43.056+0000] {processor.py:925} INFO - DAG(s) 'tutorial' retrieved from /home/airflow/.local/lib/python3.12/site-packages/airflow/example_dags/tutorial.py
[2025-01-07T12:11:43.087+0000] {logging_mixin.py:190} INFO - [2025-01-07T12:11:43.087+0000] {dag.py:3239} INFO - Sync 1 DAGs
[2025-01-07T12:11:43.126+0000] {logging_mixin.py:190} INFO - [2025-01-07T12:11:43.125+0000] {dag.py:4180} INFO - Setting next_dagrun for tutorial to 2025-01-06 00:00:00+00:00, run_after=2025-01-07 00:00:00+00:00
[2025-01-07T12:11:43.392+0000] {processor.py:208} INFO - Processing /home/airflow/.local/lib/python3.12/site-packages/airflow/example_dags/tutorial.py took 0.369 seconds
[2025-01-07T12:12:13.885+0000] {processor.py:186} INFO - Started process (PID=3077) to work on /home/airflow/.local/lib/python3.12/site-packages/airflow/example_dags/tutorial.py
[2025-01-07T12:12:13.888+0000] {processor.py:914} INFO - Processing file /home/airflow/.local/lib/python3.12/site-packages/airflow/example_dags/tutorial.py for tasks to queue
[2025-01-07T12:12:13.892+0000] {logging_mixin.py:190} INFO - [2025-01-07T12:12:13.891+0000] {dagbag.py:588} INFO - Filling up the DagBag from /home/airflow/.local/lib/python3.12/site-packages/airflow/example_dags/tutorial.py
[2025-01-07T12:12:13.909+0000] {processor.py:925} INFO - DAG(s) 'tutorial' retrieved from /home/airflow/.local/lib/python3.12/site-packages/airflow/example_dags/tutorial.py
[2025-01-07T12:12:13.945+0000] {logging_mixin.py:190} INFO - [2025-01-07T12:12:13.944+0000] {dag.py:3239} INFO - Sync 1 DAGs
[2025-01-07T12:12:13.978+0000] {logging_mixin.py:190} INFO - [2025-01-07T12:12:13.977+0000] {dag.py:4180} INFO - Setting next_dagrun for tutorial to 2025-01-06 00:00:00+00:00, run_after=2025-01-07 00:00:00+00:00
[2025-01-07T12:12:14.007+0000] {processor.py:208} INFO - Processing /home/airflow/.local/lib/python3.12/site-packages/airflow/example_dags/tutorial.py took 0.132 seconds
[2025-01-07T12:12:45.487+0000] {processor.py:186} INFO - Started process (PID=3141) to work on /home/airflow/.local/lib/python3.12/site-packages/airflow/example_dags/tutorial.py
[2025-01-07T12:12:45.488+0000] {processor.py:914} INFO - Processing file /home/airflow/.local/lib/python3.12/site-packages/airflow/example_dags/tutorial.py for tasks to queue
[2025-01-07T12:12:45.493+0000] {logging_mixin.py:190} INFO - [2025-01-07T12:12:45.493+0000] {dagbag.py:588} INFO - Filling up the DagBag from /home/airflow/.local/lib/python3.12/site-packages/airflow/example_dags/tutorial.py
[2025-01-07T12:12:45.507+0000] {processor.py:925} INFO - DAG(s) 'tutorial' retrieved from /home/airflow/.local/lib/python3.12/site-packages/airflow/example_dags/tutorial.py
[2025-01-07T12:12:45.539+0000] {logging_mixin.py:190} INFO - [2025-01-07T12:12:45.539+0000] {dag.py:3239} INFO - Sync 1 DAGs
[2025-01-07T12:12:45.590+0000] {logging_mixin.py:190} INFO - [2025-01-07T12:12:45.589+0000] {dag.py:4180} INFO - Setting next_dagrun for tutorial to 2025-01-06 00:00:00+00:00, run_after=2025-01-07 00:00:00+00:00
[2025-01-07T12:12:45.631+0000] {processor.py:208} INFO - Processing /home/airflow/.local/lib/python3.12/site-packages/airflow/example_dags/tutorial.py took 0.156 seconds
[2025-01-07T12:43:16.963+0000] {processor.py:186} INFO - Started process (PID=3207) to work on /home/airflow/.local/lib/python3.12/site-packages/airflow/example_dags/tutorial.py
[2025-01-07T12:43:16.965+0000] {processor.py:914} INFO - Processing file /home/airflow/.local/lib/python3.12/site-packages/airflow/example_dags/tutorial.py for tasks to queue
[2025-01-07T12:43:16.969+0000] {logging_mixin.py:190} INFO - [2025-01-07T12:43:16.968+0000] {dagbag.py:588} INFO - Filling up the DagBag from /home/airflow/.local/lib/python3.12/site-packages/airflow/example_dags/tutorial.py
[2025-01-07T12:43:16.987+0000] {processor.py:925} INFO - DAG(s) 'tutorial' retrieved from /home/airflow/.local/lib/python3.12/site-packages/airflow/example_dags/tutorial.py
[2025-01-07T12:43:17.050+0000] {logging_mixin.py:190} INFO - [2025-01-07T12:43:17.050+0000] {dag.py:3239} INFO - Sync 1 DAGs
[2025-01-07T12:43:17.116+0000] {logging_mixin.py:190} INFO - [2025-01-07T12:43:17.115+0000] {dag.py:4180} INFO - Setting next_dagrun for tutorial to 2025-01-06 00:00:00+00:00, run_after=2025-01-07 00:00:00+00:00
[2025-01-07T12:43:17.192+0000] {processor.py:208} INFO - Processing /home/airflow/.local/lib/python3.12/site-packages/airflow/example_dags/tutorial.py took 0.240 seconds
