[2025-01-07T11:57:59.567+0000] {local_task_job_runner.py:123} INFO - ::group::Pre task execution logs
[2025-01-07T11:57:59.591+0000] {taskinstance.py:2613} INFO - Dependencies all met for dep_context=non-requeueable deps ti=<TaskInstance: example_bash_operator.run_after_loop scheduled__2025-01-06T00:00:00+00:00 [queued]>
[2025-01-07T11:57:59.605+0000] {taskinstance.py:2613} INFO - Dependencies all met for dep_context=requeueable deps ti=<TaskInstance: example_bash_operator.run_after_loop scheduled__2025-01-06T00:00:00+00:00 [queued]>
[2025-01-07T11:57:59.606+0000] {taskinstance.py:2866} INFO - Starting attempt 1 of 1
[2025-01-07T11:57:59.629+0000] {taskinstance.py:2889} INFO - Executing <Task(BashOperator): run_after_loop> on 2025-01-06 00:00:00+00:00
[2025-01-07T11:57:59.639+0000] {warnings.py:112} WARNING - /home/***/.local/lib/python3.12/site-packages/***/task/task_runner/standard_task_runner.py:70: DeprecationWarning: This process (pid=210) is multi-threaded, use of fork() may lead to deadlocks in the child.
  pid = os.fork()

[2025-01-07T11:57:59.642+0000] {standard_task_runner.py:72} INFO - Started process 212 to run task
[2025-01-07T11:57:59.641+0000] {standard_task_runner.py:104} INFO - Running: ['***', 'tasks', 'run', 'example_bash_operator', 'run_after_loop', 'scheduled__2025-01-06T00:00:00+00:00', '--job-id', '8', '--raw', '--subdir', '/home/***/.local/lib/python3.12/site-packages/***/example_dags/example_bash_operator.py', '--cfg-path', '/tmp/tmp63zfhqfu']
[2025-01-07T11:57:59.642+0000] {standard_task_runner.py:105} INFO - Job 8: Subtask run_after_loop
[2025-01-07T11:58:00.020+0000] {task_command.py:467} INFO - Running <TaskInstance: example_bash_operator.run_after_loop scheduled__2025-01-06T00:00:00+00:00 [running]> on host eec069764e30
[2025-01-07T11:58:00.110+0000] {taskinstance.py:3132} INFO - Exporting env vars: AIRFLOW_CTX_DAG_OWNER='***' AIRFLOW_CTX_DAG_ID='example_bash_operator' AIRFLOW_CTX_TASK_ID='run_after_loop' AIRFLOW_CTX_EXECUTION_DATE='2025-01-06T00:00:00+00:00' AIRFLOW_CTX_TRY_NUMBER='1' AIRFLOW_CTX_DAG_RUN_ID='scheduled__2025-01-06T00:00:00+00:00'
[2025-01-07T11:58:00.111+0000] {logging_mixin.py:190} INFO - Task instance is in running state
[2025-01-07T11:58:00.112+0000] {logging_mixin.py:190} INFO -  Previous state of the Task instance: queued
[2025-01-07T11:58:00.112+0000] {logging_mixin.py:190} INFO - Current task name:run_after_loop state:running start_date:2025-01-07 11:57:59.592525+00:00
[2025-01-07T11:58:00.113+0000] {logging_mixin.py:190} INFO - Dag name:example_bash_operator and current dag run status:running
[2025-01-07T11:58:00.113+0000] {taskinstance.py:731} INFO - ::endgroup::
[2025-01-07T11:58:00.114+0000] {subprocess.py:78} INFO - Tmp dir root location: /tmp
[2025-01-07T11:58:00.116+0000] {subprocess.py:88} INFO - Running command: ['/usr/bin/bash', '-c', 'echo https://***.apache.org/']
[2025-01-07T11:58:00.136+0000] {subprocess.py:99} INFO - Output:
[2025-01-07T11:58:00.139+0000] {subprocess.py:106} INFO - https://***.apache.org/
[2025-01-07T11:58:00.140+0000] {subprocess.py:110} INFO - Command exited with return code 0
[2025-01-07T11:58:00.170+0000] {taskinstance.py:340} INFO - ::group::Post task execution logs
[2025-01-07T11:58:00.171+0000] {taskinstance.py:352} INFO - Marking task as SUCCESS. dag_id=example_bash_operator, task_id=run_after_loop, run_id=scheduled__2025-01-06T00:00:00+00:00, execution_date=20250106T000000, start_date=20250107T115759, end_date=20250107T115800
[2025-01-07T11:58:00.183+0000] {logging_mixin.py:190} INFO - Task instance in success state
[2025-01-07T11:58:00.184+0000] {logging_mixin.py:190} INFO -  Previous state of the Task instance: running
[2025-01-07T11:58:00.184+0000] {logging_mixin.py:190} INFO - Dag name:example_bash_operator queued_at:2025-01-07 11:57:36.711645+00:00
[2025-01-07T11:58:00.185+0000] {logging_mixin.py:190} INFO - Task hostname:eec069764e30 operator:BashOperator
[2025-01-07T11:58:00.219+0000] {local_task_job_runner.py:266} INFO - Task exited with return code 0
[2025-01-07T11:58:00.446+0000] {taskinstance.py:3895} INFO - 0 downstream tasks scheduled from follow-on schedule check
[2025-01-07T11:58:00.449+0000] {local_task_job_runner.py:245} INFO - ::endgroup::
