[2025-01-07T13:20:24.827+0000] {local_task_job_runner.py:123} INFO - ::group::Pre task execution logs
[2025-01-07T13:20:24.856+0000] {taskinstance.py:2613} INFO - Dependencies all met for dep_context=non-requeueable deps ti=<TaskInstance: our_first_dag_v5.second_task manual__2025-01-07T13:20:23.063982+00:00 [queued]>
[2025-01-07T13:20:24.869+0000] {taskinstance.py:2613} INFO - Dependencies all met for dep_context=requeueable deps ti=<TaskInstance: our_first_dag_v5.second_task manual__2025-01-07T13:20:23.063982+00:00 [queued]>
[2025-01-07T13:20:24.870+0000] {taskinstance.py:2866} INFO - Starting attempt 1 of 1
[2025-01-07T13:20:24.897+0000] {taskinstance.py:2889} INFO - Executing <Task(BashOperator): second_task> on 2025-01-07 13:20:23.063982+00:00
[2025-01-07T13:20:24.907+0000] {warnings.py:112} WARNING - /home/***/.local/lib/python3.12/site-packages/***/task/task_runner/standard_task_runner.py:70: DeprecationWarning: This process (pid=550) is multi-threaded, use of fork() may lead to deadlocks in the child.
  pid = os.fork()

[2025-01-07T13:20:24.909+0000] {standard_task_runner.py:72} INFO - Started process 554 to run task
[2025-01-07T13:20:24.909+0000] {standard_task_runner.py:104} INFO - Running: ['***', 'tasks', 'run', 'our_first_dag_v5', 'second_task', 'manual__2025-01-07T13:20:23.063982+00:00', '--job-id', '14', '--raw', '--subdir', 'DAGS_FOLDER/first_dag.py', '--cfg-path', '/tmp/tmpdnomoh2m']
[2025-01-07T13:20:24.911+0000] {standard_task_runner.py:105} INFO - Job 14: Subtask second_task
[2025-01-07T13:20:24.972+0000] {task_command.py:467} INFO - Running <TaskInstance: our_first_dag_v5.second_task manual__2025-01-07T13:20:23.063982+00:00 [running]> on host 92d37aaa7ce3
[2025-01-07T13:20:25.068+0000] {taskinstance.py:3132} INFO - Exporting env vars: AIRFLOW_CTX_DAG_OWNER='***' AIRFLOW_CTX_DAG_ID='our_first_dag_v5' AIRFLOW_CTX_TASK_ID='second_task' AIRFLOW_CTX_EXECUTION_DATE='2025-01-07T13:20:23.063982+00:00' AIRFLOW_CTX_TRY_NUMBER='1' AIRFLOW_CTX_DAG_RUN_ID='manual__2025-01-07T13:20:23.063982+00:00'
[2025-01-07T13:20:25.069+0000] {taskinstance.py:731} INFO - ::endgroup::
[2025-01-07T13:20:25.089+0000] {subprocess.py:78} INFO - Tmp dir root location: /tmp
[2025-01-07T13:20:25.091+0000] {subprocess.py:88} INFO - Running command: ['/usr/bin/bash', '-c', 'echo hey, i am task2 and i will be running after the task 1']
[2025-01-07T13:20:25.105+0000] {subprocess.py:99} INFO - Output:
[2025-01-07T13:20:25.107+0000] {subprocess.py:106} INFO - hey, i am task2 and i will be running after the task 1
[2025-01-07T13:20:25.108+0000] {subprocess.py:110} INFO - Command exited with return code 0
[2025-01-07T13:20:25.134+0000] {taskinstance.py:340} INFO - ::group::Post task execution logs
[2025-01-07T13:20:25.135+0000] {taskinstance.py:352} INFO - Marking task as SUCCESS. dag_id=our_first_dag_v5, task_id=second_task, run_id=manual__2025-01-07T13:20:23.063982+00:00, execution_date=20250107T132023, start_date=20250107T132024, end_date=20250107T132025
[2025-01-07T13:20:25.165+0000] {local_task_job_runner.py:266} INFO - Task exited with return code 0
[2025-01-07T13:20:25.182+0000] {taskinstance.py:3895} INFO - 0 downstream tasks scheduled from follow-on schedule check
[2025-01-07T13:20:25.184+0000] {local_task_job_runner.py:245} INFO - ::endgroup::
