[2025-01-07T13:34:20.552+0000] {local_task_job_runner.py:123} INFO - ::group::Pre task execution logs
[2025-01-07T13:34:20.571+0000] {taskinstance.py:2613} INFO - Dependencies all met for dep_context=non-requeueable deps ti=<TaskInstance: dag_python_operator_v02.greet_task manual__2025-01-07T13:34:18.760518+00:00 [queued]>
[2025-01-07T13:34:20.580+0000] {taskinstance.py:2613} INFO - Dependencies all met for dep_context=requeueable deps ti=<TaskInstance: dag_python_operator_v02.greet_task manual__2025-01-07T13:34:18.760518+00:00 [queued]>
[2025-01-07T13:34:20.581+0000] {taskinstance.py:2866} INFO - Starting attempt 1 of 1
[2025-01-07T13:34:20.594+0000] {taskinstance.py:2889} INFO - Executing <Task(PythonOperator): greet_task> on 2025-01-07 13:34:18.760518+00:00
[2025-01-07T13:34:20.601+0000] {warnings.py:112} WARNING - /home/***/.local/lib/python3.12/site-packages/***/task/task_runner/standard_task_runner.py:70: DeprecationWarning: This process (pid=738) is multi-threaded, use of fork() may lead to deadlocks in the child.
  pid = os.fork()

[2025-01-07T13:34:20.603+0000] {standard_task_runner.py:72} INFO - Started process 739 to run task
[2025-01-07T13:34:20.603+0000] {standard_task_runner.py:104} INFO - Running: ['***', 'tasks', 'run', 'dag_python_operator_v02', 'greet_task', 'manual__2025-01-07T13:34:18.760518+00:00', '--job-id', '16', '--raw', '--subdir', 'DAGS_FOLDER/create_dag_operator.py', '--cfg-path', '/tmp/tmpqhvnl61h']
[2025-01-07T13:34:20.604+0000] {standard_task_runner.py:105} INFO - Job 16: Subtask greet_task
[2025-01-07T13:34:20.651+0000] {task_command.py:467} INFO - Running <TaskInstance: dag_python_operator_v02.greet_task manual__2025-01-07T13:34:18.760518+00:00 [running]> on host 92d37aaa7ce3
[2025-01-07T13:34:20.730+0000] {taskinstance.py:3132} INFO - Exporting env vars: AIRFLOW_CTX_DAG_OWNER='***' AIRFLOW_CTX_DAG_ID='dag_python_operator_v02' AIRFLOW_CTX_TASK_ID='greet_task' AIRFLOW_CTX_EXECUTION_DATE='2025-01-07T13:34:18.760518+00:00' AIRFLOW_CTX_TRY_NUMBER='1' AIRFLOW_CTX_DAG_RUN_ID='manual__2025-01-07T13:34:18.760518+00:00'
[2025-01-07T13:34:20.731+0000] {taskinstance.py:731} INFO - ::endgroup::
[2025-01-07T13:34:20.748+0000] {logging_mixin.py:190} INFO - hello world my name is john doe and i am 30 years old!
[2025-01-07T13:34:20.749+0000] {python.py:240} INFO - Done. Returned value was: None
[2025-01-07T13:34:20.762+0000] {taskinstance.py:340} INFO - ::group::Post task execution logs
[2025-01-07T13:34:20.763+0000] {taskinstance.py:352} INFO - Marking task as SUCCESS. dag_id=dag_python_operator_v02, task_id=greet_task, run_id=manual__2025-01-07T13:34:18.760518+00:00, execution_date=20250107T133418, start_date=20250107T133420, end_date=20250107T133420
[2025-01-07T13:34:20.820+0000] {local_task_job_runner.py:266} INFO - Task exited with return code 0
[2025-01-07T13:34:20.835+0000] {taskinstance.py:3895} INFO - 0 downstream tasks scheduled from follow-on schedule check
[2025-01-07T13:34:20.837+0000] {local_task_job_runner.py:245} INFO - ::endgroup::
