[2025-01-07T13:30:09.834+0000] {processor.py:186} INFO - Started process (PID=666) to work on /opt/airflow/dags/create_dag_operator.py
[2025-01-07T13:30:09.836+0000] {processor.py:914} INFO - Processing file /opt/airflow/dags/create_dag_operator.py for tasks to queue
[2025-01-07T13:30:09.837+0000] {logging_mixin.py:190} INFO - [2025-01-07T13:30:09.837+0000] {dagbag.py:588} INFO - Filling up the DagBag from /opt/airflow/dags/create_dag_operator.py
[2025-01-07T13:30:09.864+0000] {processor.py:925} INFO - DAG(s) 'dag_python_operator' retrieved from /opt/airflow/dags/create_dag_operator.py
[2025-01-07T13:30:09.997+0000] {logging_mixin.py:190} INFO - [2025-01-07T13:30:09.996+0000] {override.py:1911} INFO - Created Permission View: can read on DAG:dag_python_operator
[2025-01-07T13:30:10.009+0000] {logging_mixin.py:190} INFO - [2025-01-07T13:30:10.008+0000] {override.py:1911} INFO - Created Permission View: can delete on DAG:dag_python_operator
[2025-01-07T13:30:10.015+0000] {logging_mixin.py:190} INFO - [2025-01-07T13:30:10.015+0000] {override.py:1911} INFO - Created Permission View: can edit on DAG:dag_python_operator
[2025-01-07T13:30:10.022+0000] {logging_mixin.py:190} INFO - [2025-01-07T13:30:10.022+0000] {override.py:1911} INFO - Created Permission View: menu access on DAG Run:dag_python_operator
[2025-01-07T13:30:10.029+0000] {logging_mixin.py:190} INFO - [2025-01-07T13:30:10.028+0000] {override.py:1911} INFO - Created Permission View: can create on DAG Run:dag_python_operator
[2025-01-07T13:30:10.035+0000] {logging_mixin.py:190} INFO - [2025-01-07T13:30:10.035+0000] {override.py:1911} INFO - Created Permission View: can read on DAG Run:dag_python_operator
[2025-01-07T13:30:10.041+0000] {logging_mixin.py:190} INFO - [2025-01-07T13:30:10.041+0000] {override.py:1911} INFO - Created Permission View: can delete on DAG Run:dag_python_operator
[2025-01-07T13:30:10.043+0000] {logging_mixin.py:190} INFO - [2025-01-07T13:30:10.043+0000] {dag.py:3239} INFO - Sync 1 DAGs
[2025-01-07T13:30:10.057+0000] {logging_mixin.py:190} INFO - [2025-01-07T13:30:10.056+0000] {dag.py:3262} INFO - Creating ORM DAG for dag_python_operator
[2025-01-07T13:30:10.066+0000] {logging_mixin.py:190} INFO - [2025-01-07T13:30:10.066+0000] {dag.py:4180} INFO - Setting next_dagrun for dag_python_operator to 2025-01-08 00:00:00+00:00, run_after=2025-01-09 00:00:00+00:00
[2025-01-07T13:30:10.083+0000] {processor.py:208} INFO - Processing /opt/airflow/dags/create_dag_operator.py took 0.257 seconds
[2025-01-07T13:30:30.020+0000] {processor.py:186} INFO - Started process (PID=674) to work on /opt/airflow/dags/create_dag_operator.py
[2025-01-07T13:30:30.022+0000] {processor.py:914} INFO - Processing file /opt/airflow/dags/create_dag_operator.py for tasks to queue
[2025-01-07T13:30:30.023+0000] {logging_mixin.py:190} INFO - [2025-01-07T13:30:30.023+0000] {dagbag.py:588} INFO - Filling up the DagBag from /opt/airflow/dags/create_dag_operator.py
[2025-01-07T13:30:30.052+0000] {processor.py:925} INFO - DAG(s) 'dag_python_operator' retrieved from /opt/airflow/dags/create_dag_operator.py
[2025-01-07T13:30:30.065+0000] {logging_mixin.py:190} INFO - [2025-01-07T13:30:30.064+0000] {dag.py:3239} INFO - Sync 1 DAGs
[2025-01-07T13:30:30.094+0000] {logging_mixin.py:190} INFO - [2025-01-07T13:30:30.093+0000] {dag.py:4180} INFO - Setting next_dagrun for dag_python_operator to 2025-01-08 00:00:00+00:00, run_after=2025-01-09 00:00:00+00:00
[2025-01-07T13:30:30.119+0000] {processor.py:208} INFO - Processing /opt/airflow/dags/create_dag_operator.py took 0.105 seconds
[2025-01-07T13:30:38.188+0000] {processor.py:186} INFO - Started process (PID=675) to work on /opt/airflow/dags/create_dag_operator.py
[2025-01-07T13:30:38.189+0000] {processor.py:914} INFO - Processing file /opt/airflow/dags/create_dag_operator.py for tasks to queue
[2025-01-07T13:30:38.190+0000] {logging_mixin.py:190} INFO - [2025-01-07T13:30:38.190+0000] {dagbag.py:588} INFO - Filling up the DagBag from /opt/airflow/dags/create_dag_operator.py
[2025-01-07T13:30:38.224+0000] {processor.py:925} INFO - DAG(s) 'dag_python_operator' retrieved from /opt/airflow/dags/create_dag_operator.py
[2025-01-07T13:30:38.236+0000] {logging_mixin.py:190} INFO - [2025-01-07T13:30:38.236+0000] {dag.py:3239} INFO - Sync 1 DAGs
[2025-01-07T13:30:38.262+0000] {logging_mixin.py:190} INFO - [2025-01-07T13:30:38.262+0000] {dag.py:4180} INFO - Setting next_dagrun for dag_python_operator to 2025-01-08 00:00:00+00:00, run_after=2025-01-09 00:00:00+00:00
[2025-01-07T13:30:38.286+0000] {processor.py:208} INFO - Processing /opt/airflow/dags/create_dag_operator.py took 0.105 seconds
[2025-01-07T13:30:42.250+0000] {processor.py:186} INFO - Started process (PID=676) to work on /opt/airflow/dags/create_dag_operator.py
[2025-01-07T13:30:42.251+0000] {processor.py:914} INFO - Processing file /opt/airflow/dags/create_dag_operator.py for tasks to queue
[2025-01-07T13:30:42.253+0000] {logging_mixin.py:190} INFO - [2025-01-07T13:30:42.252+0000] {dagbag.py:588} INFO - Filling up the DagBag from /opt/airflow/dags/create_dag_operator.py
[2025-01-07T13:30:42.285+0000] {processor.py:925} INFO - DAG(s) 'dag_python_operator' retrieved from /opt/airflow/dags/create_dag_operator.py
[2025-01-07T13:30:42.318+0000] {logging_mixin.py:190} INFO - [2025-01-07T13:30:42.318+0000] {dag.py:3239} INFO - Sync 1 DAGs
[2025-01-07T13:30:42.352+0000] {logging_mixin.py:190} INFO - [2025-01-07T13:30:42.351+0000] {dag.py:4180} INFO - Setting next_dagrun for dag_python_operator to 2025-01-08 00:00:00+00:00, run_after=2025-01-09 00:00:00+00:00
[2025-01-07T13:30:42.385+0000] {processor.py:208} INFO - Processing /opt/airflow/dags/create_dag_operator.py took 0.143 seconds
[2025-01-07T13:31:12.583+0000] {processor.py:186} INFO - Started process (PID=684) to work on /opt/airflow/dags/create_dag_operator.py
[2025-01-07T13:31:12.584+0000] {processor.py:914} INFO - Processing file /opt/airflow/dags/create_dag_operator.py for tasks to queue
[2025-01-07T13:31:12.585+0000] {logging_mixin.py:190} INFO - [2025-01-07T13:31:12.585+0000] {dagbag.py:588} INFO - Filling up the DagBag from /opt/airflow/dags/create_dag_operator.py
[2025-01-07T13:31:12.605+0000] {processor.py:925} INFO - DAG(s) 'dag_python_operator' retrieved from /opt/airflow/dags/create_dag_operator.py
[2025-01-07T13:31:12.631+0000] {logging_mixin.py:190} INFO - [2025-01-07T13:31:12.631+0000] {dag.py:3239} INFO - Sync 1 DAGs
[2025-01-07T13:31:12.656+0000] {logging_mixin.py:190} INFO - [2025-01-07T13:31:12.656+0000] {dag.py:4180} INFO - Setting next_dagrun for dag_python_operator to 2025-01-08 00:00:00+00:00, run_after=2025-01-09 00:00:00+00:00
[2025-01-07T13:31:12.687+0000] {processor.py:208} INFO - Processing /opt/airflow/dags/create_dag_operator.py took 0.111 seconds
[2025-01-07T13:31:42.857+0000] {processor.py:186} INFO - Started process (PID=692) to work on /opt/airflow/dags/create_dag_operator.py
[2025-01-07T13:31:42.858+0000] {processor.py:914} INFO - Processing file /opt/airflow/dags/create_dag_operator.py for tasks to queue
[2025-01-07T13:31:42.860+0000] {logging_mixin.py:190} INFO - [2025-01-07T13:31:42.859+0000] {dagbag.py:588} INFO - Filling up the DagBag from /opt/airflow/dags/create_dag_operator.py
[2025-01-07T13:31:42.888+0000] {processor.py:925} INFO - DAG(s) 'dag_python_operator' retrieved from /opt/airflow/dags/create_dag_operator.py
[2025-01-07T13:31:42.934+0000] {logging_mixin.py:190} INFO - [2025-01-07T13:31:42.933+0000] {dag.py:3239} INFO - Sync 1 DAGs
[2025-01-07T13:31:42.967+0000] {logging_mixin.py:190} INFO - [2025-01-07T13:31:42.967+0000] {dag.py:4180} INFO - Setting next_dagrun for dag_python_operator to 2025-01-08 00:00:00+00:00, run_after=2025-01-09 00:00:00+00:00
[2025-01-07T13:31:43.004+0000] {processor.py:208} INFO - Processing /opt/airflow/dags/create_dag_operator.py took 0.156 seconds
[2025-01-07T13:32:13.285+0000] {processor.py:186} INFO - Started process (PID=700) to work on /opt/airflow/dags/create_dag_operator.py
[2025-01-07T13:32:13.287+0000] {processor.py:914} INFO - Processing file /opt/airflow/dags/create_dag_operator.py for tasks to queue
[2025-01-07T13:32:13.289+0000] {logging_mixin.py:190} INFO - [2025-01-07T13:32:13.288+0000] {dagbag.py:588} INFO - Filling up the DagBag from /opt/airflow/dags/create_dag_operator.py
[2025-01-07T13:32:13.320+0000] {processor.py:925} INFO - DAG(s) 'dag_python_operator' retrieved from /opt/airflow/dags/create_dag_operator.py
[2025-01-07T13:32:13.355+0000] {logging_mixin.py:190} INFO - [2025-01-07T13:32:13.354+0000] {dag.py:3239} INFO - Sync 1 DAGs
[2025-01-07T13:32:13.387+0000] {logging_mixin.py:190} INFO - [2025-01-07T13:32:13.386+0000] {dag.py:4180} INFO - Setting next_dagrun for dag_python_operator to 2025-01-08 00:00:00+00:00, run_after=2025-01-09 00:00:00+00:00
[2025-01-07T13:32:13.415+0000] {processor.py:208} INFO - Processing /opt/airflow/dags/create_dag_operator.py took 0.139 seconds
[2025-01-07T13:32:43.719+0000] {processor.py:186} INFO - Started process (PID=708) to work on /opt/airflow/dags/create_dag_operator.py
[2025-01-07T13:32:43.721+0000] {processor.py:914} INFO - Processing file /opt/airflow/dags/create_dag_operator.py for tasks to queue
[2025-01-07T13:32:43.723+0000] {logging_mixin.py:190} INFO - [2025-01-07T13:32:43.722+0000] {dagbag.py:588} INFO - Filling up the DagBag from /opt/airflow/dags/create_dag_operator.py
[2025-01-07T13:32:43.743+0000] {processor.py:925} INFO - DAG(s) 'dag_python_operator' retrieved from /opt/airflow/dags/create_dag_operator.py
[2025-01-07T13:32:43.773+0000] {logging_mixin.py:190} INFO - [2025-01-07T13:32:43.772+0000] {dag.py:3239} INFO - Sync 1 DAGs
[2025-01-07T13:32:43.802+0000] {logging_mixin.py:190} INFO - [2025-01-07T13:32:43.802+0000] {dag.py:4180} INFO - Setting next_dagrun for dag_python_operator to 2025-01-08 00:00:00+00:00, run_after=2025-01-09 00:00:00+00:00
[2025-01-07T13:32:43.826+0000] {processor.py:208} INFO - Processing /opt/airflow/dags/create_dag_operator.py took 0.113 seconds
[2025-01-07T13:33:14.098+0000] {processor.py:186} INFO - Started process (PID=716) to work on /opt/airflow/dags/create_dag_operator.py
[2025-01-07T13:33:14.100+0000] {processor.py:914} INFO - Processing file /opt/airflow/dags/create_dag_operator.py for tasks to queue
[2025-01-07T13:33:14.101+0000] {logging_mixin.py:190} INFO - [2025-01-07T13:33:14.101+0000] {dagbag.py:588} INFO - Filling up the DagBag from /opt/airflow/dags/create_dag_operator.py
[2025-01-07T13:33:14.130+0000] {processor.py:925} INFO - DAG(s) 'dag_python_operator' retrieved from /opt/airflow/dags/create_dag_operator.py
[2025-01-07T13:33:14.163+0000] {logging_mixin.py:190} INFO - [2025-01-07T13:33:14.162+0000] {dag.py:3239} INFO - Sync 1 DAGs
[2025-01-07T13:33:14.202+0000] {logging_mixin.py:190} INFO - [2025-01-07T13:33:14.202+0000] {dag.py:4180} INFO - Setting next_dagrun for dag_python_operator to 2025-01-08 00:00:00+00:00, run_after=2025-01-09 00:00:00+00:00
[2025-01-07T13:33:14.224+0000] {processor.py:208} INFO - Processing /opt/airflow/dags/create_dag_operator.py took 0.137 seconds
[2025-01-07T13:33:23.206+0000] {processor.py:186} INFO - Started process (PID=724) to work on /opt/airflow/dags/create_dag_operator.py
[2025-01-07T13:33:23.207+0000] {processor.py:914} INFO - Processing file /opt/airflow/dags/create_dag_operator.py for tasks to queue
[2025-01-07T13:33:23.209+0000] {logging_mixin.py:190} INFO - [2025-01-07T13:33:23.209+0000] {dagbag.py:588} INFO - Filling up the DagBag from /opt/airflow/dags/create_dag_operator.py
[2025-01-07T13:33:23.239+0000] {processor.py:925} INFO - DAG(s) 'dag_python_operator' retrieved from /opt/airflow/dags/create_dag_operator.py
[2025-01-07T13:33:23.269+0000] {logging_mixin.py:190} INFO - [2025-01-07T13:33:23.269+0000] {dag.py:3239} INFO - Sync 1 DAGs
[2025-01-07T13:33:23.300+0000] {logging_mixin.py:190} INFO - [2025-01-07T13:33:23.300+0000] {dag.py:4180} INFO - Setting next_dagrun for dag_python_operator to 2025-01-08 00:00:00+00:00, run_after=2025-01-09 00:00:00+00:00
[2025-01-07T13:33:23.321+0000] {processor.py:208} INFO - Processing /opt/airflow/dags/create_dag_operator.py took 0.121 seconds
[2025-01-07T13:33:53.600+0000] {processor.py:186} INFO - Started process (PID=732) to work on /opt/airflow/dags/create_dag_operator.py
[2025-01-07T13:33:53.601+0000] {processor.py:914} INFO - Processing file /opt/airflow/dags/create_dag_operator.py for tasks to queue
[2025-01-07T13:33:53.603+0000] {logging_mixin.py:190} INFO - [2025-01-07T13:33:53.603+0000] {dagbag.py:588} INFO - Filling up the DagBag from /opt/airflow/dags/create_dag_operator.py
[2025-01-07T13:33:53.622+0000] {processor.py:925} INFO - DAG(s) 'dag_python_operator' retrieved from /opt/airflow/dags/create_dag_operator.py
[2025-01-07T13:33:53.647+0000] {logging_mixin.py:190} INFO - [2025-01-07T13:33:53.646+0000] {dag.py:3239} INFO - Sync 1 DAGs
[2025-01-07T13:33:53.677+0000] {logging_mixin.py:190} INFO - [2025-01-07T13:33:53.677+0000] {dag.py:4180} INFO - Setting next_dagrun for dag_python_operator to 2025-01-08 00:00:00+00:00, run_after=2025-01-09 00:00:00+00:00
[2025-01-07T13:33:53.701+0000] {processor.py:208} INFO - Processing /opt/airflow/dags/create_dag_operator.py took 0.108 seconds
[2025-01-07T13:34:07.816+0000] {processor.py:186} INFO - Started process (PID=733) to work on /opt/airflow/dags/create_dag_operator.py
[2025-01-07T13:34:07.818+0000] {processor.py:914} INFO - Processing file /opt/airflow/dags/create_dag_operator.py for tasks to queue
[2025-01-07T13:34:07.820+0000] {logging_mixin.py:190} INFO - [2025-01-07T13:34:07.819+0000] {dagbag.py:588} INFO - Filling up the DagBag from /opt/airflow/dags/create_dag_operator.py
[2025-01-07T13:34:07.854+0000] {processor.py:925} INFO - DAG(s) 'dag_python_operator_v02' retrieved from /opt/airflow/dags/create_dag_operator.py
[2025-01-07T13:34:07.987+0000] {logging_mixin.py:190} INFO - [2025-01-07T13:34:07.985+0000] {override.py:1911} INFO - Created Permission View: can read on DAG:dag_python_operator_v02
[2025-01-07T13:34:08.000+0000] {logging_mixin.py:190} INFO - [2025-01-07T13:34:07.999+0000] {override.py:1911} INFO - Created Permission View: can delete on DAG:dag_python_operator_v02
[2025-01-07T13:34:08.012+0000] {logging_mixin.py:190} INFO - [2025-01-07T13:34:08.012+0000] {override.py:1911} INFO - Created Permission View: can edit on DAG:dag_python_operator_v02
[2025-01-07T13:34:08.023+0000] {logging_mixin.py:190} INFO - [2025-01-07T13:34:08.022+0000] {override.py:1911} INFO - Created Permission View: menu access on DAG Run:dag_python_operator_v02
[2025-01-07T13:34:08.030+0000] {logging_mixin.py:190} INFO - [2025-01-07T13:34:08.030+0000] {override.py:1911} INFO - Created Permission View: can create on DAG Run:dag_python_operator_v02
[2025-01-07T13:34:08.038+0000] {logging_mixin.py:190} INFO - [2025-01-07T13:34:08.037+0000] {override.py:1911} INFO - Created Permission View: can read on DAG Run:dag_python_operator_v02
[2025-01-07T13:34:08.044+0000] {logging_mixin.py:190} INFO - [2025-01-07T13:34:08.044+0000] {override.py:1911} INFO - Created Permission View: can delete on DAG Run:dag_python_operator_v02
[2025-01-07T13:34:08.046+0000] {logging_mixin.py:190} INFO - [2025-01-07T13:34:08.045+0000] {dag.py:3239} INFO - Sync 1 DAGs
[2025-01-07T13:34:08.059+0000] {logging_mixin.py:190} INFO - [2025-01-07T13:34:08.059+0000] {dag.py:3262} INFO - Creating ORM DAG for dag_python_operator_v02
[2025-01-07T13:34:08.073+0000] {logging_mixin.py:190} INFO - [2025-01-07T13:34:08.073+0000] {dag.py:4180} INFO - Setting next_dagrun for dag_python_operator_v02 to 2025-01-08 00:00:00+00:00, run_after=2025-01-09 00:00:00+00:00
[2025-01-07T13:34:08.092+0000] {processor.py:208} INFO - Processing /opt/airflow/dags/create_dag_operator.py took 0.282 seconds
[2025-01-07T13:34:38.223+0000] {processor.py:186} INFO - Started process (PID=741) to work on /opt/airflow/dags/create_dag_operator.py
[2025-01-07T13:34:38.225+0000] {processor.py:914} INFO - Processing file /opt/airflow/dags/create_dag_operator.py for tasks to queue
[2025-01-07T13:34:38.226+0000] {logging_mixin.py:190} INFO - [2025-01-07T13:34:38.226+0000] {dagbag.py:588} INFO - Filling up the DagBag from /opt/airflow/dags/create_dag_operator.py
[2025-01-07T13:34:38.244+0000] {processor.py:925} INFO - DAG(s) 'dag_python_operator_v02' retrieved from /opt/airflow/dags/create_dag_operator.py
[2025-01-07T13:34:38.269+0000] {logging_mixin.py:190} INFO - [2025-01-07T13:34:38.268+0000] {dag.py:3239} INFO - Sync 1 DAGs
[2025-01-07T13:34:38.292+0000] {logging_mixin.py:190} INFO - [2025-01-07T13:34:38.292+0000] {dag.py:4180} INFO - Setting next_dagrun for dag_python_operator_v02 to 2025-01-08 00:00:00+00:00, run_after=2025-01-09 00:00:00+00:00
[2025-01-07T13:34:38.312+0000] {processor.py:208} INFO - Processing /opt/airflow/dags/create_dag_operator.py took 0.095 seconds
[2025-01-07T13:35:08.568+0000] {processor.py:186} INFO - Started process (PID=749) to work on /opt/airflow/dags/create_dag_operator.py
[2025-01-07T13:35:08.570+0000] {processor.py:914} INFO - Processing file /opt/airflow/dags/create_dag_operator.py for tasks to queue
[2025-01-07T13:35:08.572+0000] {logging_mixin.py:190} INFO - [2025-01-07T13:35:08.571+0000] {dagbag.py:588} INFO - Filling up the DagBag from /opt/airflow/dags/create_dag_operator.py
[2025-01-07T13:35:08.602+0000] {processor.py:925} INFO - DAG(s) 'dag_python_operator_v02' retrieved from /opt/airflow/dags/create_dag_operator.py
[2025-01-07T13:35:08.647+0000] {logging_mixin.py:190} INFO - [2025-01-07T13:35:08.647+0000] {dag.py:3239} INFO - Sync 1 DAGs
[2025-01-07T13:35:08.671+0000] {logging_mixin.py:190} INFO - [2025-01-07T13:35:08.671+0000] {dag.py:4180} INFO - Setting next_dagrun for dag_python_operator_v02 to 2025-01-08 00:00:00+00:00, run_after=2025-01-09 00:00:00+00:00
[2025-01-07T13:35:08.692+0000] {processor.py:208} INFO - Processing /opt/airflow/dags/create_dag_operator.py took 0.131 seconds
[2025-01-07T13:35:38.829+0000] {processor.py:186} INFO - Started process (PID=757) to work on /opt/airflow/dags/create_dag_operator.py
[2025-01-07T13:35:38.830+0000] {processor.py:914} INFO - Processing file /opt/airflow/dags/create_dag_operator.py for tasks to queue
[2025-01-07T13:35:38.832+0000] {logging_mixin.py:190} INFO - [2025-01-07T13:35:38.831+0000] {dagbag.py:588} INFO - Filling up the DagBag from /opt/airflow/dags/create_dag_operator.py
[2025-01-07T13:35:38.850+0000] {processor.py:925} INFO - DAG(s) 'dag_python_operator_v02' retrieved from /opt/airflow/dags/create_dag_operator.py
[2025-01-07T13:35:38.876+0000] {logging_mixin.py:190} INFO - [2025-01-07T13:35:38.876+0000] {dag.py:3239} INFO - Sync 1 DAGs
[2025-01-07T13:35:38.899+0000] {logging_mixin.py:190} INFO - [2025-01-07T13:35:38.898+0000] {dag.py:4180} INFO - Setting next_dagrun for dag_python_operator_v02 to 2025-01-08 00:00:00+00:00, run_after=2025-01-09 00:00:00+00:00
[2025-01-07T13:35:38.918+0000] {processor.py:208} INFO - Processing /opt/airflow/dags/create_dag_operator.py took 0.094 seconds
[2025-01-07T13:36:09.201+0000] {processor.py:186} INFO - Started process (PID=765) to work on /opt/airflow/dags/create_dag_operator.py
[2025-01-07T13:36:09.202+0000] {processor.py:914} INFO - Processing file /opt/airflow/dags/create_dag_operator.py for tasks to queue
[2025-01-07T13:36:09.204+0000] {logging_mixin.py:190} INFO - [2025-01-07T13:36:09.204+0000] {dagbag.py:588} INFO - Filling up the DagBag from /opt/airflow/dags/create_dag_operator.py
[2025-01-07T13:36:09.222+0000] {processor.py:925} INFO - DAG(s) 'dag_python_operator_v02' retrieved from /opt/airflow/dags/create_dag_operator.py
[2025-01-07T13:36:09.246+0000] {logging_mixin.py:190} INFO - [2025-01-07T13:36:09.246+0000] {dag.py:3239} INFO - Sync 1 DAGs
[2025-01-07T13:36:09.270+0000] {logging_mixin.py:190} INFO - [2025-01-07T13:36:09.270+0000] {dag.py:4180} INFO - Setting next_dagrun for dag_python_operator_v02 to 2025-01-08 00:00:00+00:00, run_after=2025-01-09 00:00:00+00:00
[2025-01-07T13:36:09.291+0000] {processor.py:208} INFO - Processing /opt/airflow/dags/create_dag_operator.py took 0.096 seconds
[2025-01-07T13:36:39.555+0000] {processor.py:186} INFO - Started process (PID=773) to work on /opt/airflow/dags/create_dag_operator.py
[2025-01-07T13:36:39.556+0000] {processor.py:914} INFO - Processing file /opt/airflow/dags/create_dag_operator.py for tasks to queue
[2025-01-07T13:36:39.557+0000] {logging_mixin.py:190} INFO - [2025-01-07T13:36:39.557+0000] {dagbag.py:588} INFO - Filling up the DagBag from /opt/airflow/dags/create_dag_operator.py
[2025-01-07T13:36:39.574+0000] {processor.py:925} INFO - DAG(s) 'dag_python_operator_v02' retrieved from /opt/airflow/dags/create_dag_operator.py
[2025-01-07T13:36:39.600+0000] {logging_mixin.py:190} INFO - [2025-01-07T13:36:39.599+0000] {dag.py:3239} INFO - Sync 1 DAGs
[2025-01-07T13:36:39.623+0000] {logging_mixin.py:190} INFO - [2025-01-07T13:36:39.623+0000] {dag.py:4180} INFO - Setting next_dagrun for dag_python_operator_v02 to 2025-01-08 00:00:00+00:00, run_after=2025-01-09 00:00:00+00:00
[2025-01-07T13:36:39.642+0000] {processor.py:208} INFO - Processing /opt/airflow/dags/create_dag_operator.py took 0.093 seconds
[2025-01-07T13:37:09.928+0000] {processor.py:186} INFO - Started process (PID=781) to work on /opt/airflow/dags/create_dag_operator.py
[2025-01-07T13:37:09.929+0000] {processor.py:914} INFO - Processing file /opt/airflow/dags/create_dag_operator.py for tasks to queue
[2025-01-07T13:37:09.930+0000] {logging_mixin.py:190} INFO - [2025-01-07T13:37:09.930+0000] {dagbag.py:588} INFO - Filling up the DagBag from /opt/airflow/dags/create_dag_operator.py
[2025-01-07T13:37:09.947+0000] {processor.py:925} INFO - DAG(s) 'dag_python_operator_v02' retrieved from /opt/airflow/dags/create_dag_operator.py
[2025-01-07T13:37:09.970+0000] {logging_mixin.py:190} INFO - [2025-01-07T13:37:09.970+0000] {dag.py:3239} INFO - Sync 1 DAGs
[2025-01-07T13:37:09.992+0000] {logging_mixin.py:190} INFO - [2025-01-07T13:37:09.992+0000] {dag.py:4180} INFO - Setting next_dagrun for dag_python_operator_v02 to 2025-01-08 00:00:00+00:00, run_after=2025-01-09 00:00:00+00:00
[2025-01-07T13:37:10.013+0000] {processor.py:208} INFO - Processing /opt/airflow/dags/create_dag_operator.py took 0.091 seconds
[2025-01-07T13:37:40.278+0000] {processor.py:186} INFO - Started process (PID=789) to work on /opt/airflow/dags/create_dag_operator.py
[2025-01-07T13:37:40.280+0000] {processor.py:914} INFO - Processing file /opt/airflow/dags/create_dag_operator.py for tasks to queue
[2025-01-07T13:37:40.281+0000] {logging_mixin.py:190} INFO - [2025-01-07T13:37:40.281+0000] {dagbag.py:588} INFO - Filling up the DagBag from /opt/airflow/dags/create_dag_operator.py
[2025-01-07T13:37:40.302+0000] {processor.py:925} INFO - DAG(s) 'dag_python_operator_v02' retrieved from /opt/airflow/dags/create_dag_operator.py
[2025-01-07T13:37:40.333+0000] {logging_mixin.py:190} INFO - [2025-01-07T13:37:40.333+0000] {dag.py:3239} INFO - Sync 1 DAGs
[2025-01-07T13:37:40.370+0000] {logging_mixin.py:190} INFO - [2025-01-07T13:37:40.370+0000] {dag.py:4180} INFO - Setting next_dagrun for dag_python_operator_v02 to 2025-01-08 00:00:00+00:00, run_after=2025-01-09 00:00:00+00:00
[2025-01-07T13:37:40.400+0000] {processor.py:208} INFO - Processing /opt/airflow/dags/create_dag_operator.py took 0.131 seconds
