[2025-01-07T12:55:07.231+0000] {processor.py:186} INFO - Started process (PID=157) to work on /opt/airflow/dags/first_dag.py
[2025-01-07T12:55:07.234+0000] {processor.py:914} INFO - Processing file /opt/airflow/dags/first_dag.py for tasks to queue
[2025-01-07T12:55:07.246+0000] {logging_mixin.py:190} INFO - [2025-01-07T12:55:07.245+0000] {dagbag.py:588} INFO - Filling up the DagBag from /opt/airflow/dags/first_dag.py
[2025-01-07T12:55:07.320+0000] {processor.py:925} INFO - DAG(s) 'our_first_dag' retrieved from /opt/airflow/dags/first_dag.py
[2025-01-07T12:55:07.978+0000] {logging_mixin.py:190} INFO - [2025-01-07T12:55:07.978+0000] {override.py:1911} INFO - Created Permission View: can read on DAG:our_first_dag
[2025-01-07T12:55:07.989+0000] {logging_mixin.py:190} INFO - [2025-01-07T12:55:07.989+0000] {override.py:1911} INFO - Created Permission View: can delete on DAG:our_first_dag
[2025-01-07T12:55:07.996+0000] {logging_mixin.py:190} INFO - [2025-01-07T12:55:07.996+0000] {override.py:1911} INFO - Created Permission View: can edit on DAG:our_first_dag
[2025-01-07T12:55:08.004+0000] {logging_mixin.py:190} INFO - [2025-01-07T12:55:08.004+0000] {override.py:1911} INFO - Created Permission View: menu access on DAG Run:our_first_dag
[2025-01-07T12:55:08.012+0000] {logging_mixin.py:190} INFO - [2025-01-07T12:55:08.012+0000] {override.py:1911} INFO - Created Permission View: can create on DAG Run:our_first_dag
[2025-01-07T12:55:08.021+0000] {logging_mixin.py:190} INFO - [2025-01-07T12:55:08.020+0000] {override.py:1911} INFO - Created Permission View: can read on DAG Run:our_first_dag
[2025-01-07T12:55:08.035+0000] {logging_mixin.py:190} INFO - [2025-01-07T12:55:08.035+0000] {override.py:1911} INFO - Created Permission View: can delete on DAG Run:our_first_dag
[2025-01-07T12:55:08.037+0000] {logging_mixin.py:190} INFO - [2025-01-07T12:55:08.037+0000] {dag.py:3239} INFO - Sync 1 DAGs
[2025-01-07T12:55:08.062+0000] {logging_mixin.py:190} INFO - [2025-01-07T12:55:08.062+0000] {dag.py:3262} INFO - Creating ORM DAG for our_first_dag
[2025-01-07T12:55:08.075+0000] {logging_mixin.py:190} INFO - [2025-01-07T12:55:08.075+0000] {dag.py:4180} INFO - Setting next_dagrun for our_first_dag to 2025-01-08 00:00:00+00:00, run_after=2025-01-09 00:00:00+00:00
[2025-01-07T12:55:08.097+0000] {processor.py:208} INFO - Processing /opt/airflow/dags/first_dag.py took 0.893 seconds
[2025-01-07T12:55:38.345+0000] {processor.py:186} INFO - Started process (PID=164) to work on /opt/airflow/dags/first_dag.py
[2025-01-07T12:55:38.346+0000] {processor.py:914} INFO - Processing file /opt/airflow/dags/first_dag.py for tasks to queue
[2025-01-07T12:55:38.350+0000] {logging_mixin.py:190} INFO - [2025-01-07T12:55:38.349+0000] {dagbag.py:588} INFO - Filling up the DagBag from /opt/airflow/dags/first_dag.py
[2025-01-07T12:55:38.369+0000] {processor.py:925} INFO - DAG(s) 'our_first_dag' retrieved from /opt/airflow/dags/first_dag.py
[2025-01-07T12:55:38.395+0000] {logging_mixin.py:190} INFO - [2025-01-07T12:55:38.395+0000] {dag.py:3239} INFO - Sync 1 DAGs
[2025-01-07T12:55:38.421+0000] {logging_mixin.py:190} INFO - [2025-01-07T12:55:38.421+0000] {dag.py:4180} INFO - Setting next_dagrun for our_first_dag to 2025-01-08 00:00:00+00:00, run_after=2025-01-09 00:00:00+00:00
[2025-01-07T12:55:38.441+0000] {processor.py:208} INFO - Processing /opt/airflow/dags/first_dag.py took 0.103 seconds
[2025-01-07T12:56:08.584+0000] {processor.py:186} INFO - Started process (PID=171) to work on /opt/airflow/dags/first_dag.py
[2025-01-07T12:56:08.585+0000] {processor.py:914} INFO - Processing file /opt/airflow/dags/first_dag.py for tasks to queue
[2025-01-07T12:56:08.589+0000] {logging_mixin.py:190} INFO - [2025-01-07T12:56:08.588+0000] {dagbag.py:588} INFO - Filling up the DagBag from /opt/airflow/dags/first_dag.py
[2025-01-07T12:56:08.609+0000] {processor.py:925} INFO - DAG(s) 'our_first_dag' retrieved from /opt/airflow/dags/first_dag.py
[2025-01-07T12:56:08.635+0000] {logging_mixin.py:190} INFO - [2025-01-07T12:56:08.635+0000] {dag.py:3239} INFO - Sync 1 DAGs
[2025-01-07T12:56:08.658+0000] {logging_mixin.py:190} INFO - [2025-01-07T12:56:08.658+0000] {dag.py:4180} INFO - Setting next_dagrun for our_first_dag to 2025-01-08 00:00:00+00:00, run_after=2025-01-09 00:00:00+00:00
[2025-01-07T12:56:08.810+0000] {processor.py:208} INFO - Processing /opt/airflow/dags/first_dag.py took 0.233 seconds
[2025-01-07T12:56:38.850+0000] {processor.py:186} INFO - Started process (PID=178) to work on /opt/airflow/dags/first_dag.py
[2025-01-07T12:56:38.852+0000] {processor.py:914} INFO - Processing file /opt/airflow/dags/first_dag.py for tasks to queue
[2025-01-07T12:56:38.854+0000] {logging_mixin.py:190} INFO - [2025-01-07T12:56:38.854+0000] {dagbag.py:588} INFO - Filling up the DagBag from /opt/airflow/dags/first_dag.py
[2025-01-07T12:56:38.872+0000] {processor.py:925} INFO - DAG(s) 'our_first_dag' retrieved from /opt/airflow/dags/first_dag.py
[2025-01-07T12:56:38.896+0000] {logging_mixin.py:190} INFO - [2025-01-07T12:56:38.896+0000] {dag.py:3239} INFO - Sync 1 DAGs
[2025-01-07T12:56:39.055+0000] {logging_mixin.py:190} INFO - [2025-01-07T12:56:39.054+0000] {dag.py:4180} INFO - Setting next_dagrun for our_first_dag to 2025-01-08 00:00:00+00:00, run_after=2025-01-09 00:00:00+00:00
[2025-01-07T12:56:39.071+0000] {processor.py:208} INFO - Processing /opt/airflow/dags/first_dag.py took 0.227 seconds
[2025-01-07T12:57:09.216+0000] {processor.py:186} INFO - Started process (PID=185) to work on /opt/airflow/dags/first_dag.py
[2025-01-07T12:57:09.217+0000] {processor.py:914} INFO - Processing file /opt/airflow/dags/first_dag.py for tasks to queue
[2025-01-07T12:57:09.221+0000] {logging_mixin.py:190} INFO - [2025-01-07T12:57:09.220+0000] {dagbag.py:588} INFO - Filling up the DagBag from /opt/airflow/dags/first_dag.py
[2025-01-07T12:57:09.238+0000] {processor.py:925} INFO - DAG(s) 'our_first_dag' retrieved from /opt/airflow/dags/first_dag.py
[2025-01-07T12:57:09.261+0000] {logging_mixin.py:190} INFO - [2025-01-07T12:57:09.261+0000] {dag.py:3239} INFO - Sync 1 DAGs
[2025-01-07T12:57:09.400+0000] {logging_mixin.py:190} INFO - [2025-01-07T12:57:09.399+0000] {dag.py:4180} INFO - Setting next_dagrun for our_first_dag to 2025-01-08 00:00:00+00:00, run_after=2025-01-09 00:00:00+00:00
[2025-01-07T12:57:09.424+0000] {processor.py:208} INFO - Processing /opt/airflow/dags/first_dag.py took 0.213 seconds
[2025-01-07T12:57:35.502+0000] {processor.py:186} INFO - Started process (PID=192) to work on /opt/airflow/dags/first_dag.py
[2025-01-07T12:57:35.503+0000] {processor.py:914} INFO - Processing file /opt/airflow/dags/first_dag.py for tasks to queue
[2025-01-07T12:57:35.509+0000] {logging_mixin.py:190} INFO - [2025-01-07T12:57:35.508+0000] {dagbag.py:588} INFO - Filling up the DagBag from /opt/airflow/dags/first_dag.py
[2025-01-07T12:57:35.538+0000] {processor.py:925} INFO - DAG(s) 'our_first_dag' retrieved from /opt/airflow/dags/first_dag.py
[2025-01-07T12:57:35.625+0000] {logging_mixin.py:190} INFO - [2025-01-07T12:57:35.624+0000] {dag.py:3239} INFO - Sync 1 DAGs
[2025-01-07T12:57:35.664+0000] {logging_mixin.py:190} INFO - [2025-01-07T12:57:35.664+0000] {dag.py:4180} INFO - Setting next_dagrun for our_first_dag to 2025-01-08 00:00:00+00:00, run_after=2025-01-09 00:00:00+00:00
[2025-01-07T12:57:35.906+0000] {processor.py:208} INFO - Processing /opt/airflow/dags/first_dag.py took 0.413 seconds
[2025-01-07T12:58:06.135+0000] {processor.py:186} INFO - Started process (PID=199) to work on /opt/airflow/dags/first_dag.py
[2025-01-07T12:58:06.136+0000] {processor.py:914} INFO - Processing file /opt/airflow/dags/first_dag.py for tasks to queue
[2025-01-07T12:58:06.139+0000] {logging_mixin.py:190} INFO - [2025-01-07T12:58:06.139+0000] {dagbag.py:588} INFO - Filling up the DagBag from /opt/airflow/dags/first_dag.py
[2025-01-07T12:58:06.163+0000] {processor.py:925} INFO - DAG(s) 'our_first_dag' retrieved from /opt/airflow/dags/first_dag.py
[2025-01-07T12:58:06.203+0000] {logging_mixin.py:190} INFO - [2025-01-07T12:58:06.202+0000] {dag.py:3239} INFO - Sync 1 DAGs
[2025-01-07T12:58:06.239+0000] {logging_mixin.py:190} INFO - [2025-01-07T12:58:06.238+0000] {dag.py:4180} INFO - Setting next_dagrun for our_first_dag to 2025-01-08 00:00:00+00:00, run_after=2025-01-09 00:00:00+00:00
[2025-01-07T12:58:06.264+0000] {processor.py:208} INFO - Processing /opt/airflow/dags/first_dag.py took 0.137 seconds
[2025-01-07T12:58:36.330+0000] {processor.py:186} INFO - Started process (PID=206) to work on /opt/airflow/dags/first_dag.py
[2025-01-07T12:58:36.331+0000] {processor.py:914} INFO - Processing file /opt/airflow/dags/first_dag.py for tasks to queue
[2025-01-07T12:58:36.333+0000] {logging_mixin.py:190} INFO - [2025-01-07T12:58:36.333+0000] {dagbag.py:588} INFO - Filling up the DagBag from /opt/airflow/dags/first_dag.py
[2025-01-07T12:58:36.351+0000] {processor.py:925} INFO - DAG(s) 'our_first_dag' retrieved from /opt/airflow/dags/first_dag.py
[2025-01-07T12:58:36.375+0000] {logging_mixin.py:190} INFO - [2025-01-07T12:58:36.375+0000] {dag.py:3239} INFO - Sync 1 DAGs
[2025-01-07T12:58:36.398+0000] {logging_mixin.py:190} INFO - [2025-01-07T12:58:36.397+0000] {dag.py:4180} INFO - Setting next_dagrun for our_first_dag to 2025-01-08 00:00:00+00:00, run_after=2025-01-09 00:00:00+00:00
[2025-01-07T12:58:36.416+0000] {processor.py:208} INFO - Processing /opt/airflow/dags/first_dag.py took 0.093 seconds
[2025-01-07T12:59:06.519+0000] {processor.py:186} INFO - Started process (PID=213) to work on /opt/airflow/dags/first_dag.py
[2025-01-07T12:59:06.520+0000] {processor.py:914} INFO - Processing file /opt/airflow/dags/first_dag.py for tasks to queue
[2025-01-07T12:59:06.523+0000] {logging_mixin.py:190} INFO - [2025-01-07T12:59:06.523+0000] {dagbag.py:588} INFO - Filling up the DagBag from /opt/airflow/dags/first_dag.py
[2025-01-07T12:59:06.543+0000] {processor.py:925} INFO - DAG(s) 'our_first_dag' retrieved from /opt/airflow/dags/first_dag.py
[2025-01-07T12:59:06.567+0000] {logging_mixin.py:190} INFO - [2025-01-07T12:59:06.566+0000] {dag.py:3239} INFO - Sync 1 DAGs
[2025-01-07T12:59:06.590+0000] {logging_mixin.py:190} INFO - [2025-01-07T12:59:06.590+0000] {dag.py:4180} INFO - Setting next_dagrun for our_first_dag to 2025-01-08 00:00:00+00:00, run_after=2025-01-09 00:00:00+00:00
[2025-01-07T12:59:06.746+0000] {processor.py:208} INFO - Processing /opt/airflow/dags/first_dag.py took 0.232 seconds
[2025-01-07T12:59:36.827+0000] {processor.py:186} INFO - Started process (PID=220) to work on /opt/airflow/dags/first_dag.py
[2025-01-07T12:59:36.828+0000] {processor.py:914} INFO - Processing file /opt/airflow/dags/first_dag.py for tasks to queue
[2025-01-07T12:59:36.831+0000] {logging_mixin.py:190} INFO - [2025-01-07T12:59:36.831+0000] {dagbag.py:588} INFO - Filling up the DagBag from /opt/airflow/dags/first_dag.py
[2025-01-07T12:59:36.852+0000] {processor.py:925} INFO - DAG(s) 'our_first_dag' retrieved from /opt/airflow/dags/first_dag.py
[2025-01-07T12:59:36.890+0000] {logging_mixin.py:190} INFO - [2025-01-07T12:59:36.890+0000] {dag.py:3239} INFO - Sync 1 DAGs
[2025-01-07T12:59:37.074+0000] {logging_mixin.py:190} INFO - [2025-01-07T12:59:37.073+0000] {dag.py:4180} INFO - Setting next_dagrun for our_first_dag to 2025-01-08 00:00:00+00:00, run_after=2025-01-09 00:00:00+00:00
[2025-01-07T12:59:37.100+0000] {processor.py:208} INFO - Processing /opt/airflow/dags/first_dag.py took 0.284 seconds
[2025-01-07T13:00:05.176+0000] {processor.py:186} INFO - Started process (PID=227) to work on /opt/airflow/dags/first_dag.py
[2025-01-07T13:00:05.178+0000] {processor.py:914} INFO - Processing file /opt/airflow/dags/first_dag.py for tasks to queue
[2025-01-07T13:00:05.182+0000] {logging_mixin.py:190} INFO - [2025-01-07T13:00:05.181+0000] {dagbag.py:588} INFO - Filling up the DagBag from /opt/airflow/dags/first_dag.py
[2025-01-07T13:00:05.217+0000] {processor.py:925} INFO - DAG(s) 'our_first_dag' retrieved from /opt/airflow/dags/first_dag.py
[2025-01-07T13:00:05.736+0000] {logging_mixin.py:190} INFO - [2025-01-07T13:00:05.736+0000] {dag.py:3239} INFO - Sync 1 DAGs
[2025-01-07T13:00:05.768+0000] {logging_mixin.py:190} INFO - [2025-01-07T13:00:05.768+0000] {dag.py:4180} INFO - Setting next_dagrun for our_first_dag to 2025-01-08 00:00:00+00:00, run_after=2025-01-09 00:00:00+00:00
[2025-01-07T13:00:05.803+0000] {processor.py:208} INFO - Processing /opt/airflow/dags/first_dag.py took 0.634 seconds
[2025-01-07T13:00:36.045+0000] {processor.py:186} INFO - Started process (PID=234) to work on /opt/airflow/dags/first_dag.py
[2025-01-07T13:00:36.046+0000] {processor.py:914} INFO - Processing file /opt/airflow/dags/first_dag.py for tasks to queue
[2025-01-07T13:00:36.048+0000] {logging_mixin.py:190} INFO - [2025-01-07T13:00:36.048+0000] {dagbag.py:588} INFO - Filling up the DagBag from /opt/airflow/dags/first_dag.py
[2025-01-07T13:00:36.066+0000] {processor.py:925} INFO - DAG(s) 'our_first_dag' retrieved from /opt/airflow/dags/first_dag.py
[2025-01-07T13:00:36.089+0000] {logging_mixin.py:190} INFO - [2025-01-07T13:00:36.089+0000] {dag.py:3239} INFO - Sync 1 DAGs
[2025-01-07T13:00:36.112+0000] {logging_mixin.py:190} INFO - [2025-01-07T13:00:36.112+0000] {dag.py:4180} INFO - Setting next_dagrun for our_first_dag to 2025-01-08 00:00:00+00:00, run_after=2025-01-09 00:00:00+00:00
[2025-01-07T13:00:36.132+0000] {processor.py:208} INFO - Processing /opt/airflow/dags/first_dag.py took 0.093 seconds
[2025-01-07T13:01:04.260+0000] {processor.py:186} INFO - Started process (PID=241) to work on /opt/airflow/dags/first_dag.py
[2025-01-07T13:01:04.261+0000] {processor.py:914} INFO - Processing file /opt/airflow/dags/first_dag.py for tasks to queue
[2025-01-07T13:01:04.263+0000] {logging_mixin.py:190} INFO - [2025-01-07T13:01:04.263+0000] {dagbag.py:588} INFO - Filling up the DagBag from /opt/airflow/dags/first_dag.py
[2025-01-07T13:01:04.294+0000] {processor.py:925} INFO - DAG(s) 'our_first_dag' retrieved from /opt/airflow/dags/first_dag.py
[2025-01-07T13:01:04.543+0000] {logging_mixin.py:190} INFO - [2025-01-07T13:01:04.543+0000] {dag.py:3239} INFO - Sync 1 DAGs
[2025-01-07T13:01:04.565+0000] {logging_mixin.py:190} INFO - [2025-01-07T13:01:04.564+0000] {dag.py:4180} INFO - Setting next_dagrun for our_first_dag to 2025-01-08 00:00:00+00:00, run_after=2025-01-09 00:00:00+00:00
[2025-01-07T13:01:04.586+0000] {processor.py:208} INFO - Processing /opt/airflow/dags/first_dag.py took 0.334 seconds
[2025-01-07T13:01:34.806+0000] {processor.py:186} INFO - Started process (PID=248) to work on /opt/airflow/dags/first_dag.py
[2025-01-07T13:01:34.807+0000] {processor.py:914} INFO - Processing file /opt/airflow/dags/first_dag.py for tasks to queue
[2025-01-07T13:01:34.810+0000] {logging_mixin.py:190} INFO - [2025-01-07T13:01:34.810+0000] {dagbag.py:588} INFO - Filling up the DagBag from /opt/airflow/dags/first_dag.py
[2025-01-07T13:01:34.835+0000] {processor.py:925} INFO - DAG(s) 'our_first_dag' retrieved from /opt/airflow/dags/first_dag.py
[2025-01-07T13:01:34.865+0000] {logging_mixin.py:190} INFO - [2025-01-07T13:01:34.864+0000] {dag.py:3239} INFO - Sync 1 DAGs
[2025-01-07T13:01:34.901+0000] {logging_mixin.py:190} INFO - [2025-01-07T13:01:34.901+0000] {dag.py:4180} INFO - Setting next_dagrun for our_first_dag to 2025-01-08 00:00:00+00:00, run_after=2025-01-09 00:00:00+00:00
[2025-01-07T13:01:34.926+0000] {processor.py:208} INFO - Processing /opt/airflow/dags/first_dag.py took 0.130 seconds
[2025-01-07T13:02:04.996+0000] {processor.py:186} INFO - Started process (PID=255) to work on /opt/airflow/dags/first_dag.py
[2025-01-07T13:02:04.997+0000] {processor.py:914} INFO - Processing file /opt/airflow/dags/first_dag.py for tasks to queue
[2025-01-07T13:02:05.001+0000] {logging_mixin.py:190} INFO - [2025-01-07T13:02:05.000+0000] {dagbag.py:588} INFO - Filling up the DagBag from /opt/airflow/dags/first_dag.py
[2025-01-07T13:02:05.026+0000] {processor.py:925} INFO - DAG(s) 'our_first_dag' retrieved from /opt/airflow/dags/first_dag.py
[2025-01-07T13:02:05.058+0000] {logging_mixin.py:190} INFO - [2025-01-07T13:02:05.057+0000] {dag.py:3239} INFO - Sync 1 DAGs
[2025-01-07T13:02:05.086+0000] {logging_mixin.py:190} INFO - [2025-01-07T13:02:05.086+0000] {dag.py:4180} INFO - Setting next_dagrun for our_first_dag to 2025-01-08 00:00:00+00:00, run_after=2025-01-09 00:00:00+00:00
[2025-01-07T13:02:05.270+0000] {processor.py:208} INFO - Processing /opt/airflow/dags/first_dag.py took 0.280 seconds
[2025-01-07T13:02:35.472+0000] {processor.py:186} INFO - Started process (PID=262) to work on /opt/airflow/dags/first_dag.py
[2025-01-07T13:02:35.473+0000] {processor.py:914} INFO - Processing file /opt/airflow/dags/first_dag.py for tasks to queue
[2025-01-07T13:02:35.476+0000] {logging_mixin.py:190} INFO - [2025-01-07T13:02:35.476+0000] {dagbag.py:588} INFO - Filling up the DagBag from /opt/airflow/dags/first_dag.py
[2025-01-07T13:02:35.497+0000] {processor.py:925} INFO - DAG(s) 'our_first_dag' retrieved from /opt/airflow/dags/first_dag.py
[2025-01-07T13:02:35.522+0000] {logging_mixin.py:190} INFO - [2025-01-07T13:02:35.521+0000] {dag.py:3239} INFO - Sync 1 DAGs
[2025-01-07T13:02:35.705+0000] {logging_mixin.py:190} INFO - [2025-01-07T13:02:35.705+0000] {dag.py:4180} INFO - Setting next_dagrun for our_first_dag to 2025-01-08 00:00:00+00:00, run_after=2025-01-09 00:00:00+00:00
[2025-01-07T13:02:35.856+0000] {processor.py:208} INFO - Processing /opt/airflow/dags/first_dag.py took 0.391 seconds
[2025-01-07T13:02:35.911+0000] {processor.py:186} INFO - Started process (PID=263) to work on /opt/airflow/dags/first_dag.py
[2025-01-07T13:02:35.912+0000] {processor.py:914} INFO - Processing file /opt/airflow/dags/first_dag.py for tasks to queue
[2025-01-07T13:02:35.916+0000] {logging_mixin.py:190} INFO - [2025-01-07T13:02:35.915+0000] {dagbag.py:588} INFO - Filling up the DagBag from /opt/airflow/dags/first_dag.py
[2025-01-07T13:02:35.942+0000] {processor.py:925} INFO - DAG(s) 'our_first_dag' retrieved from /opt/airflow/dags/first_dag.py
[2025-01-07T13:02:35.989+0000] {logging_mixin.py:190} INFO - [2025-01-07T13:02:35.989+0000] {dag.py:3239} INFO - Sync 1 DAGs
[2025-01-07T13:02:36.198+0000] {logging_mixin.py:190} INFO - [2025-01-07T13:02:36.197+0000] {dag.py:4180} INFO - Setting next_dagrun for our_first_dag to 2025-01-08 00:00:00+00:00, run_after=2025-01-09 00:00:00+00:00
[2025-01-07T13:02:36.222+0000] {processor.py:208} INFO - Processing /opt/airflow/dags/first_dag.py took 0.318 seconds
[2025-01-07T13:03:06.436+0000] {processor.py:186} INFO - Started process (PID=270) to work on /opt/airflow/dags/first_dag.py
[2025-01-07T13:03:06.438+0000] {processor.py:914} INFO - Processing file /opt/airflow/dags/first_dag.py for tasks to queue
[2025-01-07T13:03:06.440+0000] {logging_mixin.py:190} INFO - [2025-01-07T13:03:06.440+0000] {dagbag.py:588} INFO - Filling up the DagBag from /opt/airflow/dags/first_dag.py
[2025-01-07T13:03:06.457+0000] {processor.py:925} INFO - DAG(s) 'our_first_dag' retrieved from /opt/airflow/dags/first_dag.py
[2025-01-07T13:03:06.601+0000] {logging_mixin.py:190} INFO - [2025-01-07T13:03:06.601+0000] {dag.py:3239} INFO - Sync 1 DAGs
[2025-01-07T13:03:06.619+0000] {logging_mixin.py:190} INFO - [2025-01-07T13:03:06.619+0000] {dag.py:4180} INFO - Setting next_dagrun for our_first_dag to 2025-01-08 00:00:00+00:00, run_after=2025-01-09 00:00:00+00:00
[2025-01-07T13:03:06.638+0000] {processor.py:208} INFO - Processing /opt/airflow/dags/first_dag.py took 0.207 seconds
[2025-01-07T13:03:36.841+0000] {processor.py:186} INFO - Started process (PID=277) to work on /opt/airflow/dags/first_dag.py
[2025-01-07T13:03:36.842+0000] {processor.py:914} INFO - Processing file /opt/airflow/dags/first_dag.py for tasks to queue
[2025-01-07T13:03:36.845+0000] {logging_mixin.py:190} INFO - [2025-01-07T13:03:36.844+0000] {dagbag.py:588} INFO - Filling up the DagBag from /opt/airflow/dags/first_dag.py
[2025-01-07T13:03:36.864+0000] {processor.py:925} INFO - DAG(s) 'our_first_dag' retrieved from /opt/airflow/dags/first_dag.py
[2025-01-07T13:03:36.890+0000] {logging_mixin.py:190} INFO - [2025-01-07T13:03:36.890+0000] {dag.py:3239} INFO - Sync 1 DAGs
[2025-01-07T13:03:36.915+0000] {logging_mixin.py:190} INFO - [2025-01-07T13:03:36.914+0000] {dag.py:4180} INFO - Setting next_dagrun for our_first_dag to 2025-01-08 00:00:00+00:00, run_after=2025-01-09 00:00:00+00:00
[2025-01-07T13:03:36.936+0000] {processor.py:208} INFO - Processing /opt/airflow/dags/first_dag.py took 0.102 seconds
[2025-01-07T13:04:07.025+0000] {processor.py:186} INFO - Started process (PID=284) to work on /opt/airflow/dags/first_dag.py
[2025-01-07T13:04:07.026+0000] {processor.py:914} INFO - Processing file /opt/airflow/dags/first_dag.py for tasks to queue
[2025-01-07T13:04:07.028+0000] {logging_mixin.py:190} INFO - [2025-01-07T13:04:07.028+0000] {dagbag.py:588} INFO - Filling up the DagBag from /opt/airflow/dags/first_dag.py
[2025-01-07T13:04:07.046+0000] {processor.py:925} INFO - DAG(s) 'our_first_dag' retrieved from /opt/airflow/dags/first_dag.py
[2025-01-07T13:04:07.071+0000] {logging_mixin.py:190} INFO - [2025-01-07T13:04:07.070+0000] {dag.py:3239} INFO - Sync 1 DAGs
[2025-01-07T13:04:07.096+0000] {logging_mixin.py:190} INFO - [2025-01-07T13:04:07.096+0000] {dag.py:4180} INFO - Setting next_dagrun for our_first_dag to 2025-01-08 00:00:00+00:00, run_after=2025-01-09 00:00:00+00:00
[2025-01-07T13:04:07.116+0000] {processor.py:208} INFO - Processing /opt/airflow/dags/first_dag.py took 0.097 seconds
[2025-01-07T13:04:37.319+0000] {processor.py:186} INFO - Started process (PID=291) to work on /opt/airflow/dags/first_dag.py
[2025-01-07T13:04:37.320+0000] {processor.py:914} INFO - Processing file /opt/airflow/dags/first_dag.py for tasks to queue
[2025-01-07T13:04:37.323+0000] {logging_mixin.py:190} INFO - [2025-01-07T13:04:37.322+0000] {dagbag.py:588} INFO - Filling up the DagBag from /opt/airflow/dags/first_dag.py
[2025-01-07T13:04:37.340+0000] {processor.py:925} INFO - DAG(s) 'our_first_dag' retrieved from /opt/airflow/dags/first_dag.py
[2025-01-07T13:04:37.363+0000] {logging_mixin.py:190} INFO - [2025-01-07T13:04:37.363+0000] {dag.py:3239} INFO - Sync 1 DAGs
[2025-01-07T13:04:37.385+0000] {logging_mixin.py:190} INFO - [2025-01-07T13:04:37.385+0000] {dag.py:4180} INFO - Setting next_dagrun for our_first_dag to 2025-01-08 00:00:00+00:00, run_after=2025-01-09 00:00:00+00:00
[2025-01-07T13:04:37.405+0000] {processor.py:208} INFO - Processing /opt/airflow/dags/first_dag.py took 0.092 seconds
[2025-01-07T13:05:07.542+0000] {processor.py:186} INFO - Started process (PID=298) to work on /opt/airflow/dags/first_dag.py
[2025-01-07T13:05:07.543+0000] {processor.py:914} INFO - Processing file /opt/airflow/dags/first_dag.py for tasks to queue
[2025-01-07T13:05:07.545+0000] {logging_mixin.py:190} INFO - [2025-01-07T13:05:07.545+0000] {dagbag.py:588} INFO - Filling up the DagBag from /opt/airflow/dags/first_dag.py
[2025-01-07T13:05:07.563+0000] {processor.py:925} INFO - DAG(s) 'our_first_dag' retrieved from /opt/airflow/dags/first_dag.py
[2025-01-07T13:05:07.587+0000] {logging_mixin.py:190} INFO - [2025-01-07T13:05:07.587+0000] {dag.py:3239} INFO - Sync 1 DAGs
[2025-01-07T13:05:07.734+0000] {logging_mixin.py:190} INFO - [2025-01-07T13:05:07.733+0000] {dag.py:4180} INFO - Setting next_dagrun for our_first_dag to 2025-01-08 00:00:00+00:00, run_after=2025-01-09 00:00:00+00:00
[2025-01-07T13:05:07.751+0000] {processor.py:208} INFO - Processing /opt/airflow/dags/first_dag.py took 0.215 seconds
[2025-01-07T13:05:37.795+0000] {processor.py:186} INFO - Started process (PID=305) to work on /opt/airflow/dags/first_dag.py
[2025-01-07T13:05:37.796+0000] {processor.py:914} INFO - Processing file /opt/airflow/dags/first_dag.py for tasks to queue
[2025-01-07T13:05:37.799+0000] {logging_mixin.py:190} INFO - [2025-01-07T13:05:37.798+0000] {dagbag.py:588} INFO - Filling up the DagBag from /opt/airflow/dags/first_dag.py
[2025-01-07T13:05:37.816+0000] {processor.py:925} INFO - DAG(s) 'our_first_dag' retrieved from /opt/airflow/dags/first_dag.py
[2025-01-07T13:05:37.843+0000] {logging_mixin.py:190} INFO - [2025-01-07T13:05:37.843+0000] {dag.py:3239} INFO - Sync 1 DAGs
[2025-01-07T13:05:38.100+0000] {logging_mixin.py:190} INFO - [2025-01-07T13:05:38.100+0000] {dag.py:4180} INFO - Setting next_dagrun for our_first_dag to 2025-01-08 00:00:00+00:00, run_after=2025-01-09 00:00:00+00:00
[2025-01-07T13:05:38.124+0000] {processor.py:208} INFO - Processing /opt/airflow/dags/first_dag.py took 0.336 seconds
[2025-01-07T13:06:08.164+0000] {processor.py:186} INFO - Started process (PID=312) to work on /opt/airflow/dags/first_dag.py
[2025-01-07T13:06:08.165+0000] {processor.py:914} INFO - Processing file /opt/airflow/dags/first_dag.py for tasks to queue
[2025-01-07T13:06:08.168+0000] {logging_mixin.py:190} INFO - [2025-01-07T13:06:08.168+0000] {dagbag.py:588} INFO - Filling up the DagBag from /opt/airflow/dags/first_dag.py
[2025-01-07T13:06:08.186+0000] {processor.py:925} INFO - DAG(s) 'our_first_dag' retrieved from /opt/airflow/dags/first_dag.py
[2025-01-07T13:06:08.332+0000] {logging_mixin.py:190} INFO - [2025-01-07T13:06:08.332+0000] {dag.py:3239} INFO - Sync 1 DAGs
[2025-01-07T13:06:08.352+0000] {logging_mixin.py:190} INFO - [2025-01-07T13:06:08.351+0000] {dag.py:4180} INFO - Setting next_dagrun for our_first_dag to 2025-01-08 00:00:00+00:00, run_after=2025-01-09 00:00:00+00:00
[2025-01-07T13:06:08.370+0000] {processor.py:208} INFO - Processing /opt/airflow/dags/first_dag.py took 0.212 seconds
[2025-01-07T13:06:38.540+0000] {processor.py:186} INFO - Started process (PID=319) to work on /opt/airflow/dags/first_dag.py
[2025-01-07T13:06:38.541+0000] {processor.py:914} INFO - Processing file /opt/airflow/dags/first_dag.py for tasks to queue
[2025-01-07T13:06:38.544+0000] {logging_mixin.py:190} INFO - [2025-01-07T13:06:38.543+0000] {dagbag.py:588} INFO - Filling up the DagBag from /opt/airflow/dags/first_dag.py
[2025-01-07T13:06:38.561+0000] {processor.py:925} INFO - DAG(s) 'our_first_dag' retrieved from /opt/airflow/dags/first_dag.py
[2025-01-07T13:06:38.583+0000] {logging_mixin.py:190} INFO - [2025-01-07T13:06:38.583+0000] {dag.py:3239} INFO - Sync 1 DAGs
[2025-01-07T13:06:38.623+0000] {logging_mixin.py:190} INFO - [2025-01-07T13:06:38.622+0000] {dag.py:4180} INFO - Setting next_dagrun for our_first_dag to 2025-01-08 00:00:00+00:00, run_after=2025-01-09 00:00:00+00:00
[2025-01-07T13:06:38.646+0000] {processor.py:208} INFO - Processing /opt/airflow/dags/first_dag.py took 0.112 seconds
[2025-01-07T13:07:08.772+0000] {processor.py:186} INFO - Started process (PID=326) to work on /opt/airflow/dags/first_dag.py
[2025-01-07T13:07:08.773+0000] {processor.py:914} INFO - Processing file /opt/airflow/dags/first_dag.py for tasks to queue
[2025-01-07T13:07:08.776+0000] {logging_mixin.py:190} INFO - [2025-01-07T13:07:08.776+0000] {dagbag.py:588} INFO - Filling up the DagBag from /opt/airflow/dags/first_dag.py
[2025-01-07T13:07:08.796+0000] {processor.py:925} INFO - DAG(s) 'our_first_dag' retrieved from /opt/airflow/dags/first_dag.py
[2025-01-07T13:07:08.820+0000] {logging_mixin.py:190} INFO - [2025-01-07T13:07:08.819+0000] {dag.py:3239} INFO - Sync 1 DAGs
[2025-01-07T13:07:08.843+0000] {logging_mixin.py:190} INFO - [2025-01-07T13:07:08.843+0000] {dag.py:4180} INFO - Setting next_dagrun for our_first_dag to 2025-01-08 00:00:00+00:00, run_after=2025-01-09 00:00:00+00:00
[2025-01-07T13:07:08.862+0000] {processor.py:208} INFO - Processing /opt/airflow/dags/first_dag.py took 0.097 seconds
[2025-01-07T13:07:39.041+0000] {processor.py:186} INFO - Started process (PID=333) to work on /opt/airflow/dags/first_dag.py
[2025-01-07T13:07:39.042+0000] {processor.py:914} INFO - Processing file /opt/airflow/dags/first_dag.py for tasks to queue
[2025-01-07T13:07:39.045+0000] {logging_mixin.py:190} INFO - [2025-01-07T13:07:39.044+0000] {dagbag.py:588} INFO - Filling up the DagBag from /opt/airflow/dags/first_dag.py
[2025-01-07T13:07:39.063+0000] {processor.py:925} INFO - DAG(s) 'our_first_dag' retrieved from /opt/airflow/dags/first_dag.py
[2025-01-07T13:07:39.086+0000] {logging_mixin.py:190} INFO - [2025-01-07T13:07:39.086+0000] {dag.py:3239} INFO - Sync 1 DAGs
[2025-01-07T13:07:39.111+0000] {logging_mixin.py:190} INFO - [2025-01-07T13:07:39.111+0000] {dag.py:4180} INFO - Setting next_dagrun for our_first_dag to 2025-01-08 00:00:00+00:00, run_after=2025-01-09 00:00:00+00:00
[2025-01-07T13:07:39.304+0000] {processor.py:208} INFO - Processing /opt/airflow/dags/first_dag.py took 0.268 seconds
[2025-01-07T13:08:09.527+0000] {processor.py:186} INFO - Started process (PID=340) to work on /opt/airflow/dags/first_dag.py
[2025-01-07T13:08:09.528+0000] {processor.py:914} INFO - Processing file /opt/airflow/dags/first_dag.py for tasks to queue
[2025-01-07T13:08:09.531+0000] {logging_mixin.py:190} INFO - [2025-01-07T13:08:09.530+0000] {dagbag.py:588} INFO - Filling up the DagBag from /opt/airflow/dags/first_dag.py
[2025-01-07T13:08:09.556+0000] {processor.py:925} INFO - DAG(s) 'our_first_dag' retrieved from /opt/airflow/dags/first_dag.py
[2025-01-07T13:08:09.581+0000] {logging_mixin.py:190} INFO - [2025-01-07T13:08:09.581+0000] {dag.py:3239} INFO - Sync 1 DAGs
[2025-01-07T13:08:09.748+0000] {logging_mixin.py:190} INFO - [2025-01-07T13:08:09.747+0000] {dag.py:4180} INFO - Setting next_dagrun for our_first_dag to 2025-01-08 00:00:00+00:00, run_after=2025-01-09 00:00:00+00:00
[2025-01-07T13:08:09.771+0000] {processor.py:208} INFO - Processing /opt/airflow/dags/first_dag.py took 0.249 seconds
[2025-01-07T13:08:39.982+0000] {processor.py:186} INFO - Started process (PID=347) to work on /opt/airflow/dags/first_dag.py
[2025-01-07T13:08:39.984+0000] {processor.py:914} INFO - Processing file /opt/airflow/dags/first_dag.py for tasks to queue
[2025-01-07T13:08:39.987+0000] {logging_mixin.py:190} INFO - [2025-01-07T13:08:39.987+0000] {dagbag.py:588} INFO - Filling up the DagBag from /opt/airflow/dags/first_dag.py
[2025-01-07T13:08:40.005+0000] {processor.py:925} INFO - DAG(s) 'our_first_dag' retrieved from /opt/airflow/dags/first_dag.py
[2025-01-07T13:08:40.031+0000] {logging_mixin.py:190} INFO - [2025-01-07T13:08:40.030+0000] {dag.py:3239} INFO - Sync 1 DAGs
[2025-01-07T13:08:40.204+0000] {logging_mixin.py:190} INFO - [2025-01-07T13:08:40.203+0000] {dag.py:4180} INFO - Setting next_dagrun for our_first_dag to 2025-01-08 00:00:00+00:00, run_after=2025-01-09 00:00:00+00:00
[2025-01-07T13:08:40.233+0000] {processor.py:208} INFO - Processing /opt/airflow/dags/first_dag.py took 0.258 seconds
[2025-01-07T13:09:10.456+0000] {processor.py:186} INFO - Started process (PID=354) to work on /opt/airflow/dags/first_dag.py
[2025-01-07T13:09:10.457+0000] {processor.py:914} INFO - Processing file /opt/airflow/dags/first_dag.py for tasks to queue
[2025-01-07T13:09:10.460+0000] {logging_mixin.py:190} INFO - [2025-01-07T13:09:10.459+0000] {dagbag.py:588} INFO - Filling up the DagBag from /opt/airflow/dags/first_dag.py
[2025-01-07T13:09:10.477+0000] {processor.py:925} INFO - DAG(s) 'our_first_dag' retrieved from /opt/airflow/dags/first_dag.py
[2025-01-07T13:09:10.500+0000] {logging_mixin.py:190} INFO - [2025-01-07T13:09:10.500+0000] {dag.py:3239} INFO - Sync 1 DAGs
[2025-01-07T13:09:10.521+0000] {logging_mixin.py:190} INFO - [2025-01-07T13:09:10.521+0000] {dag.py:4180} INFO - Setting next_dagrun for our_first_dag to 2025-01-08 00:00:00+00:00, run_after=2025-01-09 00:00:00+00:00
[2025-01-07T13:09:10.540+0000] {processor.py:208} INFO - Processing /opt/airflow/dags/first_dag.py took 0.090 seconds
[2025-01-07T13:09:40.671+0000] {processor.py:186} INFO - Started process (PID=361) to work on /opt/airflow/dags/first_dag.py
[2025-01-07T13:09:40.672+0000] {processor.py:914} INFO - Processing file /opt/airflow/dags/first_dag.py for tasks to queue
[2025-01-07T13:09:40.675+0000] {logging_mixin.py:190} INFO - [2025-01-07T13:09:40.674+0000] {dagbag.py:588} INFO - Filling up the DagBag from /opt/airflow/dags/first_dag.py
[2025-01-07T13:09:40.692+0000] {processor.py:925} INFO - DAG(s) 'our_first_dag' retrieved from /opt/airflow/dags/first_dag.py
[2025-01-07T13:09:40.718+0000] {logging_mixin.py:190} INFO - [2025-01-07T13:09:40.717+0000] {dag.py:3239} INFO - Sync 1 DAGs
[2025-01-07T13:09:40.741+0000] {logging_mixin.py:190} INFO - [2025-01-07T13:09:40.741+0000] {dag.py:4180} INFO - Setting next_dagrun for our_first_dag to 2025-01-08 00:00:00+00:00, run_after=2025-01-09 00:00:00+00:00
[2025-01-07T13:09:40.759+0000] {processor.py:208} INFO - Processing /opt/airflow/dags/first_dag.py took 0.093 seconds
[2025-01-07T13:10:10.987+0000] {processor.py:186} INFO - Started process (PID=368) to work on /opt/airflow/dags/first_dag.py
[2025-01-07T13:10:10.988+0000] {processor.py:914} INFO - Processing file /opt/airflow/dags/first_dag.py for tasks to queue
[2025-01-07T13:10:10.991+0000] {logging_mixin.py:190} INFO - [2025-01-07T13:10:10.990+0000] {dagbag.py:588} INFO - Filling up the DagBag from /opt/airflow/dags/first_dag.py
[2025-01-07T13:10:11.008+0000] {processor.py:925} INFO - DAG(s) 'our_first_dag' retrieved from /opt/airflow/dags/first_dag.py
[2025-01-07T13:10:11.030+0000] {logging_mixin.py:190} INFO - [2025-01-07T13:10:11.029+0000] {dag.py:3239} INFO - Sync 1 DAGs
[2025-01-07T13:10:11.053+0000] {logging_mixin.py:190} INFO - [2025-01-07T13:10:11.053+0000] {dag.py:4180} INFO - Setting next_dagrun for our_first_dag to 2025-01-08 00:00:00+00:00, run_after=2025-01-09 00:00:00+00:00
[2025-01-07T13:10:11.072+0000] {processor.py:208} INFO - Processing /opt/airflow/dags/first_dag.py took 0.091 seconds
[2025-01-07T13:10:41.213+0000] {processor.py:186} INFO - Started process (PID=375) to work on /opt/airflow/dags/first_dag.py
[2025-01-07T13:10:41.214+0000] {processor.py:914} INFO - Processing file /opt/airflow/dags/first_dag.py for tasks to queue
[2025-01-07T13:10:41.218+0000] {logging_mixin.py:190} INFO - [2025-01-07T13:10:41.217+0000] {dagbag.py:588} INFO - Filling up the DagBag from /opt/airflow/dags/first_dag.py
[2025-01-07T13:10:41.238+0000] {processor.py:925} INFO - DAG(s) 'our_first_dag' retrieved from /opt/airflow/dags/first_dag.py
[2025-01-07T13:10:41.264+0000] {logging_mixin.py:190} INFO - [2025-01-07T13:10:41.264+0000] {dag.py:3239} INFO - Sync 1 DAGs
[2025-01-07T13:10:41.290+0000] {logging_mixin.py:190} INFO - [2025-01-07T13:10:41.290+0000] {dag.py:4180} INFO - Setting next_dagrun for our_first_dag to 2025-01-08 00:00:00+00:00, run_after=2025-01-09 00:00:00+00:00
[2025-01-07T13:10:41.445+0000] {processor.py:208} INFO - Processing /opt/airflow/dags/first_dag.py took 0.239 seconds
[2025-01-07T13:11:11.513+0000] {processor.py:186} INFO - Started process (PID=383) to work on /opt/airflow/dags/first_dag.py
[2025-01-07T13:11:11.514+0000] {processor.py:914} INFO - Processing file /opt/airflow/dags/first_dag.py for tasks to queue
[2025-01-07T13:11:11.516+0000] {logging_mixin.py:190} INFO - [2025-01-07T13:11:11.516+0000] {dagbag.py:588} INFO - Filling up the DagBag from /opt/airflow/dags/first_dag.py
[2025-01-07T13:11:11.534+0000] {processor.py:925} INFO - DAG(s) 'our_first_dag' retrieved from /opt/airflow/dags/first_dag.py
[2025-01-07T13:11:11.556+0000] {logging_mixin.py:190} INFO - [2025-01-07T13:11:11.556+0000] {dag.py:3239} INFO - Sync 1 DAGs
[2025-01-07T13:11:11.704+0000] {logging_mixin.py:190} INFO - [2025-01-07T13:11:11.704+0000] {dag.py:4180} INFO - Setting next_dagrun for our_first_dag to 2025-01-08 00:00:00+00:00, run_after=2025-01-09 00:00:00+00:00
[2025-01-07T13:11:11.721+0000] {processor.py:208} INFO - Processing /opt/airflow/dags/first_dag.py took 0.215 seconds
[2025-01-07T13:11:41.862+0000] {processor.py:186} INFO - Started process (PID=390) to work on /opt/airflow/dags/first_dag.py
[2025-01-07T13:11:41.863+0000] {processor.py:914} INFO - Processing file /opt/airflow/dags/first_dag.py for tasks to queue
[2025-01-07T13:11:41.866+0000] {logging_mixin.py:190} INFO - [2025-01-07T13:11:41.865+0000] {dagbag.py:588} INFO - Filling up the DagBag from /opt/airflow/dags/first_dag.py
[2025-01-07T13:11:41.886+0000] {processor.py:925} INFO - DAG(s) 'our_first_dag' retrieved from /opt/airflow/dags/first_dag.py
[2025-01-07T13:11:42.044+0000] {logging_mixin.py:190} INFO - [2025-01-07T13:11:42.043+0000] {dag.py:3239} INFO - Sync 1 DAGs
[2025-01-07T13:11:42.067+0000] {logging_mixin.py:190} INFO - [2025-01-07T13:11:42.067+0000] {dag.py:4180} INFO - Setting next_dagrun for our_first_dag to 2025-01-08 00:00:00+00:00, run_after=2025-01-09 00:00:00+00:00
[2025-01-07T13:11:42.091+0000] {processor.py:208} INFO - Processing /opt/airflow/dags/first_dag.py took 0.236 seconds
[2025-01-07T13:12:12.295+0000] {processor.py:186} INFO - Started process (PID=397) to work on /opt/airflow/dags/first_dag.py
[2025-01-07T13:12:12.296+0000] {processor.py:914} INFO - Processing file /opt/airflow/dags/first_dag.py for tasks to queue
[2025-01-07T13:12:12.299+0000] {logging_mixin.py:190} INFO - [2025-01-07T13:12:12.298+0000] {dagbag.py:588} INFO - Filling up the DagBag from /opt/airflow/dags/first_dag.py
[2025-01-07T13:12:12.318+0000] {processor.py:925} INFO - DAG(s) 'our_first_dag' retrieved from /opt/airflow/dags/first_dag.py
[2025-01-07T13:12:12.349+0000] {logging_mixin.py:190} INFO - [2025-01-07T13:12:12.349+0000] {dag.py:3239} INFO - Sync 1 DAGs
[2025-01-07T13:12:12.376+0000] {logging_mixin.py:190} INFO - [2025-01-07T13:12:12.376+0000] {dag.py:4180} INFO - Setting next_dagrun for our_first_dag to 2025-01-08 00:00:00+00:00, run_after=2025-01-09 00:00:00+00:00
[2025-01-07T13:12:12.397+0000] {processor.py:208} INFO - Processing /opt/airflow/dags/first_dag.py took 0.107 seconds
[2025-01-07T13:12:42.506+0000] {processor.py:186} INFO - Started process (PID=404) to work on /opt/airflow/dags/first_dag.py
[2025-01-07T13:12:42.508+0000] {processor.py:914} INFO - Processing file /opt/airflow/dags/first_dag.py for tasks to queue
[2025-01-07T13:12:42.510+0000] {logging_mixin.py:190} INFO - [2025-01-07T13:12:42.510+0000] {dagbag.py:588} INFO - Filling up the DagBag from /opt/airflow/dags/first_dag.py
[2025-01-07T13:12:42.530+0000] {processor.py:925} INFO - DAG(s) 'our_first_dag' retrieved from /opt/airflow/dags/first_dag.py
[2025-01-07T13:12:42.558+0000] {logging_mixin.py:190} INFO - [2025-01-07T13:12:42.558+0000] {dag.py:3239} INFO - Sync 1 DAGs
[2025-01-07T13:12:42.584+0000] {logging_mixin.py:190} INFO - [2025-01-07T13:12:42.584+0000] {dag.py:4180} INFO - Setting next_dagrun for our_first_dag to 2025-01-08 00:00:00+00:00, run_after=2025-01-09 00:00:00+00:00
[2025-01-07T13:12:42.607+0000] {processor.py:208} INFO - Processing /opt/airflow/dags/first_dag.py took 0.107 seconds
[2025-01-07T13:13:00.738+0000] {processor.py:186} INFO - Started process (PID=411) to work on /opt/airflow/dags/first_dag.py
[2025-01-07T13:13:00.739+0000] {processor.py:914} INFO - Processing file /opt/airflow/dags/first_dag.py for tasks to queue
[2025-01-07T13:13:00.742+0000] {logging_mixin.py:190} INFO - [2025-01-07T13:13:00.741+0000] {dagbag.py:588} INFO - Filling up the DagBag from /opt/airflow/dags/first_dag.py
[2025-01-07T13:13:00.772+0000] {processor.py:925} INFO - DAG(s) 'our_first_dag_v2' retrieved from /opt/airflow/dags/first_dag.py
[2025-01-07T13:13:01.106+0000] {logging_mixin.py:190} INFO - [2025-01-07T13:13:01.105+0000] {override.py:1911} INFO - Created Permission View: can read on DAG:our_first_dag_v2
[2025-01-07T13:13:01.117+0000] {logging_mixin.py:190} INFO - [2025-01-07T13:13:01.117+0000] {override.py:1911} INFO - Created Permission View: can delete on DAG:our_first_dag_v2
[2025-01-07T13:13:01.124+0000] {logging_mixin.py:190} INFO - [2025-01-07T13:13:01.124+0000] {override.py:1911} INFO - Created Permission View: can edit on DAG:our_first_dag_v2
[2025-01-07T13:13:01.135+0000] {logging_mixin.py:190} INFO - [2025-01-07T13:13:01.135+0000] {override.py:1911} INFO - Created Permission View: menu access on DAG Run:our_first_dag_v2
[2025-01-07T13:13:01.143+0000] {logging_mixin.py:190} INFO - [2025-01-07T13:13:01.143+0000] {override.py:1911} INFO - Created Permission View: can create on DAG Run:our_first_dag_v2
[2025-01-07T13:13:01.153+0000] {logging_mixin.py:190} INFO - [2025-01-07T13:13:01.152+0000] {override.py:1911} INFO - Created Permission View: can read on DAG Run:our_first_dag_v2
[2025-01-07T13:13:01.160+0000] {logging_mixin.py:190} INFO - [2025-01-07T13:13:01.160+0000] {override.py:1911} INFO - Created Permission View: can delete on DAG Run:our_first_dag_v2
[2025-01-07T13:13:01.161+0000] {logging_mixin.py:190} INFO - [2025-01-07T13:13:01.161+0000] {dag.py:3239} INFO - Sync 1 DAGs
[2025-01-07T13:13:01.173+0000] {logging_mixin.py:190} INFO - [2025-01-07T13:13:01.173+0000] {dag.py:3262} INFO - Creating ORM DAG for our_first_dag_v2
[2025-01-07T13:13:01.183+0000] {logging_mixin.py:190} INFO - [2025-01-07T13:13:01.182+0000] {dag.py:4180} INFO - Setting next_dagrun for our_first_dag_v2 to 2025-01-08 00:00:00+00:00, run_after=2025-01-09 00:00:00+00:00
[2025-01-07T13:13:01.218+0000] {processor.py:208} INFO - Processing /opt/airflow/dags/first_dag.py took 0.486 seconds
[2025-01-07T13:13:31.459+0000] {processor.py:186} INFO - Started process (PID=418) to work on /opt/airflow/dags/first_dag.py
[2025-01-07T13:13:31.461+0000] {processor.py:914} INFO - Processing file /opt/airflow/dags/first_dag.py for tasks to queue
[2025-01-07T13:13:31.464+0000] {logging_mixin.py:190} INFO - [2025-01-07T13:13:31.464+0000] {dagbag.py:588} INFO - Filling up the DagBag from /opt/airflow/dags/first_dag.py
[2025-01-07T13:13:31.483+0000] {processor.py:925} INFO - DAG(s) 'our_first_dag_v2' retrieved from /opt/airflow/dags/first_dag.py
[2025-01-07T13:13:31.508+0000] {logging_mixin.py:190} INFO - [2025-01-07T13:13:31.508+0000] {dag.py:3239} INFO - Sync 1 DAGs
[2025-01-07T13:13:31.534+0000] {logging_mixin.py:190} INFO - [2025-01-07T13:13:31.533+0000] {dag.py:4180} INFO - Setting next_dagrun for our_first_dag_v2 to 2025-01-08 00:00:00+00:00, run_after=2025-01-09 00:00:00+00:00
[2025-01-07T13:13:31.683+0000] {processor.py:208} INFO - Processing /opt/airflow/dags/first_dag.py took 0.231 seconds
[2025-01-07T13:14:01.906+0000] {processor.py:186} INFO - Started process (PID=425) to work on /opt/airflow/dags/first_dag.py
[2025-01-07T13:14:01.907+0000] {processor.py:914} INFO - Processing file /opt/airflow/dags/first_dag.py for tasks to queue
[2025-01-07T13:14:01.912+0000] {logging_mixin.py:190} INFO - [2025-01-07T13:14:01.912+0000] {dagbag.py:588} INFO - Filling up the DagBag from /opt/airflow/dags/first_dag.py
[2025-01-07T13:14:01.936+0000] {processor.py:925} INFO - DAG(s) 'our_first_dag_v2' retrieved from /opt/airflow/dags/first_dag.py
[2025-01-07T13:14:01.964+0000] {logging_mixin.py:190} INFO - [2025-01-07T13:14:01.964+0000] {dag.py:3239} INFO - Sync 1 DAGs
[2025-01-07T13:14:02.117+0000] {logging_mixin.py:190} INFO - [2025-01-07T13:14:02.117+0000] {dag.py:4180} INFO - Setting next_dagrun for our_first_dag_v2 to 2025-01-08 00:00:00+00:00, run_after=2025-01-09 00:00:00+00:00
[2025-01-07T13:14:02.134+0000] {processor.py:208} INFO - Processing /opt/airflow/dags/first_dag.py took 0.235 seconds
[2025-01-07T13:14:32.344+0000] {processor.py:186} INFO - Started process (PID=432) to work on /opt/airflow/dags/first_dag.py
[2025-01-07T13:14:32.345+0000] {processor.py:914} INFO - Processing file /opt/airflow/dags/first_dag.py for tasks to queue
[2025-01-07T13:14:32.346+0000] {logging_mixin.py:190} INFO - [2025-01-07T13:14:32.346+0000] {dagbag.py:588} INFO - Filling up the DagBag from /opt/airflow/dags/first_dag.py
[2025-01-07T13:14:32.365+0000] {processor.py:925} INFO - DAG(s) 'our_first_dag_v2' retrieved from /opt/airflow/dags/first_dag.py
[2025-01-07T13:14:32.535+0000] {logging_mixin.py:190} INFO - [2025-01-07T13:14:32.535+0000] {dag.py:3239} INFO - Sync 1 DAGs
[2025-01-07T13:14:32.554+0000] {logging_mixin.py:190} INFO - [2025-01-07T13:14:32.554+0000] {dag.py:4180} INFO - Setting next_dagrun for our_first_dag_v2 to 2025-01-08 00:00:00+00:00, run_after=2025-01-09 00:00:00+00:00
[2025-01-07T13:14:32.574+0000] {processor.py:208} INFO - Processing /opt/airflow/dags/first_dag.py took 0.236 seconds
[2025-01-07T13:15:02.776+0000] {processor.py:186} INFO - Started process (PID=439) to work on /opt/airflow/dags/first_dag.py
[2025-01-07T13:15:02.777+0000] {processor.py:914} INFO - Processing file /opt/airflow/dags/first_dag.py for tasks to queue
[2025-01-07T13:15:02.778+0000] {logging_mixin.py:190} INFO - [2025-01-07T13:15:02.778+0000] {dagbag.py:588} INFO - Filling up the DagBag from /opt/airflow/dags/first_dag.py
[2025-01-07T13:15:02.936+0000] {processor.py:925} INFO - DAG(s) 'our_first_dag_v2' retrieved from /opt/airflow/dags/first_dag.py
[2025-01-07T13:15:02.958+0000] {logging_mixin.py:190} INFO - [2025-01-07T13:15:02.958+0000] {dag.py:3239} INFO - Sync 1 DAGs
[2025-01-07T13:15:02.979+0000] {logging_mixin.py:190} INFO - [2025-01-07T13:15:02.979+0000] {dag.py:4180} INFO - Setting next_dagrun for our_first_dag_v2 to 2025-01-08 00:00:00+00:00, run_after=2025-01-09 00:00:00+00:00
[2025-01-07T13:15:02.998+0000] {processor.py:208} INFO - Processing /opt/airflow/dags/first_dag.py took 0.229 seconds
[2025-01-07T13:15:33.153+0000] {processor.py:186} INFO - Started process (PID=446) to work on /opt/airflow/dags/first_dag.py
[2025-01-07T13:15:33.154+0000] {processor.py:914} INFO - Processing file /opt/airflow/dags/first_dag.py for tasks to queue
[2025-01-07T13:15:33.156+0000] {logging_mixin.py:190} INFO - [2025-01-07T13:15:33.155+0000] {dagbag.py:588} INFO - Filling up the DagBag from /opt/airflow/dags/first_dag.py
[2025-01-07T13:15:33.176+0000] {processor.py:925} INFO - DAG(s) 'our_first_dag_v2' retrieved from /opt/airflow/dags/first_dag.py
[2025-01-07T13:15:33.200+0000] {logging_mixin.py:190} INFO - [2025-01-07T13:15:33.200+0000] {dag.py:3239} INFO - Sync 1 DAGs
[2025-01-07T13:15:33.225+0000] {logging_mixin.py:190} INFO - [2025-01-07T13:15:33.224+0000] {dag.py:4180} INFO - Setting next_dagrun for our_first_dag_v2 to 2025-01-08 00:00:00+00:00, run_after=2025-01-09 00:00:00+00:00
[2025-01-07T13:15:33.244+0000] {processor.py:208} INFO - Processing /opt/airflow/dags/first_dag.py took 0.097 seconds
[2025-01-07T13:16:03.462+0000] {processor.py:186} INFO - Started process (PID=453) to work on /opt/airflow/dags/first_dag.py
[2025-01-07T13:16:03.464+0000] {processor.py:914} INFO - Processing file /opt/airflow/dags/first_dag.py for tasks to queue
[2025-01-07T13:16:03.467+0000] {logging_mixin.py:190} INFO - [2025-01-07T13:16:03.466+0000] {dagbag.py:588} INFO - Filling up the DagBag from /opt/airflow/dags/first_dag.py
[2025-01-07T13:16:03.488+0000] {processor.py:925} INFO - DAG(s) 'our_first_dag_v2' retrieved from /opt/airflow/dags/first_dag.py
[2025-01-07T13:16:03.513+0000] {logging_mixin.py:190} INFO - [2025-01-07T13:16:03.513+0000] {dag.py:3239} INFO - Sync 1 DAGs
[2025-01-07T13:16:03.538+0000] {logging_mixin.py:190} INFO - [2025-01-07T13:16:03.538+0000] {dag.py:4180} INFO - Setting next_dagrun for our_first_dag_v2 to 2025-01-08 00:00:00+00:00, run_after=2025-01-09 00:00:00+00:00
[2025-01-07T13:16:03.558+0000] {processor.py:208} INFO - Processing /opt/airflow/dags/first_dag.py took 0.103 seconds
[2025-01-07T13:16:15.583+0000] {processor.py:186} INFO - Started process (PID=460) to work on /opt/airflow/dags/first_dag.py
[2025-01-07T13:16:15.584+0000] {processor.py:914} INFO - Processing file /opt/airflow/dags/first_dag.py for tasks to queue
[2025-01-07T13:16:15.586+0000] {logging_mixin.py:190} INFO - [2025-01-07T13:16:15.586+0000] {dagbag.py:588} INFO - Filling up the DagBag from /opt/airflow/dags/first_dag.py
[2025-01-07T13:16:15.617+0000] {processor.py:925} INFO - DAG(s) 'our_first_dag_v2' retrieved from /opt/airflow/dags/first_dag.py
[2025-01-07T13:16:15.735+0000] {logging_mixin.py:190} INFO - [2025-01-07T13:16:15.734+0000] {dag.py:3239} INFO - Sync 1 DAGs
[2025-01-07T13:16:15.758+0000] {logging_mixin.py:190} INFO - [2025-01-07T13:16:15.758+0000] {dag.py:4180} INFO - Setting next_dagrun for our_first_dag_v2 to 2025-01-08 00:00:00+00:00, run_after=2025-01-09 00:00:00+00:00
[2025-01-07T13:16:15.784+0000] {processor.py:208} INFO - Processing /opt/airflow/dags/first_dag.py took 0.207 seconds
[2025-01-07T13:16:24.759+0000] {processor.py:186} INFO - Started process (PID=461) to work on /opt/airflow/dags/first_dag.py
[2025-01-07T13:16:24.760+0000] {processor.py:914} INFO - Processing file /opt/airflow/dags/first_dag.py for tasks to queue
[2025-01-07T13:16:24.762+0000] {logging_mixin.py:190} INFO - [2025-01-07T13:16:24.761+0000] {dagbag.py:588} INFO - Filling up the DagBag from /opt/airflow/dags/first_dag.py
[2025-01-07T13:16:24.803+0000] {processor.py:925} INFO - DAG(s) 'our_first_dag_v3' retrieved from /opt/airflow/dags/first_dag.py
[2025-01-07T13:16:24.962+0000] {logging_mixin.py:190} INFO - [2025-01-07T13:16:24.961+0000] {override.py:1911} INFO - Created Permission View: can read on DAG:our_first_dag_v3
[2025-01-07T13:16:24.975+0000] {logging_mixin.py:190} INFO - [2025-01-07T13:16:24.974+0000] {override.py:1911} INFO - Created Permission View: can delete on DAG:our_first_dag_v3
[2025-01-07T13:16:24.982+0000] {logging_mixin.py:190} INFO - [2025-01-07T13:16:24.982+0000] {override.py:1911} INFO - Created Permission View: can edit on DAG:our_first_dag_v3
[2025-01-07T13:16:24.991+0000] {logging_mixin.py:190} INFO - [2025-01-07T13:16:24.991+0000] {override.py:1911} INFO - Created Permission View: menu access on DAG Run:our_first_dag_v3
[2025-01-07T13:16:24.998+0000] {logging_mixin.py:190} INFO - [2025-01-07T13:16:24.997+0000] {override.py:1911} INFO - Created Permission View: can create on DAG Run:our_first_dag_v3
[2025-01-07T13:16:25.016+0000] {logging_mixin.py:190} INFO - [2025-01-07T13:16:25.015+0000] {override.py:1911} INFO - Created Permission View: can read on DAG Run:our_first_dag_v3
[2025-01-07T13:16:25.033+0000] {logging_mixin.py:190} INFO - [2025-01-07T13:16:25.033+0000] {override.py:1911} INFO - Created Permission View: can delete on DAG Run:our_first_dag_v3
[2025-01-07T13:16:25.034+0000] {logging_mixin.py:190} INFO - [2025-01-07T13:16:25.034+0000] {dag.py:3239} INFO - Sync 1 DAGs
[2025-01-07T13:16:25.050+0000] {logging_mixin.py:190} INFO - [2025-01-07T13:16:25.050+0000] {dag.py:3262} INFO - Creating ORM DAG for our_first_dag_v3
[2025-01-07T13:16:25.063+0000] {logging_mixin.py:190} INFO - [2025-01-07T13:16:25.062+0000] {dag.py:4180} INFO - Setting next_dagrun for our_first_dag_v3 to 2025-01-08 00:00:00+00:00, run_after=2025-01-09 00:00:00+00:00
[2025-01-07T13:16:25.085+0000] {processor.py:208} INFO - Processing /opt/airflow/dags/first_dag.py took 0.334 seconds
[2025-01-07T13:16:44.244+0000] {processor.py:186} INFO - Started process (PID=468) to work on /opt/airflow/dags/first_dag.py
[2025-01-07T13:16:44.245+0000] {processor.py:914} INFO - Processing file /opt/airflow/dags/first_dag.py for tasks to queue
[2025-01-07T13:16:44.248+0000] {logging_mixin.py:190} INFO - [2025-01-07T13:16:44.247+0000] {dagbag.py:588} INFO - Filling up the DagBag from /opt/airflow/dags/first_dag.py
[2025-01-07T13:16:44.287+0000] {processor.py:925} INFO - DAG(s) 'our_first_dag_v3' retrieved from /opt/airflow/dags/first_dag.py
[2025-01-07T13:16:44.306+0000] {logging_mixin.py:190} INFO - [2025-01-07T13:16:44.305+0000] {dag.py:3239} INFO - Sync 1 DAGs
[2025-01-07T13:16:44.349+0000] {logging_mixin.py:190} INFO - [2025-01-07T13:16:44.349+0000] {dag.py:4180} INFO - Setting next_dagrun for our_first_dag_v3 to 2025-01-08 00:00:00+00:00, run_after=2025-01-09 00:00:00+00:00
[2025-01-07T13:16:44.380+0000] {processor.py:208} INFO - Processing /opt/airflow/dags/first_dag.py took 0.149 seconds
[2025-01-07T13:17:14.445+0000] {processor.py:186} INFO - Started process (PID=479) to work on /opt/airflow/dags/first_dag.py
[2025-01-07T13:17:14.446+0000] {processor.py:914} INFO - Processing file /opt/airflow/dags/first_dag.py for tasks to queue
[2025-01-07T13:17:14.448+0000] {logging_mixin.py:190} INFO - [2025-01-07T13:17:14.447+0000] {dagbag.py:588} INFO - Filling up the DagBag from /opt/airflow/dags/first_dag.py
[2025-01-07T13:17:14.464+0000] {processor.py:925} INFO - DAG(s) 'our_first_dag_v3' retrieved from /opt/airflow/dags/first_dag.py
[2025-01-07T13:17:14.575+0000] {logging_mixin.py:190} INFO - [2025-01-07T13:17:14.574+0000] {dag.py:3239} INFO - Sync 1 DAGs
[2025-01-07T13:17:14.597+0000] {logging_mixin.py:190} INFO - [2025-01-07T13:17:14.596+0000] {dag.py:4180} INFO - Setting next_dagrun for our_first_dag_v3 to 2025-01-08 00:00:00+00:00, run_after=2025-01-09 00:00:00+00:00
[2025-01-07T13:17:14.617+0000] {processor.py:208} INFO - Processing /opt/airflow/dags/first_dag.py took 0.178 seconds
[2025-01-07T13:17:44.807+0000] {processor.py:186} INFO - Started process (PID=486) to work on /opt/airflow/dags/first_dag.py
[2025-01-07T13:17:44.808+0000] {processor.py:914} INFO - Processing file /opt/airflow/dags/first_dag.py for tasks to queue
[2025-01-07T13:17:44.809+0000] {logging_mixin.py:190} INFO - [2025-01-07T13:17:44.809+0000] {dagbag.py:588} INFO - Filling up the DagBag from /opt/airflow/dags/first_dag.py
[2025-01-07T13:17:44.828+0000] {processor.py:925} INFO - DAG(s) 'our_first_dag_v3' retrieved from /opt/airflow/dags/first_dag.py
[2025-01-07T13:17:44.853+0000] {logging_mixin.py:190} INFO - [2025-01-07T13:17:44.853+0000] {dag.py:3239} INFO - Sync 1 DAGs
[2025-01-07T13:17:44.877+0000] {logging_mixin.py:190} INFO - [2025-01-07T13:17:44.877+0000] {dag.py:4180} INFO - Setting next_dagrun for our_first_dag_v3 to 2025-01-08 00:00:00+00:00, run_after=2025-01-09 00:00:00+00:00
[2025-01-07T13:17:44.896+0000] {processor.py:208} INFO - Processing /opt/airflow/dags/first_dag.py took 0.095 seconds
[2025-01-07T13:18:13.073+0000] {processor.py:186} INFO - Started process (PID=487) to work on /opt/airflow/dags/first_dag.py
[2025-01-07T13:18:13.075+0000] {processor.py:914} INFO - Processing file /opt/airflow/dags/first_dag.py for tasks to queue
[2025-01-07T13:18:13.078+0000] {logging_mixin.py:190} INFO - [2025-01-07T13:18:13.077+0000] {dagbag.py:588} INFO - Filling up the DagBag from /opt/airflow/dags/first_dag.py
[2025-01-07T13:18:13.122+0000] {processor.py:925} INFO - DAG(s) 'our_first_dag_v3' retrieved from /opt/airflow/dags/first_dag.py
[2025-01-07T13:18:13.161+0000] {logging_mixin.py:190} INFO - [2025-01-07T13:18:13.160+0000] {dag.py:3239} INFO - Sync 1 DAGs
[2025-01-07T13:18:13.204+0000] {logging_mixin.py:190} INFO - [2025-01-07T13:18:13.203+0000] {dag.py:4180} INFO - Setting next_dagrun for our_first_dag_v3 to 2025-01-08 00:00:00+00:00, run_after=2025-01-09 00:00:00+00:00
[2025-01-07T13:18:13.236+0000] {processor.py:208} INFO - Processing /opt/airflow/dags/first_dag.py took 0.175 seconds
[2025-01-07T13:18:22.185+0000] {processor.py:186} INFO - Started process (PID=494) to work on /opt/airflow/dags/first_dag.py
[2025-01-07T13:18:22.187+0000] {processor.py:914} INFO - Processing file /opt/airflow/dags/first_dag.py for tasks to queue
[2025-01-07T13:18:22.189+0000] {logging_mixin.py:190} INFO - [2025-01-07T13:18:22.188+0000] {dagbag.py:588} INFO - Filling up the DagBag from /opt/airflow/dags/first_dag.py
[2025-01-07T13:18:22.218+0000] {processor.py:925} INFO - DAG(s) 'our_first_dag_v4' retrieved from /opt/airflow/dags/first_dag.py
[2025-01-07T13:18:22.347+0000] {logging_mixin.py:190} INFO - [2025-01-07T13:18:22.345+0000] {override.py:1911} INFO - Created Permission View: can read on DAG:our_first_dag_v4
[2025-01-07T13:18:22.359+0000] {logging_mixin.py:190} INFO - [2025-01-07T13:18:22.358+0000] {override.py:1911} INFO - Created Permission View: can delete on DAG:our_first_dag_v4
[2025-01-07T13:18:22.369+0000] {logging_mixin.py:190} INFO - [2025-01-07T13:18:22.369+0000] {override.py:1911} INFO - Created Permission View: can edit on DAG:our_first_dag_v4
[2025-01-07T13:18:22.379+0000] {logging_mixin.py:190} INFO - [2025-01-07T13:18:22.378+0000] {override.py:1911} INFO - Created Permission View: menu access on DAG Run:our_first_dag_v4
[2025-01-07T13:18:22.387+0000] {logging_mixin.py:190} INFO - [2025-01-07T13:18:22.387+0000] {override.py:1911} INFO - Created Permission View: can create on DAG Run:our_first_dag_v4
[2025-01-07T13:18:22.396+0000] {logging_mixin.py:190} INFO - [2025-01-07T13:18:22.396+0000] {override.py:1911} INFO - Created Permission View: can read on DAG Run:our_first_dag_v4
[2025-01-07T13:18:22.406+0000] {logging_mixin.py:190} INFO - [2025-01-07T13:18:22.405+0000] {override.py:1911} INFO - Created Permission View: can delete on DAG Run:our_first_dag_v4
[2025-01-07T13:18:22.407+0000] {logging_mixin.py:190} INFO - [2025-01-07T13:18:22.406+0000] {dag.py:3239} INFO - Sync 1 DAGs
[2025-01-07T13:18:22.420+0000] {logging_mixin.py:190} INFO - [2025-01-07T13:18:22.419+0000] {dag.py:3262} INFO - Creating ORM DAG for our_first_dag_v4
[2025-01-07T13:18:22.433+0000] {logging_mixin.py:190} INFO - [2025-01-07T13:18:22.433+0000] {dag.py:4180} INFO - Setting next_dagrun for our_first_dag_v4 to 2025-01-08 00:00:00+00:00, run_after=2025-01-09 00:00:00+00:00
[2025-01-07T13:18:22.458+0000] {processor.py:208} INFO - Processing /opt/airflow/dags/first_dag.py took 0.279 seconds
[2025-01-07T13:18:52.524+0000] {processor.py:186} INFO - Started process (PID=505) to work on /opt/airflow/dags/first_dag.py
[2025-01-07T13:18:52.525+0000] {processor.py:914} INFO - Processing file /opt/airflow/dags/first_dag.py for tasks to queue
[2025-01-07T13:18:52.527+0000] {logging_mixin.py:190} INFO - [2025-01-07T13:18:52.526+0000] {dagbag.py:588} INFO - Filling up the DagBag from /opt/airflow/dags/first_dag.py
[2025-01-07T13:18:52.546+0000] {processor.py:925} INFO - DAG(s) 'our_first_dag_v4' retrieved from /opt/airflow/dags/first_dag.py
[2025-01-07T13:18:52.570+0000] {logging_mixin.py:190} INFO - [2025-01-07T13:18:52.570+0000] {dag.py:3239} INFO - Sync 1 DAGs
[2025-01-07T13:18:52.594+0000] {logging_mixin.py:190} INFO - [2025-01-07T13:18:52.593+0000] {dag.py:4180} INFO - Setting next_dagrun for our_first_dag_v4 to 2025-01-08 00:00:00+00:00, run_after=2025-01-09 00:00:00+00:00
[2025-01-07T13:18:52.613+0000] {processor.py:208} INFO - Processing /opt/airflow/dags/first_dag.py took 0.096 seconds
[2025-01-07T13:19:22.734+0000] {processor.py:186} INFO - Started process (PID=512) to work on /opt/airflow/dags/first_dag.py
[2025-01-07T13:19:22.735+0000] {processor.py:914} INFO - Processing file /opt/airflow/dags/first_dag.py for tasks to queue
[2025-01-07T13:19:22.737+0000] {logging_mixin.py:190} INFO - [2025-01-07T13:19:22.737+0000] {dagbag.py:588} INFO - Filling up the DagBag from /opt/airflow/dags/first_dag.py
[2025-01-07T13:19:22.755+0000] {processor.py:925} INFO - DAG(s) 'our_first_dag_v4' retrieved from /opt/airflow/dags/first_dag.py
[2025-01-07T13:19:22.779+0000] {logging_mixin.py:190} INFO - [2025-01-07T13:19:22.779+0000] {dag.py:3239} INFO - Sync 1 DAGs
[2025-01-07T13:19:22.807+0000] {logging_mixin.py:190} INFO - [2025-01-07T13:19:22.807+0000] {dag.py:4180} INFO - Setting next_dagrun for our_first_dag_v4 to 2025-01-08 00:00:00+00:00, run_after=2025-01-09 00:00:00+00:00
[2025-01-07T13:19:22.829+0000] {processor.py:208} INFO - Processing /opt/airflow/dags/first_dag.py took 0.102 seconds
[2025-01-07T13:19:53.051+0000] {processor.py:186} INFO - Started process (PID=519) to work on /opt/airflow/dags/first_dag.py
[2025-01-07T13:19:53.052+0000] {processor.py:914} INFO - Processing file /opt/airflow/dags/first_dag.py for tasks to queue
[2025-01-07T13:19:53.054+0000] {logging_mixin.py:190} INFO - [2025-01-07T13:19:53.054+0000] {dagbag.py:588} INFO - Filling up the DagBag from /opt/airflow/dags/first_dag.py
[2025-01-07T13:19:53.083+0000] {processor.py:925} INFO - DAG(s) 'our_first_dag_v4' retrieved from /opt/airflow/dags/first_dag.py
[2025-01-07T13:19:53.133+0000] {logging_mixin.py:190} INFO - [2025-01-07T13:19:53.133+0000] {dag.py:3239} INFO - Sync 1 DAGs
[2025-01-07T13:19:53.167+0000] {logging_mixin.py:190} INFO - [2025-01-07T13:19:53.166+0000] {dag.py:4180} INFO - Setting next_dagrun for our_first_dag_v4 to 2025-01-08 00:00:00+00:00, run_after=2025-01-09 00:00:00+00:00
[2025-01-07T13:19:53.196+0000] {processor.py:208} INFO - Processing /opt/airflow/dags/first_dag.py took 0.154 seconds
[2025-01-07T13:20:06.173+0000] {processor.py:186} INFO - Started process (PID=520) to work on /opt/airflow/dags/first_dag.py
[2025-01-07T13:20:06.174+0000] {processor.py:914} INFO - Processing file /opt/airflow/dags/first_dag.py for tasks to queue
[2025-01-07T13:20:06.177+0000] {logging_mixin.py:190} INFO - [2025-01-07T13:20:06.177+0000] {dagbag.py:588} INFO - Filling up the DagBag from /opt/airflow/dags/first_dag.py
[2025-01-07T13:20:06.209+0000] {processor.py:925} INFO - DAG(s) 'our_first_dag_v5' retrieved from /opt/airflow/dags/first_dag.py
[2025-01-07T13:20:06.331+0000] {logging_mixin.py:190} INFO - [2025-01-07T13:20:06.330+0000] {override.py:1911} INFO - Created Permission View: can read on DAG:our_first_dag_v5
[2025-01-07T13:20:06.347+0000] {logging_mixin.py:190} INFO - [2025-01-07T13:20:06.347+0000] {override.py:1911} INFO - Created Permission View: can delete on DAG:our_first_dag_v5
[2025-01-07T13:20:06.358+0000] {logging_mixin.py:190} INFO - [2025-01-07T13:20:06.357+0000] {override.py:1911} INFO - Created Permission View: can edit on DAG:our_first_dag_v5
[2025-01-07T13:20:06.367+0000] {logging_mixin.py:190} INFO - [2025-01-07T13:20:06.367+0000] {override.py:1911} INFO - Created Permission View: menu access on DAG Run:our_first_dag_v5
[2025-01-07T13:20:06.374+0000] {logging_mixin.py:190} INFO - [2025-01-07T13:20:06.374+0000] {override.py:1911} INFO - Created Permission View: can create on DAG Run:our_first_dag_v5
[2025-01-07T13:20:06.385+0000] {logging_mixin.py:190} INFO - [2025-01-07T13:20:06.383+0000] {override.py:1911} INFO - Created Permission View: can read on DAG Run:our_first_dag_v5
[2025-01-07T13:20:06.391+0000] {logging_mixin.py:190} INFO - [2025-01-07T13:20:06.391+0000] {override.py:1911} INFO - Created Permission View: can delete on DAG Run:our_first_dag_v5
[2025-01-07T13:20:06.392+0000] {logging_mixin.py:190} INFO - [2025-01-07T13:20:06.392+0000] {dag.py:3239} INFO - Sync 1 DAGs
[2025-01-07T13:20:06.407+0000] {logging_mixin.py:190} INFO - [2025-01-07T13:20:06.406+0000] {dag.py:3262} INFO - Creating ORM DAG for our_first_dag_v5
[2025-01-07T13:20:06.421+0000] {logging_mixin.py:190} INFO - [2025-01-07T13:20:06.420+0000] {dag.py:4180} INFO - Setting next_dagrun for our_first_dag_v5 to 2025-01-08 00:00:00+00:00, run_after=2025-01-09 00:00:00+00:00
[2025-01-07T13:20:06.442+0000] {processor.py:208} INFO - Processing /opt/airflow/dags/first_dag.py took 0.276 seconds
[2025-01-07T13:20:36.553+0000] {processor.py:186} INFO - Started process (PID=531) to work on /opt/airflow/dags/first_dag.py
[2025-01-07T13:20:36.554+0000] {processor.py:914} INFO - Processing file /opt/airflow/dags/first_dag.py for tasks to queue
[2025-01-07T13:20:36.555+0000] {logging_mixin.py:190} INFO - [2025-01-07T13:20:36.555+0000] {dagbag.py:588} INFO - Filling up the DagBag from /opt/airflow/dags/first_dag.py
[2025-01-07T13:20:36.575+0000] {processor.py:925} INFO - DAG(s) 'our_first_dag_v5' retrieved from /opt/airflow/dags/first_dag.py
[2025-01-07T13:20:36.598+0000] {logging_mixin.py:190} INFO - [2025-01-07T13:20:36.598+0000] {dag.py:3239} INFO - Sync 1 DAGs
[2025-01-07T13:20:36.621+0000] {logging_mixin.py:190} INFO - [2025-01-07T13:20:36.620+0000] {dag.py:4180} INFO - Setting next_dagrun for our_first_dag_v5 to 2025-01-08 00:00:00+00:00, run_after=2025-01-09 00:00:00+00:00
[2025-01-07T13:20:36.639+0000] {processor.py:208} INFO - Processing /opt/airflow/dags/first_dag.py took 0.093 seconds
[2025-01-07T13:21:06.883+0000] {processor.py:186} INFO - Started process (PID=538) to work on /opt/airflow/dags/first_dag.py
[2025-01-07T13:21:06.884+0000] {processor.py:914} INFO - Processing file /opt/airflow/dags/first_dag.py for tasks to queue
[2025-01-07T13:21:06.887+0000] {logging_mixin.py:190} INFO - [2025-01-07T13:21:06.887+0000] {dagbag.py:588} INFO - Filling up the DagBag from /opt/airflow/dags/first_dag.py
[2025-01-07T13:21:06.916+0000] {processor.py:925} INFO - DAG(s) 'our_first_dag_v5' retrieved from /opt/airflow/dags/first_dag.py
[2025-01-07T13:21:06.965+0000] {logging_mixin.py:190} INFO - [2025-01-07T13:21:06.965+0000] {dag.py:3239} INFO - Sync 1 DAGs
[2025-01-07T13:21:07.010+0000] {logging_mixin.py:190} INFO - [2025-01-07T13:21:07.010+0000] {dag.py:4180} INFO - Setting next_dagrun for our_first_dag_v5 to 2025-01-08 00:00:00+00:00, run_after=2025-01-09 00:00:00+00:00
[2025-01-07T13:21:07.033+0000] {processor.py:208} INFO - Processing /opt/airflow/dags/first_dag.py took 0.159 seconds
[2025-01-07T13:21:37.121+0000] {processor.py:186} INFO - Started process (PID=545) to work on /opt/airflow/dags/first_dag.py
[2025-01-07T13:21:37.122+0000] {processor.py:914} INFO - Processing file /opt/airflow/dags/first_dag.py for tasks to queue
[2025-01-07T13:21:37.125+0000] {logging_mixin.py:190} INFO - [2025-01-07T13:21:37.124+0000] {dagbag.py:588} INFO - Filling up the DagBag from /opt/airflow/dags/first_dag.py
[2025-01-07T13:21:37.153+0000] {processor.py:925} INFO - DAG(s) 'our_first_dag_v5' retrieved from /opt/airflow/dags/first_dag.py
[2025-01-07T13:21:37.189+0000] {logging_mixin.py:190} INFO - [2025-01-07T13:21:37.189+0000] {dag.py:3239} INFO - Sync 1 DAGs
[2025-01-07T13:21:37.227+0000] {logging_mixin.py:190} INFO - [2025-01-07T13:21:37.227+0000] {dag.py:4180} INFO - Setting next_dagrun for our_first_dag_v5 to 2025-01-08 00:00:00+00:00, run_after=2025-01-09 00:00:00+00:00
[2025-01-07T13:21:37.270+0000] {processor.py:208} INFO - Processing /opt/airflow/dags/first_dag.py took 0.167 seconds
[2025-01-07T13:22:07.473+0000] {processor.py:186} INFO - Started process (PID=552) to work on /opt/airflow/dags/first_dag.py
[2025-01-07T13:22:07.474+0000] {processor.py:914} INFO - Processing file /opt/airflow/dags/first_dag.py for tasks to queue
[2025-01-07T13:22:07.476+0000] {logging_mixin.py:190} INFO - [2025-01-07T13:22:07.475+0000] {dagbag.py:588} INFO - Filling up the DagBag from /opt/airflow/dags/first_dag.py
[2025-01-07T13:22:07.493+0000] {processor.py:925} INFO - DAG(s) 'our_first_dag_v5' retrieved from /opt/airflow/dags/first_dag.py
[2025-01-07T13:22:07.516+0000] {logging_mixin.py:190} INFO - [2025-01-07T13:22:07.516+0000] {dag.py:3239} INFO - Sync 1 DAGs
[2025-01-07T13:22:07.540+0000] {logging_mixin.py:190} INFO - [2025-01-07T13:22:07.540+0000] {dag.py:4180} INFO - Setting next_dagrun for our_first_dag_v5 to 2025-01-08 00:00:00+00:00, run_after=2025-01-09 00:00:00+00:00
[2025-01-07T13:22:07.570+0000] {processor.py:208} INFO - Processing /opt/airflow/dags/first_dag.py took 0.103 seconds
[2025-01-07T13:22:37.697+0000] {processor.py:186} INFO - Started process (PID=560) to work on /opt/airflow/dags/first_dag.py
[2025-01-07T13:22:37.698+0000] {processor.py:914} INFO - Processing file /opt/airflow/dags/first_dag.py for tasks to queue
[2025-01-07T13:22:37.700+0000] {logging_mixin.py:190} INFO - [2025-01-07T13:22:37.699+0000] {dagbag.py:588} INFO - Filling up the DagBag from /opt/airflow/dags/first_dag.py
[2025-01-07T13:22:37.725+0000] {processor.py:925} INFO - DAG(s) 'our_first_dag_v5' retrieved from /opt/airflow/dags/first_dag.py
[2025-01-07T13:22:37.756+0000] {logging_mixin.py:190} INFO - [2025-01-07T13:22:37.756+0000] {dag.py:3239} INFO - Sync 1 DAGs
[2025-01-07T13:22:37.796+0000] {logging_mixin.py:190} INFO - [2025-01-07T13:22:37.795+0000] {dag.py:4180} INFO - Setting next_dagrun for our_first_dag_v5 to 2025-01-08 00:00:00+00:00, run_after=2025-01-09 00:00:00+00:00
[2025-01-07T13:22:37.824+0000] {processor.py:208} INFO - Processing /opt/airflow/dags/first_dag.py took 0.136 seconds
[2025-01-07T13:23:08.040+0000] {processor.py:186} INFO - Started process (PID=567) to work on /opt/airflow/dags/first_dag.py
[2025-01-07T13:23:08.041+0000] {processor.py:914} INFO - Processing file /opt/airflow/dags/first_dag.py for tasks to queue
[2025-01-07T13:23:08.043+0000] {logging_mixin.py:190} INFO - [2025-01-07T13:23:08.043+0000] {dagbag.py:588} INFO - Filling up the DagBag from /opt/airflow/dags/first_dag.py
[2025-01-07T13:23:08.068+0000] {processor.py:925} INFO - DAG(s) 'our_first_dag_v5' retrieved from /opt/airflow/dags/first_dag.py
[2025-01-07T13:23:08.111+0000] {logging_mixin.py:190} INFO - [2025-01-07T13:23:08.111+0000] {dag.py:3239} INFO - Sync 1 DAGs
[2025-01-07T13:23:08.145+0000] {logging_mixin.py:190} INFO - [2025-01-07T13:23:08.144+0000] {dag.py:4180} INFO - Setting next_dagrun for our_first_dag_v5 to 2025-01-08 00:00:00+00:00, run_after=2025-01-09 00:00:00+00:00
[2025-01-07T13:23:08.167+0000] {processor.py:208} INFO - Processing /opt/airflow/dags/first_dag.py took 0.136 seconds
[2025-01-07T13:23:38.246+0000] {processor.py:186} INFO - Started process (PID=574) to work on /opt/airflow/dags/first_dag.py
[2025-01-07T13:23:38.247+0000] {processor.py:914} INFO - Processing file /opt/airflow/dags/first_dag.py for tasks to queue
[2025-01-07T13:23:38.249+0000] {logging_mixin.py:190} INFO - [2025-01-07T13:23:38.248+0000] {dagbag.py:588} INFO - Filling up the DagBag from /opt/airflow/dags/first_dag.py
[2025-01-07T13:23:38.268+0000] {processor.py:925} INFO - DAG(s) 'our_first_dag_v5' retrieved from /opt/airflow/dags/first_dag.py
[2025-01-07T13:23:38.294+0000] {logging_mixin.py:190} INFO - [2025-01-07T13:23:38.294+0000] {dag.py:3239} INFO - Sync 1 DAGs
[2025-01-07T13:23:38.321+0000] {logging_mixin.py:190} INFO - [2025-01-07T13:23:38.320+0000] {dag.py:4180} INFO - Setting next_dagrun for our_first_dag_v5 to 2025-01-08 00:00:00+00:00, run_after=2025-01-09 00:00:00+00:00
[2025-01-07T13:23:38.340+0000] {processor.py:208} INFO - Processing /opt/airflow/dags/first_dag.py took 0.101 seconds
[2025-01-07T13:24:08.576+0000] {processor.py:186} INFO - Started process (PID=581) to work on /opt/airflow/dags/first_dag.py
[2025-01-07T13:24:08.577+0000] {processor.py:914} INFO - Processing file /opt/airflow/dags/first_dag.py for tasks to queue
[2025-01-07T13:24:08.579+0000] {logging_mixin.py:190} INFO - [2025-01-07T13:24:08.578+0000] {dagbag.py:588} INFO - Filling up the DagBag from /opt/airflow/dags/first_dag.py
[2025-01-07T13:24:08.598+0000] {processor.py:925} INFO - DAG(s) 'our_first_dag_v5' retrieved from /opt/airflow/dags/first_dag.py
[2025-01-07T13:24:08.623+0000] {logging_mixin.py:190} INFO - [2025-01-07T13:24:08.622+0000] {dag.py:3239} INFO - Sync 1 DAGs
[2025-01-07T13:24:08.645+0000] {logging_mixin.py:190} INFO - [2025-01-07T13:24:08.645+0000] {dag.py:4180} INFO - Setting next_dagrun for our_first_dag_v5 to 2025-01-08 00:00:00+00:00, run_after=2025-01-09 00:00:00+00:00
[2025-01-07T13:24:08.661+0000] {processor.py:208} INFO - Processing /opt/airflow/dags/first_dag.py took 0.091 seconds
[2025-01-07T13:24:38.804+0000] {processor.py:186} INFO - Started process (PID=588) to work on /opt/airflow/dags/first_dag.py
[2025-01-07T13:24:38.805+0000] {processor.py:914} INFO - Processing file /opt/airflow/dags/first_dag.py for tasks to queue
[2025-01-07T13:24:38.806+0000] {logging_mixin.py:190} INFO - [2025-01-07T13:24:38.806+0000] {dagbag.py:588} INFO - Filling up the DagBag from /opt/airflow/dags/first_dag.py
[2025-01-07T13:24:38.823+0000] {processor.py:925} INFO - DAG(s) 'our_first_dag_v5' retrieved from /opt/airflow/dags/first_dag.py
[2025-01-07T13:24:38.846+0000] {logging_mixin.py:190} INFO - [2025-01-07T13:24:38.846+0000] {dag.py:3239} INFO - Sync 1 DAGs
[2025-01-07T13:24:38.871+0000] {logging_mixin.py:190} INFO - [2025-01-07T13:24:38.871+0000] {dag.py:4180} INFO - Setting next_dagrun for our_first_dag_v5 to 2025-01-08 00:00:00+00:00, run_after=2025-01-09 00:00:00+00:00
[2025-01-07T13:24:38.889+0000] {processor.py:208} INFO - Processing /opt/airflow/dags/first_dag.py took 0.091 seconds
[2025-01-07T13:25:09.086+0000] {processor.py:186} INFO - Started process (PID=595) to work on /opt/airflow/dags/first_dag.py
[2025-01-07T13:25:09.087+0000] {processor.py:914} INFO - Processing file /opt/airflow/dags/first_dag.py for tasks to queue
[2025-01-07T13:25:09.088+0000] {logging_mixin.py:190} INFO - [2025-01-07T13:25:09.088+0000] {dagbag.py:588} INFO - Filling up the DagBag from /opt/airflow/dags/first_dag.py
[2025-01-07T13:25:09.108+0000] {processor.py:925} INFO - DAG(s) 'our_first_dag_v5' retrieved from /opt/airflow/dags/first_dag.py
[2025-01-07T13:25:09.131+0000] {logging_mixin.py:190} INFO - [2025-01-07T13:25:09.131+0000] {dag.py:3239} INFO - Sync 1 DAGs
[2025-01-07T13:25:09.155+0000] {logging_mixin.py:190} INFO - [2025-01-07T13:25:09.154+0000] {dag.py:4180} INFO - Setting next_dagrun for our_first_dag_v5 to 2025-01-08 00:00:00+00:00, run_after=2025-01-09 00:00:00+00:00
[2025-01-07T13:25:09.175+0000] {processor.py:208} INFO - Processing /opt/airflow/dags/first_dag.py took 0.095 seconds
[2025-01-07T13:25:39.310+0000] {processor.py:186} INFO - Started process (PID=602) to work on /opt/airflow/dags/first_dag.py
[2025-01-07T13:25:39.311+0000] {processor.py:914} INFO - Processing file /opt/airflow/dags/first_dag.py for tasks to queue
[2025-01-07T13:25:39.313+0000] {logging_mixin.py:190} INFO - [2025-01-07T13:25:39.313+0000] {dagbag.py:588} INFO - Filling up the DagBag from /opt/airflow/dags/first_dag.py
[2025-01-07T13:25:39.336+0000] {processor.py:925} INFO - DAG(s) 'our_first_dag_v5' retrieved from /opt/airflow/dags/first_dag.py
[2025-01-07T13:25:39.371+0000] {logging_mixin.py:190} INFO - [2025-01-07T13:25:39.370+0000] {dag.py:3239} INFO - Sync 1 DAGs
[2025-01-07T13:25:39.400+0000] {logging_mixin.py:190} INFO - [2025-01-07T13:25:39.400+0000] {dag.py:4180} INFO - Setting next_dagrun for our_first_dag_v5 to 2025-01-08 00:00:00+00:00, run_after=2025-01-09 00:00:00+00:00
[2025-01-07T13:25:39.425+0000] {processor.py:208} INFO - Processing /opt/airflow/dags/first_dag.py took 0.121 seconds
[2025-01-07T13:26:09.586+0000] {processor.py:186} INFO - Started process (PID=609) to work on /opt/airflow/dags/first_dag.py
[2025-01-07T13:26:09.587+0000] {processor.py:914} INFO - Processing file /opt/airflow/dags/first_dag.py for tasks to queue
[2025-01-07T13:26:09.589+0000] {logging_mixin.py:190} INFO - [2025-01-07T13:26:09.588+0000] {dagbag.py:588} INFO - Filling up the DagBag from /opt/airflow/dags/first_dag.py
[2025-01-07T13:26:09.611+0000] {processor.py:925} INFO - DAG(s) 'our_first_dag_v5' retrieved from /opt/airflow/dags/first_dag.py
[2025-01-07T13:26:09.641+0000] {logging_mixin.py:190} INFO - [2025-01-07T13:26:09.640+0000] {dag.py:3239} INFO - Sync 1 DAGs
[2025-01-07T13:26:09.670+0000] {logging_mixin.py:190} INFO - [2025-01-07T13:26:09.669+0000] {dag.py:4180} INFO - Setting next_dagrun for our_first_dag_v5 to 2025-01-08 00:00:00+00:00, run_after=2025-01-09 00:00:00+00:00
[2025-01-07T13:26:09.691+0000] {processor.py:208} INFO - Processing /opt/airflow/dags/first_dag.py took 0.113 seconds
[2025-01-07T13:26:39.858+0000] {processor.py:186} INFO - Started process (PID=616) to work on /opt/airflow/dags/first_dag.py
[2025-01-07T13:26:39.861+0000] {processor.py:914} INFO - Processing file /opt/airflow/dags/first_dag.py for tasks to queue
[2025-01-07T13:26:39.863+0000] {logging_mixin.py:190} INFO - [2025-01-07T13:26:39.863+0000] {dagbag.py:588} INFO - Filling up the DagBag from /opt/airflow/dags/first_dag.py
[2025-01-07T13:26:39.889+0000] {processor.py:925} INFO - DAG(s) 'our_first_dag_v5' retrieved from /opt/airflow/dags/first_dag.py
[2025-01-07T13:26:39.921+0000] {logging_mixin.py:190} INFO - [2025-01-07T13:26:39.921+0000] {dag.py:3239} INFO - Sync 1 DAGs
[2025-01-07T13:26:39.953+0000] {logging_mixin.py:190} INFO - [2025-01-07T13:26:39.953+0000] {dag.py:4180} INFO - Setting next_dagrun for our_first_dag_v5 to 2025-01-08 00:00:00+00:00, run_after=2025-01-09 00:00:00+00:00
[2025-01-07T13:26:39.974+0000] {processor.py:208} INFO - Processing /opt/airflow/dags/first_dag.py took 0.123 seconds
[2025-01-07T13:27:10.114+0000] {processor.py:186} INFO - Started process (PID=624) to work on /opt/airflow/dags/first_dag.py
[2025-01-07T13:27:10.115+0000] {processor.py:914} INFO - Processing file /opt/airflow/dags/first_dag.py for tasks to queue
[2025-01-07T13:27:10.117+0000] {logging_mixin.py:190} INFO - [2025-01-07T13:27:10.116+0000] {dagbag.py:588} INFO - Filling up the DagBag from /opt/airflow/dags/first_dag.py
[2025-01-07T13:27:10.139+0000] {processor.py:925} INFO - DAG(s) 'our_first_dag_v5' retrieved from /opt/airflow/dags/first_dag.py
[2025-01-07T13:27:10.167+0000] {logging_mixin.py:190} INFO - [2025-01-07T13:27:10.166+0000] {dag.py:3239} INFO - Sync 1 DAGs
[2025-01-07T13:27:10.193+0000] {logging_mixin.py:190} INFO - [2025-01-07T13:27:10.193+0000] {dag.py:4180} INFO - Setting next_dagrun for our_first_dag_v5 to 2025-01-08 00:00:00+00:00, run_after=2025-01-09 00:00:00+00:00
[2025-01-07T13:27:10.215+0000] {processor.py:208} INFO - Processing /opt/airflow/dags/first_dag.py took 0.124 seconds
[2025-01-07T13:27:40.428+0000] {processor.py:186} INFO - Started process (PID=631) to work on /opt/airflow/dags/first_dag.py
[2025-01-07T13:27:40.429+0000] {processor.py:914} INFO - Processing file /opt/airflow/dags/first_dag.py for tasks to queue
[2025-01-07T13:27:40.430+0000] {logging_mixin.py:190} INFO - [2025-01-07T13:27:40.430+0000] {dagbag.py:588} INFO - Filling up the DagBag from /opt/airflow/dags/first_dag.py
[2025-01-07T13:27:40.457+0000] {processor.py:925} INFO - DAG(s) 'our_first_dag_v5' retrieved from /opt/airflow/dags/first_dag.py
[2025-01-07T13:27:40.494+0000] {logging_mixin.py:190} INFO - [2025-01-07T13:27:40.493+0000] {dag.py:3239} INFO - Sync 1 DAGs
[2025-01-07T13:27:40.527+0000] {logging_mixin.py:190} INFO - [2025-01-07T13:27:40.527+0000] {dag.py:4180} INFO - Setting next_dagrun for our_first_dag_v5 to 2025-01-08 00:00:00+00:00, run_after=2025-01-09 00:00:00+00:00
[2025-01-07T13:27:40.552+0000] {processor.py:208} INFO - Processing /opt/airflow/dags/first_dag.py took 0.145 seconds
[2025-01-07T13:28:10.680+0000] {processor.py:186} INFO - Started process (PID=638) to work on /opt/airflow/dags/first_dag.py
[2025-01-07T13:28:10.684+0000] {processor.py:914} INFO - Processing file /opt/airflow/dags/first_dag.py for tasks to queue
[2025-01-07T13:28:10.688+0000] {logging_mixin.py:190} INFO - [2025-01-07T13:28:10.686+0000] {dagbag.py:588} INFO - Filling up the DagBag from /opt/airflow/dags/first_dag.py
[2025-01-07T13:28:10.740+0000] {processor.py:925} INFO - DAG(s) 'our_first_dag_v5' retrieved from /opt/airflow/dags/first_dag.py
[2025-01-07T13:28:10.784+0000] {logging_mixin.py:190} INFO - [2025-01-07T13:28:10.784+0000] {dag.py:3239} INFO - Sync 1 DAGs
[2025-01-07T13:28:10.828+0000] {logging_mixin.py:190} INFO - [2025-01-07T13:28:10.828+0000] {dag.py:4180} INFO - Setting next_dagrun for our_first_dag_v5 to 2025-01-08 00:00:00+00:00, run_after=2025-01-09 00:00:00+00:00
[2025-01-07T13:28:10.850+0000] {processor.py:208} INFO - Processing /opt/airflow/dags/first_dag.py took 0.197 seconds
[2025-01-07T13:28:40.965+0000] {processor.py:186} INFO - Started process (PID=645) to work on /opt/airflow/dags/first_dag.py
[2025-01-07T13:28:40.966+0000] {processor.py:914} INFO - Processing file /opt/airflow/dags/first_dag.py for tasks to queue
[2025-01-07T13:28:40.968+0000] {logging_mixin.py:190} INFO - [2025-01-07T13:28:40.967+0000] {dagbag.py:588} INFO - Filling up the DagBag from /opt/airflow/dags/first_dag.py
[2025-01-07T13:28:40.996+0000] {processor.py:925} INFO - DAG(s) 'our_first_dag_v5' retrieved from /opt/airflow/dags/first_dag.py
[2025-01-07T13:28:41.025+0000] {logging_mixin.py:190} INFO - [2025-01-07T13:28:41.025+0000] {dag.py:3239} INFO - Sync 1 DAGs
[2025-01-07T13:28:41.057+0000] {logging_mixin.py:190} INFO - [2025-01-07T13:28:41.056+0000] {dag.py:4180} INFO - Setting next_dagrun for our_first_dag_v5 to 2025-01-08 00:00:00+00:00, run_after=2025-01-09 00:00:00+00:00
[2025-01-07T13:28:41.086+0000] {processor.py:208} INFO - Processing /opt/airflow/dags/first_dag.py took 0.129 seconds
[2025-01-07T13:29:11.172+0000] {processor.py:186} INFO - Started process (PID=652) to work on /opt/airflow/dags/first_dag.py
[2025-01-07T13:29:11.173+0000] {processor.py:914} INFO - Processing file /opt/airflow/dags/first_dag.py for tasks to queue
[2025-01-07T13:29:11.175+0000] {logging_mixin.py:190} INFO - [2025-01-07T13:29:11.174+0000] {dagbag.py:588} INFO - Filling up the DagBag from /opt/airflow/dags/first_dag.py
[2025-01-07T13:29:11.196+0000] {processor.py:925} INFO - DAG(s) 'our_first_dag_v5' retrieved from /opt/airflow/dags/first_dag.py
[2025-01-07T13:29:11.226+0000] {logging_mixin.py:190} INFO - [2025-01-07T13:29:11.225+0000] {dag.py:3239} INFO - Sync 1 DAGs
[2025-01-07T13:29:11.253+0000] {logging_mixin.py:190} INFO - [2025-01-07T13:29:11.253+0000] {dag.py:4180} INFO - Setting next_dagrun for our_first_dag_v5 to 2025-01-08 00:00:00+00:00, run_after=2025-01-09 00:00:00+00:00
[2025-01-07T13:29:11.277+0000] {processor.py:208} INFO - Processing /opt/airflow/dags/first_dag.py took 0.112 seconds
[2025-01-07T13:29:41.524+0000] {processor.py:186} INFO - Started process (PID=659) to work on /opt/airflow/dags/first_dag.py
[2025-01-07T13:29:41.525+0000] {processor.py:914} INFO - Processing file /opt/airflow/dags/first_dag.py for tasks to queue
[2025-01-07T13:29:41.526+0000] {logging_mixin.py:190} INFO - [2025-01-07T13:29:41.526+0000] {dagbag.py:588} INFO - Filling up the DagBag from /opt/airflow/dags/first_dag.py
[2025-01-07T13:29:41.548+0000] {processor.py:925} INFO - DAG(s) 'our_first_dag_v5' retrieved from /opt/airflow/dags/first_dag.py
[2025-01-07T13:29:41.577+0000] {logging_mixin.py:190} INFO - [2025-01-07T13:29:41.577+0000] {dag.py:3239} INFO - Sync 1 DAGs
[2025-01-07T13:29:41.604+0000] {logging_mixin.py:190} INFO - [2025-01-07T13:29:41.604+0000] {dag.py:4180} INFO - Setting next_dagrun for our_first_dag_v5 to 2025-01-08 00:00:00+00:00, run_after=2025-01-09 00:00:00+00:00
[2025-01-07T13:29:41.625+0000] {processor.py:208} INFO - Processing /opt/airflow/dags/first_dag.py took 0.111 seconds
[2025-01-07T13:30:11.864+0000] {processor.py:186} INFO - Started process (PID=667) to work on /opt/airflow/dags/first_dag.py
[2025-01-07T13:30:11.865+0000] {processor.py:914} INFO - Processing file /opt/airflow/dags/first_dag.py for tasks to queue
[2025-01-07T13:30:11.868+0000] {logging_mixin.py:190} INFO - [2025-01-07T13:30:11.867+0000] {dagbag.py:588} INFO - Filling up the DagBag from /opt/airflow/dags/first_dag.py
[2025-01-07T13:30:11.891+0000] {processor.py:925} INFO - DAG(s) 'our_first_dag_v5' retrieved from /opt/airflow/dags/first_dag.py
[2025-01-07T13:30:11.923+0000] {logging_mixin.py:190} INFO - [2025-01-07T13:30:11.923+0000] {dag.py:3239} INFO - Sync 1 DAGs
[2025-01-07T13:30:11.949+0000] {logging_mixin.py:190} INFO - [2025-01-07T13:30:11.949+0000] {dag.py:4180} INFO - Setting next_dagrun for our_first_dag_v5 to 2025-01-08 00:00:00+00:00, run_after=2025-01-09 00:00:00+00:00
[2025-01-07T13:30:11.970+0000] {processor.py:208} INFO - Processing /opt/airflow/dags/first_dag.py took 0.113 seconds
[2025-01-07T13:30:42.262+0000] {processor.py:186} INFO - Started process (PID=677) to work on /opt/airflow/dags/first_dag.py
[2025-01-07T13:30:42.264+0000] {processor.py:914} INFO - Processing file /opt/airflow/dags/first_dag.py for tasks to queue
[2025-01-07T13:30:42.266+0000] {logging_mixin.py:190} INFO - [2025-01-07T13:30:42.265+0000] {dagbag.py:588} INFO - Filling up the DagBag from /opt/airflow/dags/first_dag.py
[2025-01-07T13:30:42.290+0000] {processor.py:925} INFO - DAG(s) 'our_first_dag_v5' retrieved from /opt/airflow/dags/first_dag.py
[2025-01-07T13:30:42.323+0000] {logging_mixin.py:190} INFO - [2025-01-07T13:30:42.322+0000] {dag.py:3239} INFO - Sync 1 DAGs
[2025-01-07T13:30:42.359+0000] {logging_mixin.py:190} INFO - [2025-01-07T13:30:42.358+0000] {dag.py:4180} INFO - Setting next_dagrun for our_first_dag_v5 to 2025-01-08 00:00:00+00:00, run_after=2025-01-09 00:00:00+00:00
[2025-01-07T13:30:42.385+0000] {processor.py:208} INFO - Processing /opt/airflow/dags/first_dag.py took 0.132 seconds
[2025-01-07T13:31:12.589+0000] {processor.py:186} INFO - Started process (PID=685) to work on /opt/airflow/dags/first_dag.py
[2025-01-07T13:31:12.590+0000] {processor.py:914} INFO - Processing file /opt/airflow/dags/first_dag.py for tasks to queue
[2025-01-07T13:31:12.592+0000] {logging_mixin.py:190} INFO - [2025-01-07T13:31:12.591+0000] {dagbag.py:588} INFO - Filling up the DagBag from /opt/airflow/dags/first_dag.py
[2025-01-07T13:31:12.611+0000] {processor.py:925} INFO - DAG(s) 'our_first_dag_v5' retrieved from /opt/airflow/dags/first_dag.py
[2025-01-07T13:31:12.635+0000] {logging_mixin.py:190} INFO - [2025-01-07T13:31:12.635+0000] {dag.py:3239} INFO - Sync 1 DAGs
[2025-01-07T13:31:12.662+0000] {logging_mixin.py:190} INFO - [2025-01-07T13:31:12.661+0000] {dag.py:4180} INFO - Setting next_dagrun for our_first_dag_v5 to 2025-01-08 00:00:00+00:00, run_after=2025-01-09 00:00:00+00:00
[2025-01-07T13:31:12.690+0000] {processor.py:208} INFO - Processing /opt/airflow/dags/first_dag.py took 0.107 seconds
[2025-01-07T13:31:42.869+0000] {processor.py:186} INFO - Started process (PID=693) to work on /opt/airflow/dags/first_dag.py
[2025-01-07T13:31:42.872+0000] {processor.py:914} INFO - Processing file /opt/airflow/dags/first_dag.py for tasks to queue
[2025-01-07T13:31:42.875+0000] {logging_mixin.py:190} INFO - [2025-01-07T13:31:42.874+0000] {dagbag.py:588} INFO - Filling up the DagBag from /opt/airflow/dags/first_dag.py
[2025-01-07T13:31:42.908+0000] {processor.py:925} INFO - DAG(s) 'our_first_dag_v5' retrieved from /opt/airflow/dags/first_dag.py
[2025-01-07T13:31:42.949+0000] {logging_mixin.py:190} INFO - [2025-01-07T13:31:42.948+0000] {dag.py:3239} INFO - Sync 1 DAGs
[2025-01-07T13:31:42.976+0000] {logging_mixin.py:190} INFO - [2025-01-07T13:31:42.975+0000] {dag.py:4180} INFO - Setting next_dagrun for our_first_dag_v5 to 2025-01-08 00:00:00+00:00, run_after=2025-01-09 00:00:00+00:00
[2025-01-07T13:31:43.016+0000] {processor.py:208} INFO - Processing /opt/airflow/dags/first_dag.py took 0.159 seconds
[2025-01-07T13:32:13.299+0000] {processor.py:186} INFO - Started process (PID=701) to work on /opt/airflow/dags/first_dag.py
[2025-01-07T13:32:13.300+0000] {processor.py:914} INFO - Processing file /opt/airflow/dags/first_dag.py for tasks to queue
[2025-01-07T13:32:13.302+0000] {logging_mixin.py:190} INFO - [2025-01-07T13:32:13.302+0000] {dagbag.py:588} INFO - Filling up the DagBag from /opt/airflow/dags/first_dag.py
[2025-01-07T13:32:13.331+0000] {processor.py:925} INFO - DAG(s) 'our_first_dag_v5' retrieved from /opt/airflow/dags/first_dag.py
[2025-01-07T13:32:13.368+0000] {logging_mixin.py:190} INFO - [2025-01-07T13:32:13.368+0000] {dag.py:3239} INFO - Sync 1 DAGs
[2025-01-07T13:32:13.398+0000] {logging_mixin.py:190} INFO - [2025-01-07T13:32:13.398+0000] {dag.py:4180} INFO - Setting next_dagrun for our_first_dag_v5 to 2025-01-08 00:00:00+00:00, run_after=2025-01-09 00:00:00+00:00
[2025-01-07T13:32:13.426+0000] {processor.py:208} INFO - Processing /opt/airflow/dags/first_dag.py took 0.137 seconds
[2025-01-07T13:32:43.729+0000] {processor.py:186} INFO - Started process (PID=709) to work on /opt/airflow/dags/first_dag.py
[2025-01-07T13:32:43.730+0000] {processor.py:914} INFO - Processing file /opt/airflow/dags/first_dag.py for tasks to queue
[2025-01-07T13:32:43.732+0000] {logging_mixin.py:190} INFO - [2025-01-07T13:32:43.731+0000] {dagbag.py:588} INFO - Filling up the DagBag from /opt/airflow/dags/first_dag.py
[2025-01-07T13:32:43.752+0000] {processor.py:925} INFO - DAG(s) 'our_first_dag_v5' retrieved from /opt/airflow/dags/first_dag.py
[2025-01-07T13:32:43.780+0000] {logging_mixin.py:190} INFO - [2025-01-07T13:32:43.780+0000] {dag.py:3239} INFO - Sync 1 DAGs
[2025-01-07T13:32:43.808+0000] {logging_mixin.py:190} INFO - [2025-01-07T13:32:43.807+0000] {dag.py:4180} INFO - Setting next_dagrun for our_first_dag_v5 to 2025-01-08 00:00:00+00:00, run_after=2025-01-09 00:00:00+00:00
[2025-01-07T13:32:43.835+0000] {processor.py:208} INFO - Processing /opt/airflow/dags/first_dag.py took 0.113 seconds
[2025-01-07T13:33:14.106+0000] {processor.py:186} INFO - Started process (PID=717) to work on /opt/airflow/dags/first_dag.py
[2025-01-07T13:33:14.108+0000] {processor.py:914} INFO - Processing file /opt/airflow/dags/first_dag.py for tasks to queue
[2025-01-07T13:33:14.110+0000] {logging_mixin.py:190} INFO - [2025-01-07T13:33:14.110+0000] {dagbag.py:588} INFO - Filling up the DagBag from /opt/airflow/dags/first_dag.py
[2025-01-07T13:33:14.133+0000] {processor.py:925} INFO - DAG(s) 'our_first_dag_v5' retrieved from /opt/airflow/dags/first_dag.py
[2025-01-07T13:33:14.163+0000] {logging_mixin.py:190} INFO - [2025-01-07T13:33:14.162+0000] {dag.py:3239} INFO - Sync 1 DAGs
[2025-01-07T13:33:14.201+0000] {logging_mixin.py:190} INFO - [2025-01-07T13:33:14.200+0000] {dag.py:4180} INFO - Setting next_dagrun for our_first_dag_v5 to 2025-01-08 00:00:00+00:00, run_after=2025-01-09 00:00:00+00:00
[2025-01-07T13:33:14.225+0000] {processor.py:208} INFO - Processing /opt/airflow/dags/first_dag.py took 0.125 seconds
[2025-01-07T13:33:44.514+0000] {processor.py:186} INFO - Started process (PID=725) to work on /opt/airflow/dags/first_dag.py
[2025-01-07T13:33:44.515+0000] {processor.py:914} INFO - Processing file /opt/airflow/dags/first_dag.py for tasks to queue
[2025-01-07T13:33:44.517+0000] {logging_mixin.py:190} INFO - [2025-01-07T13:33:44.516+0000] {dagbag.py:588} INFO - Filling up the DagBag from /opt/airflow/dags/first_dag.py
[2025-01-07T13:33:44.535+0000] {processor.py:925} INFO - DAG(s) 'our_first_dag_v5' retrieved from /opt/airflow/dags/first_dag.py
[2025-01-07T13:33:44.560+0000] {logging_mixin.py:190} INFO - [2025-01-07T13:33:44.559+0000] {dag.py:3239} INFO - Sync 1 DAGs
[2025-01-07T13:33:44.585+0000] {logging_mixin.py:190} INFO - [2025-01-07T13:33:44.584+0000] {dag.py:4180} INFO - Setting next_dagrun for our_first_dag_v5 to 2025-01-08 00:00:00+00:00, run_after=2025-01-09 00:00:00+00:00
[2025-01-07T13:33:44.602+0000] {processor.py:208} INFO - Processing /opt/airflow/dags/first_dag.py took 0.094 seconds
[2025-01-07T13:34:14.916+0000] {processor.py:186} INFO - Started process (PID=734) to work on /opt/airflow/dags/first_dag.py
[2025-01-07T13:34:14.917+0000] {processor.py:914} INFO - Processing file /opt/airflow/dags/first_dag.py for tasks to queue
[2025-01-07T13:34:14.919+0000] {logging_mixin.py:190} INFO - [2025-01-07T13:34:14.919+0000] {dagbag.py:588} INFO - Filling up the DagBag from /opt/airflow/dags/first_dag.py
[2025-01-07T13:34:14.943+0000] {processor.py:925} INFO - DAG(s) 'our_first_dag_v5' retrieved from /opt/airflow/dags/first_dag.py
[2025-01-07T13:34:14.976+0000] {logging_mixin.py:190} INFO - [2025-01-07T13:34:14.976+0000] {dag.py:3239} INFO - Sync 1 DAGs
[2025-01-07T13:34:15.011+0000] {logging_mixin.py:190} INFO - [2025-01-07T13:34:15.011+0000] {dag.py:4180} INFO - Setting next_dagrun for our_first_dag_v5 to 2025-01-08 00:00:00+00:00, run_after=2025-01-09 00:00:00+00:00
[2025-01-07T13:34:15.035+0000] {processor.py:208} INFO - Processing /opt/airflow/dags/first_dag.py took 0.129 seconds
[2025-01-07T13:34:45.297+0000] {processor.py:186} INFO - Started process (PID=742) to work on /opt/airflow/dags/first_dag.py
[2025-01-07T13:34:45.298+0000] {processor.py:914} INFO - Processing file /opt/airflow/dags/first_dag.py for tasks to queue
[2025-01-07T13:34:45.299+0000] {logging_mixin.py:190} INFO - [2025-01-07T13:34:45.299+0000] {dagbag.py:588} INFO - Filling up the DagBag from /opt/airflow/dags/first_dag.py
[2025-01-07T13:34:45.318+0000] {processor.py:925} INFO - DAG(s) 'our_first_dag_v5' retrieved from /opt/airflow/dags/first_dag.py
[2025-01-07T13:34:45.344+0000] {logging_mixin.py:190} INFO - [2025-01-07T13:34:45.344+0000] {dag.py:3239} INFO - Sync 1 DAGs
[2025-01-07T13:34:45.367+0000] {logging_mixin.py:190} INFO - [2025-01-07T13:34:45.367+0000] {dag.py:4180} INFO - Setting next_dagrun for our_first_dag_v5 to 2025-01-08 00:00:00+00:00, run_after=2025-01-09 00:00:00+00:00
[2025-01-07T13:34:45.386+0000] {processor.py:208} INFO - Processing /opt/airflow/dags/first_dag.py took 0.097 seconds
[2025-01-07T13:35:15.648+0000] {processor.py:186} INFO - Started process (PID=750) to work on /opt/airflow/dags/first_dag.py
[2025-01-07T13:35:15.653+0000] {processor.py:914} INFO - Processing file /opt/airflow/dags/first_dag.py for tasks to queue
[2025-01-07T13:35:15.657+0000] {logging_mixin.py:190} INFO - [2025-01-07T13:35:15.656+0000] {dagbag.py:588} INFO - Filling up the DagBag from /opt/airflow/dags/first_dag.py
[2025-01-07T13:35:15.689+0000] {processor.py:925} INFO - DAG(s) 'our_first_dag_v5' retrieved from /opt/airflow/dags/first_dag.py
[2025-01-07T13:35:15.714+0000] {logging_mixin.py:190} INFO - [2025-01-07T13:35:15.714+0000] {dag.py:3239} INFO - Sync 1 DAGs
[2025-01-07T13:35:15.736+0000] {logging_mixin.py:190} INFO - [2025-01-07T13:35:15.736+0000] {dag.py:4180} INFO - Setting next_dagrun for our_first_dag_v5 to 2025-01-08 00:00:00+00:00, run_after=2025-01-09 00:00:00+00:00
[2025-01-07T13:35:15.755+0000] {processor.py:208} INFO - Processing /opt/airflow/dags/first_dag.py took 0.121 seconds
[2025-01-07T13:35:46.003+0000] {processor.py:186} INFO - Started process (PID=764) to work on /opt/airflow/dags/first_dag.py
[2025-01-07T13:35:46.004+0000] {processor.py:914} INFO - Processing file /opt/airflow/dags/first_dag.py for tasks to queue
[2025-01-07T13:35:46.005+0000] {logging_mixin.py:190} INFO - [2025-01-07T13:35:46.005+0000] {dagbag.py:588} INFO - Filling up the DagBag from /opt/airflow/dags/first_dag.py
[2025-01-07T13:35:46.028+0000] {processor.py:925} INFO - DAG(s) 'our_first_dag_v5' retrieved from /opt/airflow/dags/first_dag.py
[2025-01-07T13:35:46.052+0000] {logging_mixin.py:190} INFO - [2025-01-07T13:35:46.052+0000] {dag.py:3239} INFO - Sync 1 DAGs
[2025-01-07T13:35:46.079+0000] {logging_mixin.py:190} INFO - [2025-01-07T13:35:46.079+0000] {dag.py:4180} INFO - Setting next_dagrun for our_first_dag_v5 to 2025-01-08 00:00:00+00:00, run_after=2025-01-09 00:00:00+00:00
[2025-01-07T13:35:46.098+0000] {processor.py:208} INFO - Processing /opt/airflow/dags/first_dag.py took 0.102 seconds
[2025-01-07T13:36:16.339+0000] {processor.py:186} INFO - Started process (PID=772) to work on /opt/airflow/dags/first_dag.py
[2025-01-07T13:36:16.340+0000] {processor.py:914} INFO - Processing file /opt/airflow/dags/first_dag.py for tasks to queue
[2025-01-07T13:36:16.341+0000] {logging_mixin.py:190} INFO - [2025-01-07T13:36:16.341+0000] {dagbag.py:588} INFO - Filling up the DagBag from /opt/airflow/dags/first_dag.py
[2025-01-07T13:36:16.361+0000] {processor.py:925} INFO - DAG(s) 'our_first_dag_v5' retrieved from /opt/airflow/dags/first_dag.py
[2025-01-07T13:36:16.390+0000] {logging_mixin.py:190} INFO - [2025-01-07T13:36:16.390+0000] {dag.py:3239} INFO - Sync 1 DAGs
[2025-01-07T13:36:16.413+0000] {logging_mixin.py:190} INFO - [2025-01-07T13:36:16.413+0000] {dag.py:4180} INFO - Setting next_dagrun for our_first_dag_v5 to 2025-01-08 00:00:00+00:00, run_after=2025-01-09 00:00:00+00:00
[2025-01-07T13:36:16.436+0000] {processor.py:208} INFO - Processing /opt/airflow/dags/first_dag.py took 0.104 seconds
[2025-01-07T13:36:46.677+0000] {processor.py:186} INFO - Started process (PID=780) to work on /opt/airflow/dags/first_dag.py
[2025-01-07T13:36:46.678+0000] {processor.py:914} INFO - Processing file /opt/airflow/dags/first_dag.py for tasks to queue
[2025-01-07T13:36:46.680+0000] {logging_mixin.py:190} INFO - [2025-01-07T13:36:46.679+0000] {dagbag.py:588} INFO - Filling up the DagBag from /opt/airflow/dags/first_dag.py
[2025-01-07T13:36:46.698+0000] {processor.py:925} INFO - DAG(s) 'our_first_dag_v5' retrieved from /opt/airflow/dags/first_dag.py
[2025-01-07T13:36:46.723+0000] {logging_mixin.py:190} INFO - [2025-01-07T13:36:46.723+0000] {dag.py:3239} INFO - Sync 1 DAGs
[2025-01-07T13:36:46.747+0000] {logging_mixin.py:190} INFO - [2025-01-07T13:36:46.747+0000] {dag.py:4180} INFO - Setting next_dagrun for our_first_dag_v5 to 2025-01-08 00:00:00+00:00, run_after=2025-01-09 00:00:00+00:00
[2025-01-07T13:36:46.765+0000] {processor.py:208} INFO - Processing /opt/airflow/dags/first_dag.py took 0.095 seconds
[2025-01-07T13:37:17.005+0000] {processor.py:186} INFO - Started process (PID=788) to work on /opt/airflow/dags/first_dag.py
[2025-01-07T13:37:17.006+0000] {processor.py:914} INFO - Processing file /opt/airflow/dags/first_dag.py for tasks to queue
[2025-01-07T13:37:17.007+0000] {logging_mixin.py:190} INFO - [2025-01-07T13:37:17.007+0000] {dagbag.py:588} INFO - Filling up the DagBag from /opt/airflow/dags/first_dag.py
[2025-01-07T13:37:17.028+0000] {processor.py:925} INFO - DAG(s) 'our_first_dag_v5' retrieved from /opt/airflow/dags/first_dag.py
[2025-01-07T13:37:17.059+0000] {logging_mixin.py:190} INFO - [2025-01-07T13:37:17.059+0000] {dag.py:3239} INFO - Sync 1 DAGs
[2025-01-07T13:37:17.087+0000] {logging_mixin.py:190} INFO - [2025-01-07T13:37:17.087+0000] {dag.py:4180} INFO - Setting next_dagrun for our_first_dag_v5 to 2025-01-08 00:00:00+00:00, run_after=2025-01-09 00:00:00+00:00
[2025-01-07T13:37:17.110+0000] {processor.py:208} INFO - Processing /opt/airflow/dags/first_dag.py took 0.111 seconds
[2025-01-07T13:37:47.363+0000] {processor.py:186} INFO - Started process (PID=796) to work on /opt/airflow/dags/first_dag.py
[2025-01-07T13:37:47.365+0000] {processor.py:914} INFO - Processing file /opt/airflow/dags/first_dag.py for tasks to queue
[2025-01-07T13:37:47.367+0000] {logging_mixin.py:190} INFO - [2025-01-07T13:37:47.366+0000] {dagbag.py:588} INFO - Filling up the DagBag from /opt/airflow/dags/first_dag.py
[2025-01-07T13:37:47.391+0000] {processor.py:925} INFO - DAG(s) 'our_first_dag_v5' retrieved from /opt/airflow/dags/first_dag.py
[2025-01-07T13:37:47.427+0000] {logging_mixin.py:190} INFO - [2025-01-07T13:37:47.427+0000] {dag.py:3239} INFO - Sync 1 DAGs
[2025-01-07T13:37:47.467+0000] {logging_mixin.py:190} INFO - [2025-01-07T13:37:47.467+0000] {dag.py:4180} INFO - Setting next_dagrun for our_first_dag_v5 to 2025-01-08 00:00:00+00:00, run_after=2025-01-09 00:00:00+00:00
[2025-01-07T13:37:47.497+0000] {processor.py:208} INFO - Processing /opt/airflow/dags/first_dag.py took 0.144 seconds
