[2025-01-07T11:57:53.466+0000] {local_task_job_runner.py:123} INFO - ::group::Pre task execution logs
[2025-01-07T11:57:53.532+0000] {taskinstance.py:2613} INFO - Dependencies all met for dep_context=non-requeueable deps ti=<TaskInstance: example_bash_operator.this_will_skip scheduled__2025-01-06T00:00:00+00:00 [queued]>
[2025-01-07T11:57:53.552+0000] {taskinstance.py:2613} INFO - Dependencies all met for dep_context=requeueable deps ti=<TaskInstance: example_bash_operator.this_will_skip scheduled__2025-01-06T00:00:00+00:00 [queued]>
[2025-01-07T11:57:53.554+0000] {taskinstance.py:2866} INFO - Starting attempt 1 of 1
[2025-01-07T11:57:53.606+0000] {taskinstance.py:2889} INFO - Executing <Task(BashOperator): this_will_skip> on 2025-01-06 00:00:00+00:00
[2025-01-07T11:57:53.658+0000] {warnings.py:112} WARNING - /home/***/.local/lib/python3.12/site-packages/***/task/task_runner/standard_task_runner.py:70: DeprecationWarning: This process (pid=187) is multi-threaded, use of fork() may lead to deadlocks in the child.
  pid = os.fork()

[2025-01-07T11:57:53.676+0000] {standard_task_runner.py:72} INFO - Started process 196 to run task
[2025-01-07T11:57:53.678+0000] {standard_task_runner.py:104} INFO - Running: ['***', 'tasks', 'run', 'example_bash_operator', 'this_will_skip', 'scheduled__2025-01-06T00:00:00+00:00', '--job-id', '5', '--raw', '--subdir', '/home/***/.local/lib/python3.12/site-packages/***/example_dags/example_bash_operator.py', '--cfg-path', '/tmp/tmpbgw70hnp']
[2025-01-07T11:57:53.680+0000] {standard_task_runner.py:105} INFO - Job 5: Subtask this_will_skip
[2025-01-07T11:57:54.692+0000] {task_command.py:467} INFO - Running <TaskInstance: example_bash_operator.this_will_skip scheduled__2025-01-06T00:00:00+00:00 [running]> on host eec069764e30
[2025-01-07T11:57:55.230+0000] {taskinstance.py:3132} INFO - Exporting env vars: AIRFLOW_CTX_DAG_OWNER='***' AIRFLOW_CTX_DAG_ID='example_bash_operator' AIRFLOW_CTX_TASK_ID='this_will_skip' AIRFLOW_CTX_EXECUTION_DATE='2025-01-06T00:00:00+00:00' AIRFLOW_CTX_TRY_NUMBER='1' AIRFLOW_CTX_DAG_RUN_ID='scheduled__2025-01-06T00:00:00+00:00'
[2025-01-07T11:57:55.235+0000] {logging_mixin.py:190} INFO - Task instance is in running state
[2025-01-07T11:57:55.239+0000] {logging_mixin.py:190} INFO -  Previous state of the Task instance: queued
[2025-01-07T11:57:55.243+0000] {logging_mixin.py:190} INFO - Current task name:this_will_skip state:running start_date:2025-01-07 11:57:53.533575+00:00
[2025-01-07T11:57:55.254+0000] {logging_mixin.py:190} INFO - Dag name:example_bash_operator and current dag run status:running
[2025-01-07T11:57:55.262+0000] {taskinstance.py:731} INFO - ::endgroup::
[2025-01-07T11:57:55.271+0000] {subprocess.py:78} INFO - Tmp dir root location: /tmp
[2025-01-07T11:57:55.273+0000] {subprocess.py:88} INFO - Running command: ['/usr/bin/bash', '-c', 'echo "hello world"; exit 99;']
[2025-01-07T11:57:55.342+0000] {subprocess.py:99} INFO - Output:
[2025-01-07T11:57:55.403+0000] {subprocess.py:106} INFO - hello world
[2025-01-07T11:57:55.407+0000] {subprocess.py:110} INFO - Command exited with return code 99
[2025-01-07T11:57:55.410+0000] {taskinstance.py:301} INFO - Bash command returned exit code 99. Skipping.
[2025-01-07T11:57:55.509+0000] {taskinstance.py:340} INFO - ::group::Post task execution logs
[2025-01-07T11:57:55.510+0000] {taskinstance.py:352} INFO - Marking task as SKIPPED. dag_id=example_bash_operator, task_id=this_will_skip, run_id=scheduled__2025-01-06T00:00:00+00:00, execution_date=20250106T000000, start_date=20250107T115753, end_date=20250107T115755
[2025-01-07T11:57:55.725+0000] {local_task_job_runner.py:266} INFO - Task exited with return code 0
[2025-01-07T11:57:55.806+0000] {taskinstance.py:3895} INFO - 0 downstream tasks scheduled from follow-on schedule check
[2025-01-07T11:57:55.812+0000] {local_task_job_runner.py:245} INFO - ::endgroup::
