[2025-01-07T11:57:53.468+0000] {local_task_job_runner.py:123} INFO - ::group::Pre task execution logs
[2025-01-07T11:57:53.529+0000] {taskinstance.py:2613} INFO - Dependencies all met for dep_context=non-requeueable deps ti=<TaskInstance: example_bash_operator.runme_1 scheduled__2025-01-06T00:00:00+00:00 [queued]>
[2025-01-07T11:57:53.554+0000] {taskinstance.py:2613} INFO - Dependencies all met for dep_context=requeueable deps ti=<TaskInstance: example_bash_operator.runme_1 scheduled__2025-01-06T00:00:00+00:00 [queued]>
[2025-01-07T11:57:53.557+0000] {taskinstance.py:2866} INFO - Starting attempt 1 of 1
[2025-01-07T11:57:53.628+0000] {taskinstance.py:2889} INFO - Executing <Task(BashOperator): runme_1> on 2025-01-06 00:00:00+00:00
[2025-01-07T11:57:53.696+0000] {warnings.py:112} WARNING - /home/***/.local/lib/python3.12/site-packages/***/task/task_runner/standard_task_runner.py:70: DeprecationWarning: This process (pid=186) is multi-threaded, use of fork() may lead to deadlocks in the child.
  pid = os.fork()

[2025-01-07T11:57:53.908+0000] {standard_task_runner.py:72} INFO - Started process 197 to run task
[2025-01-07T11:57:53.945+0000] {standard_task_runner.py:104} INFO - Running: ['***', 'tasks', 'run', 'example_bash_operator', 'runme_1', 'scheduled__2025-01-06T00:00:00+00:00', '--job-id', '4', '--raw', '--subdir', '/home/***/.local/lib/python3.12/site-packages/***/example_dags/example_bash_operator.py', '--cfg-path', '/tmp/tmpeztjr806']
[2025-01-07T11:57:53.959+0000] {standard_task_runner.py:105} INFO - Job 4: Subtask runme_1
[2025-01-07T11:57:54.645+0000] {task_command.py:467} INFO - Running <TaskInstance: example_bash_operator.runme_1 scheduled__2025-01-06T00:00:00+00:00 [running]> on host eec069764e30
[2025-01-07T11:57:55.208+0000] {taskinstance.py:3132} INFO - Exporting env vars: AIRFLOW_CTX_DAG_OWNER='***' AIRFLOW_CTX_DAG_ID='example_bash_operator' AIRFLOW_CTX_TASK_ID='runme_1' AIRFLOW_CTX_EXECUTION_DATE='2025-01-06T00:00:00+00:00' AIRFLOW_CTX_TRY_NUMBER='1' AIRFLOW_CTX_DAG_RUN_ID='scheduled__2025-01-06T00:00:00+00:00'
[2025-01-07T11:57:55.221+0000] {logging_mixin.py:190} INFO - Task instance is in running state
[2025-01-07T11:57:55.233+0000] {logging_mixin.py:190} INFO -  Previous state of the Task instance: queued
[2025-01-07T11:57:55.234+0000] {logging_mixin.py:190} INFO - Current task name:runme_1 state:running start_date:2025-01-07 11:57:53.531341+00:00
[2025-01-07T11:57:55.235+0000] {logging_mixin.py:190} INFO - Dag name:example_bash_operator and current dag run status:running
[2025-01-07T11:57:55.237+0000] {taskinstance.py:731} INFO - ::endgroup::
[2025-01-07T11:57:55.241+0000] {subprocess.py:78} INFO - Tmp dir root location: /tmp
[2025-01-07T11:57:55.243+0000] {subprocess.py:88} INFO - Running command: ['/usr/bin/bash', '-c', 'echo "example_bash_operator__runme_1__20250106" && sleep 1']
[2025-01-07T11:57:55.341+0000] {subprocess.py:99} INFO - Output:
[2025-01-07T11:57:55.403+0000] {subprocess.py:106} INFO - example_bash_operator__runme_1__20250106
[2025-01-07T11:57:56.470+0000] {subprocess.py:110} INFO - Command exited with return code 0
[2025-01-07T11:57:56.502+0000] {taskinstance.py:340} INFO - ::group::Post task execution logs
[2025-01-07T11:57:56.503+0000] {taskinstance.py:352} INFO - Marking task as SUCCESS. dag_id=example_bash_operator, task_id=runme_1, run_id=scheduled__2025-01-06T00:00:00+00:00, execution_date=20250106T000000, start_date=20250107T115753, end_date=20250107T115756
[2025-01-07T11:57:56.516+0000] {logging_mixin.py:190} INFO - Task instance in success state
[2025-01-07T11:57:56.517+0000] {logging_mixin.py:190} INFO -  Previous state of the Task instance: running
[2025-01-07T11:57:56.518+0000] {logging_mixin.py:190} INFO - Dag name:example_bash_operator queued_at:2025-01-07 11:57:36.711645+00:00
[2025-01-07T11:57:56.518+0000] {logging_mixin.py:190} INFO - Task hostname:eec069764e30 operator:BashOperator
[2025-01-07T11:57:56.569+0000] {local_task_job_runner.py:266} INFO - Task exited with return code 0
[2025-01-07T11:57:56.581+0000] {local_task_job_runner.py:245} INFO - ::endgroup::
