[2025-01-07T11:57:53.482+0000] {local_task_job_runner.py:123} INFO - ::group::Pre task execution logs
[2025-01-07T11:57:53.532+0000] {taskinstance.py:2613} INFO - Dependencies all met for dep_context=non-requeueable deps ti=<TaskInstance: example_bash_operator.runme_2 scheduled__2025-01-06T00:00:00+00:00 [queued]>
[2025-01-07T11:57:53.552+0000] {taskinstance.py:2613} INFO - Dependencies all met for dep_context=requeueable deps ti=<TaskInstance: example_bash_operator.runme_2 scheduled__2025-01-06T00:00:00+00:00 [queued]>
[2025-01-07T11:57:53.555+0000] {taskinstance.py:2866} INFO - Starting attempt 1 of 1
[2025-01-07T11:57:53.592+0000] {taskinstance.py:2889} INFO - Executing <Task(BashOperator): runme_2> on 2025-01-06 00:00:00+00:00
[2025-01-07T11:57:53.646+0000] {warnings.py:112} WARNING - /home/***/.local/lib/python3.12/site-packages/***/task/task_runner/standard_task_runner.py:70: DeprecationWarning: This process (pid=189) is multi-threaded, use of fork() may lead to deadlocks in the child.
  pid = os.fork()

[2025-01-07T11:57:53.665+0000] {standard_task_runner.py:72} INFO - Started process 195 to run task
[2025-01-07T11:57:53.665+0000] {standard_task_runner.py:104} INFO - Running: ['***', 'tasks', 'run', 'example_bash_operator', 'runme_2', 'scheduled__2025-01-06T00:00:00+00:00', '--job-id', '3', '--raw', '--subdir', '/home/***/.local/lib/python3.12/site-packages/***/example_dags/example_bash_operator.py', '--cfg-path', '/tmp/tmpp3vuogz9']
[2025-01-07T11:57:53.668+0000] {standard_task_runner.py:105} INFO - Job 3: Subtask runme_2
[2025-01-07T11:57:54.676+0000] {task_command.py:467} INFO - Running <TaskInstance: example_bash_operator.runme_2 scheduled__2025-01-06T00:00:00+00:00 [running]> on host eec069764e30
[2025-01-07T11:57:55.256+0000] {taskinstance.py:3132} INFO - Exporting env vars: AIRFLOW_CTX_DAG_OWNER='***' AIRFLOW_CTX_DAG_ID='example_bash_operator' AIRFLOW_CTX_TASK_ID='runme_2' AIRFLOW_CTX_EXECUTION_DATE='2025-01-06T00:00:00+00:00' AIRFLOW_CTX_TRY_NUMBER='1' AIRFLOW_CTX_DAG_RUN_ID='scheduled__2025-01-06T00:00:00+00:00'
[2025-01-07T11:57:55.270+0000] {logging_mixin.py:190} INFO - Task instance is in running state
[2025-01-07T11:57:55.271+0000] {logging_mixin.py:190} INFO -  Previous state of the Task instance: queued
[2025-01-07T11:57:55.272+0000] {logging_mixin.py:190} INFO - Current task name:runme_2 state:running start_date:2025-01-07 11:57:53.534723+00:00
[2025-01-07T11:57:55.274+0000] {logging_mixin.py:190} INFO - Dag name:example_bash_operator and current dag run status:running
[2025-01-07T11:57:55.275+0000] {taskinstance.py:731} INFO - ::endgroup::
[2025-01-07T11:57:55.297+0000] {subprocess.py:78} INFO - Tmp dir root location: /tmp
[2025-01-07T11:57:55.316+0000] {subprocess.py:88} INFO - Running command: ['/usr/bin/bash', '-c', 'echo "example_bash_operator__runme_2__20250106" && sleep 1']
[2025-01-07T11:57:55.367+0000] {subprocess.py:99} INFO - Output:
[2025-01-07T11:57:55.403+0000] {subprocess.py:106} INFO - example_bash_operator__runme_2__20250106
[2025-01-07T11:57:56.468+0000] {subprocess.py:110} INFO - Command exited with return code 0
[2025-01-07T11:57:56.507+0000] {taskinstance.py:340} INFO - ::group::Post task execution logs
[2025-01-07T11:57:56.508+0000] {taskinstance.py:352} INFO - Marking task as SUCCESS. dag_id=example_bash_operator, task_id=runme_2, run_id=scheduled__2025-01-06T00:00:00+00:00, execution_date=20250106T000000, start_date=20250107T115753, end_date=20250107T115756
[2025-01-07T11:57:56.535+0000] {logging_mixin.py:190} INFO - Task instance in success state
[2025-01-07T11:57:56.536+0000] {logging_mixin.py:190} INFO -  Previous state of the Task instance: running
[2025-01-07T11:57:56.537+0000] {logging_mixin.py:190} INFO - Dag name:example_bash_operator queued_at:2025-01-07 11:57:36.711645+00:00
[2025-01-07T11:57:56.537+0000] {logging_mixin.py:190} INFO - Task hostname:eec069764e30 operator:BashOperator
[2025-01-07T11:57:56.572+0000] {local_task_job_runner.py:266} INFO - Task exited with return code 0
[2025-01-07T11:57:56.584+0000] {local_task_job_runner.py:245} INFO - ::endgroup::
